 QQDemo_ud

 Timestamp is 54bcacc3 (Mon Jan 19 15:05:39 2015)

 Preferred load address is 00400000

 Start         Length     Name                   Class
 0001:00000000 00077e49H .text                   CODE
 0001:00077e50 000024e3H .text$x                 CODE
 0001:0007a340 000004e3H .text$yc                CODE
 0001:0007a830 00000111H .text$yd                CODE
 0002:00000000 000006f0H .idata$5                DATA
 0002:000006f0 00000004H .CRT$XCA                DATA
 0002:000006f4 00000010H .CRT$XCC                DATA
 0002:00000704 00000078H .CRT$XCL                DATA
 0002:0000077c 00000010H .CRT$XCU                DATA
 0002:0000078c 00000004H .CRT$XCZ                DATA
 0002:00000790 00000004H .CRT$XIA                DATA
 0002:00000794 00000010H .CRT$XIC                DATA
 0002:000007a4 00000004H .CRT$XIY                DATA
 0002:000007a8 00000004H .CRT$XIZ                DATA
 0002:000007ac 00000004H .CRT$XPA                DATA
 0002:000007b0 00000008H .CRT$XPX                DATA
 0002:000007b8 00000004H .CRT$XPXA               DATA
 0002:000007bc 00000004H .CRT$XPZ                DATA
 0002:000007c0 00000004H .CRT$XTA                DATA
 0002:000007c4 00000004H .CRT$XTZ                DATA
 0002:000007d0 00016c58H .rdata                  DATA
 0002:00017428 00000058H .rdata$debug            DATA
 0002:00017480 00001100H .rdata$r                DATA
 0002:00018580 00000230H .rdata$sxdata           DATA
 0002:000187b0 00000004H .rtc$IAA                DATA
 0002:000187b4 00000008H .rtc$IMZ                DATA
 0002:000187bc 00000004H .rtc$IZZ                DATA
 0002:000187c0 00000004H .rtc$TAA                DATA
 0002:000187c4 00000008H .rtc$TMZ                DATA
 0002:000187cc 00000004H .rtc$TZZ                DATA
 0002:000187d0 00002bb4H .xdata$x                DATA
 0002:0001b384 00000004H ATL$__a                 DATA
 0002:0001b388 00000004H ATL$__z                 DATA
 0002:0001b38c 00000078H .idata$2                DATA
 0002:0001b404 00000014H .idata$3                DATA
 0002:0001b418 000006f0H .idata$4                DATA
 0002:0001bb08 00004096H .idata$6                DATA
 0002:0001fb9e 00000000H .edata                  DATA
 0003:00000000 00001da0H .data                   DATA
 0003:00001da0 000025fcH .bss                    DATA
 0004:00000000 00000068H .rsrc$01                DATA
 0004:00000070 001c0160H .rsrc$02                DATA

  Address         Publics by Value              Rva+Base       Lib:Object

 0000:00000000       __except_list              00000000     <absolute>
 0000:0000008c       ___safe_se_handler_count   0000008c     <absolute>
 0000:00000000       ___ImageBase               00400000     <linker-defined>
 0001:00000000       ??_H@YGXPAXIHP6EPAX0@Z@Z   00401000 f i chat_dialog.obj
 0001:00000050       ??0ChatDialog@@QAE@ABVCDuiString@DuiLib@@KABUFriendListItemInfo@2@1@Z 00401050 f   chat_dialog.obj
 0001:000001d0       ??1ChatDialog@@UAE@XZ      004011d0 f   chat_dialog.obj
 0001:000002e0       ?GetWindowClassName@ChatDialog@@UBEPB_WXZ 004012e0 f   chat_dialog.obj
 0001:00000300       ?CreateControl@ChatDialog@@UAEPAVCControlUI@DuiLib@@PB_W@Z 00401300 f   chat_dialog.obj
 0001:00000320       ?OnFinalMessage@ChatDialog@@UAEXPAUHWND__@@@Z 00401320 f   chat_dialog.obj
 0001:000003c0       ?Receive@ChatDialog@@UAEHUSkinChangedParam@@@Z 004013c0 f   chat_dialog.obj
 0001:00000580       ?GetSkinFile@ChatDialog@@UAE?AVCDuiString@DuiLib@@XZ 00401580 f   chat_dialog.obj
 0001:000005e0       ?GetSkinFolder@ChatDialog@@UAE?AVCDuiString@DuiLib@@XZ 004015e0 f   chat_dialog.obj
 0001:000006e0       ?OnClose@ChatDialog@@UAEJIIJAAH@Z 004016e0 f   chat_dialog.obj
 0001:00000700       ?OnSetFocus@ChatDialog@@UAEJIIJAAH@Z 00401700 f   chat_dialog.obj
 0001:00000720       ?OnSysCommand@ChatDialog@@UAEJIIJAAH@Z 00401720 f   chat_dialog.obj
 0001:000008c0       ?HandleMessage@ChatDialog@@UAEJIIJ@Z 004018c0 f   chat_dialog.obj
 0001:00000900       ?ResponseDefaultKeyEvent@ChatDialog@@UAEJI@Z 00401900 f   chat_dialog.obj
 0001:00000930       ?OnTimer@ChatDialog@@IAEXAAUtagTNotifyUI@DuiLib@@@Z 00401930 f   chat_dialog.obj
 0001:00000950       ?OnExit@ChatDialog@@IAEXAAUtagTNotifyUI@DuiLib@@@Z 00401950 f   chat_dialog.obj
 0001:00000990       ?InitWindow@ChatDialog@@UAEXXZ 00401990 f   chat_dialog.obj
 0001:000009b0       ?OnPrepare@ChatDialog@@IAEXAAUtagTNotifyUI@DuiLib@@@Z 004019b0 f   chat_dialog.obj
 0001:00000c90       ?GetCurrentTimeString@@YA?AVCDuiString@DuiLib@@XZ 00401c90 f   chat_dialog.obj
 0001:00000dd0       ?SendMsg@ChatDialog@@QAEXXZ 00401dd0 f   chat_dialog.obj
 0001:00001340       ?Notify@ChatDialog@@MAEXAAUtagTNotifyUI@DuiLib@@@Z 00402340 f   chat_dialog.obj
 0001:00002390       ?SetTextColor@ChatDialog@@QAEXK@Z 00403390 f   chat_dialog.obj
 0001:00002420       ?HandleCustomMessage@ChatDialog@@UAEJIIJAAH@Z 00403420 f   chat_dialog.obj
 0001:00002440       ?FontStyleChanged@ChatDialog@@AAEXXZ 00403440 f   chat_dialog.obj
 0001:00002460       ??_EChatDialog@@UAEPAXI@Z  00403460 f i chat_dialog.obj
 0001:00002460       ??_GChatDialog@@UAEPAXI@Z  00403460 f i chat_dialog.obj
 0001:000024a0       ??0FriendListItemInfo@DuiLib@@QAE@ABU01@@Z 004034a0 f i chat_dialog.obj
 0001:000025a0       ??1FriendListItemInfo@DuiLib@@QAE@XZ 004035a0 f i chat_dialog.obj
 0001:00002660       ??1SkinChangedParam@@QAE@XZ 00403660 f i chat_dialog.obj
 0001:000026a0       ??0?$ReceiverImpl@HUSkinChangedParam@@@@QAE@XZ 004036a0 f i chat_dialog.obj
 0001:000026f0       ??1?$ReceiverImpl@HUSkinChangedParam@@@@UAE@XZ 004036f0 f i chat_dialog.obj
 0001:00002720       ?AddObserver@?$ReceiverImpl@HUSkinChangedParam@@@@UAEXPAV?$ObserverImplBase@HUSkinChangedParam@@@@@Z 00403720 f i chat_dialog.obj
 0001:00002770       ?RemoveObserver@?$ReceiverImpl@HUSkinChangedParam@@@@UAEXXZ 00403770 f i chat_dialog.obj
 0001:00002890       ?Receive@?$ReceiverImpl@HUSkinChangedParam@@@@UAEHUSkinChangedParam@@@Z 00403890 f i chat_dialog.obj
 0001:00002900       ?Respond@?$ReceiverImpl@HUSkinChangedParam@@@@UAEHUSkinChangedParam@@PAV?$ObserverImplBase@HUSkinChangedParam@@@@@Z 00403900 f i chat_dialog.obj
 0001:00002970       ??_G?$ReceiverImpl@HUSkinChangedParam@@@@UAEPAXI@Z 00403970 f i chat_dialog.obj
 0001:00002970       ??_E?$ReceiverImpl@HUSkinChangedParam@@@@UAEPAXI@Z 00403970 f i chat_dialog.obj
 0001:000029b0       ??0?$ReceiverImplBase@HUSkinChangedParam@@@@QAE@XZ 004039b0 f i chat_dialog.obj
 0001:000029d0       ??1?$map@HPAV?$ObserverImplBase@HUSkinChangedParam@@@@U?$less@H@std@@V?$allocator@U?$pair@$$CBHPAV?$ObserverImplBase@HUSkinChangedParam@@@@@std@@@3@@std@@QAE@XZ 004039d0 f i chat_dialog.obj
 0001:00002a00       ??1?$_Tree_iterator@V?$_Tree_val@V?$_Tmap_traits@HPAV?$ObserverImplBase@HUSkinChangedParam@@@@U?$less@H@std@@V?$allocator@U?$pair@$$CBHPAV?$ObserverImplBase@HUSkinChangedParam@@@@@std@@@3@$0A@@std@@@std@@@std@@QAE@XZ 00403a00 f i chat_dialog.obj
 0001:00002a30       ??1?$_Tree_const_iterator@V?$_Tree_val@V?$_Tmap_traits@HPAV?$ObserverImplBase@HUSkinChangedParam@@@@U?$less@H@std@@V?$allocator@U?$pair@$$CBHPAV?$ObserverImplBase@HUSkinChangedParam@@@@@std@@@3@$0A@@std@@@std@@@std@@QAE@XZ 00403a30 f i chat_dialog.obj
 0001:00002a60       ??1?$_Tree_unchecked_const_iterator@V?$_Tree_val@V?$_Tmap_traits@HPAV?$ObserverImplBase@HUSkinChangedParam@@@@U?$less@H@std@@V?$allocator@U?$pair@$$CBHPAV?$ObserverImplBase@HUSkinChangedParam@@@@@std@@@3@$0A@@std@@@std@@U_Iterator_base12@2@@std@@QAE@XZ 00403a60 f i chat_dialog.obj
 0001:00002a90       ??1?$_Iterator012@Ubidirectional_iterator_tag@std@@U?$pair@$$CBHPAV?$ObserverImplBase@HUSkinChangedParam@@@@@2@HPBU32@ABU32@U_Iterator_base12@2@@std@@QAE@XZ 00403a90 f i chat_dialog.obj
 0001:00002ac0       ??1_Iterator_base12@std@@QAE@XZ 00403ac0 f i chat_dialog.obj
 0001:00002b70       ?_Orphan_me@_Iterator_base12@std@@QAEXXZ 00403b70 f i chat_dialog.obj
 0001:00002c00       ??0?$map@HPAV?$ObserverImplBase@HUSkinChangedParam@@@@U?$less@H@std@@V?$allocator@U?$pair@$$CBHPAV?$ObserverImplBase@HUSkinChangedParam@@@@@std@@@3@@std@@QAE@XZ 00403c00 f i chat_dialog.obj
 0001:00002c40       ??A?$map@HPAV?$ObserverImplBase@HUSkinChangedParam@@@@U?$less@H@std@@V?$allocator@U?$pair@$$CBHPAV?$ObserverImplBase@HUSkinChangedParam@@@@@std@@@3@@std@@QAEAAPAV?$ObserverImplBase@HUSkinChangedParam@@@@ABH@Z 00403c40 f i chat_dialog.obj
 0001:00002e00       ??1?$_Tree@V?$_Tmap_traits@HPAV?$ObserverImplBase@HUSkinChangedParam@@@@U?$less@H@std@@V?$allocator@U?$pair@$$CBHPAV?$ObserverImplBase@HUSkinChangedParam@@@@@std@@@3@$0A@@std@@@std@@QAE@XZ 00403e00 f i chat_dialog.obj
 0001:00002e70       ?begin@?$_Tree@V?$_Tmap_traits@HPAV?$ObserverImplBase@HUSkinChangedParam@@@@U?$less@H@std@@V?$allocator@U?$pair@$$CBHPAV?$ObserverImplBase@HUSkinChangedParam@@@@@std@@@3@$0A@@std@@@std@@QAE?AV?$_Tree_iterator@V?$_Tree_val@V?$_Tmap_traits@HPAV?$ObserverImplBase@HUSkinChangedParam@@@@U?$less@H@std@@V?$allocator@U?$pair@$$CBHPAV?$ObserverImplBase@HUSkinChangedParam@@@@@std@@@3@$0A@@std@@@std@@@2@XZ 00403e70 f i chat_dialog.obj
 0001:00002ed0       ?end@?$_Tree@V?$_Tmap_traits@HPAV?$ObserverImplBase@HUSkinChangedParam@@@@U?$less@H@std@@V?$allocator@U?$pair@$$CBHPAV?$ObserverImplBase@HUSkinChangedParam@@@@@std@@@3@$0A@@std@@@std@@QAE?AV?$_Tree_iterator@V?$_Tree_val@V?$_Tmap_traits@HPAV?$ObserverImplBase@HUSkinChangedParam@@@@U?$less@H@std@@V?$allocator@U?$pair@$$CBHPAV?$ObserverImplBase@HUSkinChangedParam@@@@@std@@@3@$0A@@std@@@std@@@2@XZ 00403ed0 f i chat_dialog.obj
 0001:00002f20       ??C?$_Tree_iterator@V?$_Tree_val@V?$_Tmap_traits@HPAV?$ObserverImplBase@HUSkinChangedParam@@@@U?$less@H@std@@V?$allocator@U?$pair@$$CBHPAV?$ObserverImplBase@HUSkinChangedParam@@@@@std@@@3@$0A@@std@@@std@@@std@@QBEPAU?$pair@$$CBHPAV?$ObserverImplBase@HUSkinChangedParam@@@@@1@XZ 00403f20 f i chat_dialog.obj
 0001:00002f50       ??E?$_Tree_iterator@V?$_Tree_val@V?$_Tmap_traits@HPAV?$ObserverImplBase@HUSkinChangedParam@@@@U?$less@H@std@@V?$allocator@U?$pair@$$CBHPAV?$ObserverImplBase@HUSkinChangedParam@@@@@std@@@3@$0A@@std@@@std@@@std@@QAEAAV01@XZ 00403f50 f i chat_dialog.obj
 0001:00002f80       ??9?$_Tree_const_iterator@V?$_Tree_val@V?$_Tmap_traits@HPAV?$ObserverImplBase@HUSkinChangedParam@@@@U?$less@H@std@@V?$allocator@U?$pair@$$CBHPAV?$ObserverImplBase@HUSkinChangedParam@@@@@std@@@3@$0A@@std@@@std@@@std@@QBE_NABV01@@Z 00403f80 f i chat_dialog.obj
 0001:00002fc0       ??0?$_Tree_const_iterator@V?$_Tree_val@V?$_Tmap_traits@HPAV?$ObserverImplBase@HUSkinChangedParam@@@@U?$less@H@std@@V?$allocator@U?$pair@$$CBHPAV?$ObserverImplBase@HUSkinChangedParam@@@@@std@@@3@$0A@@std@@@std@@@std@@QAE@ABV01@@Z 00403fc0 f i chat_dialog.obj
 0001:00002ff0       ??4?$_Tree_iterator@V?$_Tree_val@V?$_Tmap_traits@HPAV?$ObserverImplBase@HUSkinChangedParam@@@@U?$less@H@std@@V?$allocator@U?$pair@$$CBHPAV?$ObserverImplBase@HUSkinChangedParam@@@@@std@@@3@$0A@@std@@@std@@@std@@QAEAAV01@ABV01@@Z 00403ff0 f i chat_dialog.obj
 0001:00003020       ??0?$_Tree_unchecked_const_iterator@V?$_Tree_val@V?$_Tmap_traits@HPAV?$ObserverImplBase@HUSkinChangedParam@@@@U?$less@H@std@@V?$allocator@U?$pair@$$CBHPAV?$ObserverImplBase@HUSkinChangedParam@@@@@std@@@3@$0A@@std@@@std@@U_Iterator_base12@2@@std@@QAE@ABV01@@Z 00404020 f i chat_dialog.obj
 0001:00003060       ??4?$_Tree_const_iterator@V?$_Tree_val@V?$_Tmap_traits@HPAV?$ObserverImplBase@HUSkinChangedParam@@@@U?$less@H@std@@V?$allocator@U?$pair@$$CBHPAV?$ObserverImplBase@HUSkinChangedParam@@@@@std@@@3@$0A@@std@@@std@@@std@@QAEAAV01@ABV01@@Z 00404060 f i chat_dialog.obj
 0001:00003090       ??0?$_Iterator012@Ubidirectional_iterator_tag@std@@U?$pair@$$CBHPAV?$ObserverImplBase@HUSkinChangedParam@@@@@2@HPBU32@ABU32@U_Iterator_base12@2@@std@@QAE@ABU01@@Z 00404090 f i chat_dialog.obj
 0001:000030c0       ??0_Iterator_base12@std@@QAE@ABU01@@Z 004040c0 f i chat_dialog.obj
 0001:00003100       ??4_Iterator_base12@std@@QAEAAU01@ABU01@@Z 00404100 f i chat_dialog.obj
 0001:00003140       ?_Adopt@_Iterator_base12@std@@QAEXPBU_Container_base12@2@@Z 00404140 f i chat_dialog.obj
 0001:00003230       ??4?$_Tree_unchecked_const_iterator@V?$_Tree_val@V?$_Tmap_traits@HPAV?$ObserverImplBase@HUSkinChangedParam@@@@U?$less@H@std@@V?$allocator@U?$pair@$$CBHPAV?$ObserverImplBase@HUSkinChangedParam@@@@@std@@@3@$0A@@std@@@std@@U_Iterator_base12@2@@std@@QAEAAV01@ABV01@@Z 00404230 f i chat_dialog.obj
 0001:00003270       ??4?$_Iterator012@Ubidirectional_iterator_tag@std@@U?$pair@$$CBHPAV?$ObserverImplBase@HUSkinChangedParam@@@@@2@HPBU32@ABU32@U_Iterator_base12@2@@std@@QAEAAU01@ABU01@@Z 00404270 f i chat_dialog.obj
 0001:000032a0       ??0?$_Tree@V?$_Tmap_traits@HPAV?$ObserverImplBase@HUSkinChangedParam@@@@U?$less@H@std@@V?$allocator@U?$pair@$$CBHPAV?$ObserverImplBase@HUSkinChangedParam@@@@@std@@@3@$0A@@std@@@std@@QAE@ABU?$less@H@1@ABV?$allocator@U?$pair@$$CBHPAV?$ObserverImplBase@HUSkinChangedParam@@@@@std@@@1@@Z 004042a0 f i chat_dialog.obj
 0001:000032f0       ?lower_bound@?$_Tree@V?$_Tmap_traits@HPAV?$ObserverImplBase@HUSkinChangedParam@@@@U?$less@H@std@@V?$allocator@U?$pair@$$CBHPAV?$ObserverImplBase@HUSkinChangedParam@@@@@std@@@3@$0A@@std@@@std@@QAE?AV?$_Tree_iterator@V?$_Tree_val@V?$_Tmap_traits@HPAV?$ObserverImplBase@HUSkinChangedParam@@@@U?$less@H@std@@V?$allocator@U?$pair@$$CBHPAV?$ObserverImplBase@HUSkinChangedParam@@@@@std@@@3@$0A@@std@@@std@@@2@ABH@Z 004042f0 f i chat_dialog.obj
 0001:00003350       ?_Lmost@?$_Tree@V?$_Tmap_traits@HPAV?$ObserverImplBase@HUSkinChangedParam@@@@U?$less@H@std@@V?$allocator@U?$pair@$$CBHPAV?$ObserverImplBase@HUSkinChangedParam@@@@@std@@@3@$0A@@std@@@std@@IBEAAPAU_Node@?$_Tree_nod@V?$_Tmap_traits@HPAV?$ObserverImplBase@HUSkinChangedParam@@@@U?$less@H@std@@V?$allocator@U?$pair@$$CBHPAV?$ObserverImplBase@HUSkinChangedParam@@@@@std@@@3@$0A@@std@@@2@XZ 00404350 f i chat_dialog.obj
 0001:00003380       ?_Tidy@?$_Tree@V?$_Tmap_traits@HPAV?$ObserverImplBase@HUSkinChangedParam@@@@U?$less@H@std@@V?$allocator@U?$pair@$$CBHPAV?$ObserverImplBase@HUSkinChangedParam@@@@@std@@@3@$0A@@std@@@std@@IAEXXZ 00404380 f i chat_dialog.obj
 0001:00003480       ??1?$_Tree_val@V?$_Tmap_traits@HPAV?$ObserverImplBase@HUSkinChangedParam@@@@U?$less@H@std@@V?$allocator@U?$pair@$$CBHPAV?$ObserverImplBase@HUSkinChangedParam@@@@@std@@@3@$0A@@std@@@std@@QAE@XZ 00404480 f i chat_dialog.obj
 0001:000034f0       ?_Key@?$_Tree_val@V?$_Tmap_traits@HPAV?$ObserverImplBase@HUSkinChangedParam@@@@U?$less@H@std@@V?$allocator@U?$pair@$$CBHPAV?$ObserverImplBase@HUSkinChangedParam@@@@@std@@@3@$0A@@std@@@std@@SAAAHPAU_Node@?$_Tree_nod@V?$_Tmap_traits@HPAV?$ObserverImplBase@HUSkinChangedParam@@@@U?$less@H@std@@V?$allocator@U?$pair@$$CBHPAV?$ObserverImplBase@HUSkinChangedParam@@@@@std@@@3@$0A@@std@@@2@@Z 004044f0 f i chat_dialog.obj
 0001:00003520       ??0?$allocator@U?$pair@$$CBHPAV?$ObserverImplBase@HUSkinChangedParam@@@@@std@@@std@@QAE@XZ 00404520 f i chat_dialog.obj
 0001:00003540       ??R?$less@H@std@@QBE_NABH0@Z 00404540 f i chat_dialog.obj
 0001:00003570       ??0?$_Tree_iterator@V?$_Tree_val@V?$_Tmap_traits@HPAV?$ObserverImplBase@HUSkinChangedParam@@@@U?$less@H@std@@V?$allocator@U?$pair@$$CBHPAV?$ObserverImplBase@HUSkinChangedParam@@@@@std@@@3@$0A@@std@@@std@@@std@@QAE@PAU_Node@?$_Tree_nod@V?$_Tmap_traits@HPAV?$ObserverImplBase@HUSkinChangedParam@@@@U?$less@H@std@@V?$allocator@U?$pair@$$CBHPAV?$ObserverImplBase@HUSkinChangedParam@@@@@std@@@3@$0A@@std@@@1@PBV?$_Tree_val@V?$_Tmap_traits@HPAV?$ObserverImplBase@HUSkinChangedParam@@@@U?$less@H@std@@V?$allocator@U?$pair@$$CBHPAV?$ObserverImplBase@HUSkinChangedParam@@@@@std@@@3@$0A@@std@@@1@@Z 00404570 f i chat_dialog.obj
 0001:000035b0       ??D?$_Tree_iterator@V?$_Tree_val@V?$_Tmap_traits@HPAV?$ObserverImplBase@HUSkinChangedParam@@@@U?$less@H@std@@V?$allocator@U?$pair@$$CBHPAV?$ObserverImplBase@HUSkinChangedParam@@@@@std@@@3@$0A@@std@@@std@@@std@@QBEAAU?$pair@$$CBHPAV?$ObserverImplBase@HUSkinChangedParam@@@@@1@XZ 004045b0 f i chat_dialog.obj
 0001:000035e0       ??E?$_Tree_const_iterator@V?$_Tree_val@V?$_Tmap_traits@HPAV?$ObserverImplBase@HUSkinChangedParam@@@@U?$less@H@std@@V?$allocator@U?$pair@$$CBHPAV?$ObserverImplBase@HUSkinChangedParam@@@@@std@@@3@$0A@@std@@@std@@@std@@QAEAAV01@XZ 004045e0 f i chat_dialog.obj
 0001:000036a0       ?_Getcont@_Iterator_base12@std@@QBEPBU_Container_base12@2@XZ 004046a0 f i chat_dialog.obj
 0001:000036e0       ??8?$_Tree_const_iterator@V?$_Tree_val@V?$_Tmap_traits@HPAV?$ObserverImplBase@HUSkinChangedParam@@@@U?$less@H@std@@V?$allocator@U?$pair@$$CBHPAV?$ObserverImplBase@HUSkinChangedParam@@@@@std@@@3@$0A@@std@@@std@@@std@@QBE_NABV01@@Z 004046e0 f i chat_dialog.obj
 0001:000037a0       ?_Mynode@?$_Tree_unchecked_const_iterator@V?$_Tree_val@V?$_Tmap_traits@HPAV?$ObserverImplBase@HUSkinChangedParam@@@@U?$less@H@std@@V?$allocator@U?$pair@$$CBHPAV?$ObserverImplBase@HUSkinChangedParam@@@@@std@@@3@$0A@@std@@@std@@U_Iterator_base12@2@@std@@QBEPAU_Node@?$_Tree_nod@V?$_Tmap_traits@HPAV?$ObserverImplBase@HUSkinChangedParam@@@@U?$less@H@std@@V?$allocator@U?$pair@$$CBHPAV?$ObserverImplBase@HUSkinChangedParam@@@@@std@@@3@$0A@@std@@@2@XZ 004047a0 f i chat_dialog.obj
 0001:000037c0       ??0?$pair@$$CBHPAV?$ObserverImplBase@HUSkinChangedParam@@@@@std@@QAE@ABH$$QAPAV?$ObserverImplBase@HUSkinChangedParam@@@@@Z 004047c0 f i chat_dialog.obj
 0001:00003800       ?erase@?$_Tree@V?$_Tmap_traits@HPAV?$ObserverImplBase@HUSkinChangedParam@@@@U?$less@H@std@@V?$allocator@U?$pair@$$CBHPAV?$ObserverImplBase@HUSkinChangedParam@@@@@std@@@3@$0A@@std@@@std@@QAE?AV?$_Tree_iterator@V?$_Tree_val@V?$_Tmap_traits@HPAV?$ObserverImplBase@HUSkinChangedParam@@@@U?$less@H@std@@V?$allocator@U?$pair@$$CBHPAV?$ObserverImplBase@HUSkinChangedParam@@@@@std@@@3@$0A@@std@@@std@@@2@V?$_Tree_const_iterator@V?$_Tree_val@V?$_Tmap_traits@HPAV?$ObserverImplBase@HUSkinChangedParam@@@@U?$less@H@std@@V?$allocator@U?$pair@$$CBHPAV?$ObserverImplBase@HUSkinChangedParam@@@@@std@@@3@$0A@@std@@@std@@@2@0@Z 00404800 f i chat_dialog.obj
 0001:00003a00       ?_Lbound@?$_Tree@V?$_Tmap_traits@HPAV?$ObserverImplBase@HUSkinChangedParam@@@@U?$less@H@std@@V?$allocator@U?$pair@$$CBHPAV?$ObserverImplBase@HUSkinChangedParam@@@@@std@@@3@$0A@@std@@@std@@IAEPAU_Node@?$_Tree_nod@V?$_Tmap_traits@HPAV?$ObserverImplBase@HUSkinChangedParam@@@@U?$less@H@std@@V?$allocator@U?$pair@$$CBHPAV?$ObserverImplBase@HUSkinChangedParam@@@@@std@@@3@$0A@@std@@@2@ABH@Z 00404a00 f i chat_dialog.obj
 0001:00003ac0       ??0?$_Tree_val@V?$_Tmap_traits@HPAV?$ObserverImplBase@HUSkinChangedParam@@@@U?$less@H@std@@V?$allocator@U?$pair@$$CBHPAV?$ObserverImplBase@HUSkinChangedParam@@@@@std@@@3@$0A@@std@@@std@@QAE@ABU?$less@H@1@V?$allocator@U?$pair@$$CBHPAV?$ObserverImplBase@HUSkinChangedParam@@@@@std@@@1@@Z 00404ac0 f i chat_dialog.obj
 0001:00003bd0       ?_Isnil@?$_Tree_val@V?$_Tmap_traits@HPAV?$ObserverImplBase@HUSkinChangedParam@@@@U?$less@H@std@@V?$allocator@U?$pair@$$CBHPAV?$ObserverImplBase@HUSkinChangedParam@@@@@std@@@3@$0A@@std@@@std@@SAAADPAU_Node@?$_Tree_nod@V?$_Tmap_traits@HPAV?$ObserverImplBase@HUSkinChangedParam@@@@U?$less@H@std@@V?$allocator@U?$pair@$$CBHPAV?$ObserverImplBase@HUSkinChangedParam@@@@@std@@@3@$0A@@std@@@2@@Z 00404bd0 f i chat_dialog.obj
 0001:00003be0       ?_Left@?$_Tree_val@V?$_Tmap_traits@HPAV?$ObserverImplBase@HUSkinChangedParam@@@@U?$less@H@std@@V?$allocator@U?$pair@$$CBHPAV?$ObserverImplBase@HUSkinChangedParam@@@@@std@@@3@$0A@@std@@@std@@SAAAPAU_Node@?$_Tree_nod@V?$_Tmap_traits@HPAV?$ObserverImplBase@HUSkinChangedParam@@@@U?$less@H@std@@V?$allocator@U?$pair@$$CBHPAV?$ObserverImplBase@HUSkinChangedParam@@@@@std@@@3@$0A@@std@@@2@PAU342@@Z 00404be0 f i chat_dialog.obj
 0001:00003bf0       ?_Myval@?$_Tree_val@V?$_Tmap_traits@HPAV?$ObserverImplBase@HUSkinChangedParam@@@@U?$less@H@std@@V?$allocator@U?$pair@$$CBHPAV?$ObserverImplBase@HUSkinChangedParam@@@@@std@@@3@$0A@@std@@@std@@SAAAU?$pair@$$CBHPAV?$ObserverImplBase@HUSkinChangedParam@@@@@2@PAU_Node@?$_Tree_nod@V?$_Tmap_traits@HPAV?$ObserverImplBase@HUSkinChangedParam@@@@U?$less@H@std@@V?$allocator@U?$pair@$$CBHPAV?$ObserverImplBase@HUSkinChangedParam@@@@@std@@@3@$0A@@std@@@2@@Z 00404bf0 f i chat_dialog.obj
 0001:00003c00       ??1?$_Tree_nod@V?$_Tmap_traits@HPAV?$ObserverImplBase@HUSkinChangedParam@@@@U?$less@H@std@@V?$allocator@U?$pair@$$CBHPAV?$ObserverImplBase@HUSkinChangedParam@@@@@std@@@3@$0A@@std@@@std@@QAE@XZ 00404c00 f i chat_dialog.obj
 0001:00003ce0       ?_Orphan_all@_Container_base12@std@@QAEXXZ 00404ce0 f i chat_dialog.obj
 0001:00003d90       ?deallocate@?$allocator@U_Container_proxy@std@@@std@@QAEXPAU_Container_proxy@2@I@Z 00404d90 f i chat_dialog.obj
 0001:00003dc0       ??0?$allocator@U?$pair@$$CBHPAV?$ObserverImplBase@HUSkinChangedParam@@@@@std@@@std@@QAE@ABV01@@Z 00404dc0 f i chat_dialog.obj
 0001:00003de0       ?deallocate@?$allocator@U_Node@?$_Tree_nod@V?$_Tmap_traits@HPAV?$ObserverImplBase@HUSkinChangedParam@@@@U?$less@H@std@@V?$allocator@U?$pair@$$CBHPAV?$ObserverImplBase@HUSkinChangedParam@@@@@std@@@3@$0A@@std@@@std@@@std@@QAEXPAU_Node@?$_Tree_nod@V?$_Tmap_traits@HPAV?$ObserverImplBase@HUSkinChangedParam@@@@U?$less@H@std@@V?$allocator@U?$pair@$$CBHPAV?$ObserverImplBase@HUSkinChangedParam@@@@@std@@@3@$0A@@std@@@2@I@Z 00404de0 f i chat_dialog.obj
 0001:00003e10       ??0?$_Tree_const_iterator@V?$_Tree_val@V?$_Tmap_traits@HPAV?$ObserverImplBase@HUSkinChangedParam@@@@U?$less@H@std@@V?$allocator@U?$pair@$$CBHPAV?$ObserverImplBase@HUSkinChangedParam@@@@@std@@@3@$0A@@std@@@std@@@std@@QAE@PAU_Node@?$_Tree_nod@V?$_Tmap_traits@HPAV?$ObserverImplBase@HUSkinChangedParam@@@@U?$less@H@std@@V?$allocator@U?$pair@$$CBHPAV?$ObserverImplBase@HUSkinChangedParam@@@@@std@@@3@$0A@@std@@@1@PBV?$_Tree_val@V?$_Tmap_traits@HPAV?$ObserverImplBase@HUSkinChangedParam@@@@U?$less@H@std@@V?$allocator@U?$pair@$$CBHPAV?$ObserverImplBase@HUSkinChangedParam@@@@@std@@@3@$0A@@std@@@1@@Z 00404e10 f i chat_dialog.obj
 0001:00003e50       ??D?$_Tree_const_iterator@V?$_Tree_val@V?$_Tmap_traits@HPAV?$ObserverImplBase@HUSkinChangedParam@@@@U?$less@H@std@@V?$allocator@U?$pair@$$CBHPAV?$ObserverImplBase@HUSkinChangedParam@@@@@std@@@3@$0A@@std@@@std@@@std@@QBEABU?$pair@$$CBHPAV?$ObserverImplBase@HUSkinChangedParam@@@@@1@XZ 00404e50 f i chat_dialog.obj
 0001:00003f10       ??E?$_Tree_unchecked_const_iterator@V?$_Tree_val@V?$_Tmap_traits@HPAV?$ObserverImplBase@HUSkinChangedParam@@@@U?$less@H@std@@V?$allocator@U?$pair@$$CBHPAV?$ObserverImplBase@HUSkinChangedParam@@@@@std@@@3@$0A@@std@@@std@@U_Iterator_base12@2@@std@@QAEAAV01@XZ 00404f10 f i chat_dialog.obj
 0001:00003ff0       ??0?$_Pair_base@$$CBHPAV?$ObserverImplBase@HUSkinChangedParam@@@@@std@@QAE@ABH$$QAPAV?$ObserverImplBase@HUSkinChangedParam@@@@@Z 00404ff0 f i chat_dialog.obj
 0001:00004030       ??1?$_Tmap_traits@HPAV?$ObserverImplBase@HUSkinChangedParam@@@@U?$less@H@std@@V?$allocator@U?$pair@$$CBHPAV?$ObserverImplBase@HUSkinChangedParam@@@@@std@@@3@$0A@@std@@QAE@XZ 00405030 f i chat_dialog.obj
 0001:00004060       ??1_Container_base12@std@@QAE@XZ 00405060 f i chat_dialog.obj
 0001:00004090       ?erase@?$_Tree@V?$_Tmap_traits@HPAV?$ObserverImplBase@HUSkinChangedParam@@@@U?$less@H@std@@V?$allocator@U?$pair@$$CBHPAV?$ObserverImplBase@HUSkinChangedParam@@@@@std@@@3@$0A@@std@@@std@@QAE?AV?$_Tree_iterator@V?$_Tree_val@V?$_Tmap_traits@HPAV?$ObserverImplBase@HUSkinChangedParam@@@@U?$less@H@std@@V?$allocator@U?$pair@$$CBHPAV?$ObserverImplBase@HUSkinChangedParam@@@@@std@@@3@$0A@@std@@@std@@@2@V?$_Tree_const_iterator@V?$_Tree_val@V?$_Tmap_traits@HPAV?$ObserverImplBase@HUSkinChangedParam@@@@U?$less@H@std@@V?$allocator@U?$pair@$$CBHPAV?$ObserverImplBase@HUSkinChangedParam@@@@@std@@@3@$0A@@std@@@std@@@2@@Z 00405090 f i chat_dialog.obj
 0001:000048c0       ?clear@?$_Tree@V?$_Tmap_traits@HPAV?$ObserverImplBase@HUSkinChangedParam@@@@U?$less@H@std@@V?$allocator@U?$pair@$$CBHPAV?$ObserverImplBase@HUSkinChangedParam@@@@@std@@@3@$0A@@std@@@std@@QAEXXZ 004058c0 f i chat_dialog.obj
 0001:00004940       ?_Root@?$_Tree@V?$_Tmap_traits@HPAV?$ObserverImplBase@HUSkinChangedParam@@@@U?$less@H@std@@V?$allocator@U?$pair@$$CBHPAV?$ObserverImplBase@HUSkinChangedParam@@@@@std@@@3@$0A@@std@@@std@@IBEAAPAU_Node@?$_Tree_nod@V?$_Tmap_traits@HPAV?$ObserverImplBase@HUSkinChangedParam@@@@U?$less@H@std@@V?$allocator@U?$pair@$$CBHPAV?$ObserverImplBase@HUSkinChangedParam@@@@@std@@@3@$0A@@std@@@2@XZ 00405940 f i chat_dialog.obj
 0001:00004970       ?_Color@?$_Tree_val@V?$_Tmap_traits@HPAV?$ObserverImplBase@HUSkinChangedParam@@@@U?$less@H@std@@V?$allocator@U?$pair@$$CBHPAV?$ObserverImplBase@HUSkinChangedParam@@@@@std@@@3@$0A@@std@@@std@@SAAADPAU_Node@?$_Tree_nod@V?$_Tmap_traits@HPAV?$ObserverImplBase@HUSkinChangedParam@@@@U?$less@H@std@@V?$allocator@U?$pair@$$CBHPAV?$ObserverImplBase@HUSkinChangedParam@@@@@std@@@3@$0A@@std@@@2@@Z 00405970 f i chat_dialog.obj
 0001:00004980       ?_Parent@?$_Tree_val@V?$_Tmap_traits@HPAV?$ObserverImplBase@HUSkinChangedParam@@@@U?$less@H@std@@V?$allocator@U?$pair@$$CBHPAV?$ObserverImplBase@HUSkinChangedParam@@@@@std@@@3@$0A@@std@@@std@@SAAAPAU_Node@?$_Tree_nod@V?$_Tmap_traits@HPAV?$ObserverImplBase@HUSkinChangedParam@@@@U?$less@H@std@@V?$allocator@U?$pair@$$CBHPAV?$ObserverImplBase@HUSkinChangedParam@@@@@std@@@3@$0A@@std@@@2@PAU342@@Z 00405980 f i chat_dialog.obj
 0001:00004990       ?_Right@?$_Tree_val@V?$_Tmap_traits@HPAV?$ObserverImplBase@HUSkinChangedParam@@@@U?$less@H@std@@V?$allocator@U?$pair@$$CBHPAV?$ObserverImplBase@HUSkinChangedParam@@@@@std@@@3@$0A@@std@@@std@@SAAAPAU_Node@?$_Tree_nod@V?$_Tmap_traits@HPAV?$ObserverImplBase@HUSkinChangedParam@@@@U?$less@H@std@@V?$allocator@U?$pair@$$CBHPAV?$ObserverImplBase@HUSkinChangedParam@@@@@std@@@3@$0A@@std@@@2@PAU342@@Z 00405990 f i chat_dialog.obj
 0001:000049a0       ?_Min@?$_Tree_val@V?$_Tmap_traits@HPAV?$ObserverImplBase@HUSkinChangedParam@@@@U?$less@H@std@@V?$allocator@U?$pair@$$CBHPAV?$ObserverImplBase@HUSkinChangedParam@@@@@std@@@3@$0A@@std@@@std@@SAPAU_Node@?$_Tree_nod@V?$_Tmap_traits@HPAV?$ObserverImplBase@HUSkinChangedParam@@@@U?$less@H@std@@V?$allocator@U?$pair@$$CBHPAV?$ObserverImplBase@HUSkinChangedParam@@@@@std@@@3@$0A@@std@@@2@PAU342@@Z 004059a0 f i chat_dialog.obj
 0001:000049e0       ??0?$_Tree_nod@V?$_Tmap_traits@HPAV?$ObserverImplBase@HUSkinChangedParam@@@@U?$less@H@std@@V?$allocator@U?$pair@$$CBHPAV?$ObserverImplBase@HUSkinChangedParam@@@@@std@@@3@$0A@@std@@@std@@QAE@ABU?$less@H@1@V?$allocator@U?$pair@$$CBHPAV?$ObserverImplBase@HUSkinChangedParam@@@@@std@@@1@@Z 004059e0 f i chat_dialog.obj
 0001:00004af0       ??0_Container_proxy@std@@QAE@XZ 00405af0 f i chat_dialog.obj
 0001:00004b20       ?allocate@?$allocator@U_Container_proxy@std@@@std@@QAEPAU_Container_proxy@2@I@Z 00405b20 f i chat_dialog.obj
 0001:00004b50       ?allocate@?$allocator@U_Node@?$_Tree_nod@V?$_Tmap_traits@HPAV?$ObserverImplBase@HUSkinChangedParam@@@@U?$less@H@std@@V?$allocator@U?$pair@$$CBHPAV?$ObserverImplBase@HUSkinChangedParam@@@@@std@@@3@$0A@@std@@@std@@@std@@QAEPAU_Node@?$_Tree_nod@V?$_Tmap_traits@HPAV?$ObserverImplBase@HUSkinChangedParam@@@@U?$less@H@std@@V?$allocator@U?$pair@$$CBHPAV?$ObserverImplBase@HUSkinChangedParam@@@@@std@@@3@$0A@@std@@@2@I@Z 00405b50 f i chat_dialog.obj
 0001:00004b80       ??E?$_Tree_const_iterator@V?$_Tree_val@V?$_Tmap_traits@HPAV?$ObserverImplBase@HUSkinChangedParam@@@@U?$less@H@std@@V?$allocator@U?$pair@$$CBHPAV?$ObserverImplBase@HUSkinChangedParam@@@@@std@@@3@$0A@@std@@@std@@@std@@QAE?AV01@H@Z 00405b80 f i chat_dialog.obj
 0001:00004c50       ??0?$_Tree_unchecked_const_iterator@V?$_Tree_val@V?$_Tmap_traits@HPAV?$ObserverImplBase@HUSkinChangedParam@@@@U?$less@H@std@@V?$allocator@U?$pair@$$CBHPAV?$ObserverImplBase@HUSkinChangedParam@@@@@std@@@3@$0A@@std@@@std@@U_Iterator_base12@2@@std@@QAE@PAU_Node@?$_Tree_nod@V?$_Tmap_traits@HPAV?$ObserverImplBase@HUSkinChangedParam@@@@U?$less@H@std@@V?$allocator@U?$pair@$$CBHPAV?$ObserverImplBase@HUSkinChangedParam@@@@@std@@@3@$0A@@std@@@1@PBV?$_Tree_val@V?$_Tmap_traits@HPAV?$ObserverImplBase@HUSkinChangedParam@@@@U?$less@H@std@@V?$allocator@U?$pair@$$CBHPAV?$ObserverImplBase@HUSkinChangedParam@@@@@std@@@3@$0A@@std@@@1@@Z 00405c50 f i chat_dialog.obj
 0001:00004cd0       ??0?$_Iterator012@Ubidirectional_iterator_tag@std@@U?$pair@$$CBHPAV?$ObserverImplBase@HUSkinChangedParam@@@@@2@HPBU32@ABU32@U_Iterator_base12@2@@std@@QAE@XZ 00405cd0 f i chat_dialog.obj
 0001:00004d00       ??0_Iterator_base12@std@@QAE@XZ 00405d00 f i chat_dialog.obj
 0001:00004d30       ?_Erase@?$_Tree@V?$_Tmap_traits@HPAV?$ObserverImplBase@HUSkinChangedParam@@@@U?$less@H@std@@V?$allocator@U?$pair@$$CBHPAV?$ObserverImplBase@HUSkinChangedParam@@@@@std@@@3@$0A@@std@@@std@@IAEXPAU_Node@?$_Tree_nod@V?$_Tmap_traits@HPAV?$ObserverImplBase@HUSkinChangedParam@@@@U?$less@H@std@@V?$allocator@U?$pair@$$CBHPAV?$ObserverImplBase@HUSkinChangedParam@@@@@std@@@3@$0A@@std@@@2@@Z 00405d30 f i chat_dialog.obj
 0001:00004de0       ?_Lrotate@?$_Tree@V?$_Tmap_traits@HPAV?$ObserverImplBase@HUSkinChangedParam@@@@U?$less@H@std@@V?$allocator@U?$pair@$$CBHPAV?$ObserverImplBase@HUSkinChangedParam@@@@@std@@@3@$0A@@std@@@std@@IAEXPAU_Node@?$_Tree_nod@V?$_Tmap_traits@HPAV?$ObserverImplBase@HUSkinChangedParam@@@@U?$less@H@std@@V?$allocator@U?$pair@$$CBHPAV?$ObserverImplBase@HUSkinChangedParam@@@@@std@@@3@$0A@@std@@@2@@Z 00405de0 f i chat_dialog.obj
 0001:00004f30       ?_Rmost@?$_Tree@V?$_Tmap_traits@HPAV?$ObserverImplBase@HUSkinChangedParam@@@@U?$less@H@std@@V?$allocator@U?$pair@$$CBHPAV?$ObserverImplBase@HUSkinChangedParam@@@@@std@@@3@$0A@@std@@@std@@IBEAAPAU_Node@?$_Tree_nod@V?$_Tmap_traits@HPAV?$ObserverImplBase@HUSkinChangedParam@@@@U?$less@H@std@@V?$allocator@U?$pair@$$CBHPAV?$ObserverImplBase@HUSkinChangedParam@@@@@std@@@3@$0A@@std@@@2@XZ 00405f30 f i chat_dialog.obj
 0001:00004f60       ?_Rrotate@?$_Tree@V?$_Tmap_traits@HPAV?$ObserverImplBase@HUSkinChangedParam@@@@U?$less@H@std@@V?$allocator@U?$pair@$$CBHPAV?$ObserverImplBase@HUSkinChangedParam@@@@@std@@@3@$0A@@std@@@std@@IAEXPAU_Node@?$_Tree_nod@V?$_Tmap_traits@HPAV?$ObserverImplBase@HUSkinChangedParam@@@@U?$less@H@std@@V?$allocator@U?$pair@$$CBHPAV?$ObserverImplBase@HUSkinChangedParam@@@@@std@@@3@$0A@@std@@@2@@Z 00405f60 f i chat_dialog.obj
 0001:000050b0       ?_Orphan_ptr@?$_Tree@V?$_Tmap_traits@HPAV?$ObserverImplBase@HUSkinChangedParam@@@@U?$less@H@std@@V?$allocator@U?$pair@$$CBHPAV?$ObserverImplBase@HUSkinChangedParam@@@@@std@@@3@$0A@@std@@@std@@IBEXAAV12@PAU_Node@?$_Tree_nod@V?$_Tmap_traits@HPAV?$ObserverImplBase@HUSkinChangedParam@@@@U?$less@H@std@@V?$allocator@U?$pair@$$CBHPAV?$ObserverImplBase@HUSkinChangedParam@@@@@std@@@3@$0A@@std@@@2@@Z 004060b0 f i chat_dialog.obj
 0001:000051c0       ?_Getpfirst@_Container_base12@std@@QBEPAPAU_Iterator_base12@2@XZ 004061c0 f i chat_dialog.obj
 0001:00005200       ?_Clrcont@_Iterator_base12@std@@QAEXXZ 00406200 f i chat_dialog.obj
 0001:00005220       ?_Getpnext@_Iterator_base12@std@@QAEPAPAU12@XZ 00406220 f i chat_dialog.obj
 0001:00005240       ?_Max@?$_Tree_val@V?$_Tmap_traits@HPAV?$ObserverImplBase@HUSkinChangedParam@@@@U?$less@H@std@@V?$allocator@U?$pair@$$CBHPAV?$ObserverImplBase@HUSkinChangedParam@@@@@std@@@3@$0A@@std@@@std@@SAPAU_Node@?$_Tree_nod@V?$_Tmap_traits@HPAV?$ObserverImplBase@HUSkinChangedParam@@@@U?$less@H@std@@V?$allocator@U?$pair@$$CBHPAV?$ObserverImplBase@HUSkinChangedParam@@@@@std@@@3@$0A@@std@@@2@PAU342@@Z 00406240 f i chat_dialog.obj
 0001:00005280       ??0?$_Tmap_traits@HPAV?$ObserverImplBase@HUSkinChangedParam@@@@U?$less@H@std@@V?$allocator@U?$pair@$$CBHPAV?$ObserverImplBase@HUSkinChangedParam@@@@@std@@@3@$0A@@std@@QAE@U?$less@H@1@@Z 00406280 f i chat_dialog.obj
 0001:000052b0       ??0_Container_base12@std@@QAE@XZ 004062b0 f i chat_dialog.obj
 0001:000052d0       ??$_Cons_val@V?$allocator@U_Container_proxy@std@@@std@@U_Container_proxy@2@U32@@std@@YAXAAV?$allocator@U_Container_proxy@std@@@0@PAU_Container_proxy@0@$$QAU20@@Z 004062d0 f i chat_dialog.obj
 0001:00005300       ??$_Dest_val@V?$allocator@U_Container_proxy@std@@@std@@U_Container_proxy@2@@std@@YAXAAV?$allocator@U_Container_proxy@std@@@0@PAU_Container_proxy@0@@Z 00406300 f i chat_dialog.obj
 0001:00005320       ??$insert@U?$pair@$$CBHPAV?$ObserverImplBase@HUSkinChangedParam@@@@@std@@@?$_Tree@V?$_Tmap_traits@HPAV?$ObserverImplBase@HUSkinChangedParam@@@@U?$less@H@std@@V?$allocator@U?$pair@$$CBHPAV?$ObserverImplBase@HUSkinChangedParam@@@@@std@@@3@$0A@@std@@@std@@QAE?AV?$_Tree_iterator@V?$_Tree_val@V?$_Tmap_traits@HPAV?$ObserverImplBase@HUSkinChangedParam@@@@U?$less@H@std@@V?$allocator@U?$pair@$$CBHPAV?$ObserverImplBase@HUSkinChangedParam@@@@@std@@@3@$0A@@std@@@std@@@1@V?$_Tree_const_iterator@V?$_Tree_val@V?$_Tmap_traits@HPAV?$ObserverImplBase@HUSkinChangedParam@@@@U?$less@H@std@@V?$allocator@U?$pair@$$CBHPAV?$ObserverImplBase@HUSkinChangedParam@@@@@std@@@3@$0A@@std@@@std@@@1@$$QAU?$pair@$$CBHPAV?$ObserverImplBase@HUSkinChangedParam@@@@@1@@Z 00406320 f i chat_dialog.obj
 0001:000053e0       ??$_Kfn@$$CBHPAV?$ObserverImplBase@HUSkinChangedParam@@@@@?$_Tmap_traits@HPAV?$ObserverImplBase@HUSkinChangedParam@@@@U?$less@H@std@@V?$allocator@U?$pair@$$CBHPAV?$ObserverImplBase@HUSkinChangedParam@@@@@std@@@3@$0A@@std@@SAABHABU?$pair@$$CBHPAV?$ObserverImplBase@HUSkinChangedParam@@@@@1@@Z 004063e0 f i chat_dialog.obj
 0001:000053f0       ??$move@AAPAV?$ObserverImplBase@HUSkinChangedParam@@@@@std@@YA$$QAPAV?$ObserverImplBase@HUSkinChangedParam@@@@AAPAV1@@Z 004063f0 f i chat_dialog.obj
 0001:00005400       ??$_Allocate@U_Container_proxy@std@@@std@@YAPAU_Container_proxy@0@IPAU10@@Z 00406400 f i chat_dialog.obj
 0001:00005480       ??0bad_alloc@std@@QAE@PBD@Z 00406480 f i chat_dialog.obj
 0001:000054c0       ??1bad_alloc@std@@UAE@XZ   004064c0 f i chat_dialog.obj
 0001:000054f0       ??_Gbad_alloc@std@@UAEPAXI@Z 004064f0 f i chat_dialog.obj
 0001:000054f0       ??_Ebad_alloc@std@@UAEPAXI@Z 004064f0 f i chat_dialog.obj
 0001:00005530       ??$_Debug_lt_pred@U?$less@H@std@@HH@std@@YA_NU?$less@H@0@AAHABHPB_WI@Z 00406530 f i chat_dialog.obj
 0001:00005590       ??$?0U_Node@?$_Tree_nod@V?$_Tmap_traits@HPAV?$ObserverImplBase@HUSkinChangedParam@@@@U?$less@H@std@@V?$allocator@U?$pair@$$CBHPAV?$ObserverImplBase@HUSkinChangedParam@@@@@std@@@3@$0A@@std@@@std@@@?$allocator@U_Container_proxy@std@@@std@@QAE@ABV?$allocator@U_Node@?$_Tree_nod@V?$_Tmap_traits@HPAV?$ObserverImplBase@HUSkinChangedParam@@@@U?$less@H@std@@V?$allocator@U?$pair@$$CBHPAV?$ObserverImplBase@HUSkinChangedParam@@@@@std@@@3@$0A@@std@@@std@@@1@@Z 00406590 f i chat_dialog.obj
 0001:000055b0       ??$swap@D@std@@YAXAAD0@Z   004065b0 f i chat_dialog.obj
 0001:00005640       ??$addressof@U?$pair@$$CBHPAV?$ObserverImplBase@HUSkinChangedParam@@@@@std@@@std@@YAPAU?$pair@$$CBHPAV?$ObserverImplBase@HUSkinChangedParam@@@@@0@AAU10@@Z 00406640 f i chat_dialog.obj
 0001:00005650       ??$_Dest_val@V?$allocator@U?$pair@$$CBHPAV?$ObserverImplBase@HUSkinChangedParam@@@@@std@@@std@@U?$pair@$$CBHPAV?$ObserverImplBase@HUSkinChangedParam@@@@@2@@std@@YAXAAV?$allocator@U?$pair@$$CBHPAV?$ObserverImplBase@HUSkinChangedParam@@@@@std@@@0@PAU?$pair@$$CBHPAV?$ObserverImplBase@HUSkinChangedParam@@@@@0@@Z 00406650 f i chat_dialog.obj
 0001:00005670       ??$?0U?$pair@$$CBHPAV?$ObserverImplBase@HUSkinChangedParam@@@@@std@@@?$allocator@U_Node@?$_Tree_nod@V?$_Tmap_traits@HPAV?$ObserverImplBase@HUSkinChangedParam@@@@U?$less@H@std@@V?$allocator@U?$pair@$$CBHPAV?$ObserverImplBase@HUSkinChangedParam@@@@@std@@@3@$0A@@std@@@std@@@std@@QAE@ABV?$allocator@U?$pair@$$CBHPAV?$ObserverImplBase@HUSkinChangedParam@@@@@std@@@1@@Z 00406670 f i chat_dialog.obj
 0001:00005690       ??$_Allocate@U_Node@?$_Tree_nod@V?$_Tmap_traits@HPAV?$ObserverImplBase@HUSkinChangedParam@@@@U?$less@H@std@@V?$allocator@U?$pair@$$CBHPAV?$ObserverImplBase@HUSkinChangedParam@@@@@std@@@3@$0A@@std@@@std@@@std@@YAPAU_Node@?$_Tree_nod@V?$_Tmap_traits@HPAV?$ObserverImplBase@HUSkinChangedParam@@@@U?$less@H@std@@V?$allocator@U?$pair@$$CBHPAV?$ObserverImplBase@HUSkinChangedParam@@@@@std@@@3@$0A@@std@@@0@IPAU120@@Z 00406690 f i chat_dialog.obj
 0001:00005710       ??0bad_alloc@std@@QAE@ABV01@@Z 00406710 f i chat_dialog.obj
 0001:00005750       ?_Insert@?$_Tree@V?$_Tmap_traits@HPAV?$ObserverImplBase@HUSkinChangedParam@@@@U?$less@H@std@@V?$allocator@U?$pair@$$CBHPAV?$ObserverImplBase@HUSkinChangedParam@@@@@std@@@3@$0A@@std@@@std@@QAE?AV?$_Tree_iterator@V?$_Tree_val@V?$_Tmap_traits@HPAV?$ObserverImplBase@HUSkinChangedParam@@@@U?$less@H@std@@V?$allocator@U?$pair@$$CBHPAV?$ObserverImplBase@HUSkinChangedParam@@@@@std@@@3@$0A@@std@@@std@@@2@V?$_Tree_const_iterator@V?$_Tree_val@V?$_Tmap_traits@HPAV?$ObserverImplBase@HUSkinChangedParam@@@@U?$less@H@std@@V?$allocator@U?$pair@$$CBHPAV?$ObserverImplBase@HUSkinChangedParam@@@@@std@@@3@$0A@@std@@@std@@@2@PAU_Node@?$_Tree_nod@V?$_Tmap_traits@HPAV?$ObserverImplBase@HUSkinChangedParam@@@@U?$less@H@std@@V?$allocator@U?$pair@$$CBHPAV?$ObserverImplBase@HUSkinChangedParam@@@@@std@@@3@$0A@@std@@@2@@Z 00406750 f i chat_dialog.obj
 0001:00006310       ?destroy@?$allocator@U?$pair@$$CBHPAV?$ObserverImplBase@HUSkinChangedParam@@@@@std@@@std@@QAEXPAU?$pair@$$CBHPAV?$ObserverImplBase@HUSkinChangedParam@@@@@2@@Z 00407310 f i chat_dialog.obj
 0001:00006340       ?construct@?$allocator@U_Container_proxy@std@@@std@@QAEXPAU_Container_proxy@2@$$QAU32@@Z 00407340 f i chat_dialog.obj
 0001:000063f0       ??2@YAPAXIPAX@Z            004073f0 f i chat_dialog.obj
 0001:00006400       ??3@YAXPAX0@Z              00407400 f i chat_dialog.obj
 0001:00006410       ?destroy@?$allocator@U_Container_proxy@std@@@std@@QAEXPAU_Container_proxy@2@@Z 00407410 f i chat_dialog.obj
 0001:00006440       ??1?$pair@V?$_Tree_iterator@V?$_Tree_val@V?$_Tmap_traits@HPAV?$ObserverImplBase@HUSkinChangedParam@@@@U?$less@H@std@@V?$allocator@U?$pair@$$CBHPAV?$ObserverImplBase@HUSkinChangedParam@@@@@std@@@3@$0A@@std@@@std@@@std@@_N@std@@QAE@XZ 00407440 f i chat_dialog.obj
 0001:00006470       ??0?$_Tree_iterator@V?$_Tree_val@V?$_Tmap_traits@HPAV?$ObserverImplBase@HUSkinChangedParam@@@@U?$less@H@std@@V?$allocator@U?$pair@$$CBHPAV?$ObserverImplBase@HUSkinChangedParam@@@@@std@@@3@$0A@@std@@@std@@@std@@QAE@ABV01@@Z 00407470 f i chat_dialog.obj
 0001:000064a0       ??1?$_Pair_base@V?$_Tree_iterator@V?$_Tree_val@V?$_Tmap_traits@HPAV?$ObserverImplBase@HUSkinChangedParam@@@@U?$less@H@std@@V?$allocator@U?$pair@$$CBHPAV?$ObserverImplBase@HUSkinChangedParam@@@@@std@@@3@$0A@@std@@@std@@@std@@_N@std@@QAE@XZ 004074a0 f i chat_dialog.obj
 0001:000064d0       ?size@?$_Tree@V?$_Tmap_traits@HPAV?$ObserverImplBase@HUSkinChangedParam@@@@U?$less@H@std@@V?$allocator@U?$pair@$$CBHPAV?$ObserverImplBase@HUSkinChangedParam@@@@@std@@@3@$0A@@std@@@std@@QBEIXZ 004074d0 f i chat_dialog.obj
 0001:000064f0       ?_Linsert@?$_Tree@V?$_Tmap_traits@HPAV?$ObserverImplBase@HUSkinChangedParam@@@@U?$less@H@std@@V?$allocator@U?$pair@$$CBHPAV?$ObserverImplBase@HUSkinChangedParam@@@@@std@@@3@$0A@@std@@@std@@QAE?AU?$pair@V?$_Tree_iterator@V?$_Tree_val@V?$_Tmap_traits@HPAV?$ObserverImplBase@HUSkinChangedParam@@@@U?$less@H@std@@V?$allocator@U?$pair@$$CBHPAV?$ObserverImplBase@HUSkinChangedParam@@@@@std@@@3@$0A@@std@@@std@@@std@@_N@2@PAU_Node@?$_Tree_nod@V?$_Tmap_traits@HPAV?$ObserverImplBase@HUSkinChangedParam@@@@U?$less@H@std@@V?$allocator@U?$pair@$$CBHPAV?$ObserverImplBase@HUSkinChangedParam@@@@@std@@@3@$0A@@std@@@2@_N@Z 004074f0 f i chat_dialog.obj
 0001:00006900       ?_Insert@?$_Tree@V?$_Tmap_traits@HPAV?$ObserverImplBase@HUSkinChangedParam@@@@U?$less@H@std@@V?$allocator@U?$pair@$$CBHPAV?$ObserverImplBase@HUSkinChangedParam@@@@@std@@@3@$0A@@std@@@std@@IAE?AV?$_Tree_iterator@V?$_Tree_val@V?$_Tmap_traits@HPAV?$ObserverImplBase@HUSkinChangedParam@@@@U?$less@H@std@@V?$allocator@U?$pair@$$CBHPAV?$ObserverImplBase@HUSkinChangedParam@@@@@std@@@3@$0A@@std@@@std@@@2@_NPAU_Node@?$_Tree_nod@V?$_Tmap_traits@HPAV?$ObserverImplBase@HUSkinChangedParam@@@@U?$less@H@std@@V?$allocator@U?$pair@$$CBHPAV?$ObserverImplBase@HUSkinChangedParam@@@@@std@@@3@$0A@@std@@@2@1@Z 00407900 f i chat_dialog.obj
 0001:00006d70       ??0?$_Tree_const_iterator@V?$_Tree_val@V?$_Tmap_traits@HPAV?$ObserverImplBase@HUSkinChangedParam@@@@U?$less@H@std@@V?$allocator@U?$pair@$$CBHPAV?$ObserverImplBase@HUSkinChangedParam@@@@@std@@@3@$0A@@std@@@std@@@std@@QAE@XZ 00407d70 f i chat_dialog.obj
 0001:00006da0       ??F?$_Tree_const_iterator@V?$_Tree_val@V?$_Tmap_traits@HPAV?$ObserverImplBase@HUSkinChangedParam@@@@U?$less@H@std@@V?$allocator@U?$pair@$$CBHPAV?$ObserverImplBase@HUSkinChangedParam@@@@@std@@@3@$0A@@std@@@std@@@std@@QAEAAV01@XZ 00407da0 f i chat_dialog.obj
 0001:00006ec0       ?max_size@?$_Tree@V?$_Tmap_traits@HPAV?$ObserverImplBase@HUSkinChangedParam@@@@U?$less@H@std@@V?$allocator@U?$pair@$$CBHPAV?$ObserverImplBase@HUSkinChangedParam@@@@@std@@@3@$0A@@std@@@std@@QBEIXZ 00407ec0 f i chat_dialog.obj
 0001:00006ef0       ??F?$_Tree_iterator@V?$_Tree_val@V?$_Tmap_traits@HPAV?$ObserverImplBase@HUSkinChangedParam@@@@U?$less@H@std@@V?$allocator@U?$pair@$$CBHPAV?$ObserverImplBase@HUSkinChangedParam@@@@@std@@@3@$0A@@std@@@std@@@std@@QAEAAV01@XZ 00407ef0 f i chat_dialog.obj
 0001:00006f20       ??0?$_Tree_unchecked_const_iterator@V?$_Tree_val@V?$_Tmap_traits@HPAV?$ObserverImplBase@HUSkinChangedParam@@@@U?$less@H@std@@V?$allocator@U?$pair@$$CBHPAV?$ObserverImplBase@HUSkinChangedParam@@@@@std@@@3@$0A@@std@@@std@@U_Iterator_base12@2@@std@@QAE@XZ 00407f20 f i chat_dialog.obj
 0001:00006f60       ??F?$_Tree_unchecked_const_iterator@V?$_Tree_val@V?$_Tmap_traits@HPAV?$ObserverImplBase@HUSkinChangedParam@@@@U?$less@H@std@@V?$allocator@U?$pair@$$CBHPAV?$ObserverImplBase@HUSkinChangedParam@@@@@std@@@3@$0A@@std@@@std@@U_Iterator_base12@2@@std@@QAEAAV01@XZ 00407f60 f i chat_dialog.obj
 0001:00007070       ??0?$pair@V?$_Tree_iterator@V?$_Tree_val@V?$_Tmap_traits@HPAV?$ObserverImplBase@HUSkinChangedParam@@@@U?$less@H@std@@V?$allocator@U?$pair@$$CBHPAV?$ObserverImplBase@HUSkinChangedParam@@@@@std@@@3@$0A@@std@@@std@@@std@@_N@std@@QAE@$$QAV?$_Tree_iterator@V?$_Tree_val@V?$_Tmap_traits@HPAV?$ObserverImplBase@HUSkinChangedParam@@@@U?$less@H@std@@V?$allocator@U?$pair@$$CBHPAV?$ObserverImplBase@HUSkinChangedParam@@@@@std@@@3@$0A@@std@@@std@@@1@$$QA_N@Z 00408070 f i chat_dialog.obj
 0001:000070c0       ?max_size@?$allocator@U?$pair@$$CBHPAV?$ObserverImplBase@HUSkinChangedParam@@@@@std@@@std@@QBEIXZ 004080c0 f i chat_dialog.obj
 0001:00007110       ??0?$_Pair_base@V?$_Tree_iterator@V?$_Tree_val@V?$_Tmap_traits@HPAV?$ObserverImplBase@HUSkinChangedParam@@@@U?$less@H@std@@V?$allocator@U?$pair@$$CBHPAV?$ObserverImplBase@HUSkinChangedParam@@@@@std@@@3@$0A@@std@@@std@@@std@@_N@std@@QAE@$$QAV?$_Tree_iterator@V?$_Tree_val@V?$_Tmap_traits@HPAV?$ObserverImplBase@HUSkinChangedParam@@@@U?$less@H@std@@V?$allocator@U?$pair@$$CBHPAV?$ObserverImplBase@HUSkinChangedParam@@@@@std@@@3@$0A@@std@@@std@@@1@$$QA_N@Z 00408110 f i chat_dialog.obj
 0001:000071a0       ??$forward@U_Container_proxy@std@@@std@@YA$$QAU_Container_proxy@0@AAU10@@Z 004081a0 f i chat_dialog.obj
 0001:000071b0       ??$forward@U?$pair@$$CBHPAV?$ObserverImplBase@HUSkinChangedParam@@@@@std@@@std@@YA$$QAU?$pair@$$CBHPAV?$ObserverImplBase@HUSkinChangedParam@@@@@0@AAU10@@Z 004081b0 f i chat_dialog.obj
 0001:000071c0       ??$_Buynode@U?$pair@$$CBHPAV?$ObserverImplBase@HUSkinChangedParam@@@@@std@@@?$_Tree_val@V?$_Tmap_traits@HPAV?$ObserverImplBase@HUSkinChangedParam@@@@U?$less@H@std@@V?$allocator@U?$pair@$$CBHPAV?$ObserverImplBase@HUSkinChangedParam@@@@@std@@@3@$0A@@std@@@std@@QAEPAU_Node@?$_Tree_nod@V?$_Tmap_traits@HPAV?$ObserverImplBase@HUSkinChangedParam@@@@U?$less@H@std@@V?$allocator@U?$pair@$$CBHPAV?$ObserverImplBase@HUSkinChangedParam@@@@@std@@@3@$0A@@std@@@1@$$QAU?$pair@$$CBHPAV?$ObserverImplBase@HUSkinChangedParam@@@@@1@@Z 004081c0 f i chat_dialog.obj
 0001:000072b0       ??$_Move@AAD@std@@YA$$QADAAD@Z 004082b0 f i chat_dialog.obj
 0001:000072c0       ??$_Debug_lt_pred@U?$less@H@std@@HH@std@@YA_NU?$less@H@0@ABHAAHPB_WI@Z 004082c0 f i chat_dialog.obj
 0001:00007320       ??$_Destroy@U?$pair@$$CBHPAV?$ObserverImplBase@HUSkinChangedParam@@@@@std@@@std@@YAXPAU?$pair@$$CBHPAV?$ObserverImplBase@HUSkinChangedParam@@@@@0@@Z 00408320 f i chat_dialog.obj
 0001:00007330       ??$_Destroy@U_Container_proxy@std@@@std@@YAXPAU_Container_proxy@0@@Z 00408330 f i chat_dialog.obj
 0001:00007340       ??$?0AAV?$_Tree_iterator@V?$_Tree_val@V?$_Tmap_traits@HPAV?$ObserverImplBase@HUSkinChangedParam@@@@U?$less@H@std@@V?$allocator@U?$pair@$$CBHPAV?$ObserverImplBase@HUSkinChangedParam@@@@@std@@@3@$0A@@std@@@std@@@std@@_N@?$pair@V?$_Tree_iterator@V?$_Tree_val@V?$_Tmap_traits@HPAV?$ObserverImplBase@HUSkinChangedParam@@@@U?$less@H@std@@V?$allocator@U?$pair@$$CBHPAV?$ObserverImplBase@HUSkinChangedParam@@@@@std@@@3@$0A@@std@@@std@@@std@@_N@std@@QAE@AAV?$_Tree_iterator@V?$_Tree_val@V?$_Tmap_traits@HPAV?$ObserverImplBase@HUSkinChangedParam@@@@U?$less@H@std@@V?$allocator@U?$pair@$$CBHPAV?$ObserverImplBase@HUSkinChangedParam@@@@@std@@@3@$0A@@std@@@std@@@1@$$QA_N@Z 00408340 f i chat_dialog.obj
 0001:00007390       ??$move@AAV?$_Tree_iterator@V?$_Tree_val@V?$_Tmap_traits@HPAV?$ObserverImplBase@HUSkinChangedParam@@@@U?$less@H@std@@V?$allocator@U?$pair@$$CBHPAV?$ObserverImplBase@HUSkinChangedParam@@@@@std@@@3@$0A@@std@@@std@@@std@@@std@@YA$$QAV?$_Tree_iterator@V?$_Tree_val@V?$_Tmap_traits@HPAV?$ObserverImplBase@HUSkinChangedParam@@@@U?$less@H@std@@V?$allocator@U?$pair@$$CBHPAV?$ObserverImplBase@HUSkinChangedParam@@@@@std@@@3@$0A@@std@@@std@@@0@AAV10@@Z 00408390 f i chat_dialog.obj
 0001:000073a0       ??$move@AA_N@std@@YA$$QA_NAA_N@Z 004083a0 f i chat_dialog.obj
 0001:000073b0       ?_Buynode@?$_Tree_val@V?$_Tmap_traits@HPAV?$ObserverImplBase@HUSkinChangedParam@@@@U?$less@H@std@@V?$allocator@U?$pair@$$CBHPAV?$ObserverImplBase@HUSkinChangedParam@@@@@std@@@3@$0A@@std@@@std@@QAEPAU_Node@?$_Tree_nod@V?$_Tmap_traits@HPAV?$ObserverImplBase@HUSkinChangedParam@@@@U?$less@H@std@@V?$allocator@U?$pair@$$CBHPAV?$ObserverImplBase@HUSkinChangedParam@@@@@std@@@3@$0A@@std@@@2@XZ 004083b0 f i chat_dialog.obj
 0001:00007450       ??$_Cons_val@V?$allocator@U?$pair@$$CBHPAV?$ObserverImplBase@HUSkinChangedParam@@@@@std@@@std@@U?$pair@$$CBHPAV?$ObserverImplBase@HUSkinChangedParam@@@@@2@U32@@std@@YAXAAV?$allocator@U?$pair@$$CBHPAV?$ObserverImplBase@HUSkinChangedParam@@@@@std@@@0@PAU?$pair@$$CBHPAV?$ObserverImplBase@HUSkinChangedParam@@@@@0@$$QAU20@@Z 00408450 f i chat_dialog.obj
 0001:00007480       ??$forward@AAV?$_Tree_iterator@V?$_Tree_val@V?$_Tmap_traits@HPAV?$ObserverImplBase@HUSkinChangedParam@@@@U?$less@H@std@@V?$allocator@U?$pair@$$CBHPAV?$ObserverImplBase@HUSkinChangedParam@@@@@std@@@3@$0A@@std@@@std@@@std@@@std@@YAAAV?$_Tree_iterator@V?$_Tree_val@V?$_Tmap_traits@HPAV?$ObserverImplBase@HUSkinChangedParam@@@@U?$less@H@std@@V?$allocator@U?$pair@$$CBHPAV?$ObserverImplBase@HUSkinChangedParam@@@@@std@@@3@$0A@@std@@@std@@@0@AAV10@@Z 00408480 f i chat_dialog.obj
 0001:00007490       ??$forward@_N@std@@YA$$QA_NAA_N@Z 00408490 f i chat_dialog.obj
 0001:000074a0       ??$?0AAV?$_Tree_iterator@V?$_Tree_val@V?$_Tmap_traits@HPAV?$ObserverImplBase@HUSkinChangedParam@@@@U?$less@H@std@@V?$allocator@U?$pair@$$CBHPAV?$ObserverImplBase@HUSkinChangedParam@@@@@std@@@3@$0A@@std@@@std@@@std@@_N@?$_Pair_base@V?$_Tree_iterator@V?$_Tree_val@V?$_Tmap_traits@HPAV?$ObserverImplBase@HUSkinChangedParam@@@@U?$less@H@std@@V?$allocator@U?$pair@$$CBHPAV?$ObserverImplBase@HUSkinChangedParam@@@@@std@@@3@$0A@@std@@@std@@@std@@_N@std@@QAE@AAV?$_Tree_iterator@V?$_Tree_val@V?$_Tmap_traits@HPAV?$ObserverImplBase@HUSkinChangedParam@@@@U?$less@H@std@@V?$allocator@U?$pair@$$CBHPAV?$ObserverImplBase@HUSkinChangedParam@@@@@std@@@3@$0A@@std@@@std@@@1@$$QA_N@Z 004084a0 f i chat_dialog.obj
 0001:00007530       ?construct@?$allocator@U?$pair@$$CBHPAV?$ObserverImplBase@HUSkinChangedParam@@@@@std@@@std@@QAEXPAU?$pair@$$CBHPAV?$ObserverImplBase@HUSkinChangedParam@@@@@2@$$QAU32@@Z 00408530 f i chat_dialog.obj
 0001:000075d0       ??$?0$$CBHPAV?$ObserverImplBase@HUSkinChangedParam@@@@@?$pair@$$CBHPAV?$ObserverImplBase@HUSkinChangedParam@@@@@std@@QAE@$$QAU01@@Z 004085d0 f i chat_dialog.obj
 0001:00007620       ??0?$_Pair_base@$$CBHPAV?$ObserverImplBase@HUSkinChangedParam@@@@@std@@QAE@$$QBH$$QAPAV?$ObserverImplBase@HUSkinChangedParam@@@@@Z 00408620 f i chat_dialog.obj
 0001:00007670       ??$forward@$$CBH@std@@YA$$QBHABH@Z 00408670 f i chat_dialog.obj
 0001:00007680       ??$forward@PAV?$ObserverImplBase@HUSkinChangedParam@@@@@std@@YA$$QAPAV?$ObserverImplBase@HUSkinChangedParam@@@@AAPAV1@@Z 00408680 f i chat_dialog.obj
 0001:00007690       ??$move@ABH@std@@YA$$QBHABH@Z 00408690 f i chat_dialog.obj
 0001:000076a0       ??_EChatDialog@@WCHE@AEPAXI@Z 004086a0 f i chat_dialog.obj
 0001:000076b0       ??0CColorPicker@@QAE@PAVChatDialog@@UtagPOINT@@@Z 004086b0 f   ColorPicker.obj
 0001:000077c0       ?GetWindowClassName@CColorPicker@@UBEPB_WXZ 004087c0 f   ColorPicker.obj
 0001:000077e0       ?OnFinalMessage@CColorPicker@@UAEXPAUHWND__@@@Z 004087e0 f   ColorPicker.obj
 0001:00007860       ?Notify@CColorPicker@@UAEXAAUtagTNotifyUI@DuiLib@@@Z 00408860 f   ColorPicker.obj
 0001:00007990       ?InitWindow@CColorPicker@@UAEXXZ 00408990 f   ColorPicker.obj
 0001:00007cd0       ?GetSkinFile@CColorPicker@@UAE?AVCDuiString@DuiLib@@XZ 00408cd0 f   ColorPicker.obj
 0001:00007d30       ?GetSkinFolder@CColorPicker@@UAE?AVCDuiString@DuiLib@@XZ 00408d30 f   ColorPicker.obj
 0001:00007e30       ?OnKillFocus@CColorPicker@@UAEJIIJAAH@Z 00408e30 f   ColorPicker.obj
 0001:00007e80       ??_GCColorPicker@@UAEPAXI@Z 00408e80 f i ColorPicker.obj
 0001:00007e80       ??_ECColorPicker@@UAEPAXI@Z 00408e80 f i ColorPicker.obj
 0001:00007ec0       ??1CColorPicker@@UAE@XZ    00408ec0 f i ColorPicker.obj
 0001:00007ef0       ??_GCHorizontalLayoutUI@DuiLib@@UAEPAXI@Z 00408ef0 f i ColorPicker.obj
 0001:00007ef0       ??_ECHorizontalLayoutUI@DuiLib@@UAEPAXI@Z 00408ef0 f i ColorPicker.obj
 0001:00007f40       ??_ECButtonUI@DuiLib@@UAEPAXI@Z 00408f40 f i ColorPicker.obj
 0001:00007f40       ??_GCButtonUI@DuiLib@@UAEPAXI@Z 00408f40 f i ColorPicker.obj
 0001:00007f90       ??_ECControlUI@DuiLib@@UAEPAXI@Z 00408f90 f i ColorPicker.obj
 0001:00007f90       ??_GCControlUI@DuiLib@@UAEPAXI@Z 00408f90 f i ColorPicker.obj
 0001:00007fe0       ??0OS_CLockable@@QAE@XZ    00408fe0 f   debug.obj
 0001:000080d0       ??1OS_CLockable@@QAE@XZ    004090d0 f   debug.obj
 0001:00008110       ?Acquire@OS_CLockable@@QAEXXZ 00409110 f   debug.obj
 0001:00008150       ?Release@OS_CLockable@@QAEXXZ 00409150 f   debug.obj
 0001:00008190       ?DbgPrint@@YAHPB_WZZ       00409190 f   debug.obj
 0001:000084a0       ??0OS_CAutoLock@@QAE@AAVOS_CLockable@@@Z 004094a0 f i debug.obj
 0001:000084e0       ??1OS_CAutoLock@@QAE@XZ    004094e0 f i debug.obj
 0001:00008510       ??_Estringdispid@CComTypeInfoHolder@ATL@@QAEPAXI@Z 00409510 f i main.obj
 0001:00008590       ??1stringdispid@CComTypeInfoHolder@ATL@@QAE@XZ 00409590 f i main.obj
 0001:000085c0       ??1CComBSTR@ATL@@QAE@XZ    004095c0 f i main.obj
 0001:00008600       _WinMain@16                00409600 f   main.obj
 0001:00008860       ?Init@CComModule@ATL@@QAEJPAU_ATL_OBJMAP_ENTRY30@2@PAUHINSTANCE__@@PBU_GUID@@@Z 00409860 f i main.obj
 0001:00008950       ?Term@CComModule@ATL@@QAEXXZ 00409950 f i main.obj
 0001:00008a40       ?Term@CAtlWinModule@ATL@@QAEXXZ 00409a40 f i main.obj
 0001:00008a70       ?GetModuleInstance@CAtlBaseModule@ATL@@QAEPAUHINSTANCE__@@XZ 00409a70 f i main.obj
 0001:00008a90       ?Term@CAtlModule@ATL@@QAEXXZ 00409a90 f i main.obj
 0001:00008b40       ?Term@CComCriticalSection@ATL@@QAEJXZ 00409b40 f i main.obj
 0001:00008b80       ?AtlWinModuleTerm@ATL@@YGJPAU_ATL_WIN_MODULE70@1@PAUHINSTANCE__@@@Z 00409b80 f i main.obj
 0001:00008c40       ?GetSize@?$CSimpleArray@GV?$CSimpleArrayEqualHelper@G@ATL@@@ATL@@QBEHXZ 00409c40 f i main.obj
 0001:00008c60       ?RemoveAll@?$CSimpleArray@GV?$CSimpleArrayEqualHelper@G@ATL@@@ATL@@QAEXXZ 00409c60 f i main.obj
 0001:00008ce0       ??A?$CSimpleArray@GV?$CSimpleArrayEqualHelper@G@ATL@@@ATL@@QAEAAGH@Z 00409ce0 f i main.obj
 0001:00008d60       ?_AtlRaiseException@ATL@@YAXKK@Z 00409d60 f i main.obj
 0001:00008d90       ??0Thank_you@Define_the_symbol__ATL_MIXED@@QAE@XZ 00409d90 f i main.obj
 0001:00008db0       ?one@Thank_you@Define_the_symbol__ATL_MIXED@@UAEXXZ 00409db0 f i main.obj
 0001:00008dd0       ??0CComModule@ATL@@QAE@XZ  00409dd0 f i main.obj
 0001:00008e40       ?Lock@CAtlModule@ATL@@UAEJXZ 00409e40 f i main.obj
 0001:00008e70       ?Increment@CComMultiThreadModel@ATL@@SGKPAJ@Z 00409e70 f i main.obj
 0001:00008ea0       ?Unlock@CAtlModule@ATL@@UAEJXZ 00409ea0 f i main.obj
 0001:00008ed0       ?Decrement@CComMultiThreadModel@ATL@@SGKPAJ@Z 00409ed0 f i main.obj
 0001:00008f00       ?GetLockCount@CAtlModule@ATL@@UAEJXZ 00409f00 f i main.obj
 0001:00008f20       ?GetGITPtr@CAtlModule@ATL@@UAEJPAPAUIGlobalInterfaceTable@@@Z 00409f20 f i main.obj
 0001:00009020       ?UpdateRegistryFromResourceD@CComModule@ATL@@UAGJPB_WHPAU_ATL_REGMAP_ENTRY@2@@Z 0040a020 f i main.obj
 0001:00009030       ?UpdateRegistryFromResourceD@CComModule@ATL@@UAGJIHPAU_ATL_REGMAP_ENTRY@2@@Z 0040a030 f i main.obj
 0001:00009040       ?UpdateRegistryFromResourceS@CComModule@ATL@@UAGJPB_WHPAU_ATL_REGMAP_ENTRY@2@@Z 0040a040 f i main.obj
 0001:00009070       ?UpdateRegistryFromResourceS@CComModule@ATL@@UAGJIHPAU_ATL_REGMAP_ENTRY@2@@Z 0040a070 f i main.obj
 0001:000090a0       ??_ECComModule@ATL@@UAEPAXI@Z 0040a0a0 f i main.obj
 0001:000090a0       ??_GCComModule@ATL@@UAEPAXI@Z 0040a0a0 f i main.obj
 0001:000090e0       ??1CComModule@ATL@@UAE@XZ  0040a0e0 f i main.obj
 0001:00009110       ??1?$CAtlModuleT@VCComModule@ATL@@@ATL@@UAE@XZ 0040a110 f i main.obj
 0001:00009140       ??1CAtlModule@ATL@@UAE@XZ  0040a140 f i main.obj
 0001:00009170       ??1_ATL_MODULE70@ATL@@QAE@XZ 0040a170 f i main.obj
 0001:000091a0       ??1CComCriticalSection@ATL@@QAE@XZ 0040a1a0 f i main.obj
 0001:000091c0       ?UpdateRegistryFromResourceS@CAtlModule@ATL@@QAGJPB_WHPAU_ATL_REGMAP_ENTRY@2@@Z 0040a1c0 f i main.obj
 0001:00009680       _HRESULT_FROM_WIN32        0040a680 f i main.obj
 0001:000096c0       ?_AtlGetConversionACP@ATL@@YGIXZ 0040a6c0 f i main.obj
 0001:000096d0       ?ocslen@@YAHPB_W@Z         0040a6d0 f i main.obj
 0001:00009700       ?ocscpy_s@@YA_NPA_WIPB_W@Z 0040a700 f i main.obj
 0001:00009740       ?T2COLE_EX@@YAPB_WPB_WI@Z  0040a740 f i main.obj
 0001:00009750       ?T2OLE_EX@@YAPA_WPA_WI@Z   0040a750 f i main.obj
 0001:00009760       ?AtlHresultFromLastError@ATL@@YAJXZ 0040a760 f i main.obj
 0001:000097a0       ?EscapeSingleQuote@CAtlModule@ATL@@SAXPA_WIPB_W@Z 0040a7a0 f i main.obj
 0001:00009850       ??1CRegObject@ATL@@UAE@XZ  0040a850 f i main.obj
 0001:000098d0       ??1CExpansionVector@ATL@@QAE@XZ 0040a8d0 f i main.obj
 0001:00009940       ?ClearReplacements@CExpansionVector@ATL@@QAEJXZ 0040a940 f i main.obj
 0001:000099d0       ?QueryInterface@CRegObject@ATL@@UAGJABU_GUID@@PAPAX@Z 0040a9d0 f i main.obj
 0001:00009a10       ?AddRef@CRegObject@ATL@@UAGKXZ 0040aa10 f i main.obj
 0001:00009a50       ?Release@CRegObject@ATL@@UAGKXZ 0040aa50 f i main.obj
 0001:00009a90       ?FinalConstruct@CRegObject@ATL@@QAEJXZ 0040aa90 f i main.obj
 0001:00009ac0       ?Init@CComSafeDeleteCriticalSection@ATL@@QAEJXZ 0040aac0 f i main.obj
 0001:00009b30       ?Init@CComCriticalSection@ATL@@QAEJXZ 0040ab30 f i main.obj
 0001:00009ba0       ??_GCRegObject@ATL@@UAEPAXI@Z 0040aba0 f i main.obj
 0001:00009ba0       ??_ECRegObject@ATL@@UAEPAXI@Z 0040aba0 f i main.obj
 0001:00009be0       ??1CComAutoDeleteCriticalSection@ATL@@QAE@XZ 0040abe0 f i main.obj
 0001:00009c10       ??1CComSafeDeleteCriticalSection@ATL@@QAE@XZ 0040ac10 f i main.obj
 0001:00009c50       ?AddReplacement@CRegObject@ATL@@UAGJPB_W0@Z 0040ac50 f i main.obj
 0001:00009d90       ?OLE2CT_EX@@YAPB_WPB_WI@Z  0040ad90 f i main.obj
 0001:00009da0       ?Unlock@CComCriticalSection@ATL@@QAEJXZ 0040ada0 f i main.obj
 0001:00009de0       ?Lock@CComSafeDeleteCriticalSection@ATL@@QAEJXZ 0040ade0 f i main.obj
 0001:00009e40       ?Lock@CComCriticalSection@ATL@@QAEJXZ 0040ae40 f i main.obj
 0001:00009e80       ?Add@CExpansionVector@ATL@@QAEHPB_W0@Z 0040ae80 f i main.obj
 0001:0000a180       ?memcpy_s@Checked@ATL@@YAXPAXIPBXI@Z 0040b180 f i main.obj
 0001:0000a1b0       ?AtlCrtErrorCheck@ATL@@YAHH@Z 0040b1b0 f i main.obj
 0001:0000a280       ?AtlThrowImpl@ATL@@YGXJ@Z  0040b280 f i main.obj
 0001:0000a300       ??0CTraceFileAndLineInfo@ATL@@QAE@PBDH@Z 0040b300 f i main.obj
 0001:0000a330       ??RCTraceFileAndLineInfo@ATL@@QBAXKIPB_WZZ 0040b330 f i main.obj
 0001:0000a380       ?TraceV@CTrace@ATL@@QBAXPBDHKIPB_WPAD@Z 0040b380 f i main.obj
 0001:0000a3c0       ??BCTraceCategory@ATL@@QBEKXZ 0040b3c0 f i main.obj
 0001:0000a3e0       ??0CAtlException@ATL@@QAE@J@Z 0040b3e0 f i main.obj
 0001:0000a400       ?ResourceRegisterSz@CRegObject@ATL@@QAGJPB_W00@Z 0040b400 f i main.obj
 0001:0000a540       ?RegisterFromResource@CRegObject@ATL@@IAEJPB_W00H@Z 0040b540 f i main.obj
 0001:0000a910       ?ResourceUnregisterSz@CRegObject@ATL@@QAGJPB_W00@Z 0040b910 f i main.obj
 0001:0000aa50       ?ClearReplacements@CRegObject@ATL@@UAGJXZ 0040ba50 f i main.obj
 0001:0000aaa0       ??0CRegParser@ATL@@QAE@PAVCRegObject@1@@Z 0040baa0 f i main.obj
 0001:0000aad0       ?RegisterBuffer@CRegParser@ATL@@QAEJPA_WH@Z 0040bad0 f i main.obj
 0001:0000adf0       ?GenerateError@CRegParser@ATL@@IAEJI@Z 0040bdf0 f i main.obj
 0001:0000ae10       ?HKeyFromString@CRegParser@ATL@@KAPAUHKEY__@@PA_W@Z 0040be10 f i main.obj
 0001:0000ae80       ?SkipWhiteSpace@CRegParser@ATL@@IAEXXZ 0040be80 f i main.obj
 0001:0000aed0       ?IsSpace@CRegParser@ATL@@IAEH_W@Z 0040bed0 f i main.obj
 0001:0000af40       ?NextToken@CRegParser@ATL@@IAEJPA_W@Z 0040bf40 f i main.obj
 0001:0000b1e0       ?EndOfVar@CRegParser@ATL@@IAEHXZ 0040c1e0 f i main.obj
 0001:0000b250       ?PreProcessBuffer@CRegParser@ATL@@QAEJPA_WPAPA_W@Z 0040c250 f i main.obj
 0001:0000b7d0       ?wcsstr@@YAPA_WPA_WPB_W@Z  0040c7d0 f i main.obj
 0001:0000b7f0       ?tcsncpy_s@Checked@ATL@@YAHPA_WIPB_WI@Z 0040c7f0 f i main.obj
 0001:0000b820       ??0CParseBuffer@CRegParser@ATL@@QAE@H@Z 0040c820 f i main.obj
 0001:0000b890       ?AtlCoTaskMemCAlloc@ATL@@YAPAXKK@Z 0040c890 f i main.obj
 0001:0000b920       ??$AtlMultiply@K@ATL@@YAJPAKKK@Z 0040c920 f i main.obj
 0001:0000b980       ??1CParseBuffer@CRegParser@ATL@@QAE@XZ 0040c980 f i main.obj
 0001:0000b9c0       ?AddChar@CParseBuffer@CRegParser@ATL@@QAEHPB_W@Z 0040c9c0 f i main.obj
 0001:0000ba00       ?Append@CParseBuffer@CRegParser@ATL@@QAEHPB_WH@Z 0040ca00 f i main.obj
 0001:0000bb70       ?AtlCoTaskMemRecalloc@ATL@@YAPAXPAXKK@Z 0040cb70 f i main.obj
 0001:0000bc10       ?AddString@CParseBuffer@CRegParser@ATL@@QAEHPB_W@Z 0040cc10 f i main.obj
 0001:0000bd50       ?Detach@CParseBuffer@CRegParser@ATL@@QAEPA_WXZ 0040cd50 f i main.obj
 0001:0000bda0       ?StrFromMap@CRegObject@ATL@@QAEPB_WPA_W@Z 0040cda0 f i main.obj
 0001:0000be30       ?StrChrW@CRegParser@ATL@@KAPA_WPA_W_W@Z 0040ce30 f i main.obj
 0001:0000bea0       ?RegisterSubkeys@CRegParser@ATL@@IAEJPA_WPAUHKEY__@@HH@Z 0040cea0 f i main.obj
 0001:0000ca30       ?AtlHresultFromWin32@ATL@@YAJK@Z 0040da30 f i main.obj
 0001:0000ca50       ??0CRegKey@ATL@@QAE@PAVCAtlTransactionManager@1@@Z 0040da50 f i main.obj
 0001:0000ca90       ??1CRegKey@ATL@@QAE@XZ     0040da90 f i main.obj
 0001:0000cac0       ??BCRegKey@ATL@@QBEPAUHKEY__@@XZ 0040dac0 f i main.obj
 0001:0000cae0       ?Detach@CRegKey@ATL@@QAEPAUHKEY__@@XZ 0040dae0 f i main.obj
 0001:0000cb30       ?Attach@CRegKey@ATL@@QAEXPAUHKEY__@@@Z 0040db30 f i main.obj
 0001:0000cba0       ?DeleteSubKey@CRegKey@ATL@@QAEJPB_W@Z 0040dba0 f i main.obj
 0001:0000ccb0       ?RegDeleteKeyW@CAtlTransactionManager@ATL@@QAEJPAUHKEY__@@PB_W@Z 0040dcb0 f i main.obj
 0001:0000cdb0       ?DeleteValue@CRegKey@ATL@@QAEJPB_W@Z 0040ddb0 f i main.obj
 0001:0000ce20       ?Close@CRegKey@ATL@@QAEJXZ 0040de20 f i main.obj
 0001:0000ce90       ?Create@CRegKey@ATL@@QAEJPAUHKEY__@@PB_WPA_WKKPAU_SECURITY_ATTRIBUTES@@PAK@Z 0040de90 f i main.obj
 0001:0000cfe0       ?RegCreateKeyExW@CAtlTransactionManager@ATL@@QAEJPAUHKEY__@@PB_WKPA_WKKQAU_SECURITY_ATTRIBUTES@@PAPAU3@PAK@Z 0040dfe0 f i main.obj
 0001:0000d110       ?Open@CRegKey@ATL@@QAEJPAUHKEY__@@PB_WK@Z 0040e110 f i main.obj
 0001:0000d250       ?RegOpenKeyExW@CAtlTransactionManager@ATL@@QAEJPAUHKEY__@@PB_WKKPAPAU3@@Z 0040e250 f i main.obj
 0001:0000d360       ?RecurseDeleteKey@CRegKey@ATL@@QAEJPB_W@Z 0040e360 f i main.obj
 0001:0000d540       ?AddValue@CRegParser@ATL@@IAEJAAVCRegKey@2@PB_WPA_W@Z 0040e540 f i main.obj
 0001:0000dd30       ?SetDWORDValue@CRegKey@ATL@@QAEJPB_WK@Z 0040ed30 f i main.obj
 0001:0000ddb0       ?SetStringValue@CRegKey@ATL@@QAEJPB_W0K@Z 0040edb0 f i main.obj
 0001:0000dec0       ?SetMultiStringValue@CRegKey@ATL@@QAEJPB_W0@Z 0040eec0 f i main.obj
 0001:0000dfe0       ?VTFromRegType@CRegParser@ATL@@KAHPB_WAAG@Z 0040efe0 f i main.obj
 0001:0000e0d0       ?ChToByte@CRegParser@ATL@@KAE_W@Z 0040f0d0 f i main.obj
 0001:0000e1e0       ?CanForceRemoveKey@CRegParser@ATL@@IAEHPB_W@Z 0040f1e0 f i main.obj
 0001:0000e250       ?HasSubKeys@CRegParser@ATL@@IAEHPAUHKEY__@@@Z 0040f250 f i main.obj
 0001:0000e350       ?SkipAssignment@CRegParser@ATL@@IAEJPA_W@Z 0040f350 f i main.obj
 0001:0000e430       ??0CRegObject@ATL@@QAE@XZ  0040f430 f i main.obj
 0001:0000e4b0       ??0IRegistrarBase@@QAE@XZ  0040f4b0 f i main.obj
 0001:0000e4e0       ??0CExpansionVector@ATL@@QAE@XZ 0040f4e0 f i main.obj
 0001:0000e510       ??0CComAutoDeleteCriticalSection@ATL@@QAE@XZ 0040f510 f i main.obj
 0001:0000e540       ??0CComSafeDeleteCriticalSection@ATL@@QAE@XZ 0040f540 f i main.obj
 0001:0000e570       ??0CComCriticalSection@ATL@@QAE@XZ 0040f570 f i main.obj
 0001:0000e5a0       ??0IUnknown@@QAE@XZ        0040f5a0 f i main.obj
 0001:0000e5c0       ?UpdateRegistryFromResourceS@CAtlModule@ATL@@QAGJIHPAU_ATL_REGMAP_ENTRY@2@@Z 0040f5c0 f i main.obj
 0001:0000ea60       ?ResourceRegister@CRegObject@ATL@@QAGJPB_WI0@Z 0040fa60 f i main.obj
 0001:0000eb70       ?ResourceUnregister@CRegObject@ATL@@QAGJPB_WI0@Z 0040fb70 f i main.obj
 0001:0000ec80       ?AtlGetPerUserRegistration@ATL@@YGJPA_N@Z 0040fc80 f i main.obj
 0001:0000ecb0       ??0?$CAtlSafeAllocBufferManager@VCCRTAllocator@ATL@@@_ATL_SAFE_ALLOCA_IMPL@ATL@@QAE@XZ 0040fcb0 f i main.obj
 0001:0000ecd0       ??1?$CAtlSafeAllocBufferManager@VCCRTAllocator@ATL@@@_ATL_SAFE_ALLOCA_IMPL@ATL@@QAE@XZ 0040fcd0 f i main.obj
 0001:0000ed20       ?Free@CCRTAllocator@ATL@@SAXPAX@Z 0040fd20 f i main.obj
 0001:0000ed40       ??0?$CAtlModuleT@VCComModule@ATL@@@ATL@@QAE@XZ 0040fd40 f i main.obj
 0001:0000ed70       ??0CAtlModule@ATL@@QAE@XZ  0040fd70 f i main.obj
 0001:0000ee80       ??0_ATL_MODULE70@ATL@@QAE@XZ 0040fe80 f i main.obj
 0001:0000eeb0       ?AddCommonRGSReplacements@?$CAtlModuleT@VCComModule@ATL@@@ATL@@UAEJPAUIRegistrarBase@@@Z 0040feb0 f i main.obj
 0001:0000ef00       ??0?$CSimpleMap@PA_WPA_WVCExpansionVectorEqualHelper@ATL@@@ATL@@QAE@XZ 0040ff00 f i main.obj
 0001:0000ef40       ??1?$CSimpleMap@PA_WPA_WVCExpansionVectorEqualHelper@ATL@@@ATL@@QAE@XZ 0040ff40 f i main.obj
 0001:0000ef70       ?GetSize@?$CSimpleMap@PA_WPA_WVCExpansionVectorEqualHelper@ATL@@@ATL@@QBEHXZ 0040ff70 f i main.obj
 0001:0000ef90       ?Add@?$CSimpleMap@PA_WPA_WVCExpansionVectorEqualHelper@ATL@@@ATL@@QAEHABQA_W0@Z 0040ff90 f i main.obj
 0001:0000f050       ?RemoveAll@?$CSimpleMap@PA_WPA_WVCExpansionVectorEqualHelper@ATL@@@ATL@@QAEXXZ 00410050 f i main.obj
 0001:0000f0e0       ?Lookup@?$CSimpleMap@PA_WPA_WVCExpansionVectorEqualHelper@ATL@@@ATL@@QBEPA_WABQA_W@Z 004100e0 f i main.obj
 0001:0000f130       ?GetKeyAt@?$CSimpleMap@PA_WPA_WVCExpansionVectorEqualHelper@ATL@@@ATL@@QBEAAPA_WH@Z 00410130 f i main.obj
 0001:0000f1b0       ?GetValueAt@?$CSimpleMap@PA_WPA_WVCExpansionVectorEqualHelper@ATL@@@ATL@@QBEAAPA_WH@Z 004101b0 f i main.obj
 0001:0000f230       ??0?$CAutoVectorPtr@_W@ATL@@QAE@XZ 00410230 f i main.obj
 0001:0000f250       ??1?$CAutoVectorPtr@_W@ATL@@QAE@XZ 00410250 f i main.obj
 0001:0000f280       ?Attach@?$CAutoVectorPtr@_W@ATL@@QAEXPA_W@Z 00410280 f i main.obj
 0001:0000f2e0       ?Detach@?$CAutoVectorPtr@_W@ATL@@QAEPA_WXZ 004102e0 f i main.obj
 0001:0000f310       ??0?$CTempBuffer@_W$0EAA@VCCRTAllocator@ATL@@@ATL@@QAE@XZ 00410310 f i main.obj
 0001:0000f330       ??1?$CTempBuffer@_W$0EAA@VCCRTAllocator@ATL@@@ATL@@QAE@XZ 00410330 f i main.obj
 0001:0000f370       ??B?$CTempBuffer@_W$0EAA@VCCRTAllocator@ATL@@@ATL@@QBEPA_WXZ 00410370 f i main.obj
 0001:0000f390       ?Allocate@?$CTempBuffer@_W$0EAA@VCCRTAllocator@ATL@@@ATL@@QAEPA_WI@Z 00410390 f i main.obj
 0001:0000f3d0       ??0?$CTempBuffer@_W$0BAA@VCCRTAllocator@ATL@@@ATL@@QAE@XZ 004103d0 f i main.obj
 0001:0000f3f0       ??1?$CTempBuffer@_W$0BAA@VCCRTAllocator@ATL@@@ATL@@QAE@XZ 004103f0 f i main.obj
 0001:0000f430       ??B?$CTempBuffer@_W$0BAA@VCCRTAllocator@ATL@@@ATL@@QBEPA_WXZ 00410430 f i main.obj
 0001:0000f450       ?Allocate@?$CTempBuffer@_W$0BAA@VCCRTAllocator@ATL@@@ATL@@QAEPA_WI@Z 00410450 f i main.obj
 0001:0000f490       ??0?$CTempBuffer@E$0BAA@VCCRTAllocator@ATL@@@ATL@@QAE@XZ 00410490 f i main.obj
 0001:0000f4b0       ??1?$CTempBuffer@E$0BAA@VCCRTAllocator@ATL@@@ATL@@QAE@XZ 004104b0 f i main.obj
 0001:0000f4f0       ??B?$CTempBuffer@E$0BAA@VCCRTAllocator@ATL@@@ATL@@QBEPAEXZ 004104f0 f i main.obj
 0001:0000f510       ?Allocate@?$CTempBuffer@E$0BAA@VCCRTAllocator@ATL@@@ATL@@QAEPAEI@Z 00410510 f i main.obj
 0001:0000f550       ?InitLibId@?$CAtlModuleT@VCComModule@ATL@@@ATL@@SAXXZ 00410550 f i main.obj
 0001:0000f560       ?GetAppId@?$CAtlModuleT@VCComModule@ATL@@@ATL@@SAPB_WXZ 00410560 f i main.obj
 0001:0000f570       ?FindKey@?$CSimpleMap@PA_WPA_WVCExpansionVectorEqualHelper@ATL@@@ATL@@QBEHABQA_W@Z 00410570 f i main.obj
 0001:0000f5e0       ?IsEqualKey@CExpansionVectorEqualHelper@ATL@@SA_NQA_W0@Z 004105e0 f i main.obj
 0001:0000f610       ?InternalSetAtIndex@?$CSimpleMap@PA_WPA_WVCExpansionVectorEqualHelper@ATL@@@ATL@@QAEXHABQA_W0@Z 00410610 f i main.obj
 0001:0000f710       ?Free@?$CAutoVectorPtr@_W@ATL@@QAEXXZ 00410710 f i main.obj
 0001:0000f760       ?AllocateBytes@?$CTempBuffer@_W$0EAA@VCCRTAllocator@ATL@@@ATL@@QAEPA_WI@Z 00410760 f i main.obj
 0001:0000f7d0       ?FreeHeap@?$CTempBuffer@_W$0EAA@VCCRTAllocator@ATL@@@ATL@@AAEXXZ 004107d0 f i main.obj
 0001:0000f800       ?AllocateBytes@?$CTempBuffer@_W$0BAA@VCCRTAllocator@ATL@@@ATL@@QAEPA_WI@Z 00410800 f i main.obj
 0001:0000f870       ?FreeHeap@?$CTempBuffer@_W$0BAA@VCCRTAllocator@ATL@@@ATL@@AAEXXZ 00410870 f i main.obj
 0001:0000f8a0       ?AllocateBytes@?$CTempBuffer@E$0BAA@VCCRTAllocator@ATL@@@ATL@@QAEPAEI@Z 004108a0 f i main.obj
 0001:0000f910       ?FreeHeap@?$CTempBuffer@E$0BAA@VCCRTAllocator@ATL@@@ATL@@AAEXXZ 00410910 f i main.obj
 0001:0000f940       ?AllocateHeap@?$CTempBuffer@_W$0EAA@VCCRTAllocator@ATL@@@ATL@@AAEXI@Z 00410940 f i main.obj
 0001:0000f990       ?Allocate@CCRTAllocator@ATL@@SAPAXI@Z 00410990 f i main.obj
 0001:0000f9b0       ?AllocateHeap@?$CTempBuffer@_W$0BAA@VCCRTAllocator@ATL@@@ATL@@AAEXI@Z 004109b0 f i main.obj
 0001:0000fa00       ?AllocateHeap@?$CTempBuffer@E$0BAA@VCCRTAllocator@ATL@@@ATL@@AAEXI@Z 00410a00 f i main.obj
 0001:0000fa50       ??0?$Wrapper@PA_W@?$CSimpleMap@PA_WPA_WVCExpansionVectorEqualHelper@ATL@@@ATL@@QAE@ABQA_W@Z 00410a50 f i main.obj
 0001:0000fa80       ??$AtlMultiplyThrow@I@ATL@@YAIII@Z 00410a80 f i main.obj
 0001:0000fb00       ??$AtlMultiply@I@ATL@@YAJPAIII@Z 00410b00 f i main.obj
 0001:0000fb60       ??$?2PA_W@?$Wrapper@PA_W@?$CSimpleMap@PA_WPA_WVCExpansionVectorEqualHelper@ATL@@@ATL@@SAPAXIPAPA_W@Z 00410b60 f i main.obj
 0001:0000fb70       ??$?3PA_W@?$Wrapper@PA_W@?$CSimpleMap@PA_WPA_WVCExpansionVectorEqualHelper@ATL@@@ATL@@SAXPAXPAPA_W@Z 00410b70 f i main.obj
 0001:0000fb80       ??0MainFrame@@QAE@XZ       00410b80 f   main_frame.obj
 0001:0000fc60       ??1MainFrame@@UAE@XZ       00410c60 f   main_frame.obj
 0001:0000fd40       ?GetWindowClassName@MainFrame@@UBEPB_WXZ 00410d40 f   main_frame.obj
 0001:0000fd60       ?CreateControl@MainFrame@@UAEPAVCControlUI@DuiLib@@PB_W@Z 00410d60 f   main_frame.obj
 0001:0000fee0       ?OnFinalMessage@MainFrame@@UAEXPAUHWND__@@@Z 00410ee0 f   main_frame.obj
 0001:0000ff60       ?GetSkinFile@MainFrame@@UAE?AVCDuiString@DuiLib@@XZ 00410f60 f   main_frame.obj
 0001:0000ffc0       ?GetSkinFolder@MainFrame@@UAE?AVCDuiString@DuiLib@@XZ 00410fc0 f   main_frame.obj
 0001:00010020       ?OnClose@MainFrame@@UAEJIIJAAH@Z 00411020 f   main_frame.obj
 0001:00010040       ?OnSysCommand@MainFrame@@UAEJIIJAAH@Z 00411040 f   main_frame.obj
 0001:000101e0       ?ResponseDefaultKeyEvent@MainFrame@@UAEJI@Z 004111e0 f   main_frame.obj
 0001:00010210       ?OnTimer@MainFrame@@IAEXAAUtagTNotifyUI@DuiLib@@@Z 00411210 f   main_frame.obj
 0001:00010230       ?OnExit@MainFrame@@IAEXAAUtagTNotifyUI@DuiLib@@@Z 00411230 f   main_frame.obj
 0001:00010270       ?InitWindow@MainFrame@@UAEXXZ 00411270 f   main_frame.obj
 0001:00010290       ?GetBkColor@MainFrame@@QAEKXZ 00411290 f   main_frame.obj
 0001:00010300       ?SetBkColor@MainFrame@@QAEXK@Z 00411300 f   main_frame.obj
 0001:000104a0       ?UpdateFriendsList@MainFrame@@AAEXXZ 004114a0 f   main_frame.obj
 0001:00010af0       ?UpdateGroupsList@MainFrame@@AAEXXZ 00411af0 f   main_frame.obj
 0001:00010d30       ?UpdateMicroBlogList@MainFrame@@AAEXXZ 00411d30 f   main_frame.obj
 0001:00010d80       ?OnPrepare@MainFrame@@IAEXAAUtagTNotifyUI@DuiLib@@@Z 00411d80 f   main_frame.obj
 0001:00010e90       ?Notify@MainFrame@@MAEXAAUtagTNotifyUI@DuiLib@@@Z 00411e90 f   main_frame.obj
 0001:00012c20       ?HandleCustomMessage@MainFrame@@UAEJIIJAAH@Z 00413c20 f   main_frame.obj
 0001:00012c40       ?GetResourceType@MainFrame@@UBE?AW4UILIB_RESOURCETYPE@DuiLib@@XZ 00413c40 f   main_frame.obj
 0001:00012c60       ?GetResourceID@MainFrame@@UBEPB_WXZ 00413c60 f   main_frame.obj
 0001:00012c80       ??_EMainFrame@@UAEPAXI@Z   00413c80 f i main_frame.obj
 0001:00012c80       ??_GMainFrame@@UAEPAXI@Z   00413c80 f i main_frame.obj
 0001:00012cc0       ??0FriendListItemInfo@DuiLib@@QAE@XZ 00413cc0 f i main_frame.obj
 0001:00012d80       ??0SkinChangedParam@@QAE@XZ 00413d80 f i main_frame.obj
 0001:00012dc0       ??0SkinChangedParam@@QAE@ABU0@@Z 00413dc0 f i main_frame.obj
 0001:00012e10       ??4FriendListItemInfo@DuiLib@@QAEAAU01@ABU01@@Z 00413e10 f i main_frame.obj
 0001:00012ed0       ??0GroupsListItemInfo@DuiLib@@QAE@XZ 00413ed0 f i main_frame.obj
 0001:00012f90       ??1GroupsListItemInfo@DuiLib@@QAE@XZ 00413f90 f i main_frame.obj
 0001:00013050       ??1?$_Vector_iterator@V?$_Vector_val@UFriendListItemInfo@DuiLib@@V?$allocator@UFriendListItemInfo@DuiLib@@@std@@@std@@@std@@QAE@XZ 00414050 f i main_frame.obj
 0001:00013080       ??0?$_Vector_const_iterator@V?$_Vector_val@UFriendListItemInfo@DuiLib@@V?$allocator@UFriendListItemInfo@DuiLib@@@std@@@std@@@std@@QAE@ABV01@@Z 00414080 f i main_frame.obj
 0001:000130c0       ??1?$_Vector_const_iterator@V?$_Vector_val@UFriendListItemInfo@DuiLib@@V?$allocator@UFriendListItemInfo@DuiLib@@@std@@@std@@@std@@QAE@XZ 004140c0 f i main_frame.obj
 0001:000130f0       ??0?$_Iterator012@Urandom_access_iterator_tag@std@@UFriendListItemInfo@DuiLib@@HPBU34@ABU34@U_Iterator_base12@2@@std@@QAE@ABU01@@Z 004140f0 f i main_frame.obj
 0001:00013120       ??1?$_Iterator012@Urandom_access_iterator_tag@std@@UFriendListItemInfo@DuiLib@@HPBU34@ABU34@U_Iterator_base12@2@@std@@QAE@XZ 00414120 f i main_frame.obj
 0001:00013150       ??0?$vector@UFriendListItemInfo@DuiLib@@V?$allocator@UFriendListItemInfo@DuiLib@@@std@@@std@@QAE@XZ 00414150 f i main_frame.obj
 0001:00013190       ??1?$vector@UFriendListItemInfo@DuiLib@@V?$allocator@UFriendListItemInfo@DuiLib@@@std@@@std@@QAE@XZ 00414190 f i main_frame.obj
 0001:00013200       ?begin@?$vector@UFriendListItemInfo@DuiLib@@V?$allocator@UFriendListItemInfo@DuiLib@@@std@@@std@@QAE?AV?$_Vector_iterator@V?$_Vector_val@UFriendListItemInfo@DuiLib@@V?$allocator@UFriendListItemInfo@DuiLib@@@std@@@std@@@2@XZ 00414200 f i main_frame.obj
 0001:00013250       ?end@?$vector@UFriendListItemInfo@DuiLib@@V?$allocator@UFriendListItemInfo@DuiLib@@@std@@@std@@QAE?AV?$_Vector_iterator@V?$_Vector_val@UFriendListItemInfo@DuiLib@@V?$allocator@UFriendListItemInfo@DuiLib@@@std@@@std@@@2@XZ 00414250 f i main_frame.obj
 0001:000132a0       ?empty@?$vector@UFriendListItemInfo@DuiLib@@V?$allocator@UFriendListItemInfo@DuiLib@@@std@@@std@@QBE_NXZ 004142a0 f i main_frame.obj
 0001:000132d0       ?push_back@?$vector@UFriendListItemInfo@DuiLib@@V?$allocator@UFriendListItemInfo@DuiLib@@@std@@@std@@QAEXABUFriendListItemInfo@DuiLib@@@Z 004142d0 f i main_frame.obj
 0001:00013400       ?clear@?$vector@UFriendListItemInfo@DuiLib@@V?$allocator@UFriendListItemInfo@DuiLib@@@std@@@std@@QAEXXZ 00414400 f i main_frame.obj
 0001:00013500       ??0?$ObserverImpl@HUSkinChangedParam@@@@QAE@XZ 00414500 f i main_frame.obj
 0001:00013550       ??1?$ObserverImpl@HUSkinChangedParam@@@@UAE@XZ 00414550 f i main_frame.obj
 0001:00013580       ?AddReceiver@?$ObserverImpl@HUSkinChangedParam@@@@UAEXPAV?$ReceiverImplBase@HUSkinChangedParam@@@@@Z 00414580 f i main_frame.obj
 0001:000135f0       ?RemoveReceiver@?$ObserverImpl@HUSkinChangedParam@@@@UAEXPAV?$ReceiverImplBase@HUSkinChangedParam@@@@@Z 004145f0 f i main_frame.obj
 0001:00013730       ?Broadcast@?$ObserverImpl@HUSkinChangedParam@@@@UAEHUSkinChangedParam@@@Z 00414730 f i main_frame.obj
 0001:00013890       ?Notify@?$ObserverImpl@HUSkinChangedParam@@@@UAEHUSkinChangedParam@@@Z 00414890 f i main_frame.obj
 0001:000139f0       ??D?$_Vector_const_iterator@V?$_Vector_val@UFriendListItemInfo@DuiLib@@V?$allocator@UFriendListItemInfo@DuiLib@@@std@@@std@@@std@@QBEABUFriendListItemInfo@DuiLib@@XZ 004149f0 f i main_frame.obj
 0001:00013ab0       ??C?$_Vector_const_iterator@V?$_Vector_val@UFriendListItemInfo@DuiLib@@V?$allocator@UFriendListItemInfo@DuiLib@@@std@@@std@@@std@@QBEPBUFriendListItemInfo@DuiLib@@XZ 00414ab0 f i main_frame.obj
 0001:00013ae0       ??E?$_Vector_const_iterator@V?$_Vector_val@UFriendListItemInfo@DuiLib@@V?$allocator@UFriendListItemInfo@DuiLib@@@std@@@std@@@std@@QAEAAV01@XZ 00414ae0 f i main_frame.obj
 0001:00013ba0       ??9?$_Vector_const_iterator@V?$_Vector_val@UFriendListItemInfo@DuiLib@@V?$allocator@UFriendListItemInfo@DuiLib@@@std@@@std@@@std@@QBE_NABV01@@Z 00414ba0 f i main_frame.obj
 0001:00013be0       ??_G?$ObserverImpl@HUSkinChangedParam@@@@UAEPAXI@Z 00414be0 f i main_frame.obj
 0001:00013be0       ??_E?$ObserverImpl@HUSkinChangedParam@@@@UAEPAXI@Z 00414be0 f i main_frame.obj
 0001:00013c20       ??0?$ObserverImplBase@HUSkinChangedParam@@@@QAE@XZ 00414c20 f i main_frame.obj
 0001:00013c40       ??1?$map@HPAV?$ReceiverImplBase@HUSkinChangedParam@@@@U?$less@H@std@@V?$allocator@U?$pair@$$CBHPAV?$ReceiverImplBase@HUSkinChangedParam@@@@@std@@@3@@std@@QAE@XZ 00414c40 f i main_frame.obj
 0001:00013c70       ??1?$_Tree_iterator@V?$_Tree_val@V?$_Tmap_traits@HPAV?$ReceiverImplBase@HUSkinChangedParam@@@@U?$less@H@std@@V?$allocator@U?$pair@$$CBHPAV?$ReceiverImplBase@HUSkinChangedParam@@@@@std@@@3@$0A@@std@@@std@@@std@@QAE@XZ 00414c70 f i main_frame.obj
 0001:00013ca0       ??0?$_Tree_const_iterator@V?$_Tree_val@V?$_Tmap_traits@HPAV?$ReceiverImplBase@HUSkinChangedParam@@@@U?$less@H@std@@V?$allocator@U?$pair@$$CBHPAV?$ReceiverImplBase@HUSkinChangedParam@@@@@std@@@3@$0A@@std@@@std@@@std@@QAE@ABV01@@Z 00414ca0 f i main_frame.obj
 0001:00013cd0       ??1?$_Tree_const_iterator@V?$_Tree_val@V?$_Tmap_traits@HPAV?$ReceiverImplBase@HUSkinChangedParam@@@@U?$less@H@std@@V?$allocator@U?$pair@$$CBHPAV?$ReceiverImplBase@HUSkinChangedParam@@@@@std@@@3@$0A@@std@@@std@@@std@@QAE@XZ 00414cd0 f i main_frame.obj
 0001:00013d00       ??0?$_Tree_unchecked_const_iterator@V?$_Tree_val@V?$_Tmap_traits@HPAV?$ReceiverImplBase@HUSkinChangedParam@@@@U?$less@H@std@@V?$allocator@U?$pair@$$CBHPAV?$ReceiverImplBase@HUSkinChangedParam@@@@@std@@@3@$0A@@std@@@std@@U_Iterator_base12@2@@std@@QAE@ABV01@@Z 00414d00 f i main_frame.obj
 0001:00013d40       ??1?$_Tree_unchecked_const_iterator@V?$_Tree_val@V?$_Tmap_traits@HPAV?$ReceiverImplBase@HUSkinChangedParam@@@@U?$less@H@std@@V?$allocator@U?$pair@$$CBHPAV?$ReceiverImplBase@HUSkinChangedParam@@@@@std@@@3@$0A@@std@@@std@@U_Iterator_base12@2@@std@@QAE@XZ 00414d40 f i main_frame.obj
 0001:00013d70       ??0?$_Iterator012@Ubidirectional_iterator_tag@std@@U?$pair@$$CBHPAV?$ReceiverImplBase@HUSkinChangedParam@@@@@2@HPBU32@ABU32@U_Iterator_base12@2@@std@@QAE@ABU01@@Z 00414d70 f i main_frame.obj
 0001:00013da0       ??1?$_Iterator012@Ubidirectional_iterator_tag@std@@U?$pair@$$CBHPAV?$ReceiverImplBase@HUSkinChangedParam@@@@@2@HPBU32@ABU32@U_Iterator_base12@2@@std@@QAE@XZ 00414da0 f i main_frame.obj
 0001:00013dd0       ?erase@?$vector@UFriendListItemInfo@DuiLib@@V?$allocator@UFriendListItemInfo@DuiLib@@@std@@@std@@QAE?AV?$_Vector_iterator@V?$_Vector_val@UFriendListItemInfo@DuiLib@@V?$allocator@UFriendListItemInfo@DuiLib@@@std@@@std@@@2@V?$_Vector_const_iterator@V?$_Vector_val@UFriendListItemInfo@DuiLib@@V?$allocator@UFriendListItemInfo@DuiLib@@@std@@@std@@@2@0@Z 00414dd0 f i main_frame.obj
 0001:00013fd0       ?_Inside@?$vector@UFriendListItemInfo@DuiLib@@V?$allocator@UFriendListItemInfo@DuiLib@@@std@@@std@@IBE_NPBUFriendListItemInfo@DuiLib@@@Z 00414fd0 f i main_frame.obj
 0001:00014020       ?_Reserve@?$vector@UFriendListItemInfo@DuiLib@@V?$allocator@UFriendListItemInfo@DuiLib@@@std@@@std@@IAEXI@Z 00415020 f i main_frame.obj
 0001:000140a0       ?_Tidy@?$vector@UFriendListItemInfo@DuiLib@@V?$allocator@UFriendListItemInfo@DuiLib@@@std@@@std@@IAEXXZ 004150a0 f i main_frame.obj
 0001:00014130       ?_Orphan_range@?$vector@UFriendListItemInfo@DuiLib@@V?$allocator@UFriendListItemInfo@DuiLib@@@std@@@std@@IBEXPAUFriendListItemInfo@DuiLib@@0@Z 00415130 f i main_frame.obj
 0001:00014240       ??0?$_Vector_val@UFriendListItemInfo@DuiLib@@V?$allocator@UFriendListItemInfo@DuiLib@@@std@@@std@@QAE@V?$allocator@UFriendListItemInfo@DuiLib@@@1@@Z 00415240 f i main_frame.obj
 0001:00014360       ??1?$_Vector_val@UFriendListItemInfo@DuiLib@@V?$allocator@UFriendListItemInfo@DuiLib@@@std@@@std@@QAE@XZ 00415360 f i main_frame.obj
 0001:00014440       ??0?$allocator@UFriendListItemInfo@DuiLib@@@std@@QAE@XZ 00415440 f i main_frame.obj
 0001:00014460       ??0?$map@HPAV?$ReceiverImplBase@HUSkinChangedParam@@@@U?$less@H@std@@V?$allocator@U?$pair@$$CBHPAV?$ReceiverImplBase@HUSkinChangedParam@@@@@std@@@3@@std@@QAE@XZ 00415460 f i main_frame.obj
 0001:000144a0       ??A?$map@HPAV?$ReceiverImplBase@HUSkinChangedParam@@@@U?$less@H@std@@V?$allocator@U?$pair@$$CBHPAV?$ReceiverImplBase@HUSkinChangedParam@@@@@std@@@3@@std@@QAEAAPAV?$ReceiverImplBase@HUSkinChangedParam@@@@ABH@Z 004154a0 f i main_frame.obj
 0001:00014660       ??1?$_Tree@V?$_Tmap_traits@HPAV?$ReceiverImplBase@HUSkinChangedParam@@@@U?$less@H@std@@V?$allocator@U?$pair@$$CBHPAV?$ReceiverImplBase@HUSkinChangedParam@@@@@std@@@3@$0A@@std@@@std@@QAE@XZ 00415660 f i main_frame.obj
 0001:000146d0       ?begin@?$_Tree@V?$_Tmap_traits@HPAV?$ReceiverImplBase@HUSkinChangedParam@@@@U?$less@H@std@@V?$allocator@U?$pair@$$CBHPAV?$ReceiverImplBase@HUSkinChangedParam@@@@@std@@@3@$0A@@std@@@std@@QAE?AV?$_Tree_iterator@V?$_Tree_val@V?$_Tmap_traits@HPAV?$ReceiverImplBase@HUSkinChangedParam@@@@U?$less@H@std@@V?$allocator@U?$pair@$$CBHPAV?$ReceiverImplBase@HUSkinChangedParam@@@@@std@@@3@$0A@@std@@@std@@@2@XZ 004156d0 f i main_frame.obj
 0001:00014730       ?end@?$_Tree@V?$_Tmap_traits@HPAV?$ReceiverImplBase@HUSkinChangedParam@@@@U?$less@H@std@@V?$allocator@U?$pair@$$CBHPAV?$ReceiverImplBase@HUSkinChangedParam@@@@@std@@@3@$0A@@std@@@std@@QAE?AV?$_Tree_iterator@V?$_Tree_val@V?$_Tmap_traits@HPAV?$ReceiverImplBase@HUSkinChangedParam@@@@U?$less@H@std@@V?$allocator@U?$pair@$$CBHPAV?$ReceiverImplBase@HUSkinChangedParam@@@@@std@@@3@$0A@@std@@@std@@@2@XZ 00415730 f i main_frame.obj
[...]
 0001:000798d8       __ehhandler$??$?0AAV?$_Tree_iterator@V?$_Tree_val@V?$_Tmap_traits@HPAV?$ReceiverImplBase@HUSkinChangedParam@@@@U?$less@H@std@@V?$allocator@U?$pair@$$CBHPAV?$ReceiverImplBase@HUSkinChangedParam@@@@@std@@@3@$0A@@std@@@std@@@std@@_N@?$_Pair_base@V?$_Tree_iterator@V?$_Tree_val@V?$_Tmap_traits@HPAV?$ReceiverImplBase@HUSkinChangedParam@@@@U?$less@H@std@@V?$allocator@U?$pair@$$CBHPAV?$ReceiverImplBase@HUSkinChangedParam@@@@@std@@@3@$0A@@std@@@std@@@std@@_N@std@@QAE@AAV?$_Tree_iterator@V?$_Tree_val@V?$_Tmap_traits@HPAV?$ReceiverImplBase@HUSkinChangedParam@@@@U?$less@H@std@@V?$allocator@U?$pair@$$CBHPAV?$ReceiverImplBase@HUSkinChangedParam@@@@@std@@@3@$0A@@std@@@std@@@1@$$QA_N@Z 0047a8d8 f   main_frame.obj
 0001:00079900       __unwindfunclet$?construct@?$allocator@U?$pair@$$CBHPAV?$ReceiverImplBase@HUSkinChangedParam@@@@@std@@@std@@QAEXPAU?$pair@$$CBHPAV?$ReceiverImplBase@HUSkinChangedParam@@@@@2@$$QAU32@@Z$0 0047a900 f   main_frame.obj
 0001:00079911       __ehhandler$?construct@?$allocator@U?$pair@$$CBHPAV?$ReceiverImplBase@HUSkinChangedParam@@@@@std@@@std@@QAEXPAU?$pair@$$CBHPAV?$ReceiverImplBase@HUSkinChangedParam@@@@@2@$$QAU32@@Z 0047a911 f   main_frame.obj
 0001:00079930       __unwindfunclet$?construct@?$allocator@UFriendListItemInfo@DuiLib@@@std@@QAEXPAUFriendListItemInfo@DuiLib@@$$QAU34@@Z$0 0047a930 f   main_frame.obj
 0001:00079941       __ehhandler$?construct@?$allocator@UFriendListItemInfo@DuiLib@@@std@@QAEXPAUFriendListItemInfo@DuiLib@@$$QAU34@@Z 0047a941 f   main_frame.obj
 0001:00079960       __unwindfunclet$??0CFriendsUI@DuiLib@@QAE@AAVCPaintManagerUI@1@@Z$0 0047a960 f   UIFriends.obj
 0001:00079972       __unwindfunclet$??0CFriendsUI@DuiLib@@QAE@AAVCPaintManagerUI@1@@Z$1 0047a972 f   UIFriends.obj
 0001:0007998a       __unwindfunclet$??0CFriendsUI@DuiLib@@QAE@AAVCPaintManagerUI@1@@Z$2 0047a98a f   UIFriends.obj
 0001:000799a2       __unwindfunclet$??0CFriendsUI@DuiLib@@QAE@AAVCPaintManagerUI@1@@Z$3 0047a9a2 f   UIFriends.obj
 0001:000799ba       __unwindfunclet$??0CFriendsUI@DuiLib@@QAE@AAVCPaintManagerUI@1@@Z$4 0047a9ba f   UIFriends.obj
 0001:000799c5       __ehhandler$??0CFriendsUI@DuiLib@@QAE@AAVCPaintManagerUI@1@@Z 0047a9c5 f   UIFriends.obj
 0001:000799e0       __unwindfunclet$??1CFriendsUI@DuiLib@@UAE@XZ$0 0047a9e0 f   UIFriends.obj
 0001:000799f2       __unwindfunclet$??1CFriendsUI@DuiLib@@UAE@XZ$1 0047a9f2 f   UIFriends.obj
 0001:00079a0a       __unwindfunclet$??1CFriendsUI@DuiLib@@UAE@XZ$2 0047aa0a f   UIFriends.obj
 0001:00079a22       __unwindfunclet$??1CFriendsUI@DuiLib@@UAE@XZ$3 0047aa22 f   UIFriends.obj
 0001:00079a3a       __ehhandler$??1CFriendsUI@DuiLib@@UAE@XZ 0047aa3a f   UIFriends.obj
 0001:00079a55       __unwindfunclet$?RemoveAll@CFriendsUI@DuiLib@@UAEXXZ$0 0047aa55 f   UIFriends.obj
 0001:00079a60       __ehhandler$?RemoveAll@CFriendsUI@DuiLib@@UAEXXZ 0047aa60 f   UIFriends.obj
 0001:00079a7b       __unwindfunclet$?AddNode@CFriendsUI@DuiLib@@QAEPAVNode@2@ABUFriendListItemInfo@2@PAV32@@Z$0 0047aa7b f   UIFriends.obj
 0001:00079a89       __unwindfunclet$?AddNode@CFriendsUI@DuiLib@@QAEPAVNode@2@ABUFriendListItemInfo@2@PAV32@@Z$1 0047aa89 f   UIFriends.obj
 0001:00079a94       __unwindfunclet$?AddNode@CFriendsUI@DuiLib@@QAEPAVNode@2@ABUFriendListItemInfo@2@PAV32@@Z$2 0047aa94 f   UIFriends.obj
 0001:00079aa9       __ehhandler$?AddNode@CFriendsUI@DuiLib@@QAEPAVNode@2@ABUFriendListItemInfo@2@PAV32@@Z 0047aaa9 f   UIFriends.obj
 0001:00079ad1       __unwindfunclet$?SetChildVisible@CFriendsUI@DuiLib@@QAEXPAVNode@2@_N@Z$0 0047aad1 f   UIFriends.obj
 0001:00079ae6       __ehhandler$?SetChildVisible@CFriendsUI@DuiLib@@QAEXPAVNode@2@_N@Z 0047aae6 f   UIFriends.obj
 0001:00079b10       __unwindfunclet$?Copy@CDelegateStatic@DuiLib@@UBEPAVCDelegateBase@2@XZ$0 0047ab10 f   UIFriends.obj
 0001:00079b1b       __ehhandler$?Copy@CDelegateStatic@DuiLib@@UBEPAVCDelegateBase@2@XZ 0047ab1b f   UIFriends.obj
 0001:00079b40       __unwindfunclet$??0CGroupsUI@DuiLib@@QAE@AAVCPaintManagerUI@1@@Z$0 0047ab40 f   UIGroups.obj
 0001:00079b52       __unwindfunclet$??0CGroupsUI@DuiLib@@QAE@AAVCPaintManagerUI@1@@Z$1 0047ab52 f   UIGroups.obj
 0001:00079b6a       __unwindfunclet$??0CGroupsUI@DuiLib@@QAE@AAVCPaintManagerUI@1@@Z$2 0047ab6a f   UIGroups.obj
 0001:00079b82       __unwindfunclet$??0CGroupsUI@DuiLib@@QAE@AAVCPaintManagerUI@1@@Z$3 0047ab82 f   UIGroups.obj
 0001:00079b9a       __unwindfunclet$??0CGroupsUI@DuiLib@@QAE@AAVCPaintManagerUI@1@@Z$4 0047ab9a f   UIGroups.obj
 0001:00079ba5       __ehhandler$??0CGroupsUI@DuiLib@@QAE@AAVCPaintManagerUI@1@@Z 0047aba5 f   UIGroups.obj
 0001:00079bc0       __unwindfunclet$??1CGroupsUI@DuiLib@@UAE@XZ$0 0047abc0 f   UIGroups.obj
 0001:00079bd2       __unwindfunclet$??1CGroupsUI@DuiLib@@UAE@XZ$1 0047abd2 f   UIGroups.obj
 0001:00079bea       __unwindfunclet$??1CGroupsUI@DuiLib@@UAE@XZ$2 0047abea f   UIGroups.obj
 0001:00079c02       __unwindfunclet$??1CGroupsUI@DuiLib@@UAE@XZ$3 0047ac02 f   UIGroups.obj
 0001:00079c1a       __ehhandler$??1CGroupsUI@DuiLib@@UAE@XZ 0047ac1a f   UIGroups.obj
 0001:00079c35       __unwindfunclet$?RemoveAll@CGroupsUI@DuiLib@@UAEXXZ$0 0047ac35 f   UIGroups.obj
 0001:00079c40       __ehhandler$?RemoveAll@CGroupsUI@DuiLib@@UAEXXZ 0047ac40 f   UIGroups.obj
 0001:00079c5b       __unwindfunclet$?AddNode@CGroupsUI@DuiLib@@QAEPAVNode@2@ABUGroupsListItemInfo@2@PAV32@@Z$0 0047ac5b f   UIGroups.obj
 0001:00079c69       __unwindfunclet$?AddNode@CGroupsUI@DuiLib@@QAEPAVNode@2@ABUGroupsListItemInfo@2@PAV32@@Z$1 0047ac69 f   UIGroups.obj
 0001:00079c74       __unwindfunclet$?AddNode@CGroupsUI@DuiLib@@QAEPAVNode@2@ABUGroupsListItemInfo@2@PAV32@@Z$2 0047ac74 f   UIGroups.obj
 0001:00079c89       __ehhandler$?AddNode@CGroupsUI@DuiLib@@QAEPAVNode@2@ABUGroupsListItemInfo@2@PAV32@@Z 0047ac89 f   UIGroups.obj
 0001:00079cb1       __unwindfunclet$?SetChildVisible@CGroupsUI@DuiLib@@QAEXPAVNode@2@_N@Z$0 0047acb1 f   UIGroups.obj
 0001:00079cc6       __ehhandler$?SetChildVisible@CGroupsUI@DuiLib@@QAEXPAVNode@2@_N@Z 0047acc6 f   UIGroups.obj
 0001:00079cf0       __unwindfunclet$??0Node@DuiLib@@QAE@XZ$0 0047acf0 f   UIListCommonDefine.obj
 0001:00079cf8       __ehhandler$??0Node@DuiLib@@QAE@XZ 0047acf8 f   UIListCommonDefine.obj
 0001:00079d13       __unwindfunclet$??0Node@DuiLib@@QAE@UNodeData@1@@Z$0 0047ad13 f   UIListCommonDefine.obj
 0001:00079d1b       __unwindfunclet$??0Node@DuiLib@@QAE@UNodeData@1@@Z$1 0047ad1b f   UIListCommonDefine.obj
 0001:00079d23       __ehhandler$??0Node@DuiLib@@QAE@UNodeData@1@@Z 0047ad23 f   UIListCommonDefine.obj
 0001:00079d3e       __unwindfunclet$??0Node@DuiLib@@QAE@UNodeData@1@PAV01@@Z$0 0047ad3e f   UIListCommonDefine.obj
 0001:00079d46       __unwindfunclet$??0Node@DuiLib@@QAE@UNodeData@1@PAV01@@Z$1 0047ad46 f   UIListCommonDefine.obj
 0001:00079d4e       __ehhandler$??0Node@DuiLib@@QAE@UNodeData@1@PAV01@@Z 0047ad4e f   UIListCommonDefine.obj
 0001:00079d69       __unwindfunclet$??1Node@DuiLib@@QAE@XZ$0 0047ad69 f   UIListCommonDefine.obj
 0001:00079d71       __unwindfunclet$??1Node@DuiLib@@QAE@XZ$1 0047ad71 f   UIListCommonDefine.obj
 0001:00079d7c       __ehhandler$??1Node@DuiLib@@QAE@XZ 0047ad7c f   UIListCommonDefine.obj
 0001:00079d97       __unwindfunclet$?remove_child@Node@DuiLib@@QAEXPAV12@@Z$0 0047ad97 f   UIListCommonDefine.obj
 0001:00079d9f       __unwindfunclet$?remove_child@Node@DuiLib@@QAEXPAV12@@Z$1 0047ad9f f   UIListCommonDefine.obj
 0001:00079da7       __ehhandler$?remove_child@Node@DuiLib@@QAEXPAV12@@Z 0047ada7 f   UIListCommonDefine.obj
 0001:00079dd0       __unwindfunclet$??0NodeData@DuiLib@@QAE@XZ$0 0047add0 f   UIListCommonDefine.obj
 0001:00079de5       __ehhandler$??0NodeData@DuiLib@@QAE@XZ 0047ade5 f   UIListCommonDefine.obj
 0001:00079e00       __unwindfunclet$??1NodeData@DuiLib@@QAE@XZ$0 0047ae00 f   UIListCommonDefine.obj
 0001:00079e15       __ehhandler$??1NodeData@DuiLib@@QAE@XZ 0047ae15 f   UIListCommonDefine.obj
 0001:00079e30       __unwindfunclet$??0NodeData@DuiLib@@QAE@ABU01@@Z$0 0047ae30 f   UIListCommonDefine.obj
 0001:00079e45       __ehhandler$??0NodeData@DuiLib@@QAE@ABU01@@Z 0047ae45 f   UIListCommonDefine.obj
 0001:00079e60       __unwindfunclet$??1?$vector@PAVNode@DuiLib@@V?$allocator@PAVNode@DuiLib@@@std@@@std@@QAE@XZ$0 0047ae60 f   UIListCommonDefine.obj
 0001:00079e68       __ehhandler$??1?$vector@PAVNode@DuiLib@@V?$allocator@PAVNode@DuiLib@@@std@@@std@@QAE@XZ 0047ae68 f   UIListCommonDefine.obj
 0001:00079e90       __unwindfunclet$?erase@?$vector@PAVNode@DuiLib@@V?$allocator@PAVNode@DuiLib@@@std@@@std@@QAE?AV?$_Vector_iterator@V?$_Vector_val@PAVNode@DuiLib@@V?$allocator@PAVNode@DuiLib@@@std@@@std@@@2@V?$_Vector_const_iterator@V?$_Vector_val@PAVNode@DuiLib@@V?$allocator@PAVNode@DuiLib@@@std@@@std@@@2@@Z$0 0047ae90 f   UIListCommonDefine.obj
 0001:00079e98       __unwindfunclet$?erase@?$vector@PAVNode@DuiLib@@V?$allocator@PAVNode@DuiLib@@@std@@@std@@QAE?AV?$_Vector_iterator@V?$_Vector_val@PAVNode@DuiLib@@V?$allocator@PAVNode@DuiLib@@@std@@@std@@@2@V?$_Vector_const_iterator@V?$_Vector_val@PAVNode@DuiLib@@V?$allocator@PAVNode@DuiLib@@@std@@@std@@@2@@Z$2 0047ae98 f   UIListCommonDefine.obj
 0001:00079eb1       __ehhandler$?erase@?$vector@PAVNode@DuiLib@@V?$allocator@PAVNode@DuiLib@@@std@@@std@@QAE?AV?$_Vector_iterator@V?$_Vector_val@PAVNode@DuiLib@@V?$allocator@PAVNode@DuiLib@@@std@@@std@@@2@V?$_Vector_const_iterator@V?$_Vector_val@PAVNode@DuiLib@@V?$allocator@PAVNode@DuiLib@@@std@@@std@@@2@@Z 0047aeb1 f   UIListCommonDefine.obj
 0001:00079ed0       __unwindfunclet$?_Make_iter@?$vector@PAVNode@DuiLib@@V?$allocator@PAVNode@DuiLib@@@std@@@std@@QBE?AV?$_Vector_iterator@V?$_Vector_val@PAVNode@DuiLib@@V?$allocator@PAVNode@DuiLib@@@std@@@std@@@2@V?$_Vector_const_iterator@V?$_Vector_val@PAVNode@DuiLib@@V?$allocator@PAVNode@DuiLib@@@std@@@std@@@2@@Z$0 0047aed0 f   UIListCommonDefine.obj
 0001:00079ed8       __unwindfunclet$?_Make_iter@?$vector@PAVNode@DuiLib@@V?$allocator@PAVNode@DuiLib@@@std@@@std@@QBE?AV?$_Vector_iterator@V?$_Vector_val@PAVNode@DuiLib@@V?$allocator@PAVNode@DuiLib@@@std@@@std@@@2@V?$_Vector_const_iterator@V?$_Vector_val@PAVNode@DuiLib@@V?$allocator@PAVNode@DuiLib@@@std@@@std@@@2@@Z$1 0047aed8 f   UIListCommonDefine.obj
 0001:00079ef1       __ehhandler$?_Make_iter@?$vector@PAVNode@DuiLib@@V?$allocator@PAVNode@DuiLib@@@std@@@std@@QBE?AV?$_Vector_iterator@V?$_Vector_val@PAVNode@DuiLib@@V?$allocator@PAVNode@DuiLib@@@std@@@std@@@2@V?$_Vector_const_iterator@V?$_Vector_val@PAVNode@DuiLib@@V?$allocator@PAVNode@DuiLib@@@std@@@std@@@2@@Z 0047aef1 f   UIListCommonDefine.obj
 0001:00079f10       __unwindfunclet$?_Orphan_range@?$vector@PAVNode@DuiLib@@V?$allocator@PAVNode@DuiLib@@@std@@@std@@IBEXPAPAVNode@DuiLib@@0@Z$0 0047af10 f   UIListCommonDefine.obj
 0001:00079f18       __ehhandler$?_Orphan_range@?$vector@PAVNode@DuiLib@@V?$allocator@PAVNode@DuiLib@@@std@@@std@@IBEXPAPAVNode@DuiLib@@0@Z 0047af18 f   UIListCommonDefine.obj
 0001:00079f40       __unwindfunclet$??0?$_Vector_val@PAVNode@DuiLib@@V?$allocator@PAVNode@DuiLib@@@std@@@std@@QAE@V?$allocator@PAVNode@DuiLib@@@1@@Z$0 0047af40 f   UIListCommonDefine.obj
 0001:00079f48       __ehhandler$??0?$_Vector_val@PAVNode@DuiLib@@V?$allocator@PAVNode@DuiLib@@@std@@@std@@QAE@V?$allocator@PAVNode@DuiLib@@@1@@Z 0047af48 f   UIListCommonDefine.obj
 0001:00079f70       __unwindfunclet$??1?$_Vector_val@PAVNode@DuiLib@@V?$allocator@PAVNode@DuiLib@@@std@@@std@@QAE@XZ$0 0047af70 f   UIListCommonDefine.obj
 0001:00079f78       __ehhandler$??1?$_Vector_val@PAVNode@DuiLib@@V?$allocator@PAVNode@DuiLib@@@std@@@std@@QAE@XZ 0047af78 f   UIListCommonDefine.obj
 0001:00079fa0       __ehhandler$?reserve@?$vector@PAVNode@DuiLib@@V?$allocator@PAVNode@DuiLib@@@std@@@std@@QAEXI@Z 0047afa0 f   UIListCommonDefine.obj
 0001:00079fc0       __unwindfunclet$??0?$_Vector_const_iterator@V?$_Vector_val@PAVNode@DuiLib@@V?$allocator@PAVNode@DuiLib@@@std@@@std@@@std@@QAE@PAPAVNode@DuiLib@@PBU_Container_base12@1@@Z$0 0047afc0 f   UIListCommonDefine.obj
 0001:00079fc8       __ehhandler$??0?$_Vector_const_iterator@V?$_Vector_val@PAVNode@DuiLib@@V?$allocator@PAVNode@DuiLib@@@std@@@std@@@std@@QAE@PAPAVNode@DuiLib@@PBU_Container_base12@1@@Z 0047afc8 f   UIListCommonDefine.obj
 0001:00079ff0       __unwindfunclet$??$construct@AAPAVNode@DuiLib@@@?$allocator@PAVNode@DuiLib@@@std@@QAEXPAPAVNode@DuiLib@@AAPAV23@@Z$0 0047aff0 f   UIListCommonDefine.obj
 0001:0007a001       __ehhandler$??$construct@AAPAVNode@DuiLib@@@?$allocator@PAVNode@DuiLib@@@std@@QAEXPAPAVNode@DuiLib@@AAPAV23@@Z 0047b001 f   UIListCommonDefine.obj
 0001:0007a020       __unwindfunclet$??$_Construct@PAVNode@DuiLib@@ABQAV12@@std@@YAXPAPAVNode@DuiLib@@ABQAV12@@Z$0 0047b020 f   UIListCommonDefine.obj
 0001:0007a031       __ehhandler$??$_Construct@PAVNode@DuiLib@@ABQAV12@@std@@YAXPAPAVNode@DuiLib@@ABQAV12@@Z 0047b031 f   UIListCommonDefine.obj
 0001:0007a050       __unwindfunclet$?OpenZipU@@YAPAUHZIP__@@PAXIK@Z$0 0047b050 f   XUnzip.obj
 0001:0007a05b       __ehhandler$?OpenZipU@@YAPAUHZIP__@@PAXIK@Z 0047b05b f   XUnzip.obj
 0001:0007a080       __unwindfunclet$??0ColorSkinWindow@@QAE@PAVMainFrame@@UtagRECT@@@Z$0 0047b080 f   color_skin.obj
 0001:0007a092       __ehhandler$??0ColorSkinWindow@@QAE@PAVMainFrame@@UtagRECT@@@Z 0047b092 f   color_skin.obj
 0001:0007a0ad       __unwindfunclet$?Notify@ColorSkinWindow@@UAEXAAUtagTNotifyUI@DuiLib@@@Z$0 0047b0ad f   color_skin.obj
 0001:0007a0c2       __unwindfunclet$?Notify@ColorSkinWindow@@UAEXAAUtagTNotifyUI@DuiLib@@@Z$1 0047b0c2 f   color_skin.obj
 0001:0007a0ee       __unwindfunclet$?Notify@ColorSkinWindow@@UAEXAAUtagTNotifyUI@DuiLib@@@Z$2 0047b0ee f   color_skin.obj
 0001:0007a11a       __unwindfunclet$?Notify@ColorSkinWindow@@UAEXAAUtagTNotifyUI@DuiLib@@@Z$3 0047b11a f   color_skin.obj
 0001:0007a146       __unwindfunclet$?Notify@ColorSkinWindow@@UAEXAAUtagTNotifyUI@DuiLib@@@Z$4 0047b146 f   color_skin.obj
 0001:0007a15b       __unwindfunclet$?Notify@ColorSkinWindow@@UAEXAAUtagTNotifyUI@DuiLib@@@Z$5 0047b15b f   color_skin.obj
 0001:0007a170       __ehhandler$?Notify@ColorSkinWindow@@UAEXAAUtagTNotifyUI@DuiLib@@@Z 0047b170 f   color_skin.obj
 0001:0007a198       __unwindfunclet$?GetSkinFolder@ColorSkinWindow@@UAE?AVCDuiString@DuiLib@@XZ$0 0047b198 f   color_skin.obj
 0001:0007a1ad       __unwindfunclet$?GetSkinFolder@ColorSkinWindow@@UAE?AVCDuiString@DuiLib@@XZ$1 0047b1ad f   color_skin.obj
 0001:0007a1d6       __ehhandler$?GetSkinFolder@ColorSkinWindow@@UAE?AVCDuiString@DuiLib@@XZ 0047b1d6 f   color_skin.obj
 0001:0007a200       __ehhandler$?CallUnexpected@@YAXPBU_s_ESTypeList@@@Z 0047b200 f   LIBCMTD:frame.obj
 0001:0007a220       __unwindfunclet$?wcstoxq@@YA_KPAUlocaleinfo_struct@@PB_WPAPB_WHH@Z$0 0047b220 f   LIBCMTD:wcstoq.obj
 0001:0007a228       __ehhandler$?wcstoxq@@YA_KPAUlocaleinfo_struct@@PB_WPAPB_WHH@Z 0047b228 f   LIBCMTD:wcstoq.obj
 0001:0007a250       __unwindfunclet$?getSystemCP@@YAHH@Z$0 0047b250 f   LIBCMTD:mbctype.obj
 0001:0007a258       __ehhandler$?getSystemCP@@YAHH@Z 0047b258 f   LIBCMTD:mbctype.obj
 0001:0007a280       __unwindfunclet$?make@DNameStatusNode@@SAPAV1@W4DNameStatus@@@Z$0 0047b280 f   LIBCMTD:undname.obj
 0001:0007a28e       __ehhandler$?make@DNameStatusNode@@SAPAV1@W4DNameStatus@@@Z 0047b28e f   LIBCMTD:undname.obj
 0001:0007a2b0       __unwindfunclet$?x_ismbbtype_l@@YAHPAUlocaleinfo_struct@@IHH@Z$0 0047b2b0 f   LIBCMTD:ismbbyte.obj
 0001:0007a2b8       __ehhandler$?x_ismbbtype_l@@YAHPAUlocaleinfo_struct@@IHH@Z 0047b2b8 f   LIBCMTD:ismbbyte.obj
 0001:0007a2e0       __unwindfunclet$?strtoxl@@YAKPAUlocaleinfo_struct@@PBDPAPBDHH@Z$0 0047b2e0 f   LIBCMTD:strtol.obj
 0001:0007a2e8       __ehhandler$?strtoxl@@YAKPAUlocaleinfo_struct@@PBDPAPBDHH@Z 0047b2e8 f   LIBCMTD:strtol.obj
 0001:0007a310       __unwindfunclet$?strtoxq@@YA_KPAUlocaleinfo_struct@@PBDPAPBDHH@Z$0 0047b310 f   LIBCMTD:strtoq.obj
 0001:0007a318       __ehhandler$?strtoxq@@YA_KPAUlocaleinfo_struct@@PBDPAPBDHH@Z 0047b318 f   LIBCMTD:strtoq.obj
 0001:0007a340       ??__Es_mtxEntry@@YAXXZ     0047b340 f   debug.obj
 0001:0007a370       ??__Eclash@Inconsistent_definition_of_symbol__ATL_MIXED@@YAXXZ 0047b370 f   main.obj
 0001:0007a390       ??__Eclash@Define_the_symbol__ATL_MIXED@@YAXXZ 0047b390 f   main.obj
 0001:0007a3b0       ??__E_Module@@YAXXZ        0047b3b0 f   main.obj
 0001:0007a3e0       ??__Einitlocks@std@@YAXXZ  0047b3e0 f   libcpmtd:xlock.obj
 0001:0007a400       ??__E_AtlComModule@ATL@@YAXXZ 0047b400 f   atlsd:atlcommodule.obj
 0001:0007a420       ??__E_AtlWinModule@ATL@@YAXXZ 0047b420 f   atlsd:atlwinmodule.obj
 0001:0007a440       ??__E_AtlBaseModule@ATL@@YAXXZ 0047b440 f   atlsd:atlbase.obj
 0001:0007a460       ??__EatlTraceGeneral@ATL@@YAXXZ 0047b460 f   atlsd:atltrace.obj
 0001:0007a480       ??__EatlTraceCOM@ATL@@YAXXZ 0047b480 f   atlsd:atltrace.obj
 0001:0007a4a0       ??__EatlTraceQI@ATL@@YAXXZ 0047b4a0 f   atlsd:atltrace.obj
 0001:0007a4c0       ??__EatlTraceRegistrar@ATL@@YAXXZ 0047b4c0 f   atlsd:atltrace.obj
 0001:0007a4e0       ??__EatlTraceRefcount@ATL@@YAXXZ 0047b4e0 f   atlsd:atltrace.obj
 0001:0007a500       ??__EatlTraceWindowing@ATL@@YAXXZ 0047b500 f   atlsd:atltrace.obj
 0001:0007a520       ??__EatlTraceControls@ATL@@YAXXZ 0047b520 f   atlsd:atltrace.obj
 0001:0007a540       ??__EatlTraceHosting@ATL@@YAXXZ 0047b540 f   atlsd:atltrace.obj
 0001:0007a560       ??__EatlTraceDBClient@ATL@@YAXXZ 0047b560 f   atlsd:atltrace.obj
 0001:0007a580       ??__EatlTraceDBProvider@ATL@@YAXXZ 0047b580 f   atlsd:atltrace.obj
 0001:0007a5a0       ??__EatlTraceSnapin@ATL@@YAXXZ 0047b5a0 f   atlsd:atltrace.obj
 0001:0007a5c0       ??__EatlTraceNotImpl@ATL@@YAXXZ 0047b5c0 f   atlsd:atltrace.obj
 0001:0007a5e0       ??__EatlTraceAllocation@ATL@@YAXXZ 0047b5e0 f   atlsd:atltrace.obj
 0001:0007a600       ??__EatlTraceException@ATL@@YAXXZ 0047b600 f   atlsd:atltrace.obj
 0001:0007a620       ??__EatlTraceTime@ATL@@YAXXZ 0047b620 f   atlsd:atltrace.obj
 0001:0007a640       ??__EatlTraceCache@ATL@@YAXXZ 0047b640 f   atlsd:atltrace.obj
 0001:0007a660       ??__EatlTraceStencil@ATL@@YAXXZ 0047b660 f   atlsd:atltrace.obj
 0001:0007a680       ??__EatlTraceString@ATL@@YAXXZ 0047b680 f   atlsd:atltrace.obj
 0001:0007a6a0       ??__EatlTraceMap@ATL@@YAXXZ 0047b6a0 f   atlsd:atltrace.obj
 0001:0007a6c0       ??__EatlTraceUtil@ATL@@YAXXZ 0047b6c0 f   atlsd:atltrace.obj
 0001:0007a6e0       ??__EatlTraceSecurity@ATL@@YAXXZ 0047b6e0 f   atlsd:atltrace.obj
 0001:0007a700       ??__EatlTraceSync@ATL@@YAXXZ 0047b700 f   atlsd:atltrace.obj
 0001:0007a720       ??__EatlTraceISAPI@ATL@@YAXXZ 0047b720 f   atlsd:atltrace.obj
 0001:0007a740       ??__EatlTraceUser@ATL@@YAXXZ 0047b740 f   atlsd:atltrace.obj
 0001:0007a760       ??__EatlTraceUser2@ATL@@YAXXZ 0047b760 f   atlsd:atltrace.obj
 0001:0007a780       ??__EatlTraceUser3@ATL@@YAXXZ 0047b780 f   atlsd:atltrace.obj
 0001:0007a7a0       ??__EatlTraceUser4@ATL@@YAXXZ 0047b7a0 f   atlsd:atltrace.obj
 0001:0007a7c0       ??__Eg_Allocator@@YAXXZ    0047b7c0 f   atlsd:Externs.obj
 0001:0007a7e0       ??__Eg_bInitialized@@YAXXZ 0047b7e0 f   atlsd:Externs.obj
 0001:0007a800       ??__E?s_trace@CTrace@ATL@@2V12@A@@YAXXZ 0047b800 f   atlsd:Externs.obj
 0001:0007a830       ??__Fs_mtxEntry@@YAXXZ     0047b830 f   debug.obj
 0001:0007a850       ??__F_Module@@YAXXZ        0047b850 f   main.obj
 0001:0007a870       ??__Finitlocks@std@@YAXXZ  0047b870 f   libcpmtd:xlock.obj
 0001:0007a890       ??__Fnomem@?5???2@YAPAXI@Z@YAXXZ 0047b890 f   LIBCMTD:new.obj
 0001:0007a8b0       ??__F_AtlComModule@ATL@@YAXXZ 0047b8b0 f   atlsd:atlcommodule.obj
 0001:0007a8d0       ??__F_AtlWinModule@ATL@@YAXXZ 0047b8d0 f   atlsd:atlwinmodule.obj
 0001:0007a8f0       ??__F_AtlBaseModule@ATL@@YAXXZ 0047b8f0 f   atlsd:atlbase.obj
 0001:0007a910       ??__Fg_Allocator@@YAXXZ    0047b910 f   atlsd:Externs.obj
 0001:0007a930       ??__F?s_trace@CTrace@ATL@@2V12@A@@YAXXZ 0047b930 f   atlsd:Externs.obj
