 ListDemo_ud

 Timestamp is 54bcacc4 (Mon Jan 19 15:05:40 2015)

 Preferred load address is 00400000

 Start         Length     Name                   Class
 0001:00000000 000522e6H .text                   CODE
 0001:000522f0 000011d3H .text$x                 CODE
 0001:000534d0 00000234H .text$yc                CODE
 0001:00053710 00000171H .text$yd                CODE
 0002:00000000 000003e8H .idata$5                DATA
 0002:000003e8 00000004H .CRT$XCA                DATA
 0002:000003ec 0000000cH .CRT$XCC                DATA
 0002:000003f8 0000001cH .CRT$XCL                DATA
 0002:00000414 0000002cH .CRT$XCU                DATA
 0002:00000440 00000004H .CRT$XCZ                DATA
 0002:00000444 00000004H .CRT$XIA                DATA
 0002:00000448 00000010H .CRT$XIC                DATA
 0002:00000458 00000004H .CRT$XID                DATA
 0002:0000045c 00000004H .CRT$XIY                DATA
 0002:00000460 00000004H .CRT$XIZ                DATA
 0002:00000464 00000004H .CRT$XPA                DATA
 0002:00000468 00000008H .CRT$XPX                DATA
 0002:00000470 00000004H .CRT$XPXA               DATA
 0002:00000474 00000004H .CRT$XPZ                DATA
 0002:00000478 00000004H .CRT$XTA                DATA
 0002:0000047c 00000004H .CRT$XTZ                DATA
 0002:00000480 0000d540H .rdata                  DATA
 0002:0000d9c0 0000005cH .rdata$debug            DATA
 0002:0000da1c 00000e70H .rdata$r                DATA
 0002:0000e890 00000154H .rdata$sxdata           DATA
 0002:0000e9e4 00000004H .rtc$IAA                DATA
 0002:0000e9e8 00000004H .rtc$IMZ                DATA
 0002:0000e9ec 00000004H .rtc$IZZ                DATA
 0002:0000e9f0 00000004H .rtc$TAA                DATA
 0002:0000e9f4 00000004H .rtc$TMZ                DATA
 0002:0000e9f8 00000004H .rtc$TZZ                DATA
 0002:0000ea00 00001cecH .xdata$x                DATA
 0002:000106ec 00000050H .idata$2                DATA
 0002:0001073c 00000014H .idata$3                DATA
 0002:00010750 000003e8H .idata$4                DATA
 0002:00010b38 00002086H .idata$6                DATA
 0002:00012bbe 00000000H .edata                  DATA
 0003:00000000 00001950H .data                   DATA
 0003:00001960 000021d8H .bss                    DATA

  Address         Publics by Value              Rva+Base       Lib:Object

 0000:00000000       __except_list              00000000     <absolute>
 0000:00000055       ___safe_se_handler_count   00000055     <absolute>
 0000:00000000       ___ImageBase               00400000     <linker-defined>
 0001:00000000       ??_H@YGXPAXIHP6EPAX0@Z@Z   00401000 f i Main.obj
 0001:00000040       _WinMain@16                00401040 f   Main.obj
 0001:00000220       ??0ListMainForm@@QAE@XZ    00401220 f i Main.obj
 0001:000002a0       ??0INotifyUI@DuiLib@@QAE@XZ 004012a0 f i Main.obj
 0001:000002c0       ?GetWindowClassName@ListMainForm@@UBEPB_WXZ 004012c0 f i Main.obj
 0001:000002e0       ?GetClassStyle@ListMainForm@@UBEIXZ 004012e0 f i Main.obj
 0001:00000300       ?OnFinalMessage@ListMainForm@@UAEXPAUHWND__@@@Z 00401300 f i Main.obj
 0001:00000360       ?GetItemText@ListMainForm@@UAEPB_WPAVCControlUI@DuiLib@@HH@Z 00401360 f i Main.obj
 0001:00000640       ?Notify@ListMainForm@@UAEXAAUtagTNotifyUI@DuiLib@@@Z 00401640 f i Main.obj
 0001:00000dd0       ??0CMenuWnd@@QAE@XZ        00401dd0 f i Main.obj
 0001:00000e50       ?Init@CMenuWnd@@QAEXPAVCControlUI@DuiLib@@UtagPOINT@@@Z 00401e50 f i Main.obj
 0001:00000f70       ?GetWindowClassName@CMenuWnd@@UBEPB_WXZ 00401f70 f i Main.obj
 0001:00000f90       ?OnFinalMessage@CMenuWnd@@UAEXPAUHWND__@@@Z 00401f90 f i Main.obj
 0001:00000ff0       ?Notify@CMenuWnd@@UAEXAAUtagTNotifyUI@DuiLib@@@Z 00401ff0 f i Main.obj
 0001:000011a0       ?Create@CMenuWnd@@QAEPAUHWND__@@PAU2@PB_WKKHHHHPAUHMENU__@@@Z 004021a0 f i Main.obj
 0001:000012d0       ??0CShadowWnd@@QAE@XZ      004022d0 f i Main.obj
 0001:00001330       ?GetWindowClassName@CShadowWnd@@UBEPB_WXZ 00402330 f i Main.obj
 0001:00001350       ?GetClassStyle@CShadowWnd@@UBEIXZ 00402350 f i Main.obj
 0001:00001370       ?OnFinalMessage@CShadowWnd@@UAEXPAUHWND__@@@Z 00402370 f i Main.obj
 0001:000013d0       ?HandleMessage@CShadowWnd@@UAEJIIJ@Z 004023d0 f i Main.obj
 0001:000014c0       ?RePaint@CShadowWnd@@QAEXXZ 004024c0 f i Main.obj
 0001:000017b0       ?CreateMyBitmap@@YAPAUHBITMAP__@@PAUHDC__@@HHPAPAK@Z 004027b0 f i Main.obj
 0001:000018b0       ??_GCShadowWnd@@QAEPAXI@Z  004028b0 f i Main.obj
 0001:000018f0       ??1CShadowWnd@@QAE@XZ      004028f0 f i Main.obj
 0001:00001930       ?HandleMessage@CMenuWnd@@UAEJIIJ@Z 00402930 f i Main.obj
 0001:00001b40       ?OnCreate@CMenuWnd@@QAEJIIJAAH@Z 00402b40 f i Main.obj
 0001:00001db0       ??0STRINGorID@DuiLib@@QAE@PB_W@Z 00402db0 f i Main.obj
 0001:00001dd0       ?AdjustPostion@CMenuWnd@@QAEXXZ 00402dd0 f i Main.obj
 0001:00002020       ?OnClose@CMenuWnd@@QAEJIIJAAH@Z 00403020 f i Main.obj
 0001:00002080       ?OnKillFocus@CMenuWnd@@QAEJIIJAAH@Z 00403080 f i Main.obj
 0001:00002140       ?OnKeyDown@CMenuWnd@@QAEJIIJAAH@Z 00403140 f i Main.obj
 0001:00002180       ?OnSize@CMenuWnd@@QAEJIIJAAH@Z 00403180 f i Main.obj
 0001:00002380       ?OnMove@CMenuWnd@@QAEJIIJAAH@Z 00403380 f i Main.obj
 0001:00002490       ??_GCMenuWnd@@QAEPAXI@Z    00403490 f i Main.obj
 0001:000024d0       ??1CMenuWnd@@QAE@XZ        004034d0 f i Main.obj
 0001:00002510       ?OnPrepare@ListMainForm@@QAEXAAUtagTNotifyUI@DuiLib@@@Z 00403510 f i Main.obj
 0001:00002530       ?OnSearch@ListMainForm@@QAEXXZ 00403530 f i Main.obj
 0001:00002810       ?Search@ListMainForm@@SGKPAX@Z 00403810 f i Main.obj
 0001:00002c60       ?HandleMessage@ListMainForm@@UAEJIIJ@Z 00403c60 f i Main.obj
 0001:00002f70       ?OnAddListItem@ListMainForm@@QAEJIIJAAH@Z 00403f70 f i Main.obj
 0001:00002ff0       ?OnCreate@ListMainForm@@QAEJIIJAAH@Z 00403ff0 f i Main.obj
 0001:00003220       ?Init@ListMainForm@@QAEXXZ 00404220 f i Main.obj
 0001:000032f0       ?OnClose@ListMainForm@@QAEJIIJAAH@Z 004042f0 f i Main.obj
 0001:00003310       ?OnDestroy@ListMainForm@@QAEJIIJAAH@Z 00404310 f i Main.obj
 0001:00003350       ?OnNcActivate@ListMainForm@@QAEJIIJAAH@Z 00404350 f i Main.obj
 0001:000033b0       ?OnNcCalcSize@ListMainForm@@QAEJIIJAAH@Z 004043b0 f i Main.obj
 0001:000033d0       ?OnNcPaint@ListMainForm@@QAEJIIJAAH@Z 004043d0 f i Main.obj
 0001:000033f0       ?OnNcHitTest@ListMainForm@@QAEJIIJAAH@Z 004043f0 f i Main.obj
 0001:00003720       ?OnSize@ListMainForm@@QAEJIIJAAH@Z 00404720 f i Main.obj
 0001:00003950       ?OnGetMinMaxInfo@ListMainForm@@QAEJIIJAAH@Z 00404950 f i Main.obj
 0001:00003aa0       ?OnSysCommand@ListMainForm@@QAEJIIJAAH@Z 00404aa0 f i Main.obj
 0001:00003c70       ??0IListCallbackUI@DuiLib@@QAE@XZ 00404c70 f i Main.obj
 0001:00003c90       ??_GListMainForm@@QAEPAXI@Z 00404c90 f i Main.obj
 0001:00003cd0       ??_D?$basic_stringstream@DU?$char_traits@D@std@@V?$allocator@D@2@@std@@QAEXXZ 00404cd0 f i Main.obj
 0001:00003d10       ??_ECListTextElementUI@DuiLib@@UAEPAXI@Z 00404d10 f i Main.obj
 0001:00003d10       ??_GCListTextElementUI@DuiLib@@UAEPAXI@Z 00404d10 f i Main.obj
 0001:00003d60       ??_GPrama@@QAEPAXI@Z       00404d60 f i Main.obj
 0001:00003da0       ??0Prama@@QAE@XZ           00404da0 f i Main.obj
 0001:00003de0       ??1?$_Vector_iterator@V?$_Vector_val@V?$basic_string@DU?$char_traits@D@std@@V?$allocator@D@2@@std@@V?$allocator@V?$basic_string@DU?$char_traits@D@std@@V?$allocator@D@2@@std@@@2@@std@@@std@@QAE@XZ 00404de0 f i Main.obj
 0001:00003e10       ??0?$_Vector_const_iterator@V?$_Vector_val@V?$basic_string@DU?$char_traits@D@std@@V?$allocator@D@2@@std@@V?$allocator@V?$basic_string@DU?$char_traits@D@std@@V?$allocator@D@2@@std@@@2@@std@@@std@@QAE@ABV01@@Z 00404e10 f i Main.obj
 0001:00003e50       ??1?$_Vector_const_iterator@V?$_Vector_val@V?$basic_string@DU?$char_traits@D@std@@V?$allocator@D@2@@std@@V?$allocator@V?$basic_string@DU?$char_traits@D@std@@V?$allocator@D@2@@std@@@2@@std@@@std@@QAE@XZ 00404e50 f i Main.obj
 0001:00003e80       ??1ListMainForm@@QAE@XZ    00404e80 f i Main.obj
 0001:00003ec0       ??1Prama@@QAE@XZ           00404ec0 f i Main.obj
 0001:00003f00       ??0?$_Iterator012@Urandom_access_iterator_tag@std@@V?$basic_string@DU?$char_traits@D@std@@V?$allocator@D@2@@2@HPBV32@ABV32@U_Iterator_base12@2@@std@@QAE@ABU01@@Z 00404f00 f i Main.obj
 0001:00003f30       ??0_Iterator_base12@std@@QAE@ABU01@@Z 00404f30 f i Main.obj
 0001:00003f70       ??4_Iterator_base12@std@@QAEAAU01@ABU01@@Z 00404f70 f i Main.obj
 0001:00003fb0       ?_Adopt@_Iterator_base12@std@@QAEXPBU_Container_base12@2@@Z 00404fb0 f i Main.obj
 0001:000040a0       ?_Orphan_me@_Iterator_base12@std@@QAEXXZ 004050a0 f i Main.obj
 0001:00004130       ??1?$_Iterator012@Urandom_access_iterator_tag@std@@V?$basic_string@DU?$char_traits@D@std@@V?$allocator@D@2@@2@HPBV32@ABV32@U_Iterator_base12@2@@std@@QAE@XZ 00405130 f i Main.obj
 0001:00004160       ??1_Iterator_base12@std@@QAE@XZ 00405160 f i Main.obj
 0001:00004210       ??1?$basic_string@DU?$char_traits@D@std@@V?$allocator@D@2@@std@@QAE@XZ 00405210 f i Main.obj
 0001:00004280       ?c_str@?$basic_string@DU?$char_traits@D@std@@V?$allocator@D@2@@std@@QBEPBDXZ 00405280 f i Main.obj
 0001:000042b0       ?length@?$basic_string@DU?$char_traits@D@std@@V?$allocator@D@2@@std@@QBEIXZ 004052b0 f i Main.obj
 0001:000042d0       ??6?$basic_ostream@DU?$char_traits@D@std@@@std@@QAEAAV01@H@Z 004052d0 f i Main.obj
 0001:000044f0       ??1locale@std@@QAE@XZ      004054f0 f i Main.obj
 0001:00004530       ?_Decref@facet@locale@std@@QAEPAV123@XZ 00405530 f i Main.obj
 0001:000045d0       ?flags@ios_base@std@@QBEHXZ 004055d0 f i Main.obj
 0001:000045f0       ?getloc@ios_base@std@@QBE?AVlocale@2@XZ 004055f0 f i Main.obj
 0001:00004640       ??0locale@std@@QAE@ABV01@@Z 00405640 f i Main.obj
 0001:00004680       ?_Incref@facet@locale@std@@QAEXXZ 00405680 f i Main.obj
 0001:00004700       ??1?$basic_ios@DU?$char_traits@D@std@@@std@@UAE@XZ 00405700 f i Main.obj
 0001:00004730       ??1ios_base@std@@UAE@XZ    00405730 f i Main.obj
 0001:00004770       ??_Eios_base@std@@UAEPAXI@Z 00405770 f i Main.obj
 0001:00004770       ??_Gios_base@std@@UAEPAXI@Z 00405770 f i Main.obj
 0001:000047b0       ?clear@?$basic_ios@DU?$char_traits@D@std@@@std@@QAEXH_N@Z 004057b0 f i Main.obj
 0001:00004810       ?clear@ios_base@std@@QAEXH_N@Z 00405810 f i Main.obj
 0001:00004920       ??0runtime_error@std@@QAE@ABV01@@Z 00405920 f i Main.obj
 0001:00004960       ??_Eruntime_error@std@@UAEPAXI@Z 00405960 f i Main.obj
 0001:00004960       ??_Gruntime_error@std@@UAEPAXI@Z 00405960 f i Main.obj
 0001:000049a0       ??1runtime_error@std@@UAE@XZ 004059a0 f i Main.obj
 0001:000049d0       ?make_error_code@std@@YA?AVerror_code@1@W4io_errc@31@@Z 004059d0 f i Main.obj
 0001:00004a00       ??0error_code@std@@QAE@HABVerror_category@1@@Z 00405a00 f i Main.obj
 0001:00004a30       ??0failure@ios_base@std@@QAE@PBDABVerror_code@2@@Z 00405a30 f i Main.obj
 0001:00004a70       ??0system_error@std@@QAE@Verror_code@1@PBD@Z 00405a70 f i Main.obj
 0001:00004b00       ??0runtime_error@std@@QAE@PBD@Z 00405b00 f i Main.obj
 0001:00004b40       ?_Makestr@system_error@std@@AAEXXZ 00405b40 f i Main.obj
 0001:00004b60       ??_Esystem_error@std@@UAEPAXI@Z 00405b60 f i Main.obj
 0001:00004b60       ??_Gsystem_error@std@@UAEPAXI@Z 00405b60 f i Main.obj
 0001:00004ba0       ??1system_error@std@@UAE@XZ 00405ba0 f i Main.obj
 0001:00004bd0       ??_Efailure@ios_base@std@@UAEPAXI@Z 00405bd0 f i Main.obj
 0001:00004bd0       ??_Gfailure@ios_base@std@@UAEPAXI@Z 00405bd0 f i Main.obj
 0001:00004c10       ??1failure@ios_base@std@@UAE@XZ 00405c10 f i Main.obj
 0001:00004c40       ??0failure@ios_base@std@@QAE@ABV012@@Z 00405c40 f i Main.obj
 0001:00004c80       ??0system_error@std@@QAE@ABV01@@Z 00405c80 f i Main.obj
 0001:00004cd0       ?setstate@?$basic_ios@DU?$char_traits@D@std@@@std@@QAEXH_N@Z 00405cd0 f i Main.obj
 0001:00004d10       ?rdstate@ios_base@std@@QBEHXZ 00405d10 f i Main.obj
 0001:00004d30       ?rdbuf@?$basic_ios@DU?$char_traits@D@std@@@std@@QBEPAV?$basic_streambuf@DU?$char_traits@D@std@@@2@XZ 00405d30 f i Main.obj
 0001:00004d50       ?push_back@?$vector@V?$basic_string@DU?$char_traits@D@std@@V?$allocator@D@2@@std@@V?$allocator@V?$basic_string@DU?$char_traits@D@std@@V?$allocator@D@2@@std@@@2@@std@@QAEX$$QAV?$basic_string@DU?$char_traits@D@std@@V?$allocator@D@2@@2@@Z 00405d50 f i Main.obj
 0001:00004e80       ?begin@?$vector@V?$basic_string@DU?$char_traits@D@std@@V?$allocator@D@2@@std@@V?$allocator@V?$basic_string@DU?$char_traits@D@std@@V?$allocator@D@2@@std@@@2@@std@@QAE?AV?$_Vector_iterator@V?$_Vector_val@V?$basic_string@DU?$char_traits@D@std@@V?$allocator@D@2@@std@@V?$allocator@V?$basic_string@DU?$char_traits@D@std@@V?$allocator@D@2@@std@@@2@@std@@@2@XZ 00405e80 f i Main.obj
 0001:00004ed0       ?resize@?$vector@V?$basic_string@DU?$char_traits@D@std@@V?$allocator@D@2@@std@@V?$allocator@V?$basic_string@DU?$char_traits@D@std@@V?$allocator@D@2@@std@@@2@@std@@QAEXI@Z 00405ed0 f i Main.obj
 0001:00005070       ?empty@?$vector@V?$basic_string@DU?$char_traits@D@std@@V?$allocator@D@2@@std@@V?$allocator@V?$basic_string@DU?$char_traits@D@std@@V?$allocator@D@2@@std@@@2@@std@@QBE_NXZ 00406070 f i Main.obj
 0001:000050a0       ??A?$vector@V?$basic_string@DU?$char_traits@D@std@@V?$allocator@D@2@@std@@V?$allocator@V?$basic_string@DU?$char_traits@D@std@@V?$allocator@D@2@@std@@@2@@std@@QAEAAV?$basic_string@DU?$char_traits@D@std@@V?$allocator@D@2@@1@I@Z 004060a0 f i Main.obj
 0001:00005140       ?erase@?$vector@V?$basic_string@DU?$char_traits@D@std@@V?$allocator@D@2@@std@@V?$allocator@V?$basic_string@DU?$char_traits@D@std@@V?$allocator@D@2@@std@@@2@@std@@QAE?AV?$_Vector_iterator@V?$_Vector_val@V?$basic_string@DU?$char_traits@D@std@@V?$allocator@D@2@@std@@V?$allocator@V?$basic_string@DU?$char_traits@D@std@@V?$allocator@D@2@@std@@@2@@std@@@2@V?$_Vector_const_iterator@V?$_Vector_val@V?$basic_string@DU?$char_traits@D@std@@V?$allocator@D@2@@std@@V?$allocator@V?$basic_string@DU?$char_traits@D@std@@V?$allocator@D@2@@std@@@2@@std@@@2@@Z 00406140 f i Main.obj
 0001:00005270       ?_Getcont@_Iterator_base12@std@@QBEPBU_Container_base12@2@XZ 00406270 f i Main.obj
 0001:000052b0       ??0?$basic_stringstream@DU?$char_traits@D@std@@V?$allocator@D@2@@std@@QAE@H@Z 004062b0 f i Main.obj
 0001:00005380       ??1?$basic_stringstream@DU?$char_traits@D@std@@V?$allocator@D@2@@std@@UAE@XZ 00406380 f i Main.obj
 0001:00005400       ?str@?$basic_stringstream@DU?$char_traits@D@std@@V?$allocator@D@2@@std@@QBE?AV?$basic_string@DU?$char_traits@D@std@@V?$allocator@D@2@@2@XZ 00406400 f i Main.obj
 0001:00005450       ??1?$basic_iostream@DU?$char_traits@D@std@@@std@@UAE@XZ 00406450 f i Main.obj
 0001:000054d0       ??1?$basic_ostream@DU?$char_traits@D@std@@@std@@UAE@XZ 004064d0 f i Main.obj
 0001:00005500       ??1?$basic_istream@DU?$char_traits@D@std@@@std@@UAE@XZ 00406500 f i Main.obj
 0001:00005530       ??1?$basic_stringbuf@DU?$char_traits@D@std@@V?$allocator@D@2@@std@@UAE@XZ 00406530 f i Main.obj
 0001:000055a0       ??1?$basic_streambuf@DU?$char_traits@D@std@@@std@@UAE@XZ 004065a0 f i Main.obj
 0001:00005620       ?_Lock@?$basic_streambuf@DU?$char_traits@D@std@@@std@@UAEXXZ 00406620 f i Main.obj
 0001:00005650       ?_Unlock@?$basic_streambuf@DU?$char_traits@D@std@@@std@@UAEXXZ 00406650 f i Main.obj
 0001:00005680       ?overflow@?$basic_streambuf@DU?$char_traits@D@std@@@std@@MAEHH@Z 00406680 f i Main.obj
 0001:000056b0       ?eof@?$char_traits@D@std@@SAHXZ 004066b0 f i Main.obj
 0001:000056c0       ?pbackfail@?$basic_streambuf@DU?$char_traits@D@std@@@std@@MAEHH@Z 004066c0 f i Main.obj
 0001:000056f0       ?showmanyc@?$basic_streambuf@DU?$char_traits@D@std@@@std@@MAE_JXZ 004066f0 f i Main.obj
 0001:00005710       ?underflow@?$basic_streambuf@DU?$char_traits@D@std@@@std@@MAEHXZ 00406710 f i Main.obj
 0001:00005740       ?uflow@?$basic_streambuf@DU?$char_traits@D@std@@@std@@MAEHXZ 00406740 f i Main.obj
 0001:000057d0       ?to_int_type@?$char_traits@D@std@@SAHABD@Z 004067d0 f i Main.obj
 0001:000057e0       ?eq_int_type@?$char_traits@D@std@@SA_NABH0@Z 004067e0 f i Main.obj
 0001:00005800       ?xsgetn@?$basic_streambuf@DU?$char_traits@D@std@@@std@@MAE_JPAD_J@Z 00406800 f i Main.obj
 0001:000059a0       ?copy@?$char_traits@D@std@@SAPADPADPBDI@Z 004069a0 f i Main.obj
 0001:000059c0       ?to_char_type@?$char_traits@D@std@@SADABH@Z 004069c0 f i Main.obj
 0001:000059d0       ?xsputn@?$basic_streambuf@DU?$char_traits@D@std@@@std@@MAE_JPBD_J@Z 004069d0 f i Main.obj
 0001:00005b40       ?seekoff@?$basic_streambuf@DU?$char_traits@D@std@@@std@@MAE?AV?$fpos@H@2@_JHH@Z 00406b40 f i Main.obj
 0001:00005b80       ?seekpos@?$basic_streambuf@DU?$char_traits@D@std@@@std@@MAE?AV?$fpos@H@2@V32@H@Z 00406b80 f i Main.obj
 0001:00005bc0       ?setbuf@?$basic_streambuf@DU?$char_traits@D@std@@@std@@MAEPAV12@PAD_J@Z 00406bc0 f i Main.obj
 0001:00005be0       ?sync@?$basic_streambuf@DU?$char_traits@D@std@@@std@@MAEHXZ 00406be0 f i Main.obj
 0001:00005c00       ?imbue@?$basic_streambuf@DU?$char_traits@D@std@@@std@@MAEXABVlocale@2@@Z 00406c00 f i Main.obj
 0001:00005c20       ?overflow@?$basic_stringbuf@DU?$char_traits@D@std@@V?$allocator@D@2@@std@@MAEHH@Z 00406c20 f i Main.obj
 0001:00005f30       ?not_eof@?$char_traits@D@std@@SAHABH@Z 00406f30 f i Main.obj
 0001:00005f80       ?pbackfail@?$basic_stringbuf@DU?$char_traits@D@std@@V?$allocator@D@2@@std@@MAEHH@Z 00406f80 f i Main.obj
 0001:00006080       ?eq@?$char_traits@D@std@@SA_NABD0@Z 00407080 f i Main.obj
 0001:000060a0       ?underflow@?$basic_stringbuf@DU?$char_traits@D@std@@V?$allocator@D@2@@std@@MAEHXZ 004070a0 f i Main.obj
 0001:000061a0       ?seekoff@?$basic_stringbuf@DU?$char_traits@D@std@@V?$allocator@D@2@@std@@MAE?AV?$fpos@H@2@_JHH@Z 004071a0 f i Main.obj
 0001:00006470       ?seekpos@?$basic_stringbuf@DU?$char_traits@D@std@@V?$allocator@D@2@@std@@MAE?AV?$fpos@H@2@V32@H@Z 00407470 f i Main.obj
 0001:00006680       ??H?$_Vector_iterator@V?$_Vector_val@V?$basic_string@DU?$char_traits@D@std@@V?$allocator@D@2@@std@@V?$allocator@V?$basic_string@DU?$char_traits@D@std@@V?$allocator@D@2@@std@@@2@@std@@@std@@QBE?AV01@H@Z 00407680 f i Main.obj
 0001:00006760       ??_G?$basic_ostream@DU?$char_traits@D@std@@@std@@UAEPAXI@Z 00407760 f i Main.obj
 0001:00006760       ??_E?$basic_ostream@DU?$char_traits@D@std@@@std@@UAEPAXI@Z 00407760 f i Main.obj
 0001:000067b0       ??_G?$basic_ios@DU?$char_traits@D@std@@@std@@UAEPAXI@Z 004077b0 f i Main.obj
 0001:000067b0       ??_E?$basic_ios@DU?$char_traits@D@std@@@std@@UAEPAXI@Z 004077b0 f i Main.obj
 0001:000067f0       ??_E?$basic_istream@DU?$char_traits@D@std@@@std@@UAEPAXI@Z 004077f0 f i Main.obj
 0001:000067f0       ??_G?$basic_istream@DU?$char_traits@D@std@@@std@@UAEPAXI@Z 004077f0 f i Main.obj
 0001:00006840       ??_G?$basic_streambuf@DU?$char_traits@D@std@@@std@@UAEPAXI@Z 00407840 f i Main.obj
 0001:00006840       ??_E?$basic_streambuf@DU?$char_traits@D@std@@@std@@UAEPAXI@Z 00407840 f i Main.obj
 0001:00006880       ??_E?$basic_stringstream@DU?$char_traits@D@std@@V?$allocator@D@2@@std@@UAEPAXI@Z 00407880 f i Main.obj
 0001:00006880       ??_G?$basic_stringstream@DU?$char_traits@D@std@@V?$allocator@D@2@@std@@UAEPAXI@Z 00407880 f i Main.obj
 0001:000068d0       ??_G?$basic_iostream@DU?$char_traits@D@std@@@std@@UAEPAXI@Z 004078d0 f i Main.obj
 0001:000068d0       ??_E?$basic_iostream@DU?$char_traits@D@std@@@std@@UAEPAXI@Z 004078d0 f i Main.obj
 0001:00006920       ??_G?$basic_stringbuf@DU?$char_traits@D@std@@V?$allocator@D@2@@std@@UAEPAXI@Z 00407920 f i Main.obj
 0001:00006920       ??_E?$basic_stringbuf@DU?$char_traits@D@std@@V?$allocator@D@2@@std@@UAEPAXI@Z 00407920 f i Main.obj
 0001:00006960       ??0?$_Vector_iterator@V?$_Vector_val@V?$basic_string@DU?$char_traits@D@std@@V?$allocator@D@2@@std@@V?$allocator@V?$basic_string@DU?$char_traits@D@std@@V?$allocator@D@2@@std@@@2@@std@@@std@@QAE@ABV01@@Z 00407960 f i Main.obj
 0001:00006990       ??_D?$basic_ostream@DU?$char_traits@D@std@@@std@@QAEXXZ 00407990 f i Main.obj
 0001:000069d0       ??_D?$basic_istream@DU?$char_traits@D@std@@@std@@QAEXXZ 004079d0 f i Main.obj
 0001:00006a10       ??_D?$basic_iostream@DU?$char_traits@D@std@@@std@@QAEXXZ 00407a10 f i Main.obj
 0001:00006a50       ?_Tidy@?$basic_string@DU?$char_traits@D@std@@V?$allocator@D@2@@std@@QAEX_NI@Z 00407a50 f i Main.obj
 0001:00006ae0       ?_Myptr@?$basic_string@DU?$char_traits@D@std@@V?$allocator@D@2@@std@@QBEPBDXZ 00407ae0 f i Main.obj
 0001:00006b20       ??1?$_String_val@DV?$allocator@D@std@@@std@@QAE@XZ 00407b20 f i Main.obj
 0001:00006c00       ??1_Container_base12@std@@QAE@XZ 00407c00 f i Main.obj
 0001:00006c30       ?_Orphan_all@_Container_base12@std@@QAEXXZ 00407c30 f i Main.obj
 0001:00006ce0       ?deallocate@?$allocator@D@std@@QAEXPADI@Z 00407ce0 f i Main.obj
 0001:00006d10       ?allocate@?$allocator@D@std@@QAEPADI@Z 00407d10 f i Main.obj
 0001:00006d40       ?fill@?$basic_ios@DU?$char_traits@D@std@@@std@@QBEDXZ 00407d40 f i Main.obj
 0001:00006d60       ??0?$basic_ios@DU?$char_traits@D@std@@@std@@IAE@XZ 00407d60 f i Main.obj
 0001:00006d90       ??0ios_base@std@@IAE@XZ    00407d90 f i Main.obj
 0001:00006db0       ?eback@?$basic_streambuf@DU?$char_traits@D@std@@@std@@IBEPADXZ 00407db0 f i Main.obj
 0001:00006dd0       ?gptr@?$basic_streambuf@DU?$char_traits@D@std@@@std@@IBEPADXZ 00407dd0 f i Main.obj
 0001:00006df0       ?pbase@?$basic_streambuf@DU?$char_traits@D@std@@@std@@IBEPADXZ 00407df0 f i Main.obj
 0001:00006e10       ?pptr@?$basic_streambuf@DU?$char_traits@D@std@@@std@@IBEPADXZ 00407e10 f i Main.obj
 0001:00006e30       ?egptr@?$basic_streambuf@DU?$char_traits@D@std@@@std@@IBEPADXZ 00407e30 f i Main.obj
 0001:00006e60       ?gbump@?$basic_streambuf@DU?$char_traits@D@std@@@std@@IAEXH@Z 00407e60 f i Main.obj
 0001:00006ea0       ?setg@?$basic_streambuf@DU?$char_traits@D@std@@@std@@IAEXPAD00@Z 00407ea0 f i Main.obj
 0001:00006ee0       ?epptr@?$basic_streambuf@DU?$char_traits@D@std@@@std@@IBEPADXZ 00407ee0 f i Main.obj
 0001:00006f10       ?_Gninc@?$basic_streambuf@DU?$char_traits@D@std@@@std@@IAEPADXZ 00407f10 f i Main.obj
 0001:00006f60       ?_Gnavail@?$basic_streambuf@DU?$char_traits@D@std@@@std@@IBE_JXZ 00407f60 f i Main.obj
 0001:00006fa0       ?pbump@?$basic_streambuf@DU?$char_traits@D@std@@@std@@IAEXH@Z 00407fa0 f i Main.obj
 0001:00006fe0       ?setp@?$basic_streambuf@DU?$char_traits@D@std@@@std@@IAEXPAD0@Z 00407fe0 f i Main.obj
 0001:00007020       ?setp@?$basic_streambuf@DU?$char_traits@D@std@@@std@@IAEXPAD00@Z 00408020 f i Main.obj
 0001:00007060       ?_Pninc@?$basic_streambuf@DU?$char_traits@D@std@@@std@@IAEPADXZ 00408060 f i Main.obj
 0001:000070b0       ?_Pnavail@?$basic_streambuf@DU?$char_traits@D@std@@@std@@IBE_JXZ 004080b0 f i Main.obj
 0001:000070f0       ?end@?$vector@V?$basic_string@DU?$char_traits@D@std@@V?$allocator@D@2@@std@@V?$allocator@V?$basic_string@DU?$char_traits@D@std@@V?$allocator@D@2@@std@@@2@@std@@QAE?AV?$_Vector_iterator@V?$_Vector_val@V?$basic_string@DU?$char_traits@D@std@@V?$allocator@D@2@@std@@V?$allocator@V?$basic_string@DU?$char_traits@D@std@@V?$allocator@D@2@@std@@@2@@std@@@2@XZ 004080f0 f i Main.obj
 0001:00007140       ?_Make_iter@?$vector@V?$basic_string@DU?$char_traits@D@std@@V?$allocator@D@2@@std@@V?$allocator@V?$basic_string@DU?$char_traits@D@std@@V?$allocator@D@2@@std@@@2@@std@@QBE?AV?$_Vector_iterator@V?$_Vector_val@V?$basic_string@DU?$char_traits@D@std@@V?$allocator@D@2@@std@@V?$allocator@V?$basic_string@DU?$char_traits@D@std@@V?$allocator@D@2@@std@@@2@@std@@@2@V?$_Vector_const_iterator@V?$_Vector_val@V?$basic_string@DU?$char_traits@D@std@@V?$allocator@D@2@@std@@V?$allocator@V?$basic_string@DU?$char_traits@D@std@@V?$allocator@D@2@@std@@@2@@std@@@2@@Z 00408140 f i Main.obj
 0001:000071d0       ?size@?$vector@V?$basic_string@DU?$char_traits@D@std@@V?$allocator@D@2@@std@@V?$allocator@V?$basic_string@DU?$char_traits@D@std@@V?$allocator@D@2@@std@@@2@@std@@QBEIXZ 004081d0 f i Main.obj
 0001:00007200       ?erase@?$vector@V?$basic_string@DU?$char_traits@D@std@@V?$allocator@D@2@@std@@V?$allocator@V?$basic_string@DU?$char_traits@D@std@@V?$allocator@D@2@@std@@@2@@std@@QAE?AV?$_Vector_iterator@V?$_Vector_val@V?$basic_string@DU?$char_traits@D@std@@V?$allocator@D@2@@std@@V?$allocator@V?$basic_string@DU?$char_traits@D@std@@V?$allocator@D@2@@std@@@2@@std@@@2@V?$_Vector_const_iterator@V?$_Vector_val@V?$basic_string@DU?$char_traits@D@std@@V?$allocator@D@2@@std@@V?$allocator@V?$basic_string@DU?$char_traits@D@std@@V?$allocator@D@2@@std@@@2@@std@@@2@0@Z 00408200 f i Main.obj
 0001:00007400       ?_Destroy@?$vector@V?$basic_string@DU?$char_traits@D@std@@V?$allocator@D@2@@std@@V?$allocator@V?$basic_string@DU?$char_traits@D@std@@V?$allocator@D@2@@std@@@2@@std@@IAEXPAV?$basic_string@DU?$char_traits@D@std@@V?$allocator@D@2@@2@0@Z 00408400 f i Main.obj
 0001:00007440       ?_Inside@?$vector@V?$basic_string@DU?$char_traits@D@std@@V?$allocator@D@2@@std@@V?$allocator@V?$basic_string@DU?$char_traits@D@std@@V?$allocator@D@2@@std@@@2@@std@@IBE_NPBV?$basic_string@DU?$char_traits@D@std@@V?$allocator@D@2@@2@@Z 00408440 f i Main.obj
 0001:00007490       ?_Reserve@?$vector@V?$basic_string@DU?$char_traits@D@std@@V?$allocator@D@2@@std@@V?$allocator@V?$basic_string@DU?$char_traits@D@std@@V?$allocator@D@2@@std@@@2@@std@@IAEXI@Z 00408490 f i Main.obj
 0001:00007510       ?_Orphan_range@?$vector@V?$basic_string@DU?$char_traits@D@std@@V?$allocator@D@2@@std@@V?$allocator@V?$basic_string@DU?$char_traits@D@std@@V?$allocator@D@2@@std@@@2@@std@@IBEXPAV?$basic_string@DU?$char_traits@D@std@@V?$allocator@D@2@@2@0@Z 00408510 f i Main.obj
 0001:00007620       ?_Getpfirst@_Container_base12@std@@QBEPAPAU_Iterator_base12@2@XZ 00408620 f i Main.obj
 0001:00007660       ?_Clrcont@_Iterator_base12@std@@QAEXXZ 00408660 f i Main.obj
 0001:00007680       ?_Getpnext@_Iterator_base12@std@@QAEPAPAU12@XZ 00408680 f i Main.obj
 0001:000076a0       ??0?$basic_iostream@DU?$char_traits@D@std@@@std@@QAE@PAV?$basic_streambuf@DU?$char_traits@D@std@@@1@@Z 004086a0 f i Main.obj
 0001:00007770       ??0?$basic_stringbuf@DU?$char_traits@D@std@@V?$allocator@D@2@@std@@QAE@H@Z 00408770 f i Main.obj
 0001:00007800       ??0?$allocator@D@std@@QAE@XZ 00408800 f i Main.obj
 0001:00007820       ?str@?$basic_stringbuf@DU?$char_traits@D@std@@V?$allocator@D@2@@std@@QBE?AV?$basic_string@DU?$char_traits@D@std@@V?$allocator@D@2@@2@XZ 00408820 f i Main.obj
 0001:00007a50       ??0?$basic_string@DU?$char_traits@D@std@@V?$allocator@D@2@@std@@QAE@XZ 00408a50 f i Main.obj
 0001:00007ad0       ??0?$basic_string@DU?$char_traits@D@std@@V?$allocator@D@2@@std@@QAE@$$QAV01@@Z 00408ad0 f i Main.obj
 0001:00007b80       ?assign@?$basic_string@DU?$char_traits@D@std@@V?$allocator@D@2@@std@@QAEAAV12@$$QAV12@@Z 00408b80 f i Main.obj
 0001:00007c70       ?move@?$char_traits@D@std@@SAPADPADPBDI@Z 00408c70 f i Main.obj
 0001:00007c90       ??0?$_String_val@DV?$allocator@D@std@@@std@@QAE@V?$allocator@D@1@@Z 00408c90 f i Main.obj
 0001:00007d90       ??0_Container_proxy@std@@QAE@XZ 00408d90 f i Main.obj
 0001:00007dc0       ??0_Container_base12@std@@QAE@XZ 00408dc0 f i Main.obj
 0001:00007de0       ??0?$allocator@D@std@@QAE@ABV01@@Z 00408de0 f i Main.obj
 0001:00007e00       ?_Tidy@?$basic_stringbuf@DU?$char_traits@D@std@@V?$allocator@D@2@@std@@IAEXXZ 00408e00 f i Main.obj
 0001:00007eb0       ??0?$_Vector_iterator@V?$_Vector_val@V?$basic_string@DU?$char_traits@D@std@@V?$allocator@D@2@@std@@V?$allocator@V?$basic_string@DU?$char_traits@D@std@@V?$allocator@D@2@@std@@@2@@std@@@std@@QAE@PAV?$basic_string@DU?$char_traits@D@std@@V?$allocator@D@2@@1@PBU_Container_base12@1@@Z 00408eb0 f i Main.obj
 0001:00007ef0       ??Y?$_Vector_iterator@V?$_Vector_val@V?$basic_string@DU?$char_traits@D@std@@V?$allocator@D@2@@std@@V?$allocator@V?$basic_string@DU?$char_traits@D@std@@V?$allocator@D@2@@std@@@2@@std@@@std@@QAEAAV01@H@Z 00408ef0 f i Main.obj
 0001:00007f20       ??0sentry@?$basic_ostream@DU?$char_traits@D@std@@@std@@QAE@AAV12@@Z 00408f20 f i Main.obj
 0001:00007ff0       ?good@ios_base@std@@QBE_NXZ 00408ff0 f i Main.obj
 0001:00008020       ?flush@?$basic_ostream@DU?$char_traits@D@std@@@std@@QAEAAV12@XZ 00409020 f i Main.obj
 0001:000080b0       ?fail@ios_base@std@@QBE_NXZ 004090b0 f i Main.obj
 0001:000080e0       ?pubsync@?$basic_streambuf@DU?$char_traits@D@std@@@std@@QAEHXZ 004090e0 f i Main.obj
 0001:00008120       ??1sentry@?$basic_ostream@DU?$char_traits@D@std@@@std@@QAE@XZ 00409120 f i Main.obj
 0001:000081a0       ??Bsentry@?$basic_ostream@DU?$char_traits@D@std@@@std@@QBEPQ_Bool_struct@2@HXZ 004091a0 f i Main.obj
 0001:000081d0       ?put@?$num_put@DV?$ostreambuf_iterator@DU?$char_traits@D@std@@@std@@@std@@QBE?AV?$ostreambuf_iterator@DU?$char_traits@D@std@@@2@V32@AAVios_base@2@DJ@Z 004091d0 f i Main.obj
 0001:00008230       ??0?$ostreambuf_iterator@DU?$char_traits@D@std@@@std@@QAE@PAV?$basic_streambuf@DU?$char_traits@D@std@@@1@@Z 00409230 f i Main.obj
 0001:00008260       ?failed@?$ostreambuf_iterator@DU?$char_traits@D@std@@@std@@QBE_NXZ 00409260 f i Main.obj
 0001:00008280       ??0?$fpos@H@std@@QAE@_J@Z  00409280 f i Main.obj
 0001:000082d0       ??B?$fpos@H@std@@QBE_JXZ   004092d0 f i Main.obj
 0001:00008300       ??0?$basic_string@DU?$char_traits@D@std@@V?$allocator@D@2@@std@@QAE@PBDI@Z 00409300 f i Main.obj
 0001:000083a0       ??4?$basic_string@DU?$char_traits@D@std@@V?$allocator@D@2@@std@@QAEAAV01@ABV01@@Z 004093a0 f i Main.obj
 0001:000083d0       ?assign@?$basic_string@DU?$char_traits@D@std@@V?$allocator@D@2@@std@@QAEAAV12@PBDI@Z 004093d0 f i Main.obj
 0001:00008480       ?get_allocator@?$basic_string@DU?$char_traits@D@std@@V?$allocator@D@2@@std@@QBE?AV?$allocator@D@2@XZ 00409480 f i Main.obj
 0001:000084b0       ?_Eos@?$basic_string@DU?$char_traits@D@std@@V?$allocator@D@2@@std@@QAEXI@Z 004094b0 f i Main.obj
 0001:00008500       ?assign@?$char_traits@D@std@@SAXAADABD@Z 00409500 f i Main.obj
 0001:00008510       ?_Myptr@?$basic_string@DU?$char_traits@D@std@@V?$allocator@D@2@@std@@QAEPADXZ 00409510 f i Main.obj
 0001:00008550       ??0?$basic_ostream@DU?$char_traits@D@std@@@std@@QAE@W4_Uninitialized@1@_N@Z 00409550 f i Main.obj
 0001:00008630       ?_Osfx@?$basic_ostream@DU?$char_traits@D@std@@@std@@QAEXXZ 00409630 f i Main.obj
 0001:000086d0       ?tie@?$basic_ios@DU?$char_traits@D@std@@@std@@QBEPAV?$basic_ostream@DU?$char_traits@D@std@@@2@XZ 004096d0 f i Main.obj
 0001:000086f0       ??0?$basic_istream@DU?$char_traits@D@std@@@std@@QAE@PAV?$basic_streambuf@DU?$char_traits@D@std@@@1@_N@Z 004096f0 f i Main.obj
 0001:000087c0       ??0?$basic_streambuf@DU?$char_traits@D@std@@@std@@IAE@XZ 004097c0 f i Main.obj
 0001:00008880       ??0locale@std@@QAE@XZ      00409880 f i Main.obj
 0001:000088c0       ?reserve@?$vector@V?$basic_string@DU?$char_traits@D@std@@V?$allocator@D@2@@std@@V?$allocator@V?$basic_string@DU?$char_traits@D@std@@V?$allocator@D@2@@std@@@2@@std@@QAEXI@Z 004098c0 f i Main.obj
 0001:00008a30       ?capacity@?$vector@V?$basic_string@DU?$char_traits@D@std@@V?$allocator@D@2@@std@@V?$allocator@V?$basic_string@DU?$char_traits@D@std@@V?$allocator@D@2@@std@@@2@@std@@QBEIXZ 00409a30 f i Main.obj
 0001:00008a60       ?max_size@?$vector@V?$basic_string@DU?$char_traits@D@std@@V?$allocator@D@2@@std@@V?$allocator@V?$basic_string@DU?$char_traits@D@std@@V?$allocator@D@2@@std@@@2@@std@@QBEIXZ 00409a60 f i Main.obj
 0001:00008a90       ?_Grow_to@?$vector@V?$basic_string@DU?$char_traits@D@std@@V?$allocator@D@2@@std@@V?$allocator@V?$basic_string@DU?$char_traits@D@std@@V?$allocator@D@2@@std@@@2@@std@@IBEII@Z 00409a90 f i Main.obj
 0001:00008b10       ?_Xlen@?$vector@V?$basic_string@DU?$char_traits@D@std@@V?$allocator@D@2@@std@@V?$allocator@V?$basic_string@DU?$char_traits@D@std@@V?$allocator@D@2@@std@@@2@@std@@IBEXXZ 00409b10 f i Main.obj
 0001:00008b40       ?deallocate@?$allocator@V?$basic_string@DU?$char_traits@D@std@@V?$allocator@D@2@@std@@@std@@QAEXPAV?$basic_string@DU?$char_traits@D@std@@V?$allocator@D@2@@2@I@Z 00409b40 f i Main.obj
 0001:00008b70       ?_Init@?$basic_stringbuf@DU?$char_traits@D@std@@V?$allocator@D@2@@std@@IAEXPBDIH@Z 00409b70 f i Main.obj
 0001:00008c90       ?_Getstate@?$basic_stringbuf@DU?$char_traits@D@std@@V?$allocator@D@2@@std@@AAEHH@Z 00409c90 f i Main.obj
 0001:00008d00       ??0?$_Vector_const_iterator@V?$_Vector_val@V?$basic_string@DU?$char_traits@D@std@@V?$allocator@D@2@@std@@V?$allocator@V?$basic_string@DU?$char_traits@D@std@@V?$allocator@D@2@@std@@@2@@std@@@std@@QAE@PAV?$basic_string@DU?$char_traits@D@std@@V?$allocator@D@2@@1@PBU_Container_base12@1@@Z 00409d00 f i Main.obj
 0001:00008d80       ??Y?$_Vector_const_iterator@V?$_Vector_val@V?$basic_string@DU?$char_traits@D@std@@V?$allocator@D@2@@std@@V?$allocator@V?$basic_string@DU?$char_traits@D@std@@V?$allocator@D@2@@std@@@2@@std@@@std@@QAEAAV01@H@Z 00409d80 f i Main.obj
 0001:00008e60       ??9?$_Vector_const_iterator@V?$_Vector_val@V?$basic_string@DU?$char_traits@D@std@@V?$allocator@D@2@@std@@V?$allocator@V?$basic_string@DU?$char_traits@D@std@@V?$allocator@D@2@@std@@@2@@std@@@std@@QBE_NABV01@@Z 00409e60 f i Main.obj
 0001:00008ea0       ??M?$_Vector_const_iterator@V?$_Vector_val@V?$basic_string@DU?$char_traits@D@std@@V?$allocator@D@2@@std@@V?$allocator@V?$basic_string@DU?$char_traits@D@std@@V?$allocator@D@2@@std@@@2@@std@@@std@@QBE_NABV01@@Z 00409ea0 f i Main.obj
 0001:00008ee0       ??0_Sentry_base@?$basic_ostream@DU?$char_traits@D@std@@@std@@QAE@AAV12@@Z 00409ee0 f i Main.obj
 0001:00008f60       ??1_Sentry_base@?$basic_ostream@DU?$char_traits@D@std@@@std@@QAE@XZ 00409f60 f i Main.obj
 0001:00008fd0       ?deallocate@?$allocator@U_Container_proxy@std@@@std@@QAEXPAU_Container_proxy@2@I@Z 00409fd0 f i Main.obj
 0001:00009000       ?allocate@?$allocator@U_Container_proxy@std@@@std@@QAEPAU_Container_proxy@2@I@Z 0040a000 f i Main.obj
 0001:00009030       ??0?$_Iterator012@Urandom_access_iterator_tag@std@@V?$basic_string@DU?$char_traits@D@std@@V?$allocator@D@2@@2@HPBV32@ABV32@U_Iterator_base12@2@@std@@QAE@XZ 0040a030 f i Main.obj
 0001:00009060       ??0_Iterator_base12@std@@QAE@XZ 0040a060 f i Main.obj
 0001:00009090       ?assign@?$basic_string@DU?$char_traits@D@std@@V?$allocator@D@2@@std@@QAEAAV12@ABV12@@Z 0040a090 f i Main.obj
 0001:000090d0       ?assign@?$basic_string@DU?$char_traits@D@std@@V?$allocator@D@2@@std@@QAEAAV12@ABV12@II@Z 0040a0d0 f i Main.obj
 0001:000091a0       ?size@?$basic_string@DU?$char_traits@D@std@@V?$allocator@D@2@@std@@QBEIXZ 0040a1a0 f i Main.obj
 0001:000091c0       ?_Xran@?$basic_string@DU?$char_traits@D@std@@V?$allocator@D@2@@std@@QBEXXZ 0040a1c0 f i Main.obj
 0001:000091f0       ?_Grow@?$basic_string@DU?$char_traits@D@std@@V?$allocator@D@2@@std@@QAE_NI_N@Z 0040a1f0 f i Main.obj
 0001:000092a0       ?_Inside@?$basic_string@DU?$char_traits@D@std@@V?$allocator@D@2@@std@@QAE_NPBD@Z 0040a2a0 f i Main.obj
 0001:000092f0       ?_Xlen@?$basic_string@DU?$char_traits@D@std@@V?$allocator@D@2@@std@@QBEXXZ 0040a2f0 f i Main.obj
 0001:00009320       ?init@?$basic_ios@DU?$char_traits@D@std@@@std@@IAEXPAV?$basic_streambuf@DU?$char_traits@D@std@@@2@_N@Z 0040a320 f i Main.obj
 0001:000093a0       ?_Init@ios_base@std@@IAEXXZ 0040a3a0 f i Main.obj
 0001:00009480       ?clear@ios_base@std@@QAEXH@Z 0040a480 f i Main.obj
 0001:000094b0       ?_Init@?$basic_streambuf@DU?$char_traits@D@std@@@std@@IAEXXZ 0040a4b0 f i Main.obj
 0001:00009530       ?allocate@?$allocator@V?$basic_string@DU?$char_traits@D@std@@V?$allocator@D@2@@std@@@std@@QAEPAV?$basic_string@DU?$char_traits@D@std@@V?$allocator@D@2@@2@I@Z 0040a530 f i Main.obj
 0001:00009560       ?max_size@?$allocator@V?$basic_string@DU?$char_traits@D@std@@V?$allocator@D@2@@std@@@std@@QBEIXZ 0040a560 f i Main.obj
 0001:000095b0       ??8?$_Vector_const_iterator@V?$_Vector_val@V?$basic_string@DU?$char_traits@D@std@@V?$allocator@D@2@@std@@V?$allocator@V?$basic_string@DU?$char_traits@D@std@@V?$allocator@D@2@@std@@@2@@std@@@std@@QBE_NABV01@@Z 0040a5b0 f i Main.obj
 0001:000095f0       ?_Compat@?$_Vector_const_iterator@V?$_Vector_val@V?$basic_string@DU?$char_traits@D@std@@V?$allocator@D@2@@std@@V?$allocator@V?$basic_string@DU?$char_traits@D@std@@V?$allocator@D@2@@std@@@2@@std@@@std@@QBEXABV12@@Z 0040a5f0 f i Main.obj
 0001:000096a0       ?erase@?$basic_string@DU?$char_traits@D@std@@V?$allocator@D@2@@std@@QAEAAV12@II@Z 0040a6a0 f i Main.obj
 0001:00009750       ?max_size@?$basic_string@DU?$char_traits@D@std@@V?$allocator@D@2@@std@@QBEIXZ 0040a750 f i Main.obj
 0001:000097b0       ?_Copy@?$basic_string@DU?$char_traits@D@std@@V?$allocator@D@2@@std@@QAEXII@Z 0040a7b0 f i Main.obj
 0001:00009960       ?widen@?$basic_ios@DU?$char_traits@D@std@@@std@@QBEDD@Z 0040a960 f i Main.obj
 0001:00009a00       ?widen@?$ctype@D@std@@QBEDD@Z 0040aa00 f i Main.obj
 0001:00009a40       ?max_size@?$allocator@D@std@@QBEIXZ 0040aa40 f i Main.obj
 0001:00009a90       ??$_DebugHeapDelete@Vfacet@locale@std@@@std@@YAXPAVfacet@locale@0@@Z 0040aa90 f i Main.obj
 0001:00009ad0       ??$use_facet@V?$ctype@D@std@@@std@@YAABV?$ctype@D@0@ABVlocale@0@@Z 0040aad0 f i Main.obj
 0001:00009c20       ??Bid@locale@std@@QAEIXZ   0040ac20 f i Main.obj
 0001:00009cc0       ?_Register@facet@locale@std@@QAEXXZ 0040acc0 f i Main.obj
 0001:00009cf0       ?_Getfacet@locale@std@@QBEPBVfacet@12@I@Z 0040acf0 f i Main.obj
 0001:00009da0       ?_Getcat@?$ctype@D@std@@SAIPAPBVfacet@locale@2@PBV42@@Z 0040ada0 f i Main.obj
 0001:00009ec0       ??0_Locinfo@std@@QAE@PBD@Z 0040aec0 f i Main.obj
 0001:00009fa0       ??1_Locinfo@std@@QAE@XZ    0040afa0 f i Main.obj
 0001:0000a050       ??2facet@locale@std@@SAPAXIABU_DebugHeapTag_t@2@PADH@Z 0040b050 f i Main.obj
 0001:0000a080       ??3facet@locale@std@@SAXPAXABU_DebugHeapTag_t@2@PADH@Z 0040b080 f i Main.obj
 0001:0000a0a0       ??3facet@locale@std@@SAXPAX@Z 0040b0a0 f i Main.obj
 0001:0000a0c0       ?c_str@locale@std@@QBEPBDXZ 0040b0c0 f i Main.obj
 0001:0000a0f0       ??0?$ctype@D@std@@QAE@ABV_Locinfo@1@I@Z 0040b0f0 f i Main.obj
 0001:0000a170       ??0ctype_base@std@@QAE@I@Z 0040b170 f i Main.obj
 0001:0000a1b0       ??0facet@locale@std@@IAE@I@Z 0040b1b0 f i Main.obj
 0001:0000a1e0       ??_Gfacet@locale@std@@UAEPAXI@Z 0040b1e0 f i Main.obj
 0001:0000a1e0       ??_Efacet@locale@std@@UAEPAXI@Z 0040b1e0 f i Main.obj
 0001:0000a220       ??1facet@locale@std@@UAE@XZ 0040b220 f i Main.obj
 0001:0000a240       ??1ctype_base@std@@UAE@XZ  0040b240 f i Main.obj
 0001:0000a270       ??_Ectype_base@std@@UAEPAXI@Z 0040b270 f i Main.obj
 0001:0000a270       ??_Gctype_base@std@@UAEPAXI@Z 0040b270 f i Main.obj
 0001:0000a2b0       ?_Init@?$ctype@D@std@@IAEXABV_Locinfo@2@@Z 0040b2b0 f i Main.obj
 0001:0000a310       ?_Getctype@_Locinfo@std@@QBE?AU_Ctypevec@@XZ 0040b310 f i Main.obj
 0001:0000a390       ?do_tolower@?$ctype@D@std@@MBEDD@Z 0040b390 f i Main.obj
 0001:0000a3d0       ?do_tolower@?$ctype@D@std@@MBEPBDPADPBD@Z 0040b3d0 f i Main.obj
 0001:0000a440       ?do_toupper@?$ctype@D@std@@MBEDD@Z 0040b440 f i Main.obj
 0001:0000a480       ?do_toupper@?$ctype@D@std@@MBEPBDPADPBD@Z 0040b480 f i Main.obj
 0001:0000a4f0       ?do_widen@?$ctype@D@std@@MBEDD@Z 0040b4f0 f i Main.obj
 0001:0000a510       ?do_widen@?$ctype@D@std@@MBEPBDPBD0PAD@Z 0040b510 f i Main.obj
 0001:0000a580       ?do_narrow@?$ctype@D@std@@MBEDDD@Z 0040b580 f i Main.obj
 0001:0000a5a0       ?do_narrow@?$ctype@D@std@@MBEPBDPBD0DPAD@Z 0040b5a0 f i Main.obj
 0001:0000a610       ??_G?$ctype@D@std@@MAEPAXI@Z 0040b610 f i Main.obj
 0001:0000a610       ??_E?$ctype@D@std@@MAEPAXI@Z 0040b610 f i Main.obj
 0001:0000a650       ??1?$ctype@D@std@@MAE@XZ   0040b650 f i Main.obj
 0001:0000a6c0       ?_Tidy@?$ctype@D@std@@IAEXXZ 0040b6c0 f i Main.obj
 0001:0000a720       ??0?$_Yarn@D@std@@QAE@XZ   0040b720 f i Main.obj
 0001:0000a750       ??1?$_Yarn@D@std@@QAE@XZ   0040b750 f i Main.obj
 0001:0000a780       ?c_str@?$_Yarn@D@std@@QBEPBDXZ 0040b780 f i Main.obj
 0001:0000a7c0       ?_Tidy@?$_Yarn@D@std@@AAEXXZ 0040b7c0 f i Main.obj
 0001:0000a800       ??$_Debug_range@PBD@std@@YAXPBD0PB_WI@Z 0040b800 f i Main.obj
 0001:0000a850       ??$_Debug_pointer@D@std@@YAXPADPB_WI@Z 0040b850 f i Main.obj
 0001:0000a880       ??$?6U?$char_traits@D@std@@@std@@YAAAV?$basic_ostream@DU?$char_traits@D@std@@@0@AAV10@PBD@Z 0040b880 f i Main.obj
 0001:0000ac20       ?length@?$char_traits@D@std@@SAIPBD@Z 0040bc20 f i Main.obj
 0001:0000ac40       ?width@ios_base@std@@QBE_JXZ 0040bc40 f i Main.obj
 0001:0000ac60       ?width@ios_base@std@@QAE_J_J@Z 0040bc60 f i Main.obj
 0001:0000acb0       ?sputc@?$basic_streambuf@DU?$char_traits@D@std@@@std@@QAEHD@Z 0040bcb0 f i Main.obj
 0001:0000ad50       ??$forward@V?$allocator@D@std@@@std@@YA$$QAV?$allocator@D@0@AAV10@@Z 0040bd50 f i Main.obj
 0001:0000ad60       ??$forward@V?$basic_string@DU?$char_traits@D@std@@V?$allocator@D@2@@std@@@std@@YA$$QAV?$basic_string@DU?$char_traits@D@std@@V?$allocator@D@2@@0@AAV10@@Z 0040bd60 f i Main.obj
 0001:0000ad70       ??$_Debug_pointer@D@std@@YAXPBDPB_WI@Z 0040bd70 f i Main.obj
 0001:0000ada0       ??$use_facet@V?$num_put@DV?$ostreambuf_iterator@DU?$char_traits@D@std@@@std@@@std@@@std@@YAABV?$num_put@DV?$ostreambuf_iterator@DU?$char_traits@D@std@@@std@@@0@ABVlocale@0@@Z 0040bda0 f i Main.obj
 0001:0000aef0       ??$_DebugHeapDelete@Vlocale@std@@@std@@YAXPAVlocale@0@@Z 0040bef0 f i Main.obj
 0001:0000af20       ??$addressof@V?$basic_string@DU?$char_traits@D@std@@V?$allocator@D@2@@std@@@std@@YAPAV?$basic_string@DU?$char_traits@D@std@@V?$allocator@D@2@@0@AAV10@@Z 0040bf20 f i Main.obj
 0001:0000af30       ??$_Cons_val@V?$allocator@V?$basic_string@DU?$char_traits@D@std@@V?$allocator@D@2@@std@@@std@@V?$basic_string@DU?$char_traits@D@std@@V?$allocator@D@2@@2@V32@@std@@YAXAAV?$allocator@V?$basic_string@DU?$char_traits@D@std@@V?$allocator@D@2@@std@@@0@PAV?$basic_string@DU?$char_traits@D@std@@V?$allocator@D@2@@0@$$QAV20@@Z 0040bf30 f i Main.obj
 0001:0000af60       ??$_Uninitialized_default_fill_n@PAV?$basic_string@DU?$char_traits@D@std@@V?$allocator@D@2@@std@@IV12@V?$allocator@V?$basic_string@DU?$char_traits@D@std@@V?$allocator@D@2@@std@@@2@@std@@YAXPAV?$basic_string@DU?$char_traits@D@std@@V?$allocator@D@2@@0@IPBV10@AAV?$allocator@V?$basic_string@DU?$char_traits@D@std@@V?$allocator@D@2@@std@@@0@@Z 0040bf60 f i Main.obj
 0001:0000afc0       ??$_Move@PAV?$basic_string@DU?$char_traits@D@std@@V?$allocator@D@2@@std@@PAV12@@std@@YAPAV?$basic_string@DU?$char_traits@D@std@@V?$allocator@D@2@@0@PAV10@00@Z 0040bfc0 f i Main.obj
 0001:0000b010       ??$?9DD@std@@YA_NABV?$allocator@D@0@0@Z 0040c010 f i Main.obj
 0001:0000b040       ??$?0D@?$allocator@U_Container_proxy@std@@@std@@QAE@ABV?$allocator@D@1@@Z 0040c040 f i Main.obj
 0001:0000b060       ??$_Cons_val@V?$allocator@U_Container_proxy@std@@@std@@U_Container_proxy@2@U32@@std@@YAXAAV?$allocator@U_Container_proxy@std@@@0@PAU_Container_proxy@0@$$QAU20@@Z 0040c060 f i Main.obj
 0001:0000b090       ??$_Dest_val@V?$allocator@U_Container_proxy@std@@@std@@U_Container_proxy@2@@std@@YAXAAV?$allocator@U_Container_proxy@std@@@0@PAU_Container_proxy@0@@Z 0040c090 f i Main.obj
 0001:0000b0b0       ??$_Allocate@D@std@@YAPADIPAD@Z 0040c0b0 f i Main.obj
 0001:0000b130       ??0bad_alloc@std@@QAE@PBD@Z 0040c130 f i Main.obj
 0001:0000b170       ??1bad_alloc@std@@UAE@XZ   0040c170 f i Main.obj
 0001:0000b1a0       ??_Gbad_alloc@std@@UAEPAXI@Z 0040c1a0 f i Main.obj
 0001:0000b1a0       ??_Ebad_alloc@std@@UAEPAXI@Z 0040c1a0 f i Main.obj
 0001:0000b1e0       ??$_Destroy_range@V?$allocator@V?$basic_string@DU?$char_traits@D@std@@V?$allocator@D@2@@std@@@std@@@std@@YAXPAV?$basic_string@DU?$char_traits@D@std@@V?$allocator@D@2@@0@0AAV?$allocator@V?$basic_string@DU?$char_traits@D@std@@V?$allocator@D@2@@std@@@0@@Z 0040c1e0 f i Main.obj
 0001:0000b230       ??$_Umove@PAV?$basic_string@DU?$char_traits@D@std@@V?$allocator@D@2@@std@@@?$vector@V?$basic_string@DU?$char_traits@D@std@@V?$allocator@D@2@@std@@V?$allocator@V?$basic_string@DU?$char_traits@D@std@@V?$allocator@D@2@@std@@@2@@std@@IAEPAV?$basic_string@DU?$char_traits@D@std@@V?$allocator@D@2@@1@PAV21@00@Z 0040c230 f i Main.obj
 0001:0000b270       ??$_Allocate@U_Container_proxy@std@@@std@@YAPAU_Container_proxy@0@IPAU10@@Z 0040c270 f i Main.obj
 0001:0000b2f0       ??$_Allocate@V?$basic_string@DU?$char_traits@D@std@@V?$allocator@D@2@@std@@@std@@YAPAV?$basic_string@DU?$char_traits@D@std@@V?$allocator@D@2@@0@IPAV10@@Z 0040c2f0 f i Main.obj
 0001:0000b370       ??_Glocale@std@@QAEPAXI@Z  0040c370 f i Main.obj
 0001:0000b3b0       ??0bad_alloc@std@@QAE@ABV01@@Z 0040c3b0 f i Main.obj
 0001:0000b3f0       ?sputn@?$basic_streambuf@DU?$char_traits@D@std@@@std@@QAE_JPBD_J@Z 0040c3f0 f i Main.obj
 0001:0000b440       ?construct@?$allocator@V?$basic_string@DU?$char_traits@D@std@@V?$allocator@D@2@@std@@@std@@QAEXPAV?$basic_string@DU?$char_traits@D@std@@V?$allocator@D@2@@2@$$QAV32@@Z 0040c440 f i Main.obj
 0001:0000b4e0       ??2@YAPAXIPAX@Z            0040c4e0 f i Main.obj
 0001:0000b4f0       ??3@YAXPAX0@Z              0040c4f0 f i Main.obj
 0001:0000b500       ?_Getcat@?$num_put@DV?$ostreambuf_iterator@DU?$char_traits@D@std@@@std@@@std@@SAIPAPBVfacet@locale@2@PBV42@@Z 0040c500 f i Main.obj
 0001:0000b620       ?construct@?$allocator@U_Container_proxy@std@@@std@@QAEXPAU_Container_proxy@2@$$QAU32@@Z 0040c620 f i Main.obj
 0001:0000b6d0       ?destroy@?$allocator@U_Container_proxy@std@@@std@@QAEXPAU_Container_proxy@2@@Z 0040c6d0 f i Main.obj
 0001:0000b700       ??0?$num_put@DV?$ostreambuf_iterator@DU?$char_traits@D@std@@@std@@@std@@QAE@ABV_Locinfo@1@I@Z 0040c700 f i Main.obj
 0001:0000b780       ?do_put@?$num_put@DV?$ostreambuf_iterator@DU?$char_traits@D@std@@@std@@@std@@MBE?AV?$ostreambuf_iterator@DU?$char_traits@D@std@@@2@V32@AAVios_base@2@D_N@Z 0040c780 f i Main.obj
 0001:0000baa0       ?do_put@?$num_put@DV?$ostreambuf_iterator@DU?$char_traits@D@std@@@std@@@std@@MBE?AV?$ostreambuf_iterator@DU?$char_traits@D@std@@@2@V32@AAVios_base@2@DJ@Z 0040caa0 f i Main.obj
 0001:0000bb80       ?do_put@?$num_put@DV?$ostreambuf_iterator@DU?$char_traits@D@std@@@std@@@std@@MBE?AV?$ostreambuf_iterator@DU?$char_traits@D@std@@@2@V32@AAVios_base@2@DK@Z 0040cb80 f i Main.obj
 0001:0000bc60       ?do_put@?$num_put@DV?$ostreambuf_iterator@DU?$char_traits@D@std@@@std@@@std@@MBE?AV?$ostreambuf_iterator@DU?$char_traits@D@std@@@2@V32@AAVios_base@2@D_J@Z 0040cc60 f i Main.obj
 0001:0000bd40       ?do_put@?$num_put@DV?$ostreambuf_iterator@DU?$char_traits@D@std@@@std@@@std@@MBE?AV?$ostreambuf_iterator@DU?$char_traits@D@std@@@2@V32@AAVios_base@2@D_K@Z 0040cd40 f i Main.obj
 0001:0000be20       ?do_put@?$num_put@DV?$ostreambuf_iterator@DU?$char_traits@D@std@@@std@@@std@@MBE?AV?$ostreambuf_iterator@DU?$char_traits@D@std@@@2@V32@AAVios_base@2@DN@Z 0040ce20 f i Main.obj
 0001:0000c150       ?precision@ios_base@std@@QBE_JXZ 0040d150 f i Main.obj
 0001:0000c170       ?do_put@?$num_put@DV?$ostreambuf_iterator@DU?$char_traits@D@std@@@std@@@std@@MBE?AV?$ostreambuf_iterator@DU?$char_traits@D@std@@@2@V32@AAVios_base@2@DO@Z 0040d170 f i Main.obj
 0001:0000c480       ?do_put@?$num_put@DV?$ostreambuf_iterator@DU?$char_traits@D@std@@@std@@@std@@MBE?AV?$ostreambuf_iterator@DU?$char_traits@D@std@@@2@V32@AAVios_base@2@DPBX@Z 0040d480 f i Main.obj
 0001:0000c530       ??_G?$num_put@DV?$ostreambuf_iterator@DU?$char_traits@D@std@@@std@@@std@@MAEPAXI@Z 0040d530 f i Main.obj
 0001:0000c530       ??_E?$num_put@DV?$ostreambuf_iterator@DU?$char_traits@D@std@@@std@@@std@@MAEPAXI@Z 0040d530 f i Main.obj
 0001:0000c570       ??1?$num_put@DV?$ostreambuf_iterator@DU?$char_traits@D@std@@@std@@@std@@MAE@XZ 0040d570 f i Main.obj
 0001:0000c5a0       ?_Ffmt@?$num_put@DV?$ostreambuf_iterator@DU?$char_traits@D@std@@@std@@@std@@ABAPADPADDH@Z 0040d5a0 f i Main.obj
 0001:0000c6a0       ?_Fput@?$num_put@DV?$ostreambuf_iterator@DU?$char_traits@D@std@@@std@@@std@@ABA?AV?$ostreambuf_iterator@DU?$char_traits@D@std@@@2@V32@AAVios_base@2@DPBDIIII@Z 0040d6a0 f i Main.obj
 0001:0000ce80       ?insert@?$basic_string@DU?$char_traits@D@std@@V?$allocator@D@2@@std@@QAEAAV12@IID@Z 0040de80 f i Main.obj
 0001:0000cf50       ?_Ifmt@?$num_put@DV?$ostreambuf_iterator@DU?$char_traits@D@std@@@std@@@std@@ABAPADPADPBDH@Z 0040df50 f i Main.obj
 0001:0000d060       ?_Iput@?$num_put@DV?$ostreambuf_iterator@DU?$char_traits@D@std@@@std@@@std@@ABA?AV?$ostreambuf_iterator@DU?$char_traits@D@std@@@2@V32@AAVios_base@2@DPADI@Z 0040e060 f i Main.obj
 0001:0000d430       ?_Put@?$num_put@DV?$ostreambuf_iterator@DU?$char_traits@D@std@@@std@@@std@@ABA?AV?$ostreambuf_iterator@DU?$char_traits@D@std@@@2@V32@PBDI@Z 0040e430 f i Main.obj
 0001:0000d490       ?_Rep@?$num_put@DV?$ostreambuf_iterator@DU?$char_traits@D@std@@@std@@@std@@ABA?AV?$ostreambuf_iterator@DU?$char_traits@D@std@@@2@V32@DI@Z 0040e490 f i Main.obj
 0001:0000d4e0       ?falsename@?$numpunct@D@std@@QBE?AV?$basic_string@DU?$char_traits@D@std@@V?$allocator@D@2@@2@XZ 0040e4e0 f i Main.obj
 0001:0000d540       ?truename@?$numpunct@D@std@@QBE?AV?$basic_string@DU?$char_traits@D@std@@V?$allocator@D@2@@2@XZ 0040e540 f i Main.obj
 0001:0000d5a0       ?append@?$basic_string@DU?$char_traits@D@std@@V?$allocator@D@2@@std@@QAEAAV12@PBDI@Z 0040e5a0 f i Main.obj
 0001:0000d690       ?append@?$basic_string@DU?$char_traits@D@std@@V?$allocator@D@2@@std@@QAEAAV12@ID@Z 0040e690 f i Main.obj
 0001:0000d720       ??A?$basic_string@DU?$char_traits@D@std@@V?$allocator@D@2@@std@@QAEAADI@Z 0040e720 f i Main.obj
 0001:0000d770       ?_Chassign@?$basic_string@DU?$char_traits@D@std@@V?$allocator@D@2@@std@@QAEXIID@Z 0040e770 f i Main.obj
 0001:0000d7d0       ?assign@?$char_traits@D@std@@SAPADPADID@Z 0040e7d0 f i Main.obj
 0001:0000d800       ?_Putc@?$num_put@DV?$ostreambuf_iterator@DU?$char_traits@D@std@@@std@@@std@@ABA?AV?$ostreambuf_iterator@DU?$char_traits@D@std@@@2@V32@PBDI@Z 0040e800 f i Main.obj
 0001:0000d870       ?_Putgrouped@?$num_put@DV?$ostreambuf_iterator@DU?$char_traits@D@std@@@std@@@std@@ABA?AV?$ostreambuf_iterator@DU?$char_traits@D@std@@@2@V32@PBDID@Z 0040e870 f i Main.obj
 0001:0000d970       ??4?$ostreambuf_iterator@DU?$char_traits@D@std@@@std@@QAEAAV01@D@Z 0040e970 f i Main.obj
 0001:0000d9f0       ??D?$ostreambuf_iterator@DU?$char_traits@D@std@@@std@@QAEAAV01@XZ 0040e9f0 f i Main.obj
 0001:0000da10       ??E?$ostreambuf_iterator@DU?$char_traits@D@std@@@std@@QAEAAV01@XZ 0040ea10 f i Main.obj
 0001:0000da30       ?decimal_point@?$numpunct@D@std@@QBEDXZ 0040ea30 f i Main.obj
 0001:0000da70       ?thousands_sep@?$numpunct@D@std@@QBEDXZ 0040ea70 f i Main.obj
 0001:0000dab0       ?grouping@?$numpunct@D@std@@QBE?AV?$basic_string@DU?$char_traits@D@std@@V?$allocator@D@2@@2@XZ 0040eab0 f i Main.obj
 0001:0000db10       ?append@?$basic_string@DU?$char_traits@D@std@@V?$allocator@D@2@@std@@QAEAAV12@ABV12@II@Z 0040eb10 f i Main.obj
 0001:0000dbe0       ??$_Debug_pointer@V?$ostreambuf_iterator@DU?$char_traits@D@std@@@std@@@std@@YAXAAV?$ostreambuf_iterator@DU?$char_traits@D@std@@@0@PB_WI@Z 0040ebe0 f i Main.obj
 0001:0000dbf0       ??$use_facet@V?$numpunct@D@std@@@std@@YAABV?$numpunct@D@0@ABVlocale@0@@Z 0040ebf0 f i Main.obj
 0001:0000dd40       ??$_Maklocchr@D@std@@YADDPADABU_Cvtvec@@@Z 0040ed40 f i Main.obj
 0001:0000dd50       ?_Getcat@?$numpunct@D@std@@SAIPAPBVfacet@locale@2@PBV42@@Z 0040ed50 f i Main.obj
 0001:0000de70       ??0?$numpunct@D@std@@QAE@ABV_Locinfo@1@I_N@Z 0040ee70 f i Main.obj
 0001:0000def0       ?do_decimal_point@?$numpunct@D@std@@MBEDXZ 0040eef0 f i Main.obj
 0001:0000df10       ?do_thousands_sep@?$numpunct@D@std@@MBEDXZ 0040ef10 f i Main.obj
 0001:0000df30       ?do_grouping@?$numpunct@D@std@@MBE?AV?$basic_string@DU?$char_traits@D@std@@V?$allocator@D@2@@2@XZ 0040ef30 f i Main.obj
 0001:0000df80       ??0?$basic_string@DU?$char_traits@D@std@@V?$allocator@D@2@@std@@QAE@PBD@Z 0040ef80 f i Main.obj
 0001:0000e010       ?assign@?$basic_string@DU?$char_traits@D@std@@V?$allocator@D@2@@std@@QAEAAV12@PBD@Z 0040f010 f i Main.obj
 0001:0000e060       ?do_falsename@?$numpunct@D@std@@MBE?AV?$basic_string@DU?$char_traits@D@std@@V?$allocator@D@2@@2@XZ 0040f060 f i Main.obj
 0001:0000e0b0       ?do_truename@?$numpunct@D@std@@MBE?AV?$basic_string@DU?$char_traits@D@std@@V?$allocator@D@2@@2@XZ 0040f0b0 f i Main.obj
 0001:0000e100       ??_G?$numpunct@D@std@@MAEPAXI@Z 0040f100 f i Main.obj
 0001:0000e100       ??_E?$numpunct@D@std@@MAEPAXI@Z 0040f100 f i Main.obj
 0001:0000e140       ??1?$numpunct@D@std@@MAE@XZ 0040f140 f i Main.obj
 0001:0000e1b0       ?_Tidy@?$numpunct@D@std@@AAEXXZ 0040f1b0 f i Main.obj
 0001:0000e200       ??$_DebugHeapDelete@X@std@@YAXPAX@Z 0040f200 f i Main.obj
 0001:0000e220       ?_Init@?$num_put@DV?$ostreambuf_iterator@DU?$char_traits@D@std@@@std@@@std@@IAEXABV_Locinfo@2@@Z 0040f220 f i Main.obj
 0001:0000e270       ?_Getcvt@_Locinfo@std@@QBE?AU_Cvtvec@@XZ 0040f270 f i Main.obj
 0001:0000e2c0       ?_Init@?$numpunct@D@std@@IAEXABV_Locinfo@2@_N@Z 0040f2c0 f i Main.obj
 0001:0000e4c0       ?_Getlconv@_Locinfo@std@@QBEPBUlconv@@XZ 0040f4c0 f i Main.obj
 0001:0000e4f0       ?_Getfalse@_Locinfo@std@@QBEPBDXZ 0040f4f0 f i Main.obj
 0001:0000e510       ?_Gettrue@_Locinfo@std@@QBEPBDXZ 0040f510 f i Main.obj
 0001:0000e530       ??$_Iter_cat@PBD@std@@YA?AUrandom_access_iterator_tag@0@ABQBD@Z 0040f530 f i Main.obj
 0001:0000e590       ??$_Debug_range2@PBD@std@@YAXPBD0PB_WIUrandom_access_iterator_tag@0@@Z 0040f590 f i Main.obj
 0001:0000e5f0       ??$_Val_type@PAV?$basic_string@DU?$char_traits@D@std@@V?$allocator@D@2@@std@@@std@@YAPAV?$basic_string@DU?$char_traits@D@std@@V?$allocator@D@2@@0@PAV10@@Z 0040f5f0 f i Main.obj
 0001:0000e600       ??$_Ptr_cat@V?$basic_string@DU?$char_traits@D@std@@V?$allocator@D@2@@std@@V12@@std@@YA?AU_Nonscalar_ptr_iterator_tag@0@PAV?$basic_string@DU?$char_traits@D@std@@V?$allocator@D@2@@0@0@Z 0040f600 f i Main.obj
 0001:0000e650       ??$_Uninit_def_fill_n@PAV?$basic_string@DU?$char_traits@D@std@@V?$allocator@D@2@@std@@IV12@V?$allocator@V?$basic_string@DU?$char_traits@D@std@@V?$allocator@D@2@@std@@@2@V12@@std@@YAXPAV?$basic_string@DU?$char_traits@D@std@@V?$allocator@D@2@@0@IPBV10@AAV?$allocator@V?$basic_string@DU?$char_traits@D@std@@V?$allocator@D@2@@std@@@0@0U_Nonscalar_ptr_iterator_tag@0@@Z 0040f650 f i Main.obj
 0001:0000e760       ??$_Move@PAV?$basic_string@DU?$char_traits@D@std@@V?$allocator@D@2@@std@@PAV12@@std@@YAPAV?$basic_string@DU?$char_traits@D@std@@V?$allocator@D@2@@0@PAV10@00U_Nonscalar_ptr_iterator_tag@0@@Z 0040f760 f i Main.obj
 0001:0000e7b0       ??$?8DD@std@@YA_NABV?$allocator@D@0@0@Z 0040f7b0 f i Main.obj
 0001:0000e7c0       ??$forward@U_Container_proxy@std@@@std@@YA$$QAU_Container_proxy@0@AAU10@@Z 0040f7c0 f i Main.obj
 0001:0000e7d0       ??$_Destroy_range@V?$allocator@V?$basic_string@DU?$char_traits@D@std@@V?$allocator@D@2@@std@@@std@@@std@@YAXPAV?$basic_string@DU?$char_traits@D@std@@V?$allocator@D@2@@0@0AAV?$allocator@V?$basic_string@DU?$char_traits@D@std@@V?$allocator@D@2@@std@@@0@U_Nonscalar_ptr_iterator_tag@0@@Z 0040f7d0 f i Main.obj
 0001:0000e810       ??$_Uninitialized_move@PAV?$basic_string@DU?$char_traits@D@std@@V?$allocator@D@2@@std@@PAV12@V?$allocator@V?$basic_string@DU?$char_traits@D@std@@V?$allocator@D@2@@std@@@2@@std@@YAPAV?$basic_string@DU?$char_traits@D@std@@V?$allocator@D@2@@0@PAV10@00AAV?$allocator@V?$basic_string@DU?$char_traits@D@std@@V?$allocator@D@2@@std@@@0@@Z 0040f810 f i Main.obj
 0001:0000e870       ??$_Destroy@U_Container_proxy@std@@@std@@YAXPAU_Container_proxy@0@@Z 0040f870 f i Main.obj
 0001:0000e880       ??$_Maklocstr@D@std@@YAPADPBDPADABU_Cvtvec@@@Z 0040f880 f i Main.obj
 0001:0000e920       ??4?$basic_string@DU?$char_traits@D@std@@V?$allocator@D@2@@std@@QAEAAV01@$$QAV01@@Z 0040f920 f i Main.obj
 0001:0000e960       ??$_Dest_val@V?$allocator@V?$basic_string@DU?$char_traits@D@std@@V?$allocator@D@2@@std@@@std@@V?$basic_string@DU?$char_traits@D@std@@V?$allocator@D@2@@2@@std@@YAXAAV?$allocator@V?$basic_string@DU?$char_traits@D@std@@V?$allocator@D@2@@std@@@0@PAV?$basic_string@DU?$char_traits@D@std@@V?$allocator@D@2@@0@@Z 0040f960 f i Main.obj
 0001:0000e980       ??$move@AAV?$basic_string@DU?$char_traits@D@std@@V?$allocator@D@2@@std@@@std@@YA$$QAV?$basic_string@DU?$char_traits@D@std@@V?$allocator@D@2@@0@AAV10@@Z 0040f980 f i Main.obj
 0001:0000e990       ??$_Uninit_move@PAV?$basic_string@DU?$char_traits@D@std@@V?$allocator@D@2@@std@@PAV12@V?$allocator@V?$basic_string@DU?$char_traits@D@std@@V?$allocator@D@2@@std@@@2@V12@@std@@YAPAV?$basic_string@DU?$char_traits@D@std@@V?$allocator@D@2@@0@PAV10@00AAV?$allocator@V?$basic_string@DU?$char_traits@D@std@@V?$allocator@D@2@@std@@@0@0U_Nonscalar_ptr_iterator_tag@0@@Z 0040f990 f i Main.obj
 0001:0000eaa0       ?destroy@?$allocator@V?$basic_string@DU?$char_traits@D@std@@V?$allocator@D@2@@std@@@std@@QAEXPAV?$basic_string@DU?$char_traits@D@std@@V?$allocator@D@2@@2@@Z 0040faa0 f i Main.obj
 0001:0000ead0       ??$_Debug_range@PAV?$basic_string@DU?$char_traits@D@std@@V?$allocator@D@2@@std@@@std@@YAXPAV?$basic_string@DU?$char_traits@D@std@@V?$allocator@D@2@@0@0PB_WI@Z 0040fad0 f i Main.obj
 0001:0000eb20       ??$_Debug_pointer@V?$basic_string@DU?$char_traits@D@std@@V?$allocator@D@2@@std@@@std@@YAXPAV?$basic_string@DU?$char_traits@D@std@@V?$allocator@D@2@@0@PB_WI@Z 0040fb20 f i Main.obj
 0001:0000eb50       ??$_Destroy@V?$basic_string@DU?$char_traits@D@std@@V?$allocator@D@2@@std@@@std@@YAXPAV?$basic_string@DU?$char_traits@D@std@@V?$allocator@D@2@@0@@Z 0040fb50 f i Main.obj
 0001:0000eb70       ??_G?$basic_string@DU?$char_traits@D@std@@V?$allocator@D@2@@std@@QAEPAXI@Z 0040fb70 f i Main.obj
 0001:0000ebb0       ??$_Iter_cat@PAV?$basic_string@DU?$char_traits@D@std@@V?$allocator@D@2@@std@@@std@@YA?AUrandom_access_iterator_tag@0@ABQAV?$basic_string@DU?$char_traits@D@std@@V?$allocator@D@2@@0@@Z 0040fbb0 f i Main.obj
 0001:0000ec10       ??$_Debug_range2@PAV?$basic_string@DU?$char_traits@D@std@@V?$allocator@D@2@@std@@@std@@YAXPAV?$basic_string@DU?$char_traits@D@std@@V?$allocator@D@2@@0@0PB_WIUrandom_access_iterator_tag@0@@Z 0040fc10 f i Main.obj
 0001:0000ec70       ??0?$vector@V?$basic_string@DU?$char_traits@D@std@@V?$allocator@D@2@@std@@V?$allocator@V?$basic_string@DU?$char_traits@D@std@@V?$allocator@D@2@@std@@@2@@std@@QAE@XZ 0040fc70 f i Main.obj
 0001:0000ecb0       ??0?$_Vector_val@V?$basic_string@DU?$char_traits@D@std@@V?$allocator@D@2@@std@@V?$allocator@V?$basic_string@DU?$char_traits@D@std@@V?$allocator@D@2@@std@@@2@@std@@QAE@V?$allocator@V?$basic_string@DU?$char_traits@D@std@@V?$allocator@D@2@@std@@@1@@Z 0040fcb0 f i Main.obj
 0001:0000edd0       ??0?$allocator@V?$basic_string@DU?$char_traits@D@std@@V?$allocator@D@2@@std@@@std@@QAE@XZ 0040fdd0 f i Main.obj
 0001:0000edf0       ??0?$allocator@V?$basic_string@DU?$char_traits@D@std@@V?$allocator@D@2@@std@@@std@@QAE@ABV01@@Z 0040fdf0 f i Main.obj
 0001:0000ee10       ??$?0V?$basic_string@DU?$char_traits@D@std@@V?$allocator@D@2@@std@@@?$allocator@U_Container_proxy@std@@@std@@QAE@ABV?$allocator@V?$basic_string@DU?$char_traits@D@std@@V?$allocator@D@2@@std@@@1@@Z 0040fe10 f i Main.obj
 0001:0000ee30       ??0id@locale@std@@QAE@I@Z  0040fe30 f i Main.obj
 0001:0000ee50       ??1?$vector@V?$basic_string@DU?$char_traits@D@std@@V?$allocator@D@2@@std@@V?$allocator@V?$basic_string@DU?$char_traits@D@std@@V?$allocator@D@2@@std@@@2@@std@@QAE@XZ 0040fe50 f i Main.obj
 0001:0000eec0       ?_Tidy@?$vector@V?$basic_string@DU?$char_traits@D@std@@V?$allocator@D@2@@std@@V?$allocator@V?$basic_string@DU?$char_traits@D@std@@V?$allocator@D@2@@std@@@2@@std@@IAEXXZ 0040fec0 f i Main.obj
 0001:0000ef50       ??1?$_Vector_val@V?$basic_string@DU?$char_traits@D@std@@V?$allocator@D@2@@std@@V?$allocator@V?$basic_string@DU?$char_traits@D@std@@V?$allocator@D@2@@std@@@2@@std@@QAE@XZ 0040ff50 f i Main.obj
 0001:0000f02a       _MultiByteToWideChar@24    0041002a f   kernel32:KERNEL32.dll
 0001:0000f030       _CreateThread@24           00410030 f   kernel32:KERNEL32.dll
 0001:0000f036       _Sleep@4                   00410036 f   kernel32:KERNEL32.dll
 0001:0000f03c       _ShowWindow@8              0041003c f   user32:USER32.dll
 0001:0000f042       _ClientToScreen@8          00410042 f   user32:USER32.dll
 0001:0000f048       _MessageBoxW@16            00410048 f   user32:USER32.dll
 0001:0000f04e       _PostQuitMessage@4         0041004e f   user32:USER32.dll
 0001:0000f054       _SendMessageW@16           00410054 f   user32:USER32.dll
 0001:0000f05a       _GetParent@4               0041005a f   user32:USER32.dll
 0001:0000f060       _IsIconic@4                00410060 f   user32:USER32.dll
 0001:0000f066       _KillTimer@8               00410066 f   user32:USER32.dll
 0001:0000f06c       _SetTimer@16               0041006c f   user32:USER32.dll
 0001:0000f072       _ReleaseDC@8               00410072 f   user32:USER32.dll
 0001:0000f078       _UpdateLayeredWindow@36    00410078 f   user32:USER32.dll
 0001:0000f07e       _GetWindowRect@8           0041007e f   user32:USER32.dll
 0001:0000f084       _GetDC@4                   00410084 f   user32:USER32.dll
 0001:0000f08a       _GetClientRect@8           0041008a f   user32:USER32.dll
 0001:0000f090       _SetWindowPos@28           00410090 f   user32:USER32.dll
 0001:0000f096       _GetMonitorInfoW@8         00410096 f   user32:USER32.dll
 0001:0000f09c       _MonitorFromWindow@8       0041009c f   user32:USER32.dll
 0001:0000f0a2       _SetFocus@4                004100a2 f   user32:USER32.dll
 0001:0000f0a8       _SetWindowRgn@12           004100a8 f   user32:USER32.dll
 0001:0000f0ae       _PostMessageW@16           004100ae f   user32:USER32.dll
 0001:0000f0b4       _SetWindowLongW@12         004100b4 f   user32:USER32.dll
 0001:0000f0ba       _GetWindowLongW@8          004100ba f   user32:USER32.dll
 0001:0000f0c0       _IsZoomed@4                004100c0 f   user32:USER32.dll
 0001:0000f0c6       _ScreenToClient@8          004100c6 f   user32:USER32.dll
 0001:0000f0cc       _DeleteObject@4            004100cc f   gdi32:GDI32.dll
 0001:0000f0d2       _DeleteDC@4                004100d2 f   gdi32:GDI32.dll
 0001:0000f0d8       _SelectObject@8            004100d8 f   gdi32:GDI32.dll
 0001:0000f0de       _CreateCompatibleDC@4      004100de f   gdi32:GDI32.dll
 0001:0000f0e4       _CreateDIBSection@24       004100e4 f   gdi32:GDI32.dll
 0001:0000f0ea       _CreateRectRgn@16          004100ea f   gdi32:GDI32.dll
 0001:0000f0f0       _CombineRgn@16             004100f0 f   gdi32:GDI32.dll
 0001:0000f0f6       _CreateRoundRectRgn@24     004100f6 f   gdi32:GDI32.dll
 0001:0000f0fc       _CreateRectRgnIndirect@4   004100fc f   gdi32:GDI32.dll
 0001:0000f102       ?MessageLoop@CPaintManagerUI@DuiLib@@SAXXZ 00410102 f   DuiLib_ud:DuiLib_ud.dll
 0001:0000f108       ??BCWindowWnd@DuiLib@@QBEPAUHWND__@@XZ 00410108 f   DuiLib_ud:DuiLib_ud.dll
 0001:0000f10e       ?CenterWindow@CWindowWnd@DuiLib@@QAEXXZ 0041010e f   DuiLib_ud:DuiLib_ud.dll
 0001:0000f114       ?Create@CWindowWnd@DuiLib@@QAEPAUHWND__@@PAU3@PB_WKKHHHHPAUHMENU__@@@Z 00410114 f   DuiLib_ud:DuiLib_ud.dll
 0001:0000f11a       ?SetResourceZip@CPaintManagerUI@DuiLib@@SAXPB_W_N@Z 0041011a f   DuiLib_ud:DuiLib_ud.dll
 0001:0000f120       ??1CDuiString@DuiLib@@QAE@XZ 00410120 f   DuiLib_ud:DuiLib_ud.dll
 0001:0000f126       ?SetResourcePath@CPaintManagerUI@DuiLib@@SAXPB_W@Z 00410126 f   DuiLib_ud:DuiLib_ud.dll
 0001:0000f12c       ??BCDuiString@DuiLib@@QBEPB_WXZ 0041012c f   DuiLib_ud:DuiLib_ud.dll
 0001:0000f132       ??HCDuiString@DuiLib@@QBE?AV01@PB_W@Z 00410132 f   DuiLib_ud:DuiLib_ud.dll
 0001:0000f138       ?GetInstancePath@CPaintManagerUI@DuiLib@@SA?AVCDuiString@2@XZ 00410138 f   DuiLib_ud:DuiLib_ud.dll
 0001:0000f13e       ?SetInstance@CPaintManagerUI@DuiLib@@SAXPAUHINSTANCE__@@@Z 0041013e f   DuiLib_ud:DuiLib_ud.dll
 0001:0000f144       ??0CPaintManagerUI@DuiLib@@QAE@XZ 00410144 f   DuiLib_ud:DuiLib_ud.dll
 0001:0000f14a       ??0CWindowWnd@DuiLib@@QAE@XZ 0041014a f   DuiLib_ud:DuiLib_ud.dll
 0001:0000f150       ?GetSuperClassName@CWindowWnd@DuiLib@@MBEPB_WXZ 00410150 f   DuiLib_ud:DuiLib_ud.dll
 0001:0000f156       ??9CDuiString@DuiLib@@QBE_NPB_W@Z 00410156 f   DuiLib_ud:DuiLib_ud.dll
 0001:0000f15c       ?GetData@CDuiString@DuiLib@@QBEPB_WXZ 0041015c f   DuiLib_ud:DuiLib_ud.dll
 0001:0000f162       ??YCDuiString@DuiLib@@QAEABV01@PB_W@Z 00410162 f   DuiLib_ud:DuiLib_ud.dll
 0001:0000f168       ??0CDuiString@DuiLib@@QAE@PB_WH@Z 00410168 f   DuiLib_ud:DuiLib_ud.dll
 0001:0000f16e       ?SendMessageW@CWindowWnd@DuiLib@@QAEJIIJ@Z 0041016e f   DuiLib_ud:DuiLib_ud.dll
 0001:0000f174       ??8CDuiString@DuiLib@@QBE_NPB_W@Z 00410174 f   DuiLib_ud:DuiLib_ud.dll
 0001:0000f17a       ?GetClassStyle@CWindowWnd@DuiLib@@MBEIXZ 0041017a f   DuiLib_ud:DuiLib_ud.dll
 0001:0000f180       ?GetPaintWindow@CPaintManagerUI@DuiLib@@QBEPAUHWND__@@XZ 00410180 f   DuiLib_ud:DuiLib_ud.dll
 0001:0000f186       ?SendNotify@CPaintManagerUI@DuiLib@@QAEXPAVCControlUI@2@PB_WIJ_N@Z 00410186 f   DuiLib_ud:DuiLib_ud.dll
 0001:0000f18c       ?Close@CWindowWnd@DuiLib@@QAEXI@Z 0041018c f   DuiLib_ud:DuiLib_ud.dll
 0001:0000f192       ?HandleMessage@CWindowWnd@DuiLib@@MAEJIIJ@Z 00410192 f   DuiLib_ud:DuiLib_ud.dll
 0001:0000f198       ?DrawImageString@CRenderEngine@DuiLib@@SA_NPAUHDC__@@PAVCPaintManagerUI@2@ABUtagRECT@@2PB_W3@Z 00410198 f   DuiLib_ud:DuiLib_ud.dll
 0001:0000f19e       ??1CPaintManagerUI@DuiLib@@QAE@XZ 0041019e f   DuiLib_ud:DuiLib_ud.dll
 0001:0000f1a4       ?MessageHandler@CPaintManagerUI@DuiLib@@QAE_NIIJAAJ@Z 004101a4 f   DuiLib_ud:DuiLib_ud.dll
 0001:0000f1aa       ??1CDialogBuilder@DuiLib@@QAE@XZ 004101aa f   DuiLib_ud:DuiLib_ud.dll
 0001:0000f1b0       ?FindControl@CPaintManagerUI@DuiLib@@QBEPAVCControlUI@2@PB_W@Z 004101b0 f   DuiLib_ud:DuiLib_ud.dll
 0001:0000f1b6       ?SetRoundCorner@CPaintManagerUI@DuiLib@@QAEXHH@Z 004101b6 f   DuiLib_ud:DuiLib_ud.dll
 0001:0000f1bc       ?AddNotifier@CPaintManagerUI@DuiLib@@QAE_NPAVINotifyUI@2@@Z 004101bc f   DuiLib_ud:DuiLib_ud.dll
 0001:0000f1c2       ?AttachDialog@CPaintManagerUI@DuiLib@@QAE_NPAVCControlUI@2@@Z 004101c2 f   DuiLib_ud:DuiLib_ud.dll
 0001:0000f1c8       ?Create@CDialogBuilder@DuiLib@@QAEPAVCControlUI@2@VSTRINGorID@2@PB_WPAVIDialogBuilderCallback@2@PAVCPaintManagerUI@2@PAV32@@Z 004101c8 f   DuiLib_ud:DuiLib_ud.dll
 0001:0000f1ce       ??0CDialogBuilder@DuiLib@@QAE@XZ 004101ce f   DuiLib_ud:DuiLib_ud.dll
 0001:0000f1d4       ?Init@CPaintManagerUI@DuiLib@@QAEXPAUHWND__@@@Z 004101d4 f   DuiLib_ud:DuiLib_ud.dll
 0001:0000f1da       ??0CDuiRect@DuiLib@@QAE@ABUtagRECT@@@Z 004101da f   DuiLib_ud:DuiLib_ud.dll
 0001:0000f1e0       ?GetHeight@CDuiRect@DuiLib@@QBEHXZ 004101e0 f   DuiLib_ud:DuiLib_ud.dll
 0001:0000f1e6       ?GetWidth@CDuiRect@DuiLib@@QBEHXZ 004101e6 f   DuiLib_ud:DuiLib_ud.dll
 0001:0000f1ec       ??0CDuiRect@DuiLib@@QAE@XZ 004101ec f   DuiLib_ud:DuiLib_ud.dll
 0001:0000f1f2       ?GetHWND@CWindowWnd@DuiLib@@QBEPAUHWND__@@XZ 004101f2 f   DuiLib_ud:DuiLib_ud.dll
 0001:0000f1f8       ?Offset@CDuiRect@DuiLib@@QAEXHH@Z 004101f8 f   DuiLib_ud:DuiLib_ud.dll
 0001:0000f1fe       ??4CDuiString@DuiLib@@QAEABV01@ABV01@@Z 004101fe f   DuiLib_ud:DuiLib_ud.dll
 0001:0000f204       ??0CListTextElementUI@DuiLib@@QAE@XZ 00410204 f   DuiLib_ud:DuiLib_ud.dll
 0001:0000f20a       ??0CDuiString@DuiLib@@QAE@ABV01@@Z 0041020a f   DuiLib_ud:DuiLib_ud.dll
 0001:0000f210       ?GetName@CControlUI@DuiLib@@UBE?AVCDuiString@2@XZ 00410210 f   DuiLib_ud:DuiLib_ud.dll
 0001:0000f216       ?SetName@CControlUI@DuiLib@@UAEXPB_W@Z 00410216 f   DuiLib_ud:DuiLib_ud.dll
 0001:0000f21c       ?GetClass@CListTextElementUI@DuiLib@@UBEPB_WXZ 0041021c f   DuiLib_ud:DuiLib_ud.dll
 0001:0000f222       ?GetInterface@CListTextElementUI@DuiLib@@UAEPAXPB_W@Z 00410222 f   DuiLib_ud:DuiLib_ud.dll
 0001:0000f228       ?GetControlFlags@CListTextElementUI@DuiLib@@UBEIXZ 00410228 f   DuiLib_ud:DuiLib_ud.dll
 0001:0000f22e       ?Activate@CListElementUI@DuiLib@@UAE_NXZ 0041022e f   DuiLib_ud:DuiLib_ud.dll
 0001:0000f234       ?GetManager@CControlUI@DuiLib@@UBEPAVCPaintManagerUI@2@XZ 00410234 f   DuiLib_ud:DuiLib_ud.dll
 0001:0000f23a       ?SetManager@CControlUI@DuiLib@@UAEXPAVCPaintManagerUI@2@PAV12@_N@Z 0041023a f   DuiLib_ud:DuiLib_ud.dll
 0001:0000f240       ?GetParent@CControlUI@DuiLib@@UBEPAV12@XZ 00410240 f   DuiLib_ud:DuiLib_ud.dll
 0001:0000f246       ?GetText@CControlUI@DuiLib@@UBE?AVCDuiString@2@XZ 00410246 f   DuiLib_ud:DuiLib_ud.dll
 0001:0000f24c       ?SetText@CControlUI@DuiLib@@UAEXPB_W@Z 0041024c f   DuiLib_ud:DuiLib_ud.dll
 0001:0000f252       ?GetPos@CControlUI@DuiLib@@UBEABUtagRECT@@XZ 00410252 f   DuiLib_ud:DuiLib_ud.dll
 0001:0000f258       ?SetPos@CControlUI@DuiLib@@UAEXUtagRECT@@@Z 00410258 f   DuiLib_ud:DuiLib_ud.dll
 0001:0000f25e       ?GetWidth@CControlUI@DuiLib@@UBEHXZ 0041025e f   DuiLib_ud:DuiLib_ud.dll
 0001:0000f264       ?GetHeight@CControlUI@DuiLib@@UBEHXZ 00410264 f   DuiLib_ud:DuiLib_ud.dll
 0001:0000f26a       ?GetX@CControlUI@DuiLib@@UBEHXZ 0041026a f   DuiLib_ud:DuiLib_ud.dll
 0001:0000f270       ?GetY@CControlUI@DuiLib@@UBEHXZ 00410270 f   DuiLib_ud:DuiLib_ud.dll
 0001:0000f276       ?GetPadding@CControlUI@DuiLib@@UBE?AUtagRECT@@XZ 00410276 f   DuiLib_ud:DuiLib_ud.dll
 0001:0000f27c       ?SetPadding@CControlUI@DuiLib@@UAEXUtagRECT@@@Z 0041027c f   DuiLib_ud:DuiLib_ud.dll
 0001:0000f282       ?GetFixedXY@CControlUI@DuiLib@@UBE?AUtagSIZE@@XZ 00410282 f   DuiLib_ud:DuiLib_ud.dll
 0001:0000f288       ?SetFixedXY@CControlUI@DuiLib@@UAEXUtagSIZE@@@Z 00410288 f   DuiLib_ud:DuiLib_ud.dll
 0001:0000f28e       ?GetFixedWidth@CControlUI@DuiLib@@UBEHXZ 0041028e f   DuiLib_ud:DuiLib_ud.dll
 0001:0000f294       ?SetFixedWidth@CControlUI@DuiLib@@UAEXH@Z 00410294 f   DuiLib_ud:DuiLib_ud.dll
 0001:0000f29a       ?GetFixedHeight@CControlUI@DuiLib@@UBEHXZ 0041029a f   DuiLib_ud:DuiLib_ud.dll
 0001:0000f2a0       ?SetFixedHeight@CControlUI@DuiLib@@UAEXH@Z 004102a0 f   DuiLib_ud:DuiLib_ud.dll
 0001:0000f2a6       ?GetMinWidth@CControlUI@DuiLib@@UBEHXZ 004102a6 f   DuiLib_ud:DuiLib_ud.dll
 0001:0000f2ac       ?SetMinWidth@CControlUI@DuiLib@@UAEXH@Z 004102ac f   DuiLib_ud:DuiLib_ud.dll
 0001:0000f2b2       ?GetMaxWidth@CControlUI@DuiLib@@UBEHXZ 004102b2 f   DuiLib_ud:DuiLib_ud.dll
 0001:0000f2b8       ?SetMaxWidth@CControlUI@DuiLib@@UAEXH@Z 004102b8 f   DuiLib_ud:DuiLib_ud.dll
 0001:0000f2be       ?GetMinHeight@CControlUI@DuiLib@@UBEHXZ 004102be f   DuiLib_ud:DuiLib_ud.dll
 0001:0000f2c4       ?SetMinHeight@CControlUI@DuiLib@@UAEXH@Z 004102c4 f   DuiLib_ud:DuiLib_ud.dll
 0001:0000f2ca       ?GetMaxHeight@CControlUI@DuiLib@@UBEHXZ 004102ca f   DuiLib_ud:DuiLib_ud.dll
 0001:0000f2d0       ?SetMaxHeight@CControlUI@DuiLib@@UAEXH@Z 004102d0 f   DuiLib_ud:DuiLib_ud.dll
 0001:0000f2d6       ?SetRelativePos@CControlUI@DuiLib@@UAEXUtagSIZE@@0@Z 004102d6 f   DuiLib_ud:DuiLib_ud.dll
 0001:0000f2dc       ?SetRelativeParentSize@CControlUI@DuiLib@@UAEXUtagSIZE@@@Z 004102dc f   DuiLib_ud:DuiLib_ud.dll
 0001:0000f2e2       ?GetRelativePos@CControlUI@DuiLib@@UBE?AUtagTRelativePosUI@2@XZ 004102e2 f   DuiLib_ud:DuiLib_ud.dll
 0001:0000f2e8       ?IsRelativePos@CControlUI@DuiLib@@UBE_NXZ 004102e8 f   DuiLib_ud:DuiLib_ud.dll
 0001:0000f2ee       ?GetToolTip@CControlUI@DuiLib@@UBE?AVCDuiString@2@XZ 004102ee f   DuiLib_ud:DuiLib_ud.dll
 0001:0000f2f4       ?SetToolTip@CControlUI@DuiLib@@UAEXPB_W@Z 004102f4 f   DuiLib_ud:DuiLib_ud.dll
 0001:0000f2fa       ?SetToolTipWidth@CControlUI@DuiLib@@UAEXH@Z 004102fa f   DuiLib_ud:DuiLib_ud.dll
 0001:0000f300       ?GetToolTipWidth@CControlUI@DuiLib@@UAEHXZ 00410300 f   DuiLib_ud:DuiLib_ud.dll
 0001:0000f306       ?GetShortcut@CControlUI@DuiLib@@UBE_WXZ 00410306 f   DuiLib_ud:DuiLib_ud.dll
 0001:0000f30c       ?SetShortcut@CControlUI@DuiLib@@UAEX_W@Z 0041030c f   DuiLib_ud:DuiLib_ud.dll
 0001:0000f312       ?IsContextMenuUsed@CControlUI@DuiLib@@UBE_NXZ 00410312 f   DuiLib_ud:DuiLib_ud.dll
 0001:0000f318       ?SetContextMenuUsed@CControlUI@DuiLib@@UAEX_N@Z 00410318 f   DuiLib_ud:DuiLib_ud.dll
 0001:0000f31e       ?GetUserData@CControlUI@DuiLib@@UAEABVCDuiString@2@XZ 0041031e f   DuiLib_ud:DuiLib_ud.dll
 0001:0000f324       ?SetUserData@CControlUI@DuiLib@@UAEXPB_W@Z 00410324 f   DuiLib_ud:DuiLib_ud.dll
 0001:0000f32a       ?GetTag@CControlUI@DuiLib@@UBEIXZ 0041032a f   DuiLib_ud:DuiLib_ud.dll
 0001:0000f330       ?SetTag@CControlUI@DuiLib@@UAEXI@Z 00410330 f   DuiLib_ud:DuiLib_ud.dll
 0001:0000f336       ?IsVisible@CControlUI@DuiLib@@UBE_NXZ 00410336 f   DuiLib_ud:DuiLib_ud.dll
 0001:0000f33c       ?SetVisible@CListElementUI@DuiLib@@UAEX_N@Z 0041033c f   DuiLib_ud:DuiLib_ud.dll
 0001:0000f342       ?SetInternVisible@CControlUI@DuiLib@@UAEX_N@Z 00410342 f   DuiLib_ud:DuiLib_ud.dll
 0001:0000f348       ?IsEnabled@CControlUI@DuiLib@@UBE_NXZ 00410348 f   DuiLib_ud:DuiLib_ud.dll
 0001:0000f34e       ?SetEnabled@CListElementUI@DuiLib@@UAEX_N@Z 0041034e f   DuiLib_ud:DuiLib_ud.dll
 0001:0000f354       ?IsMouseEnabled@CControlUI@DuiLib@@UBE_NXZ 00410354 f   DuiLib_ud:DuiLib_ud.dll
 0001:0000f35a       ?SetMouseEnabled@CControlUI@DuiLib@@UAEX_N@Z 0041035a f   DuiLib_ud:DuiLib_ud.dll
 0001:0000f360       ?IsKeyboardEnabled@CControlUI@DuiLib@@UBE_NXZ 00410360 f   DuiLib_ud:DuiLib_ud.dll
 0001:0000f366       ?SetKeyboardEnabled@CControlUI@DuiLib@@UAEX_N@Z 00410366 f   DuiLib_ud:DuiLib_ud.dll
 0001:0000f36c       ?IsFocused@CControlUI@DuiLib@@UBE_NXZ 0041036c f   DuiLib_ud:DuiLib_ud.dll
 0001:0000f372       ?SetFocus@CControlUI@DuiLib@@UAEXXZ 00410372 f   DuiLib_ud:DuiLib_ud.dll
 0001:0000f378       ?IsFloat@CControlUI@DuiLib@@UBE_NXZ 00410378 f   DuiLib_ud:DuiLib_ud.dll
 0001:0000f37e       ?SetFloat@CControlUI@DuiLib@@UAEX_N@Z 0041037e f   DuiLib_ud:DuiLib_ud.dll
 0001:0000f384       ?FindControl@CControlUI@DuiLib@@UAEPAV12@P6GPAV12@PAV12@PAX@Z1I@Z 00410384 f   DuiLib_ud:DuiLib_ud.dll
 0001:0000f38a       ?Init@CControlUI@DuiLib@@UAEXXZ 0041038a f   DuiLib_ud:DuiLib_ud.dll
 0001:0000f390       ?DoInit@CControlUI@DuiLib@@UAEXXZ 00410390 f   DuiLib_ud:DuiLib_ud.dll
 0001:0000f396       ?Event@CControlUI@DuiLib@@UAEXAAUtagTEventUI@2@@Z 00410396 f   DuiLib_ud:DuiLib_ud.dll
 0001:0000f39c       ?DoEvent@CListTextElementUI@DuiLib@@UAEXAAUtagTEventUI@2@@Z 0041039c f   DuiLib_ud:DuiLib_ud.dll
 0001:0000f3a2       ?SetAttribute@CListElementUI@DuiLib@@UAEXPB_W0@Z 004103a2 f   DuiLib_ud:DuiLib_ud.dll
 0001:0000f3a8       ?EstimateSize@CListTextElementUI@DuiLib@@UAE?AUtagSIZE@@U3@@Z 004103a8 f   DuiLib_ud:DuiLib_ud.dll
 0001:0000f3ae       ?DoPaint@CListLabelElementUI@DuiLib@@UAEXPAUHDC__@@ABUtagRECT@@@Z 004103ae f   DuiLib_ud:DuiLib_ud.dll
 0001:0000f3b4       ?PaintBkColor@CControlUI@DuiLib@@UAEXPAUHDC__@@@Z 004103b4 f   DuiLib_ud:DuiLib_ud.dll
 0001:0000f3ba       ?PaintBkImage@CControlUI@DuiLib@@UAEXPAUHDC__@@@Z 004103ba f   DuiLib_ud:DuiLib_ud.dll
 0001:0000f3c0       ?PaintStatusImage@CControlUI@DuiLib@@UAEXPAUHDC__@@@Z 004103c0 f   DuiLib_ud:DuiLib_ud.dll
 0001:0000f3c6       ?PaintText@CControlUI@DuiLib@@UAEXPAUHDC__@@@Z 004103c6 f   DuiLib_ud:DuiLib_ud.dll
 0001:0000f3cc       ?PaintBorder@CControlUI@DuiLib@@UAEXPAUHDC__@@@Z 004103cc f   DuiLib_ud:DuiLib_ud.dll
 0001:0000f3d2       ?DoPostPaint@CControlUI@DuiLib@@UAEXPAUHDC__@@ABUtagRECT@@@Z 004103d2 f   DuiLib_ud:DuiLib_ud.dll
 0001:0000f3d8       ?FindControl@CPaintManagerUI@DuiLib@@QBEPAVCControlUI@2@UtagPOINT@@@Z 004103d8 f   DuiLib_ud:DuiLib_ud.dll
 0001:0000f3de       ?GetCaptionRect@CPaintManagerUI@DuiLib@@QAEAAUtagRECT@@XZ 004103de f   DuiLib_ud:DuiLib_ud.dll
 0001:0000f3e4       ?GetSizeBox@CPaintManagerUI@DuiLib@@QAEAAUtagRECT@@XZ 004103e4 f   DuiLib_ud:DuiLib_ud.dll
 0001:0000f3ea       ?GetRoundCorner@CPaintManagerUI@DuiLib@@QBE?AUtagSIZE@@XZ 004103ea f   DuiLib_ud:DuiLib_ud.dll
 0001:0000f3f0       ??1CListTextElementUI@DuiLib@@UAE@XZ 004103f0 f   DuiLib_ud:DuiLib_ud.dll
 0001:0000f3f6       ??0CDuiString@DuiLib@@QAE@XZ 004103f6 f   DuiLib_ud:DuiLib_ud.dll
 0001:0000f400       ??_U@YAPAXI@Z              00410400 f   libcpmtd:newaop.obj
 0001:0000f420       ??0_Init_locks@std@@QAE@XZ 00410420 f   libcpmtd:xlock.obj
 0001:0000f470       ??1_Init_locks@std@@QAE@XZ 00410470 f   libcpmtd:xlock.obj
 0001:0000f4c0       ?_Init_locks_ctor@_Init_locks@std@@CAXPAV12@@Z 004104c0 f   libcpmtd:xlock.obj
 0001:0000f510       ?_Init_locks_dtor@_Init_locks@std@@CAXPAV12@@Z 00410510 f   libcpmtd:xlock.obj
 0001:0000f560       ??0_Lockit@std@@QAE@XZ     00410560 f   libcpmtd:xlock.obj
 0001:0000f590       ??0_Lockit@std@@QAE@H@Z    00410590 f   libcpmtd:xlock.obj
 0001:0000f5d0       ??1_Lockit@std@@QAE@XZ     004105d0 f   libcpmtd:xlock.obj
 0001:0000f600       ?_Lockit_ctor@_Lockit@std@@CAXPAV12@@Z 00410600 f   libcpmtd:xlock.obj
 0001:0000f620       ?_Lockit_ctor@_Lockit@std@@CAXPAV12@H@Z 00410620 f   libcpmtd:xlock.obj
 0001:0000f650       ?_Lockit_dtor@_Lockit@std@@CAXPAV12@@Z 00410650 f   libcpmtd:xlock.obj
 0001:0000f670       ?_Lockit_ctor@_Lockit@std@@SAXH@Z 00410670 f   libcpmtd:xlock.obj
 0001:0000f690       ?_Lockit_dtor@_Lockit@std@@SAXH@Z 00410690 f   libcpmtd:xlock.obj
 0001:0000f6b0       ?_Debug_message@std@@YAXPB_W0I@Z 004106b0 f   libcpmtd:stdthrow.obj
 0001:0000f6e0       ?_Debug_message@std@@YAXPBG0I@Z 004106e0 f   libcpmtd:stdthrow.obj
 0001:0000f700       ?_Ios_base_dtor@ios_base@std@@CAXPAV12@@Z 00410700 f   libcpmtd:ios.obj
 0001:0000f760       ?_Tidy@ios_base@std@@AAEXXZ 00410760 f i libcpmtd:ios.obj
 0001:0000f7f0       ?_Callfns@ios_base@std@@AAEXW4event@12@@Z 004107f0 f i libcpmtd:ios.obj
 0001:0000f840       ?_Addstd@ios_base@std@@SAXPAV12@@Z 00410840 f   libcpmtd:ios.obj
 0001:0000f8e0       ??$_DebugHeapDelete@U_Iosarray@ios_base@std@@@std@@YAXPAU_Iosarray@ios_base@0@@Z 004108e0 f i libcpmtd:ios.obj
 0001:0000f900       ??$_DebugHeapDelete@U_Fnarray@ios_base@std@@@std@@YAXPAU_Fnarray@ios_base@0@@Z 00410900 f i libcpmtd:ios.obj
 0001:0000f920       ?generic_category@std@@YAABVerror_category@1@XZ 00410920 f   libcpmtd:syserror.obj
 0001:0000f930       ?iostream_category@std@@YAABVerror_category@1@XZ 00410930 f   libcpmtd:syserror.obj
 0001:0000f940       ?system_category@std@@YAABVerror_category@1@XZ 00410940 f   libcpmtd:syserror.obj
 0001:0000f950       ??0_Generic_error_category@std@@QAE@XZ 00410950 f i libcpmtd:syserror.obj
 0001:0000f980       ??0error_category@std@@QAE@XZ 00410980 f i libcpmtd:syserror.obj
 0001:0000f9a0       ??_Gerror_category@std@@UAEPAXI@Z 004109a0 f i libcpmtd:syserror.obj
 0001:0000f9a0       ??_Eerror_category@std@@UAEPAXI@Z 004109a0 f i libcpmtd:syserror.obj
 0001:0000f9d0       ??1error_category@std@@UAE@XZ 004109d0 f i libcpmtd:syserror.obj
 0001:0000f9f0       ?default_error_condition@error_category@std@@UBE?AVerror_condition@2@H@Z 004109f0 f i libcpmtd:syserror.obj
 0001:0000fa20       ??0error_condition@std@@QAE@HABVerror_category@1@@Z 00410a20 f i libcpmtd:syserror.obj
 0001:0000fa50       ?equivalent@error_category@std@@UBE_NHABVerror_condition@2@@Z 00410a50 f i libcpmtd:syserror.obj
 0001:0000fa90       ??8error_condition@std@@QBE_NABV01@@Z 00410a90 f i libcpmtd:syserror.obj
 0001:0000faf0       ??8error_category@std@@QBE_NABV01@@Z 00410af0 f i libcpmtd:syserror.obj
 0001:0000fb10       ?value@error_condition@std@@QBEHXZ 00410b10 f i libcpmtd:syserror.obj
 0001:0000fb30       ?category@error_condition@std@@QBEABVerror_category@2@XZ 00410b30 f i libcpmtd:syserror.obj
 0001:0000fb50       ?equivalent@error_category@std@@UBE_NABVerror_code@2@H@Z 00410b50 f i libcpmtd:syserror.obj
 0001:0000fba0       ?value@error_code@std@@QBEHXZ 00410ba0 f i libcpmtd:syserror.obj
 0001:0000fbc0       ?category@error_code@std@@QBEABVerror_category@2@XZ 00410bc0 f i libcpmtd:syserror.obj
 0001:0000fbe0       ?name@_Generic_error_category@std@@UBEPBDXZ 00410be0 f i libcpmtd:syserror.obj
 0001:0000fc00       ?message@_Generic_error_category@std@@UBE?AV?$basic_string@DU?$char_traits@D@std@@V?$allocator@D@2@@2@H@Z 00410c00 f i libcpmtd:syserror.obj
 0001:0000fc40       ??_E_Generic_error_category@std@@UAEPAXI@Z 00410c40 f i libcpmtd:syserror.obj
 0001:0000fc40       ??_G_Generic_error_category@std@@UAEPAXI@Z 00410c40 f i libcpmtd:syserror.obj
 0001:0000fc70       ??1_Generic_error_category@std@@UAE@XZ 00410c70 f i libcpmtd:syserror.obj
 0001:0000fc90       ??0_Iostream_error_category@std@@QAE@XZ 00410c90 f i libcpmtd:syserror.obj
 0001:0000fcc0       ?name@_Iostream_error_category@std@@UBEPBDXZ 00410cc0 f i libcpmtd:syserror.obj
[...]
 0001:00052a18       __ehhandler$??0?$basic_string@DU?$char_traits@D@std@@V?$allocator@D@2@@std@@QAE@$$QAV01@@Z 00453a18 f   Main.obj
 0001:00052a40       __unwindfunclet$??0?$_String_val@DV?$allocator@D@std@@@std@@QAE@V?$allocator@D@1@@Z$0 00453a40 f   Main.obj
 0001:00052a48       __ehhandler$??0?$_String_val@DV?$allocator@D@std@@@std@@QAE@V?$allocator@D@1@@Z 00453a48 f   Main.obj
 0001:00052a70       __unwindfunclet$??0sentry@?$basic_ostream@DU?$char_traits@D@std@@@std@@QAE@AAV12@@Z$0 00453a70 f   Main.obj
 0001:00052a78       __ehhandler$??0sentry@?$basic_ostream@DU?$char_traits@D@std@@@std@@QAE@AAV12@@Z 00453a78 f   Main.obj
 0001:00052aa0       __unwindfunclet$??1sentry@?$basic_ostream@DU?$char_traits@D@std@@@std@@QAE@XZ$0 00453aa0 f   Main.obj
 0001:00052aa8       __ehhandler$??1sentry@?$basic_ostream@DU?$char_traits@D@std@@@std@@QAE@XZ 00453aa8 f   Main.obj
 0001:00052ad0       __unwindfunclet$??0?$basic_string@DU?$char_traits@D@std@@V?$allocator@D@2@@std@@QAE@PBDI@Z$0 00453ad0 f   Main.obj
 0001:00052ad8       __ehhandler$??0?$basic_string@DU?$char_traits@D@std@@V?$allocator@D@2@@std@@QAE@PBDI@Z 00453ad8 f   Main.obj
 0001:00052b00       __unwindfunclet$??0?$basic_ostream@DU?$char_traits@D@std@@@std@@QAE@W4_Uninitialized@1@_N@Z$0 00453b00 f   Main.obj
 0001:00052b1c       __ehhandler$??0?$basic_ostream@DU?$char_traits@D@std@@@std@@QAE@W4_Uninitialized@1@_N@Z 00453b1c f   Main.obj
 0001:00052b40       __ehhandler$?_Osfx@?$basic_ostream@DU?$char_traits@D@std@@@std@@QAEXXZ 00453b40 f   Main.obj
 0001:00052b60       __unwindfunclet$??0?$basic_istream@DU?$char_traits@D@std@@@std@@QAE@PAV?$basic_streambuf@DU?$char_traits@D@std@@@1@_N@Z$0 00453b60 f   Main.obj
 0001:00052b7c       __ehhandler$??0?$basic_istream@DU?$char_traits@D@std@@@std@@QAE@PAV?$basic_streambuf@DU?$char_traits@D@std@@@1@_N@Z 00453b7c f   Main.obj
 0001:00052ba0       __unwindfunclet$??0?$basic_streambuf@DU?$char_traits@D@std@@@std@@IAE@XZ$0 00453ba0 f   Main.obj
 0001:00052bab       __ehhandler$??0?$basic_streambuf@DU?$char_traits@D@std@@@std@@IAE@XZ 00453bab f   Main.obj
 0001:00052bd0       __ehhandler$?reserve@?$vector@V?$basic_string@DU?$char_traits@D@std@@V?$allocator@D@2@@std@@V?$allocator@V?$basic_string@DU?$char_traits@D@std@@V?$allocator@D@2@@std@@@2@@std@@QAEXI@Z 00453bd0 f   Main.obj
 0001:00052bf0       __unwindfunclet$??0?$_Vector_const_iterator@V?$_Vector_val@V?$basic_string@DU?$char_traits@D@std@@V?$allocator@D@2@@std@@V?$allocator@V?$basic_string@DU?$char_traits@D@std@@V?$allocator@D@2@@std@@@2@@std@@@std@@QAE@PAV?$basic_string@DU?$char_traits@D@std@@V?$allocator@D@2@@1@PBU_Container_base12@1@@Z$0 00453bf0 f   Main.obj
 0001:00052bf8       __ehhandler$??0?$_Vector_const_iterator@V?$_Vector_val@V?$basic_string@DU?$char_traits@D@std@@V?$allocator@D@2@@std@@V?$allocator@V?$basic_string@DU?$char_traits@D@std@@V?$allocator@D@2@@std@@@2@@std@@@std@@QAE@PAV?$basic_string@DU?$char_traits@D@std@@V?$allocator@D@2@@1@PBU_Container_base12@1@@Z 00453bf8 f   Main.obj
 0001:00052c20       __ehhandler$?_Copy@?$basic_string@DU?$char_traits@D@std@@V?$allocator@D@2@@std@@QAEXII@Z 00453c20 f   Main.obj
 0001:00052c40       __unwindfunclet$?widen@?$basic_ios@DU?$char_traits@D@std@@@std@@QBEDD@Z$0 00453c40 f   Main.obj
 0001:00052c48       __ehhandler$?widen@?$basic_ios@DU?$char_traits@D@std@@@std@@QBEDD@Z 00453c48 f   Main.obj
 0001:00052c70       __unwindfunclet$??$use_facet@V?$ctype@D@std@@@std@@YAABV?$ctype@D@0@ABVlocale@0@@Z$0 00453c70 f   Main.obj
 0001:00052c78       __ehhandler$??$use_facet@V?$ctype@D@std@@@std@@YAABV?$ctype@D@0@ABVlocale@0@@Z 00453c78 f   Main.obj
 0001:00052ca0       __unwindfunclet$?_Getcat@?$ctype@D@std@@SAIPAPBVfacet@locale@2@PBV42@@Z$0 00453ca0 f   Main.obj
 0001:00052cbb       __unwindfunclet$?_Getcat@?$ctype@D@std@@SAIPAPBVfacet@locale@2@PBV42@@Z$1 00453cbb f   Main.obj
 0001:00052cd4       __ehhandler$?_Getcat@?$ctype@D@std@@SAIPAPBVfacet@locale@2@PBV42@@Z 00453cd4 f   Main.obj
 0001:00052cf0       __unwindfunclet$??0_Locinfo@std@@QAE@PBD@Z$0 00453cf0 f   Main.obj
 0001:00052cf8       __unwindfunclet$??0_Locinfo@std@@QAE@PBD@Z$1 00453cf8 f   Main.obj
 0001:00052d03       __unwindfunclet$??0_Locinfo@std@@QAE@PBD@Z$2 00453d03 f   Main.obj
 0001:00052d0e       __unwindfunclet$??0_Locinfo@std@@QAE@PBD@Z$3 00453d0e f   Main.obj
 0001:00052d19       __unwindfunclet$??0_Locinfo@std@@QAE@PBD@Z$4 00453d19 f   Main.obj
 0001:00052d24       __ehhandler$??0_Locinfo@std@@QAE@PBD@Z 00453d24 f   Main.obj
 0001:00052d40       __unwindfunclet$??1_Locinfo@std@@QAE@XZ$0 00453d40 f   Main.obj
 0001:00052d48       __unwindfunclet$??1_Locinfo@std@@QAE@XZ$1 00453d48 f   Main.obj
 0001:00052d53       __unwindfunclet$??1_Locinfo@std@@QAE@XZ$2 00453d53 f   Main.obj
 0001:00052d5e       __unwindfunclet$??1_Locinfo@std@@QAE@XZ$3 00453d5e f   Main.obj
 0001:00052d69       __unwindfunclet$??1_Locinfo@std@@QAE@XZ$4 00453d69 f   Main.obj
 0001:00052d74       __ehhandler$??1_Locinfo@std@@QAE@XZ 00453d74 f   Main.obj
 0001:00052d90       __unwindfunclet$??0?$ctype@D@std@@QAE@ABV_Locinfo@1@I@Z$0 00453d90 f   Main.obj
 0001:00052d98       __ehhandler$??0?$ctype@D@std@@QAE@ABV_Locinfo@1@I@Z 00453d98 f   Main.obj
 0001:00052dc0       __unwindfunclet$??1?$ctype@D@std@@MAE@XZ$0 00453dc0 f   Main.obj
 0001:00052dc8       __ehhandler$??1?$ctype@D@std@@MAE@XZ 00453dc8 f   Main.obj
 0001:00052df0       __unwindfunclet$??$?6U?$char_traits@D@std@@@std@@YAAAV?$basic_ostream@DU?$char_traits@D@std@@@0@AAV10@PBD@Z$2 00453df0 f   Main.obj
 0001:00052df8       __ehhandler$??$?6U?$char_traits@D@std@@@std@@YAAAV?$basic_ostream@DU?$char_traits@D@std@@@0@AAV10@PBD@Z 00453df8 f   Main.obj
 0001:00052e20       __unwindfunclet$??$use_facet@V?$num_put@DV?$ostreambuf_iterator@DU?$char_traits@D@std@@@std@@@std@@@std@@YAABV?$num_put@DV?$ostreambuf_iterator@DU?$char_traits@D@std@@@std@@@0@ABVlocale@0@@Z$0 00453e20 f   Main.obj
 0001:00052e28       __ehhandler$??$use_facet@V?$num_put@DV?$ostreambuf_iterator@DU?$char_traits@D@std@@@std@@@std@@@std@@YAABV?$num_put@DV?$ostreambuf_iterator@DU?$char_traits@D@std@@@std@@@0@ABVlocale@0@@Z 00453e28 f   Main.obj
 0001:00052e50       __unwindfunclet$?construct@?$allocator@V?$basic_string@DU?$char_traits@D@std@@V?$allocator@D@2@@std@@@std@@QAEXPAV?$basic_string@DU?$char_traits@D@std@@V?$allocator@D@2@@2@$$QAV32@@Z$0 00453e50 f   Main.obj
 0001:00052e61       __ehhandler$?construct@?$allocator@V?$basic_string@DU?$char_traits@D@std@@V?$allocator@D@2@@std@@@std@@QAEXPAV?$basic_string@DU?$char_traits@D@std@@V?$allocator@D@2@@2@$$QAV32@@Z 00453e61 f   Main.obj
 0001:00052e80       __unwindfunclet$?_Getcat@?$num_put@DV?$ostreambuf_iterator@DU?$char_traits@D@std@@@std@@@std@@SAIPAPBVfacet@locale@2@PBV42@@Z$0 00453e80 f   Main.obj
 0001:00052e9b       __unwindfunclet$?_Getcat@?$num_put@DV?$ostreambuf_iterator@DU?$char_traits@D@std@@@std@@@std@@SAIPAPBVfacet@locale@2@PBV42@@Z$1 00453e9b f   Main.obj
 0001:00052eb4       __ehhandler$?_Getcat@?$num_put@DV?$ostreambuf_iterator@DU?$char_traits@D@std@@@std@@@std@@SAIPAPBVfacet@locale@2@PBV42@@Z 00453eb4 f   Main.obj
 0001:00052ed0       __unwindfunclet$?construct@?$allocator@U_Container_proxy@std@@@std@@QAEXPAU_Container_proxy@2@$$QAU32@@Z$0 00453ed0 f   Main.obj
 0001:00052ee1       __ehhandler$?construct@?$allocator@U_Container_proxy@std@@@std@@QAEXPAU_Container_proxy@2@$$QAU32@@Z 00453ee1 f   Main.obj
 0001:00052f00       __unwindfunclet$??0?$num_put@DV?$ostreambuf_iterator@DU?$char_traits@D@std@@@std@@@std@@QAE@ABV_Locinfo@1@I@Z$0 00453f00 f   Main.obj
 0001:00052f08       __ehhandler$??0?$num_put@DV?$ostreambuf_iterator@DU?$char_traits@D@std@@@std@@@std@@QAE@ABV_Locinfo@1@I@Z 00453f08 f   Main.obj
 0001:00052f30       __unwindfunclet$?do_put@?$num_put@DV?$ostreambuf_iterator@DU?$char_traits@D@std@@@std@@@std@@MBE?AV?$ostreambuf_iterator@DU?$char_traits@D@std@@@2@V32@AAVios_base@2@D_N@Z$0 00453f30 f   Main.obj
 0001:00052f3b       __unwindfunclet$?do_put@?$num_put@DV?$ostreambuf_iterator@DU?$char_traits@D@std@@@std@@@std@@MBE?AV?$ostreambuf_iterator@DU?$char_traits@D@std@@@2@V32@AAVios_base@2@D_N@Z$1 00453f3b f   Main.obj
 0001:00052f43       __unwindfunclet$?do_put@?$num_put@DV?$ostreambuf_iterator@DU?$char_traits@D@std@@@std@@@std@@MBE?AV?$ostreambuf_iterator@DU?$char_traits@D@std@@@2@V32@AAVios_base@2@D_N@Z$2 00453f43 f   Main.obj
 0001:00052f4b       __unwindfunclet$?do_put@?$num_put@DV?$ostreambuf_iterator@DU?$char_traits@D@std@@@std@@@std@@MBE?AV?$ostreambuf_iterator@DU?$char_traits@D@std@@@2@V32@AAVios_base@2@D_N@Z$3 00453f4b f   Main.obj
 0001:00052f53       __ehhandler$?do_put@?$num_put@DV?$ostreambuf_iterator@DU?$char_traits@D@std@@@std@@@std@@MBE?AV?$ostreambuf_iterator@DU?$char_traits@D@std@@@2@V32@AAVios_base@2@D_N@Z 00453f53 f   Main.obj
 0001:00052f80       __unwindfunclet$?_Fput@?$num_put@DV?$ostreambuf_iterator@DU?$char_traits@D@std@@@std@@@std@@ABA?AV?$ostreambuf_iterator@DU?$char_traits@D@std@@@2@V32@AAVios_base@2@DPBDIIII@Z$0 00453f80 f   Main.obj
 0001:00052f8b       __unwindfunclet$?_Fput@?$num_put@DV?$ostreambuf_iterator@DU?$char_traits@D@std@@@std@@@std@@ABA?AV?$ostreambuf_iterator@DU?$char_traits@D@std@@@2@V32@AAVios_base@2@DPBDIIII@Z$1 00453f8b f   Main.obj
 0001:00052f93       __unwindfunclet$?_Fput@?$num_put@DV?$ostreambuf_iterator@DU?$char_traits@D@std@@@std@@@std@@ABA?AV?$ostreambuf_iterator@DU?$char_traits@D@std@@@2@V32@AAVios_base@2@DPBDIIII@Z$2 00453f93 f   Main.obj
 0001:00052f9b       __ehhandler$?_Fput@?$num_put@DV?$ostreambuf_iterator@DU?$char_traits@D@std@@@std@@@std@@ABA?AV?$ostreambuf_iterator@DU?$char_traits@D@std@@@2@V32@AAVios_base@2@DPBDIIII@Z 00453f9b f   Main.obj
 0001:00052fe0       __unwindfunclet$?_Iput@?$num_put@DV?$ostreambuf_iterator@DU?$char_traits@D@std@@@std@@@std@@ABA?AV?$ostreambuf_iterator@DU?$char_traits@D@std@@@2@V32@AAVios_base@2@DPADI@Z$0 00453fe0 f   Main.obj
 0001:00052fe8       __unwindfunclet$?_Iput@?$num_put@DV?$ostreambuf_iterator@DU?$char_traits@D@std@@@std@@@std@@ABA?AV?$ostreambuf_iterator@DU?$char_traits@D@std@@@2@V32@AAVios_base@2@DPADI@Z$1 00453fe8 f   Main.obj
 0001:00052ff0       __ehhandler$?_Iput@?$num_put@DV?$ostreambuf_iterator@DU?$char_traits@D@std@@@std@@@std@@ABA?AV?$ostreambuf_iterator@DU?$char_traits@D@std@@@2@V32@AAVios_base@2@DPADI@Z 00453ff0 f   Main.obj
 0001:00053020       __unwindfunclet$??$use_facet@V?$numpunct@D@std@@@std@@YAABV?$numpunct@D@0@ABVlocale@0@@Z$0 00454020 f   Main.obj
 0001:00053028       __ehhandler$??$use_facet@V?$numpunct@D@std@@@std@@YAABV?$numpunct@D@0@ABVlocale@0@@Z 00454028 f   Main.obj
 0001:00053050       __unwindfunclet$?_Getcat@?$numpunct@D@std@@SAIPAPBVfacet@locale@2@PBV42@@Z$0 00454050 f   Main.obj
 0001:00053068       __unwindfunclet$?_Getcat@?$numpunct@D@std@@SAIPAPBVfacet@locale@2@PBV42@@Z$1 00454068 f   Main.obj
 0001:00053081       __ehhandler$?_Getcat@?$numpunct@D@std@@SAIPAPBVfacet@locale@2@PBV42@@Z 00454081 f   Main.obj
 0001:000530a0       __unwindfunclet$??0?$numpunct@D@std@@QAE@ABV_Locinfo@1@I_N@Z$0 004540a0 f   Main.obj
 0001:000530a8       __ehhandler$??0?$numpunct@D@std@@QAE@ABV_Locinfo@1@I_N@Z 004540a8 f   Main.obj
 0001:000530d0       __unwindfunclet$??0?$basic_string@DU?$char_traits@D@std@@V?$allocator@D@2@@std@@QAE@PBD@Z$0 004540d0 f   Main.obj
 0001:000530d8       __ehhandler$??0?$basic_string@DU?$char_traits@D@std@@V?$allocator@D@2@@std@@QAE@PBD@Z 004540d8 f   Main.obj
 0001:00053100       __unwindfunclet$??1?$numpunct@D@std@@MAE@XZ$0 00454100 f   Main.obj
 0001:00053108       __ehhandler$??1?$numpunct@D@std@@MAE@XZ 00454108 f   Main.obj
 0001:00053130       __ehhandler$?_Init@?$numpunct@D@std@@IAEXABV_Locinfo@2@_N@Z 00454130 f   Main.obj
 0001:00053150       __unwindfunclet$??$_Uninit_def_fill_n@PAV?$basic_string@DU?$char_traits@D@std@@V?$allocator@D@2@@std@@IV12@V?$allocator@V?$basic_string@DU?$char_traits@D@std@@V?$allocator@D@2@@std@@@2@V12@@std@@YAXPAV?$basic_string@DU?$char_traits@D@std@@V?$allocator@D@2@@0@IPBV10@AAV?$allocator@V?$basic_string@DU?$char_traits@D@std@@V?$allocator@D@2@@std@@@0@0U_Nonscalar_ptr_iterator_tag@0@@Z$2 00454150 f   Main.obj
 0001:00053158       __ehhandler$??$_Uninit_def_fill_n@PAV?$basic_string@DU?$char_traits@D@std@@V?$allocator@D@2@@std@@IV12@V?$allocator@V?$basic_string@DU?$char_traits@D@std@@V?$allocator@D@2@@std@@@2@V12@@std@@YAXPAV?$basic_string@DU?$char_traits@D@std@@V?$allocator@D@2@@0@IPBV10@AAV?$allocator@V?$basic_string@DU?$char_traits@D@std@@V?$allocator@D@2@@std@@@0@0U_Nonscalar_ptr_iterator_tag@0@@Z 00454158 f   Main.obj
 0001:00053180       __ehhandler$??$_Uninit_move@PAV?$basic_string@DU?$char_traits@D@std@@V?$allocator@D@2@@std@@PAV12@V?$allocator@V?$basic_string@DU?$char_traits@D@std@@V?$allocator@D@2@@std@@@2@V12@@std@@YAPAV?$basic_string@DU?$char_traits@D@std@@V?$allocator@D@2@@0@PAV10@00AAV?$allocator@V?$basic_string@DU?$char_traits@D@std@@V?$allocator@D@2@@std@@@0@0U_Nonscalar_ptr_iterator_tag@0@@Z 00454180 f   Main.obj
 0001:000531a0       __unwindfunclet$??0?$_Vector_val@V?$basic_string@DU?$char_traits@D@std@@V?$allocator@D@2@@std@@V?$allocator@V?$basic_string@DU?$char_traits@D@std@@V?$allocator@D@2@@std@@@2@@std@@QAE@V?$allocator@V?$basic_string@DU?$char_traits@D@std@@V?$allocator@D@2@@std@@@1@@Z$0 004541a0 f   Main.obj
 0001:000531a8       __ehhandler$??0?$_Vector_val@V?$basic_string@DU?$char_traits@D@std@@V?$allocator@D@2@@std@@V?$allocator@V?$basic_string@DU?$char_traits@D@std@@V?$allocator@D@2@@std@@@2@@std@@QAE@V?$allocator@V?$basic_string@DU?$char_traits@D@std@@V?$allocator@D@2@@std@@@1@@Z 004541a8 f   Main.obj
 0001:000531d0       __unwindfunclet$??1?$vector@V?$basic_string@DU?$char_traits@D@std@@V?$allocator@D@2@@std@@V?$allocator@V?$basic_string@DU?$char_traits@D@std@@V?$allocator@D@2@@std@@@2@@std@@QAE@XZ$0 004541d0 f   Main.obj
 0001:000531d8       __ehhandler$??1?$vector@V?$basic_string@DU?$char_traits@D@std@@V?$allocator@D@2@@std@@V?$allocator@V?$basic_string@DU?$char_traits@D@std@@V?$allocator@D@2@@std@@@2@@std@@QAE@XZ 004541d8 f   Main.obj
 0001:00053200       __unwindfunclet$??1?$_Vector_val@V?$basic_string@DU?$char_traits@D@std@@V?$allocator@D@2@@std@@V?$allocator@V?$basic_string@DU?$char_traits@D@std@@V?$allocator@D@2@@std@@@2@@std@@QAE@XZ$0 00454200 f   Main.obj
 0001:00053208       __ehhandler$??1?$_Vector_val@V?$basic_string@DU?$char_traits@D@std@@V?$allocator@D@2@@std@@V?$allocator@V?$basic_string@DU?$char_traits@D@std@@V?$allocator@D@2@@std@@@2@@std@@QAE@XZ 00454208 f   Main.obj
 0001:00053230       __unwindfunclet$?_Facet_Register@facet@locale@std@@CAXPAV123@@Z$0 00454230 f   libcpmtd:locale0.obj
 0001:00053248       __ehhandler$?_Facet_Register@facet@locale@std@@CAXPAV123@@Z 00454248 f   libcpmtd:locale0.obj
 0001:00053270       __unwindfunclet$?empty@locale@std@@SA?AV12@XZ$0 00454270 f   libcpmtd:locale0.obj
 0001:0005328b       __ehhandler$?empty@locale@std@@SA?AV12@XZ 0045428b f   libcpmtd:locale0.obj
 0001:000532b0       __unwindfunclet$??0_Locimp@locale@std@@AAE@_N@Z$0 004542b0 f   libcpmtd:locale0.obj
 0001:000532b8       __ehhandler$??0_Locimp@locale@std@@AAE@_N@Z 004542b8 f   libcpmtd:locale0.obj
 0001:000532e0       __unwindfunclet$??1_Locimp@locale@std@@MAE@XZ$0 004542e0 f   libcpmtd:locale0.obj
 0001:000532e8       __unwindfunclet$??1_Locimp@locale@std@@MAE@XZ$1 004542e8 f   libcpmtd:locale0.obj
 0001:000532f3       __ehhandler$??1_Locimp@locale@std@@MAE@XZ 004542f3 f   libcpmtd:locale0.obj
 0001:00053310       __unwindfunclet$?_Init@locale@std@@CAPAV_Locimp@12@XZ$0 00454310 f   libcpmtd:locale0.obj
 0001:00053318       __unwindfunclet$?_Init@locale@std@@CAPAV_Locimp@12@XZ$1 00454318 f   libcpmtd:locale0.obj
 0001:00053333       __unwindfunclet$?_Init@locale@std@@CAPAV_Locimp@12@XZ$2 00454333 f   libcpmtd:locale0.obj
 0001:00053345       __ehhandler$?_Init@locale@std@@CAPAV_Locimp@12@XZ 00454345 f   libcpmtd:locale0.obj
 0001:00053360       __unwindfunclet$?_Locimp_dtor@_Locimp@locale@std@@CAXPAV123@@Z$0 00454360 f   libcpmtd:locale0.obj
 0001:00053368       __ehhandler$?_Locimp_dtor@_Locimp@locale@std@@CAXPAV123@@Z 00454368 f   libcpmtd:locale0.obj
 0001:00053390       __unwindfunclet$?_Fac_tidy@@YAXXZ$0 00454390 f   libcpmtd:locale0.obj
 0001:00053398       __ehhandler$?_Fac_tidy@@YAXXZ 00454398 f   libcpmtd:locale0.obj
 0001:000533c0       __ehhandler$?CallUnexpected@@YAXPBU_s_ESTypeList@@@Z 004543c0 f   LIBCMTD:frame.obj
 0001:000533e0       __unwindfunclet$?getSystemCP@@YAHH@Z$0 004543e0 f   LIBCMTD:mbctype.obj
 0001:000533e8       __ehhandler$?getSystemCP@@YAHH@Z 004543e8 f   LIBCMTD:mbctype.obj
 0001:00053410       __unwindfunclet$?make@DNameStatusNode@@SAPAV1@W4DNameStatus@@@Z$0 00454410 f   LIBCMTD:undname.obj
 0001:0005341e       __ehhandler$?make@DNameStatusNode@@SAPAV1@W4DNameStatus@@@Z 0045441e f   LIBCMTD:undname.obj
 0001:00053440       __unwindfunclet$?x_ismbbtype_l@@YAHPAUlocaleinfo_struct@@IHH@Z$0 00454440 f   LIBCMTD:ismbbyte.obj
 0001:00053448       __ehhandler$?x_ismbbtype_l@@YAHPAUlocaleinfo_struct@@IHH@Z 00454448 f   LIBCMTD:ismbbyte.obj
 0001:00053470       __unwindfunclet$?strtoxl@@YAKPAUlocaleinfo_struct@@PBDPAPBDHH@Z$0 00454470 f   LIBCMTD:strtol.obj
 0001:00053478       __ehhandler$?strtoxl@@YAKPAUlocaleinfo_struct@@PBDPAPBDHH@Z 00454478 f   LIBCMTD:strtol.obj
 0001:000534a0       __unwindfunclet$?strtoxq@@YA_KPAUlocaleinfo_struct@@PBDPAPBDHH@Z$0 004544a0 f   LIBCMTD:strtoq.obj
 0001:000534a8       __ehhandler$?strtoxq@@YA_KPAUlocaleinfo_struct@@PBDPAPBDHH@Z 004544a8 f   LIBCMTD:strtoq.obj
 0001:000534d0       ??__Edomain@@YAXXZ         004544d0 f   Main.obj
 0001:00053500       ??__Edesc@@YAXXZ           00454500 f   Main.obj
 0001:00053530       ??__E?id@?$num_put@DV?$ostreambuf_iterator@DU?$char_traits@D@std@@@std@@@std@@2V0locale@2@A@@YAXXZ 00454530 f   Main.obj
 0001:00053550       ??__E?id@?$numpunct@D@std@@2V0locale@2@A@@YAXXZ 00454550 f   Main.obj
 0001:00053570       ??__Einitlocks@std@@YAXXZ  00454570 f   libcpmtd:xlock.obj
 0001:00053590       ??__E_Generic_object@std@@YAXXZ 00454590 f   libcpmtd:syserror.obj
 0001:000535b0       ??__E_Iostream_object@std@@YAXXZ 004545b0 f   libcpmtd:syserror.obj
 0001:000535d0       ??__E_System_object@std@@YAXXZ 004545d0 f   libcpmtd:syserror.obj
 0001:000535f0       ??__E_Fac_tidy_reg@std@@YAXXZ 004545f0 f   libcpmtd:locale0.obj
 0001:00053610       ??__Eclassic_locale@std@@YAXXZ 00454610 f   libcpmtd:locale0.obj
 0001:00053630       ??__E?id@?$ctype@D@std@@2V0locale@2@A@@YAXXZ 00454630 f   libcpmtd:locale0.obj
 0001:00053650       ??__E?id@?$ctype@_W@std@@2V0locale@2@A@@YAXXZ 00454650 f   libcpmtd:locale0.obj
 0001:00053670       ??__E?id@?$codecvt@_WDH@std@@2V0locale@2@A@@YAXXZ 00454670 f   libcpmtd:locale0.obj
 0001:00053690       ??__E?id@?$ctype@G@std@@2V0locale@2@A@@YAXXZ 00454690 f   libcpmtd:locale0.obj
 0001:000536b0       ??__E?id@?$codecvt@GDH@std@@2V0locale@2@A@@YAXXZ 004546b0 f   libcpmtd:locale0.obj
 0001:000536d0       ??__Einitlocks@std@@YAXXZ  004546d0 f   libcpmtd:iosptrs.obj
 0001:000536f0       ??__Einit_atexit@@YAXXZ    004546f0 f   libcpmtd:iosptrs.obj
 0001:00053710       ??__Fdomain@@YAXXZ         00454710 f   Main.obj
 0001:00053730       ??__Fdesc@@YAXXZ           00454730 f   Main.obj
 0001:00053750       ??__Finitlocks@std@@YAXXZ  00454750 f   libcpmtd:xlock.obj
 0001:00053770       ??__F_Generic_object@std@@YAXXZ 00454770 f   libcpmtd:syserror.obj
 0001:00053790       ??__F_Iostream_object@std@@YAXXZ 00454790 f   libcpmtd:syserror.obj
 0001:000537b0       ??__F_System_object@std@@YAXXZ 004547b0 f   libcpmtd:syserror.obj
 0001:000537d0       ??__Fnomem@?4???2@YAPAXIABU_DebugHeapTag_t@std@@PADH@Z@YAXXZ 004547d0 f   libcpmtd:xdebug.obj
 0001:000537f0       ??__F_Fac_tidy_reg@std@@YAXXZ 004547f0 f   libcpmtd:locale0.obj
 0001:00053810       ??__Fclassic_locale@std@@YAXXZ 00454810 f   libcpmtd:locale0.obj
 0001:00053830       ??__Finitlocks@std@@YAXXZ  00454830 f   libcpmtd:iosptrs.obj
 0001:00053850       ??__Finit_atexit@@YAXXZ    00454850 f   libcpmtd:iosptrs.obj
 0001:00053870       ??__Fnomem@?5???2@YAPAXI@Z@YAXXZ 00454870 f   LIBCMTD:new.obj
