 360Safe_ud

 Timestamp is 54bcb00d (Mon Jan 19 15:19:41 2015)

 Preferred load address is 00400000

 Start         Length     Name                   Class
 0001:00000000 0003c810H .text                   CODE
 0001:0003c810 00000203H .text$x                 CODE
 0001:0003ca20 00000011H .text$yd                CODE
 0002:00000000 000003f8H .idata$5                DATA
 0002:000003f8 00000004H .CRT$XCA                DATA
 0002:000003fc 00000004H .CRT$XCZ                DATA
 0002:00000400 00000004H .CRT$XIA                DATA
 0002:00000404 00000010H .CRT$XIC                DATA
 0002:00000414 00000004H .CRT$XIY                DATA
 0002:00000418 00000004H .CRT$XIZ                DATA
 0002:0000041c 00000004H .CRT$XPA                DATA
 0002:00000420 00000008H .CRT$XPX                DATA
 0002:00000428 00000004H .CRT$XPXA               DATA
 0002:0000042c 00000004H .CRT$XPZ                DATA
 0002:00000430 00000004H .CRT$XTA                DATA
 0002:00000434 00000004H .CRT$XTZ                DATA
 0002:00000440 0000aff8H .rdata                  DATA
 0002:0000b438 0000005eH .rdata$debug            DATA
 0002:0000b498 000004c8H .rdata$r                DATA
 0002:0000b960 0000003cH .rdata$sxdata           DATA
 0002:0000b99c 00000004H .rtc$IAA                DATA
 0002:0000b9a0 00000008H .rtc$IMZ                DATA
 0002:0000b9a8 00000004H .rtc$IZZ                DATA
 0002:0000b9ac 00000004H .rtc$TAA                DATA
 0002:0000b9b0 00000008H .rtc$TMZ                DATA
 0002:0000b9b8 00000004H .rtc$TZZ                DATA
 0002:0000b9c0 00000b74H .xdata$x                DATA
 0002:0000c534 00000064H .idata$2                DATA
 0002:0000c598 00000014H .idata$3                DATA
 0002:0000c5ac 000003f8H .idata$4                DATA
 0002:0000c9a4 000023caH .idata$6                DATA
 0002:0000ed6e 00000000H .edata                  DATA
 0003:00000000 00001040H .data                   DATA
 0003:00001040 00001f4cH .bss                    DATA

  Address         Publics by Value              Rva+Base       Lib:Object

 0000:00000000       __except_list              00000000     <absolute>
 0000:0000000f       ___safe_se_handler_count   0000000f     <absolute>
 0000:00000000       ___ImageBase               00400000     <linker-defined>
 0001:00000000       _WinMain@16                00401000 f   360Safe.obj
 0001:00000210       ??0C360SafeFrameWnd@@QAE@XZ 00401210 f i 360Safe.obj
 0001:00000280       ??0INotifyUI@DuiLib@@QAE@XZ 00401280 f i 360Safe.obj
 0001:000002a0       ?GetWindowClassName@C360SafeFrameWnd@@UBEPB_WXZ 004012a0 f i 360Safe.obj
 0001:000002c0       ?GetClassStyle@C360SafeFrameWnd@@UBEIXZ 004012c0 f i 360Safe.obj
 0001:000002e0       ?OnFinalMessage@C360SafeFrameWnd@@UAEXPAUHWND__@@@Z 004012e0 f i 360Safe.obj
 0001:00000340       ?Notify@C360SafeFrameWnd@@UAEXAAUtagTNotifyUI@DuiLib@@@Z 00401340 f i 360Safe.obj
 0001:00000780       ?OnPrepare@C360SafeFrameWnd@@QAEXXZ 00401780 f i 360Safe.obj
 0001:000007a0       ?HandleMessage@C360SafeFrameWnd@@UAEJIIJ@Z 004017a0 f i 360Safe.obj
 0001:00000b10       ?OnCreate@C360SafeFrameWnd@@QAEJIIJAAH@Z 00401b10 f i 360Safe.obj
 0001:00000d60       ??0STRINGorID@DuiLib@@QAE@PB_W@Z 00401d60 f i 360Safe.obj
 0001:00000d80       ?Init@C360SafeFrameWnd@@QAEXXZ 00401d80 f i 360Safe.obj
 0001:00000e30       ?OnClose@C360SafeFrameWnd@@QAEJIIJAAH@Z 00401e30 f i 360Safe.obj
 0001:00000e50       ?OnDestroy@C360SafeFrameWnd@@QAEJIIJAAH@Z 00401e50 f i 360Safe.obj
 0001:00000e90       ?OnNcActivate@C360SafeFrameWnd@@QAEJIIJAAH@Z 00401e90 f i 360Safe.obj
 0001:00000ef0       ?OnNcCalcSize@C360SafeFrameWnd@@QAEJIIJAAH@Z 00401ef0 f i 360Safe.obj
 0001:00000f10       ?OnNcPaint@C360SafeFrameWnd@@QAEJIIJAAH@Z 00401f10 f i 360Safe.obj
 0001:00000f30       ?OnNcHitTest@C360SafeFrameWnd@@QAEJIIJAAH@Z 00401f30 f i 360Safe.obj
 0001:00001140       ?OnSize@C360SafeFrameWnd@@QAEJIIJAAH@Z 00402140 f i 360Safe.obj
 0001:00001300       ?OnGetMinMaxInfo@C360SafeFrameWnd@@QAEJIIJAAH@Z 00402300 f i 360Safe.obj
 0001:00001450       ?OnSysCommand@C360SafeFrameWnd@@QAEJIIJAAH@Z 00402450 f i 360Safe.obj
 0001:00001620       ??_GC360SafeFrameWnd@@QAEPAXI@Z 00402620 f i 360Safe.obj
 0001:00001660       ??0CDialogBuilderCallbackEx@@QAE@XZ 00402660 f i 360Safe.obj
 0001:00001690       ??0IDialogBuilderCallback@DuiLib@@QAE@XZ 00402690 f i 360Safe.obj
 0001:000016b0       ?CreateControl@CDialogBuilderCallbackEx@@UAEPAVCControlUI@DuiLib@@PB_W@Z 004026b0 f i 360Safe.obj
 0001:00001760       ??0ComputerExamineUI@@QAE@XZ 00402760 f i 360Safe.obj
 0001:000018f0       ??_EComputerExamineUI@@UAEPAXI@Z 004028f0 f i 360Safe.obj
 0001:000018f0       ??_GComputerExamineUI@@UAEPAXI@Z 004028f0 f i 360Safe.obj
 0001:00001930       ??1ComputerExamineUI@@UAE@XZ 00402930 f i 360Safe.obj
 0001:00001960       ??1C360SafeFrameWnd@@QAE@XZ 00402960 f i 360Safe.obj
 0001:000019a0       ??_H@YGXPAXIHP6EPAX0@Z@Z   004029a0 f i StdAfx.obj
 0001:000019d6       _ShowWindow@8              004029d6 f   user32:USER32.dll
 0001:000019dc       _PostQuitMessage@4         004029dc f   user32:USER32.dll
 0001:000019e2       _SetWindowLongW@12         004029e2 f   user32:USER32.dll
 0001:000019e8       _GetWindowLongW@8          004029e8 f   user32:USER32.dll
 0001:000019ee       _IsIconic@4                004029ee f   user32:USER32.dll
 0001:000019f4       _GetClientRect@8           004029f4 f   user32:USER32.dll
 0001:000019fa       _ScreenToClient@8          004029fa f   user32:USER32.dll
 0001:00001a00       _SetWindowRgn@12           00402a00 f   user32:USER32.dll
 0001:00001a06       _GetWindowRect@8           00402a06 f   user32:USER32.dll
 0001:00001a0c       _GetMonitorInfoW@8         00402a0c f   user32:USER32.dll
 0001:00001a12       _MonitorFromWindow@8       00402a12 f   user32:USER32.dll
 0001:00001a18       _IsZoomed@4                00402a18 f   user32:USER32.dll
 0001:00001a1e       _DeleteObject@4            00402a1e f   gdi32:GDI32.dll
 0001:00001a24       _CreateRoundRectRgn@24     00402a24 f   gdi32:GDI32.dll
 0001:00001a2a       _CoUninitialize@0          00402a2a f   ole32:ole32.dll
 0001:00001a30       _CoInitialize@4            00402a30 f   ole32:ole32.dll
 0001:00001a36       ?MessageLoop@CPaintManagerUI@DuiLib@@SAXXZ 00402a36 f   DuiLib_ud:DuiLib_ud.dll
 0001:00001a3c       ??BCWindowWnd@DuiLib@@QBEPAUHWND__@@XZ 00402a3c f   DuiLib_ud:DuiLib_ud.dll
 0001:00001a42       ?CenterWindow@CWindowWnd@DuiLib@@QAEXXZ 00402a42 f   DuiLib_ud:DuiLib_ud.dll
 0001:00001a48       ?Create@CWindowWnd@DuiLib@@QAEPAUHWND__@@PAU3@PB_WKKHHHHPAUHMENU__@@@Z 00402a48 f   DuiLib_ud:DuiLib_ud.dll
 0001:00001a4e       ?SetResourceZip@CPaintManagerUI@DuiLib@@SAXPB_W_N@Z 00402a4e f   DuiLib_ud:DuiLib_ud.dll
 0001:00001a54       ??1CDuiString@DuiLib@@QAE@XZ 00402a54 f   DuiLib_ud:DuiLib_ud.dll
 0001:00001a5a       ?SetResourcePath@CPaintManagerUI@DuiLib@@SAXPB_W@Z 00402a5a f   DuiLib_ud:DuiLib_ud.dll
 0001:00001a60       ??BCDuiString@DuiLib@@QBEPB_WXZ 00402a60 f   DuiLib_ud:DuiLib_ud.dll
 0001:00001a66       ??HCDuiString@DuiLib@@QBE?AV01@PB_W@Z 00402a66 f   DuiLib_ud:DuiLib_ud.dll
 0001:00001a6c       ?GetInstancePath@CPaintManagerUI@DuiLib@@SA?AVCDuiString@2@XZ 00402a6c f   DuiLib_ud:DuiLib_ud.dll
 0001:00001a72       ?SetInstance@CPaintManagerUI@DuiLib@@SAXPAUHINSTANCE__@@@Z 00402a72 f   DuiLib_ud:DuiLib_ud.dll
 0001:00001a78       ??0CPaintManagerUI@DuiLib@@QAE@XZ 00402a78 f   DuiLib_ud:DuiLib_ud.dll
 0001:00001a7e       ??0CWindowWnd@DuiLib@@QAE@XZ 00402a7e f   DuiLib_ud:DuiLib_ud.dll
 0001:00001a84       ?GetSuperClassName@CWindowWnd@DuiLib@@MBEPB_WXZ 00402a84 f   DuiLib_ud:DuiLib_ud.dll
 0001:00001a8a       ?SelectItem@CTabLayoutUI@DuiLib@@QAE_NH@Z 00402a8a f   DuiLib_ud:DuiLib_ud.dll
 0001:00001a90       ?FindControl@CPaintManagerUI@DuiLib@@QBEPAVCControlUI@2@PB_W@Z 00402a90 f   DuiLib_ud:DuiLib_ud.dll
 0001:00001a96       ?SendMessageW@CWindowWnd@DuiLib@@QAEJIIJ@Z 00402a96 f   DuiLib_ud:DuiLib_ud.dll
 0001:00001a9c       ??8CDuiString@DuiLib@@QBE_NPB_W@Z 00402a9c f   DuiLib_ud:DuiLib_ud.dll
 0001:00001aa2       ?HandleMessage@CWindowWnd@DuiLib@@MAEJIIJ@Z 00402aa2 f   DuiLib_ud:DuiLib_ud.dll
 0001:00001aa8       ?MessageHandler@CPaintManagerUI@DuiLib@@QAE_NIIJAAJ@Z 00402aa8 f   DuiLib_ud:DuiLib_ud.dll
 0001:00001aae       ??1CDialogBuilder@DuiLib@@QAE@XZ 00402aae f   DuiLib_ud:DuiLib_ud.dll
 0001:00001ab4       ?AddNotifier@CPaintManagerUI@DuiLib@@QAE_NPAVINotifyUI@2@@Z 00402ab4 f   DuiLib_ud:DuiLib_ud.dll
 0001:00001aba       ?AttachDialog@CPaintManagerUI@DuiLib@@QAE_NPAVCControlUI@2@@Z 00402aba f   DuiLib_ud:DuiLib_ud.dll
 0001:00001ac0       ?Create@CDialogBuilder@DuiLib@@QAEPAVCControlUI@2@VSTRINGorID@2@PB_WPAVIDialogBuilderCallback@2@PAVCPaintManagerUI@2@PAV32@@Z 00402ac0 f   DuiLib_ud:DuiLib_ud.dll
 0001:00001ac6       ??0CDialogBuilder@DuiLib@@QAE@XZ 00402ac6 f   DuiLib_ud:DuiLib_ud.dll
 0001:00001acc       ?Init@CPaintManagerUI@DuiLib@@QAEXPAUHWND__@@@Z 00402acc f   DuiLib_ud:DuiLib_ud.dll
 0001:00001ad2       ?FindControl@CPaintManagerUI@DuiLib@@QBEPAVCControlUI@2@UtagPOINT@@@Z 00402ad2 f   DuiLib_ud:DuiLib_ud.dll
 0001:00001ad8       ?GetCaptionRect@CPaintManagerUI@DuiLib@@QAEAAUtagRECT@@XZ 00402ad8 f   DuiLib_ud:DuiLib_ud.dll
 0001:00001ade       ?Offset@CDuiRect@DuiLib@@QAEXHH@Z 00402ade f   DuiLib_ud:DuiLib_ud.dll
 0001:00001ae4       ??0CDuiRect@DuiLib@@QAE@XZ 00402ae4 f   DuiLib_ud:DuiLib_ud.dll
 0001:00001aea       ?GetRoundCorner@CPaintManagerUI@DuiLib@@QBE?AUtagSIZE@@XZ 00402aea f   DuiLib_ud:DuiLib_ud.dll
 0001:00001af0       ??0CDuiRect@DuiLib@@QAE@ABUtagRECT@@@Z 00402af0 f   DuiLib_ud:DuiLib_ud.dll
 0001:00001af6       ??1CContainerUI@DuiLib@@UAE@XZ 00402af6 f   DuiLib_ud:DuiLib_ud.dll
 0001:00001afc       ?RemoveAll@CContainerUI@DuiLib@@UAEXXZ 00402afc f   DuiLib_ud:DuiLib_ud.dll
 0001:00001b02       ?Add@CContainerUI@DuiLib@@UAE_NPAVCControlUI@2@@Z 00402b02 f   DuiLib_ud:DuiLib_ud.dll
 0001:00001b08       ??0CContainerUI@DuiLib@@QAE@XZ 00402b08 f   DuiLib_ud:DuiLib_ud.dll
 0001:00001b0e       ?GetName@CControlUI@DuiLib@@UBE?AVCDuiString@2@XZ 00402b0e f   DuiLib_ud:DuiLib_ud.dll
 0001:00001b14       ?SetName@CControlUI@DuiLib@@UAEXPB_W@Z 00402b14 f   DuiLib_ud:DuiLib_ud.dll
 0001:00001b1a       ?GetClass@CContainerUI@DuiLib@@UBEPB_WXZ 00402b1a f   DuiLib_ud:DuiLib_ud.dll
 0001:00001b20       ?GetInterface@CContainerUI@DuiLib@@UAEPAXPB_W@Z 00402b20 f   DuiLib_ud:DuiLib_ud.dll
 0001:00001b26       ?GetControlFlags@CControlUI@DuiLib@@UBEIXZ 00402b26 f   DuiLib_ud:DuiLib_ud.dll
 0001:00001b2c       ?Activate@CControlUI@DuiLib@@UAE_NXZ 00402b2c f   DuiLib_ud:DuiLib_ud.dll
 0001:00001b32       ?GetManager@CControlUI@DuiLib@@UBEPAVCPaintManagerUI@2@XZ 00402b32 f   DuiLib_ud:DuiLib_ud.dll
 0001:00001b38       ?SetManager@CContainerUI@DuiLib@@UAEXPAVCPaintManagerUI@2@PAVCControlUI@2@_N@Z 00402b38 f   DuiLib_ud:DuiLib_ud.dll
 0001:00001b3e       ?GetParent@CControlUI@DuiLib@@UBEPAV12@XZ 00402b3e f   DuiLib_ud:DuiLib_ud.dll
 0001:00001b44       ?GetText@CControlUI@DuiLib@@UBE?AVCDuiString@2@XZ 00402b44 f   DuiLib_ud:DuiLib_ud.dll
 0001:00001b4a       ?SetText@CControlUI@DuiLib@@UAEXPB_W@Z 00402b4a f   DuiLib_ud:DuiLib_ud.dll
 0001:00001b50       ?GetPos@CControlUI@DuiLib@@UBEABUtagRECT@@XZ 00402b50 f   DuiLib_ud:DuiLib_ud.dll
 0001:00001b56       ?SetPos@CContainerUI@DuiLib@@UAEXUtagRECT@@@Z 00402b56 f   DuiLib_ud:DuiLib_ud.dll
 0001:00001b5c       ?GetWidth@CControlUI@DuiLib@@UBEHXZ 00402b5c f   DuiLib_ud:DuiLib_ud.dll
 0001:00001b62       ?GetHeight@CControlUI@DuiLib@@UBEHXZ 00402b62 f   DuiLib_ud:DuiLib_ud.dll
 0001:00001b68       ?GetX@CControlUI@DuiLib@@UBEHXZ 00402b68 f   DuiLib_ud:DuiLib_ud.dll
 0001:00001b6e       ?GetY@CControlUI@DuiLib@@UBEHXZ 00402b6e f   DuiLib_ud:DuiLib_ud.dll
 0001:00001b74       ?GetPadding@CControlUI@DuiLib@@UBE?AUtagRECT@@XZ 00402b74 f   DuiLib_ud:DuiLib_ud.dll
 0001:00001b7a       ?SetPadding@CControlUI@DuiLib@@UAEXUtagRECT@@@Z 00402b7a f   DuiLib_ud:DuiLib_ud.dll
 0001:00001b80       ?GetFixedXY@CControlUI@DuiLib@@UBE?AUtagSIZE@@XZ 00402b80 f   DuiLib_ud:DuiLib_ud.dll
 0001:00001b86       ?SetFixedXY@CControlUI@DuiLib@@UAEXUtagSIZE@@@Z 00402b86 f   DuiLib_ud:DuiLib_ud.dll
 0001:00001b8c       ?GetFixedWidth@CControlUI@DuiLib@@UBEHXZ 00402b8c f   DuiLib_ud:DuiLib_ud.dll
 0001:00001b92       ?SetFixedWidth@CControlUI@DuiLib@@UAEXH@Z 00402b92 f   DuiLib_ud:DuiLib_ud.dll
 0001:00001b98       ?GetFixedHeight@CControlUI@DuiLib@@UBEHXZ 00402b98 f   DuiLib_ud:DuiLib_ud.dll
 0001:00001b9e       ?SetFixedHeight@CControlUI@DuiLib@@UAEXH@Z 00402b9e f   DuiLib_ud:DuiLib_ud.dll
 0001:00001ba4       ?GetMinWidth@CControlUI@DuiLib@@UBEHXZ 00402ba4 f   DuiLib_ud:DuiLib_ud.dll
 0001:00001baa       ?SetMinWidth@CControlUI@DuiLib@@UAEXH@Z 00402baa f   DuiLib_ud:DuiLib_ud.dll
 0001:00001bb0       ?GetMaxWidth@CControlUI@DuiLib@@UBEHXZ 00402bb0 f   DuiLib_ud:DuiLib_ud.dll
 0001:00001bb6       ?SetMaxWidth@CControlUI@DuiLib@@UAEXH@Z 00402bb6 f   DuiLib_ud:DuiLib_ud.dll
 0001:00001bbc       ?GetMinHeight@CControlUI@DuiLib@@UBEHXZ 00402bbc f   DuiLib_ud:DuiLib_ud.dll
 0001:00001bc2       ?SetMinHeight@CControlUI@DuiLib@@UAEXH@Z 00402bc2 f   DuiLib_ud:DuiLib_ud.dll
 0001:00001bc8       ?GetMaxHeight@CControlUI@DuiLib@@UBEHXZ 00402bc8 f   DuiLib_ud:DuiLib_ud.dll
 0001:00001bce       ?SetMaxHeight@CControlUI@DuiLib@@UAEXH@Z 00402bce f   DuiLib_ud:DuiLib_ud.dll
 0001:00001bd4       ?SetRelativePos@CControlUI@DuiLib@@UAEXUtagSIZE@@0@Z 00402bd4 f   DuiLib_ud:DuiLib_ud.dll
 0001:00001bda       ?SetRelativeParentSize@CControlUI@DuiLib@@UAEXUtagSIZE@@@Z 00402bda f   DuiLib_ud:DuiLib_ud.dll
 0001:00001be0       ?GetRelativePos@CControlUI@DuiLib@@UBE?AUtagTRelativePosUI@2@XZ 00402be0 f   DuiLib_ud:DuiLib_ud.dll
 0001:00001be6       ?IsRelativePos@CControlUI@DuiLib@@UBE_NXZ 00402be6 f   DuiLib_ud:DuiLib_ud.dll
 0001:00001bec       ?GetToolTip@CControlUI@DuiLib@@UBE?AVCDuiString@2@XZ 00402bec f   DuiLib_ud:DuiLib_ud.dll
 0001:00001bf2       ?SetToolTip@CControlUI@DuiLib@@UAEXPB_W@Z 00402bf2 f   DuiLib_ud:DuiLib_ud.dll
 0001:00001bf8       ?SetToolTipWidth@CControlUI@DuiLib@@UAEXH@Z 00402bf8 f   DuiLib_ud:DuiLib_ud.dll
 0001:00001bfe       ?GetToolTipWidth@CControlUI@DuiLib@@UAEHXZ 00402bfe f   DuiLib_ud:DuiLib_ud.dll
 0001:00001c04       ?GetShortcut@CControlUI@DuiLib@@UBE_WXZ 00402c04 f   DuiLib_ud:DuiLib_ud.dll
 0001:00001c0a       ?SetShortcut@CControlUI@DuiLib@@UAEX_W@Z 00402c0a f   DuiLib_ud:DuiLib_ud.dll
 0001:00001c10       ?IsContextMenuUsed@CControlUI@DuiLib@@UBE_NXZ 00402c10 f   DuiLib_ud:DuiLib_ud.dll
 0001:00001c16       ?SetContextMenuUsed@CControlUI@DuiLib@@UAEX_N@Z 00402c16 f   DuiLib_ud:DuiLib_ud.dll
 0001:00001c1c       ?GetUserData@CControlUI@DuiLib@@UAEABVCDuiString@2@XZ 00402c1c f   DuiLib_ud:DuiLib_ud.dll
 0001:00001c22       ?SetUserData@CControlUI@DuiLib@@UAEXPB_W@Z 00402c22 f   DuiLib_ud:DuiLib_ud.dll
 0001:00001c28       ?GetTag@CControlUI@DuiLib@@UBEIXZ 00402c28 f   DuiLib_ud:DuiLib_ud.dll
 0001:00001c2e       ?SetTag@CControlUI@DuiLib@@UAEXI@Z 00402c2e f   DuiLib_ud:DuiLib_ud.dll
 0001:00001c34       ?IsVisible@CControlUI@DuiLib@@UBE_NXZ 00402c34 f   DuiLib_ud:DuiLib_ud.dll
 0001:00001c3a       ?SetVisible@CContainerUI@DuiLib@@UAEX_N@Z 00402c3a f   DuiLib_ud:DuiLib_ud.dll
 0001:00001c40       ?SetInternVisible@CContainerUI@DuiLib@@UAEX_N@Z 00402c40 f   DuiLib_ud:DuiLib_ud.dll
 0001:00001c46       ?IsEnabled@CControlUI@DuiLib@@UBE_NXZ 00402c46 f   DuiLib_ud:DuiLib_ud.dll
 0001:00001c4c       ?SetEnabled@CControlUI@DuiLib@@UAEX_N@Z 00402c4c f   DuiLib_ud:DuiLib_ud.dll
 0001:00001c52       ?IsMouseEnabled@CControlUI@DuiLib@@UBE_NXZ 00402c52 f   DuiLib_ud:DuiLib_ud.dll
 0001:00001c58       ?SetMouseEnabled@CContainerUI@DuiLib@@UAEX_N@Z 00402c58 f   DuiLib_ud:DuiLib_ud.dll
 0001:00001c5e       ?IsKeyboardEnabled@CControlUI@DuiLib@@UBE_NXZ 00402c5e f   DuiLib_ud:DuiLib_ud.dll
 0001:00001c64       ?SetKeyboardEnabled@CControlUI@DuiLib@@UAEX_N@Z 00402c64 f   DuiLib_ud:DuiLib_ud.dll
 0001:00001c6a       ?IsFocused@CControlUI@DuiLib@@UBE_NXZ 00402c6a f   DuiLib_ud:DuiLib_ud.dll
 0001:00001c70       ?SetFocus@CControlUI@DuiLib@@UAEXXZ 00402c70 f   DuiLib_ud:DuiLib_ud.dll
 0001:00001c76       ?IsFloat@CControlUI@DuiLib@@UBE_NXZ 00402c76 f   DuiLib_ud:DuiLib_ud.dll
 0001:00001c7c       ?SetFloat@CControlUI@DuiLib@@UAEX_N@Z 00402c7c f   DuiLib_ud:DuiLib_ud.dll
 0001:00001c82       ?FindControl@CContainerUI@DuiLib@@UAEPAVCControlUI@2@P6GPAV32@PAV32@PAX@Z1I@Z 00402c82 f   DuiLib_ud:DuiLib_ud.dll
 0001:00001c88       ?Init@CControlUI@DuiLib@@UAEXXZ 00402c88 f   DuiLib_ud:DuiLib_ud.dll
 0001:00001c8e       ?DoInit@CControlUI@DuiLib@@UAEXXZ 00402c8e f   DuiLib_ud:DuiLib_ud.dll
 0001:00001c94       ?Event@CControlUI@DuiLib@@UAEXAAUtagTEventUI@2@@Z 00402c94 f   DuiLib_ud:DuiLib_ud.dll
 0001:00001c9a       ?DoEvent@CContainerUI@DuiLib@@UAEXAAUtagTEventUI@2@@Z 00402c9a f   DuiLib_ud:DuiLib_ud.dll
 0001:00001ca0       ?SetAttribute@CContainerUI@DuiLib@@UAEXPB_W0@Z 00402ca0 f   DuiLib_ud:DuiLib_ud.dll
 0001:00001ca6       ?EstimateSize@CControlUI@DuiLib@@UAE?AUtagSIZE@@U3@@Z 00402ca6 f   DuiLib_ud:DuiLib_ud.dll
 0001:00001cac       ?DoPaint@CContainerUI@DuiLib@@UAEXPAUHDC__@@ABUtagRECT@@@Z 00402cac f   DuiLib_ud:DuiLib_ud.dll
 0001:00001cb2       ?PaintBkColor@CControlUI@DuiLib@@UAEXPAUHDC__@@@Z 00402cb2 f   DuiLib_ud:DuiLib_ud.dll
 0001:00001cb8       ?PaintBkImage@CControlUI@DuiLib@@UAEXPAUHDC__@@@Z 00402cb8 f   DuiLib_ud:DuiLib_ud.dll
 0001:00001cbe       ?PaintStatusImage@CControlUI@DuiLib@@UAEXPAUHDC__@@@Z 00402cbe f   DuiLib_ud:DuiLib_ud.dll
 0001:00001cc4       ?PaintText@CControlUI@DuiLib@@UAEXPAUHDC__@@@Z 00402cc4 f   DuiLib_ud:DuiLib_ud.dll
 0001:00001cca       ?PaintBorder@CControlUI@DuiLib@@UAEXPAUHDC__@@@Z 00402cca f   DuiLib_ud:DuiLib_ud.dll
 0001:00001cd0       ?DoPostPaint@CControlUI@DuiLib@@UAEXPAUHDC__@@ABUtagRECT@@@Z 00402cd0 f   DuiLib_ud:DuiLib_ud.dll
 0001:00001cd6       ?GetInset@CContainerUI@DuiLib@@UBE?AUtagRECT@@XZ 00402cd6 f   DuiLib_ud:DuiLib_ud.dll
 0001:00001cdc       ?SetInset@CContainerUI@DuiLib@@UAEXUtagRECT@@@Z 00402cdc f   DuiLib_ud:DuiLib_ud.dll
 0001:00001ce2       ?GetChildPadding@CContainerUI@DuiLib@@UBEHXZ 00402ce2 f   DuiLib_ud:DuiLib_ud.dll
 0001:00001ce8       ?SetChildPadding@CContainerUI@DuiLib@@UAEXH@Z 00402ce8 f   DuiLib_ud:DuiLib_ud.dll
 0001:00001cee       ?IsAutoDestroy@CContainerUI@DuiLib@@UBE_NXZ 00402cee f   DuiLib_ud:DuiLib_ud.dll
 0001:00001cf4       ?SetAutoDestroy@CContainerUI@DuiLib@@UAEX_N@Z 00402cf4 f   DuiLib_ud:DuiLib_ud.dll
 0001:00001cfa       ?IsDelayedDestroy@CContainerUI@DuiLib@@UBE_NXZ 00402cfa f   DuiLib_ud:DuiLib_ud.dll
 0001:00001d00       ?SetDelayedDestroy@CContainerUI@DuiLib@@UAEX_N@Z 00402d00 f   DuiLib_ud:DuiLib_ud.dll
 0001:00001d06       ?IsMouseChildEnabled@CContainerUI@DuiLib@@UBE_NXZ 00402d06 f   DuiLib_ud:DuiLib_ud.dll
 0001:00001d0c       ?SetMouseChildEnabled@CContainerUI@DuiLib@@UAEX_N@Z 00402d0c f   DuiLib_ud:DuiLib_ud.dll
 0001:00001d12       ?FindSelectable@CContainerUI@DuiLib@@UBEHH_N@Z 00402d12 f   DuiLib_ud:DuiLib_ud.dll
 0001:00001d18       ?GetScrollPos@CContainerUI@DuiLib@@UBE?AUtagSIZE@@XZ 00402d18 f   DuiLib_ud:DuiLib_ud.dll
 0001:00001d1e       ?GetScrollRange@CContainerUI@DuiLib@@UBE?AUtagSIZE@@XZ 00402d1e f   DuiLib_ud:DuiLib_ud.dll
 0001:00001d24       ?SetScrollPos@CContainerUI@DuiLib@@UAEXUtagSIZE@@@Z 00402d24 f   DuiLib_ud:DuiLib_ud.dll
 0001:00001d2a       ?LineUp@CContainerUI@DuiLib@@UAEXXZ 00402d2a f   DuiLib_ud:DuiLib_ud.dll
 0001:00001d30       ?LineDown@CContainerUI@DuiLib@@UAEXXZ 00402d30 f   DuiLib_ud:DuiLib_ud.dll
 0001:00001d36       ?PageUp@CContainerUI@DuiLib@@UAEXXZ 00402d36 f   DuiLib_ud:DuiLib_ud.dll
 0001:00001d3c       ?PageDown@CContainerUI@DuiLib@@UAEXXZ 00402d3c f   DuiLib_ud:DuiLib_ud.dll
 0001:00001d42       ?HomeUp@CContainerUI@DuiLib@@UAEXXZ 00402d42 f   DuiLib_ud:DuiLib_ud.dll
 0001:00001d48       ?EndDown@CContainerUI@DuiLib@@UAEXXZ 00402d48 f   DuiLib_ud:DuiLib_ud.dll
 0001:00001d4e       ?LineLeft@CContainerUI@DuiLib@@UAEXXZ 00402d4e f   DuiLib_ud:DuiLib_ud.dll
 0001:00001d54       ?LineRight@CContainerUI@DuiLib@@UAEXXZ 00402d54 f   DuiLib_ud:DuiLib_ud.dll
 0001:00001d5a       ?PageLeft@CContainerUI@DuiLib@@UAEXXZ 00402d5a f   DuiLib_ud:DuiLib_ud.dll
 0001:00001d60       ?PageRight@CContainerUI@DuiLib@@UAEXXZ 00402d60 f   DuiLib_ud:DuiLib_ud.dll
 0001:00001d66       ?HomeLeft@CContainerUI@DuiLib@@UAEXXZ 00402d66 f   DuiLib_ud:DuiLib_ud.dll
 0001:00001d6c       ?EndRight@CContainerUI@DuiLib@@UAEXXZ 00402d6c f   DuiLib_ud:DuiLib_ud.dll
 0001:00001d72       ?EnableScrollBar@CContainerUI@DuiLib@@UAEX_N0@Z 00402d72 f   DuiLib_ud:DuiLib_ud.dll
 0001:00001d78       ?GetVerticalScrollBar@CContainerUI@DuiLib@@UBEPAVCScrollBarUI@2@XZ 00402d78 f   DuiLib_ud:DuiLib_ud.dll
 0001:00001d7e       ?GetHorizontalScrollBar@CContainerUI@DuiLib@@UBEPAVCScrollBarUI@2@XZ 00402d7e f   DuiLib_ud:DuiLib_ud.dll
 0001:00001d84       ?SetFloatPos@CContainerUI@DuiLib@@MAEXH@Z 00402d84 f   DuiLib_ud:DuiLib_ud.dll
 0001:00001d8a       ?ProcessScrollBar@CContainerUI@DuiLib@@MAEXUtagRECT@@HH@Z 00402d8a f   DuiLib_ud:DuiLib_ud.dll
 0001:00001d90       ?GetItemAt@CContainerUI@DuiLib@@UBEPAVCControlUI@2@H@Z 00402d90 f   DuiLib_ud:DuiLib_ud.dll
 0001:00001d96       ?GetItemIndex@CContainerUI@DuiLib@@UBEHPAVCControlUI@2@@Z 00402d96 f   DuiLib_ud:DuiLib_ud.dll
 0001:00001d9c       ?SetItemIndex@CContainerUI@DuiLib@@UAE_NPAVCControlUI@2@H@Z 00402d9c f   DuiLib_ud:DuiLib_ud.dll
 0001:00001da2       ?GetCount@CContainerUI@DuiLib@@UBEHXZ 00402da2 f   DuiLib_ud:DuiLib_ud.dll
 0001:00001da8       ?AddAt@CContainerUI@DuiLib@@UAE_NPAVCControlUI@2@H@Z 00402da8 f   DuiLib_ud:DuiLib_ud.dll
 0001:00001dae       ?Remove@CContainerUI@DuiLib@@UAE_NPAVCControlUI@2@@Z 00402dae f   DuiLib_ud:DuiLib_ud.dll
 0001:00001db4       ?RemoveAt@CContainerUI@DuiLib@@UAE_NH@Z 00402db4 f   DuiLib_ud:DuiLib_ud.dll
 0001:00001dba       ??1CPaintManagerUI@DuiLib@@QAE@XZ 00402dba f   DuiLib_ud:DuiLib_ud.dll
 0001:00001dc0       ??2@YAPAXI@Z               00402dc0 f   LIBCMTD:new.obj
 0001:00001e40       ??0bad_alloc@std@@QAE@XZ   00402e40 f i LIBCMTD:new.obj
 0001:00001e70       ??1bad_alloc@std@@UAE@XZ   00402e70 f i LIBCMTD:new.obj
 0001:00001e90       ??_Ebad_alloc@std@@UAEPAXI@Z 00402e90 f i LIBCMTD:new.obj
 0001:00001e90       ??_Gbad_alloc@std@@UAEPAXI@Z 00402e90 f i LIBCMTD:new.obj
 0001:00001ec0       ??0bad_alloc@std@@QAE@ABV01@@Z 00402ec0 f i LIBCMTD:new.obj
 0001:00001ef0       @__security_check_cookie@4 00402ef0 f   LIBCMTD:secchk.obj
 0001:00001f00       __RTC_CheckEsp             00402f00 f   LIBCMTD:_stack_.obj
 0001:00001f30       @_RTC_CheckStackVars@8     00402f30 f   LIBCMTD:_stack_.obj
 0001:00001fa0       @_RTC_AllocaHelper@12      00402fa0 f   LIBCMTD:_stack_.obj
 0001:00001fe0       @_RTC_CheckStackVars2@12   00402fe0 f   LIBCMTD:_stack_.obj
 0001:000020c0       __RTC_InitBase             004030c0 f   LIBCMTD:_init_.obj
 0001:000020f0       __RTC_Shutdown             004030f0 f   LIBCMTD:_init_.obj
 0001:00002110       ?name@type_info@@QBEPBDPAU__type_info_node@@@Z 00403110 f   LIBCMTD:typinfo.obj
 0001:00002130       ??1type_info@@UAE@XZ       00403130 f   LIBCMTD:typinfo.obj
 0001:00002160       ??_Etype_info@@UAEPAXI@Z   00403160 f i LIBCMTD:typinfo.obj
 0001:00002160       ??_Gtype_info@@UAEPAXI@Z   00403160 f i LIBCMTD:typinfo.obj
 0001:00002190       ?_name_internal_method@type_info@@QBEPBDPAU__type_info_node@@@Z 00403190 f   LIBCMTD:typinfo.obj
 0001:000021b0       ?_type_info_dtor_internal_method@type_info@@QAEXXZ 004031b0 f   LIBCMTD:typinfo.obj
 0001:000021d0       ??8type_info@@QBE_NABV0@@Z 004031d0 f   LIBCMTD:typinfo.obj
 0001:00002200       ??9type_info@@QBE_NABV0@@Z 00403200 f   LIBCMTD:typinfo.obj
 0001:00002230       ?before@type_info@@QBEHABV1@@Z 00403230 f   LIBCMTD:typinfo.obj
 0001:00002260       ?raw_name@type_info@@QBEPBDXZ 00403260 f   LIBCMTD:typinfo.obj
 0001:00002280       ??0type_info@@AAE@ABV0@@Z  00403280 f   LIBCMTD:typinfo.obj
 0001:000022a0       ??4type_info@@AAEAAV0@ABV0@@Z 004032a0 f   LIBCMTD:typinfo.obj
 0001:000022c0       __purecall                 004032c0 f   LIBCMTD:purevirt.obj
 0001:00002300       __set_purecall_handler     00403300 f   LIBCMTD:purevirt.obj
 0001:00002340       __get_purecall_handler     00403340 f   LIBCMTD:purevirt.obj
 0001:00002360       ?_JumpToContinuation@@YGXPAXPAUEHRegistrationNode@@@Z 00403360 f   LIBCMTD:_trnsctrl_.obj
 0001:000023a0       ?_CallMemberFunction0@@YGXPAX0@Z 004033a0 f   LIBCMTD:_trnsctrl_.obj
 0001:000023b0       ?_CallMemberFunction1@@YGXPAX00@Z 004033b0 f   LIBCMTD:_trnsctrl_.obj
 0001:000023c0       ?_CallMemberFunction2@@YGXPAX00H@Z 004033c0 f   LIBCMTD:_trnsctrl_.obj
 0001:000023d0       ?_UnwindNestedFrames@@YGXPAUEHRegistrationNode@@PAUEHExceptionRecord@@@Z 004033d0 f   LIBCMTD:_trnsctrl_.obj
 0001:00002430       ___CxxFrameHandler         00403430 f   LIBCMTD:_trnsctrl_.obj
 0001:00002470       ___CxxFrameHandler3        00403470 f   LIBCMTD:_trnsctrl_.obj
 0001:000024b0       ___CxxFrameHandler2        004034b0 f   LIBCMTD:_trnsctrl_.obj
 0001:000024f0       ___CxxLongjmpUnwind@4      004034f0 f   LIBCMTD:_trnsctrl_.obj
 0001:00002520       ?_CallCatchBlock2@@YAPAXPAUEHRegistrationNode@@PBU_s_FuncInfo@@PAXHK@Z 00403520 f   LIBCMTD:_trnsctrl_.obj
 0001:000025e0       ?_CallSETranslator@@YAHPAUEHExceptionRecord@@PAUEHRegistrationNode@@PAX2PBU_s_FuncInfo@@H1@Z 004035e0 f   LIBCMTD:_trnsctrl_.obj
 0001:00002780       ?_GetRangeOfTrysToCheck@@YAPBU_s_TryBlockMapEntry@@PBU_s_FuncInfo@@HHPAI1@Z 00403780 f   LIBCMTD:_trnsctrl_.obj
 0001:00002800       __CreateFrameInfo          00403800 f   LIBCMTD:_trnsctrl_.obj
 0001:00002830       __IsExceptionObjectToBeDestroyed 00403830 f   LIBCMTD:_trnsctrl_.obj
 0001:00002860       __FindAndUnlinkFrame       00403860 f   LIBCMTD:_trnsctrl_.obj
 0001:000028c0       __CrtSetReportHookW2       004038c0 f   LIBCMTD:dbgrptw.obj
 0001:00002bf0       __CrtDbgReportW            00403bf0 f   LIBCMTD:dbgrptw.obj
 0001:00002c30       __CrtDbgReportWV           00403c30 f i LIBCMTD:dbgrptw.obj
 0001:00002c60       ___crtMessageWindowW       00403c60 f   LIBCMTD:dbgrptw.obj
 0001:00003060       __invoke_watson_if_error   00404060 f i LIBCMTD:dbgrptw.obj
 0001:00003090       __invoke_watson_if_oneof   00404090 f i LIBCMTD:dbgrptw.obj
 0001:000030d0       ?_CrtDbgReportW@@YAHHPBGH00ZZ 004040d0 f   LIBCMTD:dbgrptw.obj
 0001:00003110       _wcscmp                    00404110 f   LIBCMTD:wcscmp.obj
 0001:00003180       ??3@YAXPAX@Z               00404180 f   LIBCMTD:dbgdel.obj
 0001:00003270       _WinMainCRTStartup         00404270 f   LIBCMTD:wincrt0.obj
 0001:000034f0       __onexit                   004044f0 f   LIBCMTD:onexit.obj
 0001:000036c0       _atexit                    004046c0 f   LIBCMTD:onexit.obj
 0001:000036e0       ___onexitinit              004046e0 f   LIBCMTD:onexit.obj
 0001:00003740       __initp_heap_handler       00404740 f   LIBCMTD:handler.obj
 0001:00003750       ?_set_new_handler@@YAP6AHI@ZP6AHI@Z@Z 00404750 f   LIBCMTD:handler.obj
 0001:00003790       ?_set_new_handler@@YAP6AHI@ZH@Z 00404790 f   LIBCMTD:handler.obj
 0001:000037d0       ?_query_new_handler@@YAP6AHI@ZXZ 004047d0 f   LIBCMTD:handler.obj
 0001:000037f0       __callnewh                 004047f0 f   LIBCMTD:handler.obj
 0001:00003830       _malloc                    00404830 f   LIBCMTD:dbgmalloc.obj
 0001:00003860       __CxxThrowException@8      00404860 f   LIBCMTD:throw.obj
 0001:000038c0       ??0exception@std@@QAE@XZ   004048c0 f   LIBCMTD:stdexcpt.obj
 0001:000038f0       ??_Eexception@std@@UAEPAXI@Z 004048f0 f i LIBCMTD:stdexcpt.obj
 0001:000038f0       ??_Gexception@std@@UAEPAXI@Z 004048f0 f i LIBCMTD:stdexcpt.obj
 0001:00003920       ??0exception@std@@QAE@ABQBD@Z 00404920 f   LIBCMTD:stdexcpt.obj
 0001:00003960       ??0exception@std@@QAE@ABQBDH@Z 00404960 f   LIBCMTD:stdexcpt.obj
 0001:00003990       ??0exception@std@@QAE@ABV01@@Z 00404990 f   LIBCMTD:stdexcpt.obj
 0001:000039d0       ??4exception@std@@QAEAAV01@ABV01@@Z 004049d0 f   LIBCMTD:stdexcpt.obj
 0001:00003a20       ??1exception@std@@UAE@XZ   00404a20 f   LIBCMTD:stdexcpt.obj
 0001:00003a40       ?what@exception@std@@UBEPBDXZ 00404a40 f   LIBCMTD:stdexcpt.obj
 0001:00003a70       ?_Copy_str@exception@std@@AAEXPBD@Z 00404a70 f   LIBCMTD:stdexcpt.obj
 0001:00003ae0       ?_Tidy@exception@std@@AAEXXZ 00404ae0 f   LIBCMTD:stdexcpt.obj
 0001:00003b20       ??0bad_cast@std@@QAE@PBD@Z 00404b20 f   LIBCMTD:stdexcpt.obj
 0001:00003b50       ??_Ebad_cast@std@@UAEPAXI@Z 00404b50 f i LIBCMTD:stdexcpt.obj
 0001:00003b50       ??_Gbad_cast@std@@UAEPAXI@Z 00404b50 f i LIBCMTD:stdexcpt.obj
 0001:00003b80       ??0bad_cast@std@@QAE@ABV01@@Z 00404b80 f   LIBCMTD:stdexcpt.obj
 0001:00003bb0       ??1bad_cast@std@@UAE@XZ    00404bb0 f   LIBCMTD:stdexcpt.obj
 0001:00003bd0       ??0bad_typeid@std@@QAE@PBD@Z 00404bd0 f   LIBCMTD:stdexcpt.obj
 0001:00003c00       ??_Ebad_typeid@std@@UAEPAXI@Z 00404c00 f i LIBCMTD:stdexcpt.obj
 0001:00003c00       ??_Gbad_typeid@std@@UAEPAXI@Z 00404c00 f i LIBCMTD:stdexcpt.obj
 0001:00003c30       ??0bad_typeid@std@@QAE@ABV01@@Z 00404c30 f   LIBCMTD:stdexcpt.obj
 0001:00003c60       ??1bad_typeid@std@@UAE@XZ  00404c60 f   LIBCMTD:stdexcpt.obj
 0001:00003c80       ??0__non_rtti_object@std@@QAE@PBD@Z 00404c80 f   LIBCMTD:stdexcpt.obj
 0001:00003cb0       ??_G__non_rtti_object@std@@UAEPAXI@Z 00404cb0 f i LIBCMTD:stdexcpt.obj
 0001:00003cb0       ??_E__non_rtti_object@std@@UAEPAXI@Z 00404cb0 f i LIBCMTD:stdexcpt.obj
 0001:00003ce0       ??0__non_rtti_object@std@@QAE@ABV01@@Z 00404ce0 f   LIBCMTD:stdexcpt.obj
 0001:00003d10       ??1__non_rtti_object@std@@UAE@XZ 00404d10 f   LIBCMTD:stdexcpt.obj
 0001:00003d30       ___report_gsfailure        00404d30 f   LIBCMTD:gs_report.obj
 0001:00003e40       ?_RTC_Failure@@YAXPAXH@Z   00404e40 f   LIBCMTD:_error_.obj
 0001:000041f0       ?_RTC_StackFailure@@YAXPAXPBD@Z 004051f0 f   LIBCMTD:_error_.obj
 0001:000042f0       ?_RTC_AllocaFailure@@YAXPAXPAU_RTC_ALLOCA_NODE@@H@Z 004052f0 f   LIBCMTD:_error_.obj
 0001:000044a0       __RTC_UninitUse            004054a0 f   LIBCMTD:_error_.obj
 0001:00004590       __RTC_NumErrors            00405590 f   LIBCMTD:_userapi_.obj
 0001:000045a0       __RTC_GetErrDesc           004055a0 f   LIBCMTD:_userapi_.obj
 0001:000045c0       __RTC_SetErrorType         004055c0 f   LIBCMTD:_userapi_.obj
 0001:000045f0       __RTC_SetErrorFunc         004055f0 f   LIBCMTD:_userapi_.obj
 0001:00004610       __RTC_SetErrorFuncW        00405610 f   LIBCMTD:_userapi_.obj
 0001:00004630       ?_RTC_GetErrorFunc@@YAP6AHHPBDH00ZZPBX@Z 00405630 f   LIBCMTD:_userapi_.obj
 0001:00004640       ?_RTC_GetErrorFuncW@@YAP6AHHPB_WH00ZZPBX@Z 00405640 f   LIBCMTD:_userapi_.obj
 0001:00004650       __chkesp                   00405650 f   LIBCMTD:chkesp.obj
 0001:00004690       __CRT_RTC_INIT             00405690 f   LIBCMTD:chkesp.obj
 0001:000046a0       __CRT_RTC_INITW            004056a0 f   LIBCMTD:chkesp.obj
 0001:000046b0       ?_Type_info_dtor@type_info@@CAXPAV1@@Z 004056b0 f   LIBCMTD:typname.obj
 0001:000047c0       ?_Name_base@type_info@@CAPBDPBV1@PAU__type_info_node@@@Z 004057c0 f   LIBCMTD:typname.obj
 0001:00004970       ?_Type_info_dtor_internal@type_info@@CAXPAV1@@Z 00405970 f   LIBCMTD:typname.obj
 0001:00004a80       ___unDNameHelper           00405a80 f   LIBCMTD:typname.obj
 0001:00004ac0       ?_Name_base_internal@type_info@@CAPBDPBV1@PAU__type_info_node@@@Z 00405ac0 f   LIBCMTD:typname.obj
 0001:00004c80       ___clean_type_info_names_internal 00405c80 f   LIBCMTD:typname.obj
 0001:00004d40       _strcmp                    00405d40 f   LIBCMTD:strcmp.obj
 0001:00004dd0       _abort                     00405dd0 f   LIBCMTD:abort.obj
 0001:00004e30       __set_abort_behavior       00405e30 f   LIBCMTD:abort.obj
 0001:00004e60       __FF_MSGBANNER             00405e60 f   LIBCMTD:crt0msg.obj
 0001:00004eb0       __GET_RTERRMSG             00405eb0 f   LIBCMTD:crt0msg.obj
 0001:00004f00       __NMSG_WRITE               00405f00 f   LIBCMTD:crt0msg.obj
 0001:00005240       ___getlocaleinfo           00406240 f   LIBCMTD:inithelp.obj
 0001:00005520       __initp_misc_purevirt      00406520 f   LIBCMTD:inithelp.obj
 0001:00005530       ___InternalCxxFrameHandler 00406530 f   LIBCMTD:frame.obj
 0001:00005b30       ??0bad_exception@std@@QAE@PBD@Z 00406b30 f i LIBCMTD:frame.obj
 0001:00005b60       ??1bad_exception@std@@UAE@XZ 00406b60 f i LIBCMTD:frame.obj
 0001:00005b80       ??_Gbad_exception@std@@UAEPAXI@Z 00406b80 f i LIBCMTD:frame.obj
 0001:00005b80       ??_Ebad_exception@std@@UAEPAXI@Z 00406b80 f i LIBCMTD:frame.obj
 0001:00005bb0       ??0bad_exception@std@@QAE@ABV01@@Z 00406bb0 f i LIBCMTD:frame.obj
 0001:00005d70       ___TypeMatch               00406d70 f   LIBCMTD:frame.obj
 0001:00005e20       ___FrameUnwindFilter       00406e20 f   LIBCMTD:frame.obj
 0001:00005ea0       ___FrameUnwindToState      00406ea0 f   LIBCMTD:frame.obj
 0001:000063e0       ___BuildCatchObjectHelper  004073e0 f   LIBCMTD:frame.obj
 0001:00006650       ___BuildCatchObject        00407650 f   LIBCMTD:frame.obj
 0001:00006760       ___DestructExceptionObject 00407760 f   LIBCMTD:frame.obj
 0001:00006810       ___AdjustPointer           00407810 f   LIBCMTD:frame.obj
 0001:00006860       ?__uncaught_exception@@YA_NXZ 00407860 f   LIBCMTD:frame.obj
 0001:00006880       ___CxxExceptionFilter      00407880 f   LIBCMTD:frame.obj
 0001:00006a80       ___CxxRegisterExceptionObject 00407a80 f   LIBCMTD:frame.obj
 0001:00006bb0       ___CxxDetectRethrow        00407bb0 f   LIBCMTD:frame.obj
 0001:00006c40       ___CxxUnregisterExceptionObject 00407c40 f   LIBCMTD:frame.obj
 0001:00006dc0       ___CxxQueryExceptionSize   00407dc0 f   LIBCMTD:frame.obj
 0001:00006dd0       ___CxxCallUnwindDtor       00407dd0 f   LIBCMTD:frame.obj
 0001:00006e50       ___CxxCallUnwindDelDtor    00407e50 f   LIBCMTD:frame.obj
 0001:00006ed0       ___CxxCallUnwindStdDelDtor 00407ed0 f   LIBCMTD:frame.obj
 0001:00006f50       ___CxxCallUnwindVecDtor    00407f50 f   LIBCMTD:frame.obj
 0001:00007180       ?_is_exception_typeof@@YAHABVtype_info@@PAU_EXCEPTION_POINTERS@@@Z 00408180 f   LIBCMTD:frame.obj
 0001:00007260       __CallSettingFrame@12      00408260 f   LIBCMTD:lowhelpr.obj
 0001:00007287       __NLG_Return               00408287     LIBCMTD:lowhelpr.obj
 0001:000072b0       __encoded_null             004082b0 f   LIBCMTD:tidtable.obj
 0001:000072c0       ___crtTlsAlloc@4           004082c0 f   LIBCMTD:tidtable.obj
 0001:000072d0       ___fls_getvalue@4          004082d0 f   LIBCMTD:tidtable.obj
 0001:000072f0       ___get_flsindex            004082f0 f   LIBCMTD:tidtable.obj
 0001:00007300       ___set_flsgetvalue         00408300 f   LIBCMTD:tidtable.obj
 0001:00007350       ___fls_setvalue@8          00408350 f   LIBCMTD:tidtable.obj
 0001:00007370       __mtinit                   00408370 f   LIBCMTD:tidtable.obj
 0001:00007570       __mtterm                   00408570 f   LIBCMTD:tidtable.obj
 0001:000075d0       __initptd                  004085d0 f   LIBCMTD:tidtable.obj
 0001:00007700       __getptd_noexit            00408700 f   LIBCMTD:tidtable.obj
 0001:000077c0       __getptd                   004087c0 f   LIBCMTD:tidtable.obj
 0001:000077f0       __freefls@4                004087f0 f   LIBCMTD:tidtable.obj
 0001:00007a00       __freeptd                  00408a00 f   LIBCMTD:tidtable.obj
 0001:00007a80       ___threadid                00408a80 f   LIBCMTD:tidtable.obj
 0001:00007a90       ___threadhandle            00408a90 f   LIBCMTD:tidtable.obj
 0001:00007aa0       __initp_eh_hooks           00408aa0 f   LIBCMTD:hooks.obj
 0001:00007ac0       ?terminate@@YAXXZ          00408ac0 f   LIBCMTD:hooks.obj
 0001:00007b40       ?unexpected@@YAXXZ         00408b40 f   LIBCMTD:hooks.obj
 0001:00007b70       ?_inconsistency@@YAXXZ     00408b70 f   LIBCMTD:hooks.obj
 0001:00007c00       __mtinitlocks              00408c00 f   LIBCMTD:mlock.obj
 0001:00007c90       __mtdeletelocks            00408c90 f   LIBCMTD:mlock.obj
 0001:00007d50       __mtinitlocknum            00408d50 f   LIBCMTD:mlock.obj
 0001:00007ea0       __lock                     00408ea0 f   LIBCMTD:mlock.obj
 0001:00007ee0       __unlock                   00408ee0 f   LIBCMTD:mlock.obj
 0001:00007f00       __lockerr_exit             00408f00 f   LIBCMTD:mlock.obj
 0001:00007f20       __malloc_dbg               00408f20 f   LIBCMTD:dbgheap.obj
 0001:00007f50       __nh_malloc                00408f50 f   LIBCMTD:dbgheap.obj
 0001:00007f70       __nh_malloc_dbg            00408f70 f   LIBCMTD:dbgheap.obj
 0001:00008050       __heap_alloc               00409050 f   LIBCMTD:dbgheap.obj
 0001:00008430       __heap_alloc_dbg           00409430 f   LIBCMTD:dbgheap.obj
 0001:00008490       __calloc_dbg_impl          00409490 f   LIBCMTD:dbgheap.obj
 0001:00008510       __calloc_dbg               00409510 f   LIBCMTD:dbgheap.obj
 0001:00008570       __recalloc                 00409570 f   LIBCMTD:dbgheap.obj
 0001:000085a0       __realloc_dbg              004095a0 f   LIBCMTD:dbgheap.obj
 0001:00008c40       __recalloc_dbg             00409c40 f   LIBCMTD:dbgheap.obj
 0001:00008cf0       __expand                   00409cf0 f   LIBCMTD:dbgheap.obj
 0001:00008d20       __expand_dbg               00409d20 f   LIBCMTD:dbgheap.obj
 0001:00008e30       __free_nolock              00409e30 f   LIBCMTD:dbgheap.obj
 0001:00008e50       __free_dbg                 00409e50 f   LIBCMTD:dbgheap.obj
 0001:00008ee0       __free_dbg_nolock          00409ee0 f   LIBCMTD:dbgheap.obj
 0001:000093c0       __msize                    0040a3c0 f   LIBCMTD:dbgheap.obj
 0001:000093e0       __msize_dbg                0040a3e0 f   LIBCMTD:dbgheap.obj
 0001:000095d0       __CrtSetBreakAlloc         0040a5d0 f   LIBCMTD:dbgheap.obj
 0001:000095f0       __CrtSetDbgBlockType       0040a5f0 f   LIBCMTD:dbgheap.obj
 0001:000096e0       __CrtSetAllocHook          0040a6e0 f   LIBCMTD:dbgheap.obj
 0001:00009700       __CrtGetAllocHook          0040a700 f   LIBCMTD:dbgheap.obj
 0001:00009750       __CrtCheckMemory           0040a750 f   LIBCMTD:dbgheap.obj
 0001:00009bb0       __CrtSetDbgFlag            0040abb0 f   LIBCMTD:dbgheap.obj
 0001:00009d00       __CrtDoForAllClientObjects 0040ad00 f   LIBCMTD:dbgheap.obj
 0001:00009e20       __CrtIsValidPointer        0040ae20 f   LIBCMTD:dbgheap.obj
 0001:00009e30       __CrtIsValidHeapPointer    0040ae30 f   LIBCMTD:dbgheap.obj
 0001:00009e80       __CrtIsMemoryBlock         0040ae80 f   LIBCMTD:dbgheap.obj
 0001:00009ff0       __CrtReportBlockType       0040aff0 f   LIBCMTD:dbgheap.obj
 0001:0000a020       __CrtSetDumpClient         0040b020 f   LIBCMTD:dbgheap.obj
 0001:0000a040       __CrtGetDumpClient         0040b040 f   LIBCMTD:dbgheap.obj
 0001:0000a050       __CrtMemCheckpoint         0040b050 f   LIBCMTD:dbgheap.obj
 0001:0000a270       __CrtMemDifference         0040b270 f   LIBCMTD:dbgheap.obj
 0001:0000a490       __CrtMemDumpAllObjectsSince 0040b490 f   LIBCMTD:dbgheap.obj
 0001:0000a4d0       ??0_LocaleUpdate@@QAE@PAUlocaleinfo_struct@@@Z 0040b4d0 f i LIBCMTD:dbgheap.obj
 0001:0000a5b0       ??1_LocaleUpdate@@QAE@XZ   0040b5b0 f i LIBCMTD:dbgheap.obj
 0001:0000a5e0       ?GetLocaleT@_LocaleUpdate@@QAEPAUlocaleinfo_struct@@XZ 0040b5e0 f i LIBCMTD:dbgheap.obj
 0001:0000aaa0       __CrtDumpMemoryLeaks       0040baa0 f   LIBCMTD:dbgheap.obj
 0001:0000ab20       __CrtMemDumpStatistics     0040bb20 f   LIBCMTD:dbgheap.obj
 0001:0000ac30       __aligned_malloc           0040bc30 f   LIBCMTD:dbgheap.obj
 0001:0000ac50       __aligned_malloc_dbg       0040bc50 f   LIBCMTD:dbgheap.obj
 0001:0000ac80       __aligned_realloc          0040bc80 f   LIBCMTD:dbgheap.obj
 0001:0000acb0       __aligned_recalloc         0040bcb0 f   LIBCMTD:dbgheap.obj
 0001:0000ace0       __aligned_realloc_dbg      0040bce0 f   LIBCMTD:dbgheap.obj
 0001:0000ad10       __aligned_recalloc_dbg     0040bd10 f   LIBCMTD:dbgheap.obj
 0001:0000ad40       __aligned_offset_malloc    0040bd40 f   LIBCMTD:dbgheap.obj
 0001:0000ad60       __aligned_offset_malloc_dbg 0040bd60 f   LIBCMTD:dbgheap.obj
 0001:0000af20       __aligned_offset_realloc   0040bf20 f   LIBCMTD:dbgheap.obj
 0001:0000af50       __aligned_offset_recalloc  0040bf50 f   LIBCMTD:dbgheap.obj
 0001:0000af80       __aligned_offset_realloc_dbg 0040bf80 f   LIBCMTD:dbgheap.obj
 0001:0000b270       __aligned_offset_recalloc_dbg 0040c270 f   LIBCMTD:dbgheap.obj
 0001:0000b330       __aligned_free             0040c330 f   LIBCMTD:dbgheap.obj
 0001:0000b350       __aligned_free_dbg         0040c350 f   LIBCMTD:dbgheap.obj
 0001:0000b400       __CrtSetDebugFillThreshold 0040c400 f   LIBCMTD:dbgheap.obj
 0001:0000b420       __CrtSetCheckCount         0040c420 f   LIBCMTD:dbgheap.obj
 0001:0000b440       __CrtGetCheckCount         0040c440 f   LIBCMTD:dbgheap.obj
 0001:0000b450       __aligned_msize            0040c450 f   LIBCMTD:dbgheap.obj
 0001:0000b470       __aligned_msize_dbg        0040c470 f   LIBCMTD:dbgheap.obj
 0001:0000b580       __CrtDbgBreak              0040c580 f   LIBCMTD:dbgrptt.obj
 0001:0000b590       __CrtSetReportMode         0040c590 f   LIBCMTD:dbgrptt.obj
 0001:0000b6d0       __CrtSetReportFile         0040c6d0 f   LIBCMTD:dbgrptt.obj
 0001:0000b7d0       __CrtSetReportHook         0040c7d0 f   LIBCMTD:dbgrptt.obj
 0001:0000b7f0       __CrtGetReportHook         0040c7f0 f   LIBCMTD:dbgrptt.obj
 0001:0000b800       __VCrtDbgReportA           0040c800 f   LIBCMTD:dbgrptt.obj
 0001:0000c030       __VCrtDbgReportW           0040d030 f   LIBCMTD:dbgrptt.obj
 0001:0000c960       __initp_misc_invarg        0040d960 f   LIBCMTD:invarg.obj
 0001:0000c970       __invalid_parameter        0040d970 f   LIBCMTD:invarg.obj
 0001:0000c9d0       __invoke_watson            0040d9d0 f   LIBCMTD:invarg.obj
 0001:0000ca00       __call_reportfault         0040da00 f   LIBCMTD:invarg.obj
 0001:0000cb50       __set_invalid_parameter_handler 0040db50 f   LIBCMTD:invarg.obj
 0001:0000cb90       __get_invalid_parameter_handler 0040db90 f   LIBCMTD:invarg.obj
 0001:0000cbc0       ?_invalid_parameter@@YAXPBG00II@Z 0040dbc0 f   LIBCMTD:invarg.obj
 0001:0000cbf0       ?_invoke_watson@@YAXPBG00II@Z 0040dbf0 f   LIBCMTD:invarg.obj
 0001:0000cc10       __dosmaperr                0040dc10 f   LIBCMTD:dosmap.obj
 0001:0000cc40       __get_errno_from_oserr     0040dc40 f   LIBCMTD:dosmap.obj
 0001:0000ccc0       __set_errno                0040dcc0 f   LIBCMTD:dosmap.obj
 0001:0000ccf0       __get_errno                0040dcf0 f   LIBCMTD:dosmap.obj
 0001:0000cd70       __set_doserrno             0040dd70 f   LIBCMTD:dosmap.obj
 0001:0000cda0       __get_doserrno             0040dda0 f   LIBCMTD:dosmap.obj
 0001:0000ce20       __errno                    0040de20 f   LIBCMTD:dosmap.obj
 0001:0000ce50       ___doserrno                0040de50 f   LIBCMTD:dosmap.obj
 0001:0000ce90       __except_handler4          0040de90 f   LIBCMTD:chandler4.obj
 0001:0000d0b0       __cinit                    0040e0b0 f   LIBCMTD:crt0dat.obj
 0001:0000d150       _exit                      0040e150 f   LIBCMTD:crt0dat.obj
 0001:0000d170       __exit                     0040e170 f   LIBCMTD:crt0dat.obj
 0001:0000d190       __cexit                    0040e190 f   LIBCMTD:crt0dat.obj
 0001:0000d1b0       __c_exit                   0040e1b0 f   LIBCMTD:crt0dat.obj
 0001:0000d1d0       __amsg_exit                0040e1d0 f   LIBCMTD:crt0dat.obj
 0001:0000d200       ___freeCrtMemory           0040e200 f   LIBCMTD:crt0dat.obj
 0001:0000d540       ___crtCorExitProcess       0040e540 f   LIBCMTD:crt0dat.obj
 0001:0000d580       ___crtExitProcess          0040e580 f   LIBCMTD:crt0dat.obj
 0001:0000d5a0       __lockexit                 0040e5a0 f   LIBCMTD:crt0dat.obj
 0001:0000d5c0       __unlockexit               0040e5c0 f   LIBCMTD:crt0dat.obj
 0001:0000d5e0       __init_pointers            0040e5e0 f   LIBCMTD:crt0dat.obj
 0001:0000d670       __initterm_e               0040e670 f   LIBCMTD:crt0dat.obj
 0001:0000d6b0       __get_wpgmptr              0040e6b0 f   LIBCMTD:crt0dat.obj
 0001:0000d7a0       __get_pgmptr               0040e7a0 f   LIBCMTD:crt0dat.obj
 0001:0000d890       __initp_misc_winsig        0040e890 f   LIBCMTD:winsig.obj
 0001:0000d8c0       _signal                    0040e8c0 f   LIBCMTD:winsig.obj
 0001:0000dd60       _raise                     0040ed60 f   LIBCMTD:winsig.obj
 0001:0000e0d0       ___get_sigabrt             0040f0d0 f   LIBCMTD:winsig.obj
 0001:0000e0f0       ___fpecode                 0040f0f0 f   LIBCMTD:winsig.obj
 0001:0000e100       ___pxcptinfoptrs           0040f100 f   LIBCMTD:winsig.obj
 0001:0000e110       ___crtMessageBoxW          0040f110 f   LIBCMTD:crtmboxw.obj
 0001:0000e330       __swprintf                 0040f330 f   LIBCMTD:swprintf.obj
 0001:0000e530       ___swprintf_l              0040f530 f   LIBCMTD:swprintf.obj
 0001:0000e560       _swprintf_s                0040f560 f   LIBCMTD:swprintf.obj
 0001:0000e590       __snwprintf_s              0040f590 f   LIBCMTD:swprintf.obj
 0001:0000e5c0       __swprintf_p               0040f5c0 f   LIBCMTD:swprintf.obj
 0001:0000e5f0       __swprintf_s_l             0040f5f0 f   LIBCMTD:swprintf.obj
 0001:0000e620       __snwprintf_s_l            0040f620 f   LIBCMTD:swprintf.obj
 0001:0000e650       __swprintf_p_l             0040f650 f   LIBCMTD:swprintf.obj
 0001:0000e680       __scwprintf                0040f680 f   LIBCMTD:swprintf.obj
 0001:0000e6a0       __scwprintf_p              0040f6a0 f   LIBCMTD:swprintf.obj
 0001:0000e6c0       __scwprintf_l              0040f6c0 f   LIBCMTD:swprintf.obj
 0001:0000e6f0       __scwprintf_p_l            0040f6f0 f   LIBCMTD:swprintf.obj
 0001:0000e720       _memcpy_s                  0040f720 f   LIBCMTD:memcpy_s.obj
 0001:0000e8b0       _wcslen                    0040f8b0 f   LIBCMTD:wcslen.obj
 0001:0000e8e0       _wcscpy_s                  0040f8e0 f   LIBCMTD:wcscpy_s.obj
 0001:0000ebc0       __alloca_probe             0040fbc0     LIBCMTD:chkstk.obj
 0001:0000ebc0       __chkstk                   0040fbc0 f   LIBCMTD:chkstk.obj
 0001:0000ebf0       ?__CxxUnhandledExceptionFilter@@YGJPAU_EXCEPTION_POINTERS@@@Z 0040fbf0 f   LIBCMTD:unhandld.obj
 0001:0000ec60       ___CxxSetUnhandledExceptionFilter 0040fc60 f   LIBCMTD:unhandld.obj
 0001:0000ec80       ___security_init_cookie    0040fc80 f   LIBCMTD:gs_support.obj
 0001:0000ed60       ___CppXcptFilter           0040fd60 f   LIBCMTD:winxfltr.obj
 0001:0000ed90       __XcptFilter               0040fd90 f   LIBCMTD:winxfltr.obj
 0001:0000eff0       __wincmdln                 0040fff0 f   LIBCMTD:wincmdln.obj
 0001:0000f0c0       __setenvp                  004100c0 f   LIBCMTD:stdenvp.obj
 0001:0000f260       __setargv                  00410260 f   LIBCMTD:stdargv.obj
 0001:0000f380       __set_pgmptr               00410380 f i LIBCMTD:stdargv.obj
 0001:0000f6f0       ___crtGetEnvironmentStringsA 004106f0 f   LIBCMTD:a_env.obj
 0001:0000f7f0       __ioinit                   004107f0 f   LIBCMTD:ioinit.obj
 0001:0000fc00       __ioterm                   00410c00 f   LIBCMTD:ioinit.obj
 0001:0000fca0       __RTC_Initialize           00410ca0 f   LIBCMTD:_initsect_.obj
 0001:0000fcd0       __RTC_Terminate            00410cd0 f   LIBCMTD:_initsect_.obj
 0001:0000fd00       __heap_init                00410d00 f   LIBCMTD:heapinit.obj
 0001:0000fd40       __heap_term                00410d40 f   LIBCMTD:heapinit.obj
 0001:0000fd60       __get_heap_handle          00410d60 f   LIBCMTD:heapinit.obj
 0001:0000fda0       _strcpy_s                  00410da0 f   LIBCMTD:strcpy_s.obj
 0001:00010080       _strlen                    00411080 f   LIBCMTD:strlen.obj
 0001:00010110       _free                      00411110 f   LIBCMTD:dbgfree.obj
 0001:00010130       __CrtDefaultAllocHook      00411130 f   LIBCMTD:dbghook.obj
 0001:00010140       __crt_debugger_hook        00411140 f   LIBCMTD:dbghook.obj
 0001:00010160       ?_RTC_GetSrcLine@@YAHPAEPA_WKPAH1K@Z 00411160 f   LIBCMTD:_pdblkup_.obj
 0001:000107b0       __CrtSetReportHook2        004117b0 f   LIBCMTD:dbgrpt.obj
 0001:00010ae0       __CrtDbgReport             00411ae0 f   LIBCMTD:dbgrpt.obj
 0001:00010b20       __CrtDbgReportV            00411b20 f i LIBCMTD:dbgrpt.obj
 0001:00010b50       ___crtMessageWindowA       00411b50 f   LIBCMTD:dbgrpt.obj
 0001:00010f50       ___unDName                 00411f50 f   LIBCMTD:undname.obj
 0001:00011030       ?Constructor@_HeapManager@@QAEXP6APAXI@ZP6AXPAX@Z@Z 00412030 f i LIBCMTD:undname.obj
 0001:00011070       ?Destructor@_HeapManager@@QAEXXZ 00412070 f i LIBCMTD:undname.obj
 0001:000110c0       ___unDNameEx               004120c0 f   LIBCMTD:undname.obj
 0001:000111a0       ??0UnDecorator@@QAE@PADPBDHP6APADJ@ZK@Z 004121a0 f i LIBCMTD:undname.obj
 0001:00011240       ??BUnDecorator@@QAEPADXZ   00412240 f i LIBCMTD:undname.obj
 0001:00011470       ?dbGetString@DName@@QBEPADXZ 00412470 f   LIBCMTD:undname.obj
 0001:000114a0       ?getDecoratedName@UnDecorator@@CA?AVDName@@XZ 004124a0 f   LIBCMTD:undname.obj
 0001:000117b0       ?getSymbolName@UnDecorator@@CA?AVDName@@XZ 004127b0 f i LIBCMTD:undname.obj
 0001:00011830       ?getZName@UnDecorator@@CA?AVDName@@_N0@Z 00412830 f   LIBCMTD:undname.obj
 0001:00011ad0       ?getOperatorName@UnDecorator@@CA?AVDName@@_NPA_N@Z 00412ad0 f i LIBCMTD:undname.obj
 0001:00012440       ?getStringEncoding@UnDecorator@@CA?AVDName@@PADH@Z 00413440 f   LIBCMTD:undname.obj
 0001:00012540       ?getScope@UnDecorator@@CA?AVDName@@XZ 00413540 f   LIBCMTD:undname.obj
 0001:00012920       ?getSignedDimension@UnDecorator@@CA?AVDName@@XZ 00413920 f   LIBCMTD:undname.obj
 0001:000129a0       ?getDimension@UnDecorator@@CA?AVDName@@_N@Z 004139a0 f   LIBCMTD:undname.obj
 0001:00012c50       ?getNumberOfDimensions@UnDecorator@@CAHXZ 00413c50 f   LIBCMTD:undname.obj
 0001:00012d50       ?getTemplateName@UnDecorator@@CA?AVDName@@_N@Z 00413d50 f   LIBCMTD:undname.obj
 0001:00012f10       ?getTemplateArgumentList@UnDecorator@@CA?AVDName@@XZ 00413f10 f   LIBCMTD:undname.obj
 0001:00013190       ?getTemplateConstant@UnDecorator@@CA?AVDName@@XZ 00414190 f   LIBCMTD:undname.obj
 0001:00013620       ?composeDeclaration@UnDecorator@@CA?AVDName@@ABV2@@Z 00414620 f i LIBCMTD:undname.obj
 0001:00014c20       ?getTypeEncoding@UnDecorator@@CAHXZ 00415c20 f i LIBCMTD:undname.obj
 0001:00015660       ?getBasedType@UnDecorator@@CA?AVDName@@XZ 00416660 f   LIBCMTD:undname.obj
 0001:00015720       ?getScopedName@UnDecorator@@CA?AVDName@@XZ 00416720 f   LIBCMTD:undname.obj
 0001:00015840       ?getCallingConvention@UnDecorator@@CA?AVDName@@XZ 00416840 f   LIBCMTD:undname.obj
 0001:000159c0       ?getReturnType@UnDecorator@@CA?AVDName@@PAV2@@Z 004169c0 f   LIBCMTD:undname.obj
 0001:00015a10       ?getDataType@UnDecorator@@CA?AVDName@@PAV2@@Z 00416a10 f   LIBCMTD:undname.obj
 0001:00015b30       ?getPrimaryDataType@UnDecorator@@CA?AVDName@@ABV2@@Z 00416b30 f   LIBCMTD:undname.obj
 0001:00015ed0       ?getArgumentTypes@UnDecorator@@CA?AVDName@@XZ 00416ed0 f   LIBCMTD:undname.obj
 0001:00016030       ?getArgumentList@UnDecorator@@CA?AVDName@@XZ 00417030 f   LIBCMTD:undname.obj
 0001:00016180       ?getThrowTypes@UnDecorator@@CA?AVDName@@XZ 00417180 f   LIBCMTD:undname.obj
 0001:00016230       ?getBasicDataType@UnDecorator@@CA?AVDName@@ABV2@@Z 00417230 f   LIBCMTD:undname.obj
 0001:000167f0       ?getECSUDataType@UnDecorator@@CA?AVDName@@XZ 004177f0 f   LIBCMTD:undname.obj
 0001:000169c0       ?getECSUName@UnDecorator@@CA?AVDName@@XZ 004179c0 f i LIBCMTD:undname.obj
 0001:000169e0       ?getEnumType@UnDecorator@@CA?AVDName@@XZ 004179e0 f i LIBCMTD:undname.obj
 0001:00016b30       ?getFunctionIndirectType@UnDecorator@@CA?AVDName@@ABV2@@Z 00417b30 f   LIBCMTD:undname.obj
 0001:00016f70       ?getPtrRefType@UnDecorator@@CA?AVDName@@ABV2@0PBD@Z 00417f70 f   LIBCMTD:undname.obj
 0001:000170d0       ?getExtendedDataIndirectType@UnDecorator@@CA?AVDName@@AAPBDAA_NH@Z 004180d0 f   LIBCMTD:undname.obj
 0001:000172f0       ?getDataIndirectType@UnDecorator@@CA?AVDName@@ABV2@PBD0H@Z 004182f0 f   LIBCMTD:undname.obj
 0001:000179f0       ?getPtrRefDataType@UnDecorator@@CA?AVDName@@ABV2@H@Z 004189f0 f i LIBCMTD:undname.obj
 0001:00017b30       ?getArrayType@UnDecorator@@CA?AVDName@@ABV2@@Z 00418b30 f i LIBCMTD:undname.obj
 0001:00017d60       ?getLexicalFrame@UnDecorator@@CA?AVDName@@XZ 00418d60 f i LIBCMTD:undname.obj
 0001:00017da0       ?getThisType@UnDecorator@@CA?AVDName@@XZ 00418da0 f i LIBCMTD:undname.obj
 0001:00017de0       ?getPointerType@UnDecorator@@CA?AVDName@@ABV2@0@Z 00418de0 f i LIBCMTD:undname.obj
 0001:00017e10       ?getPointerTypeArray@UnDecorator@@CA?AVDName@@ABV2@0@Z 00418e10 f i LIBCMTD:undname.obj
 0001:00017e40       ?getReferenceType@UnDecorator@@CA?AVDName@@ABV2@0PBD@Z 00418e40 f i LIBCMTD:undname.obj
 0001:00017e70       ?getDisplacement@UnDecorator@@CA?AVDName@@XZ 00418e70 f i LIBCMTD:undname.obj
 0001:00017e90       ?getCallIndex@UnDecorator@@CA?AVDName@@XZ 00418e90 f i LIBCMTD:undname.obj
 0001:00017eb0       ?getGuardNumber@UnDecorator@@CA?AVDName@@XZ 00418eb0 f i LIBCMTD:undname.obj
 0001:00017ed0       ?getVbTableType@UnDecorator@@CA?AVDName@@ABV2@@Z 00418ed0 f i LIBCMTD:undname.obj
 0001:00017ef0       ?getVCallThunkType@UnDecorator@@CA?AVDName@@XZ 00418ef0 f i LIBCMTD:undname.obj
 0001:00017f50       ?getVfTableType@UnDecorator@@CA?AVDName@@ABV2@@Z 00418f50 f i LIBCMTD:undname.obj
 0001:00018110       ?getStorageConvention@UnDecorator@@CA?AVDName@@XZ 00419110 f i LIBCMTD:undname.obj
 0001:00018130       ?getDataIndirectType@UnDecorator@@CA?AVDName@@XZ 00419130 f i LIBCMTD:undname.obj
 0001:00018170       ?getVdispMapType@UnDecorator@@CA?AVDName@@ABV2@@Z 00419170 f i LIBCMTD:undname.obj
 0001:000181e0       ?getExternalDataType@UnDecorator@@CA?AVDName@@ABV2@@Z 004191e0 f i LIBCMTD:undname.obj
 0001:00018270       ?doMSKeywords@UnDecorator@@SAHXZ 00419270 f i LIBCMTD:undname.obj
 0001:00018290       ?doPtr64@UnDecorator@@SAHXZ 00419290 f i LIBCMTD:undname.obj
 0001:000182b0       ?doFunctionReturns@UnDecorator@@SAHXZ 004192b0 f i LIBCMTD:undname.obj
 0001:000182d0       ?doAllocationModel@UnDecorator@@SAHXZ 004192d0 f i LIBCMTD:undname.obj
 0001:000182f0       ?doAllocationLanguage@UnDecorator@@SAHXZ 004192f0 f i LIBCMTD:undname.obj
 0001:00018310       ?doThisTypes@UnDecorator@@SAHXZ 00419310 f i LIBCMTD:undname.obj
 0001:00018330       ?doAccessSpecifiers@UnDecorator@@SAHXZ 00419330 f i LIBCMTD:undname.obj
 0001:00018350       ?doThrowTypes@UnDecorator@@SAHXZ 00419350 f i LIBCMTD:undname.obj
 0001:00018370       ?doMemberTypes@UnDecorator@@SAHXZ 00419370 f i LIBCMTD:undname.obj
 0001:00018390       ?doNameOnly@UnDecorator@@SAHXZ 00419390 f i LIBCMTD:undname.obj
 0001:000183b0       ?doTypeOnly@UnDecorator@@SAHXZ 004193b0 f i LIBCMTD:undname.obj
 0001:000183d0       ?haveTemplateParameters@UnDecorator@@SAHXZ 004193d0 f i LIBCMTD:undname.obj
 0001:000183f0       ?doEcsu@UnDecorator@@SAHXZ 004193f0 f i LIBCMTD:undname.obj
 0001:00018410       ?doEllipsis@UnDecorator@@SAHXZ 00419410 f i LIBCMTD:undname.obj
 0001:00018430       ?UScore@UnDecorator@@SAPBDW4Tokens@@@Z 00419430 f   LIBCMTD:undname.obj
 0001:00018460       ?doUnderScore@UnDecorator@@SAHXZ 00419460 f i LIBCMTD:undname.obj
 0001:00018480       ??2@YAPAXIAAV_HeapManager@@H@Z 00419480 f i LIBCMTD:undname.obj
 0001:000184a0       ?getMemory@_HeapManager@@QAEPAXIH@Z 004194a0 f   LIBCMTD:undname.obj
 0001:000185b0       ??0Block@_HeapManager@@QAE@XZ 004195b0 f i LIBCMTD:undname.obj
 0001:000185d0       ??H@YA?AVDName@@DABV0@@Z   004195d0 f i LIBCMTD:undname.obj
 0001:00018600       ??H@YA?AVDName@@W4DNameStatus@@ABV0@@Z 00419600 f i LIBCMTD:undname.obj
 0001:00018630       ??H@YA?AVDName@@PBDABV0@@Z 00419630 f i LIBCMTD:undname.obj
 0001:00018660       ??0DName@@QAE@XZ           00419660 f i LIBCMTD:undname.obj
 0001:00018720       ??0DName@@QAE@D@Z          00419720 f   LIBCMTD:undname.obj
 0001:00018800       ??0DName@@QAE@ABV0@@Z      00419800 f i LIBCMTD:undname.obj
 0001:00018830       ??0DName@@QAE@PAV0@@Z      00419830 f   LIBCMTD:undname.obj
 0001:00018960       ??0DName@@QAE@PBD@Z        00419960 f   LIBCMTD:undname.obj
 0001:00018a50       ??0DName@@QAE@AAPBDD@Z     00419a50 f   LIBCMTD:undname.obj
 0001:00018d10       ?doNoIdentCharCheck@UnDecorator@@SAHXZ 00419d10 f i LIBCMTD:undname.obj
 0001:00018d30       ??0DName@@QAE@_K@Z         00419d30 f   LIBCMTD:undname.obj
 0001:00018e70       ??0DName@@QAE@_J@Z         00419e70 f   LIBCMTD:undname.obj
 0001:00018ff0       ??0DName@@QAE@W4DNameStatus@@@Z 00419ff0 f   LIBCMTD:undname.obj
 0001:00019110       ?isValid@DName@@QBEHXZ     0041a110 f i LIBCMTD:undname.obj
 0001:00019140       ?isEmpty@DName@@QBEHXZ     0041a140 f i LIBCMTD:undname.obj
 0001:00019160       ?status@DName@@QBE?AW4DNameStatus@@XZ 0041a160 f i LIBCMTD:undname.obj
 0001:00019180       ?setPtrRef@DName@@QAEAAV1@XZ 0041a180 f i LIBCMTD:undname.obj
 0001:000191b0       ?isPtrRef@DName@@QBEHXZ    0041a1b0 f i LIBCMTD:undname.obj
 0001:000191d0       ?isUDC@DName@@QBEHXZ       0041a1d0 f i LIBCMTD:undname.obj
 0001:00019210       ?setIsUDC@DName@@QAEXXZ    0041a210 f i LIBCMTD:undname.obj
 0001:00019240       ?isUDTThunk@DName@@QBEHXZ  0041a240 f i LIBCMTD:undname.obj
 0001:00019280       ?setIsArray@DName@@QAEXXZ  0041a280 f i LIBCMTD:undname.obj
 0001:000192a0       ?isArray@DName@@QBEHXZ     0041a2a0 f i LIBCMTD:undname.obj
 0001:000192c0       ?isNoTE@DName@@QBEHXZ      0041a2c0 f i LIBCMTD:undname.obj
 0001:000192e0       ?setIsNoTE@DName@@QAEXXZ   0041a2e0 f i LIBCMTD:undname.obj
 0001:00019300       ?isPinPtr@DName@@QBEHXZ    0041a300 f i LIBCMTD:undname.obj
 0001:00019320       ?setIsPinPtr@DName@@QAEXXZ 0041a320 f i LIBCMTD:undname.obj
 0001:00019340       ?isComArray@DName@@QBEHXZ  0041a340 f i LIBCMTD:undname.obj
 0001:00019360       ?setIsComArray@DName@@QAEXXZ 0041a360 f i LIBCMTD:undname.obj
 0001:00019380       ?isVCallThunk@DName@@QBEHXZ 0041a380 f i LIBCMTD:undname.obj
 0001:000193a0       ?setIsVCallThunk@DName@@QAEXXZ 0041a3a0 f i LIBCMTD:undname.obj
 0001:000193c0       ?length@DName@@QBEHXZ      0041a3c0 f i LIBCMTD:undname.obj
 0001:000193f0       ?getLastChar@DName@@QBEDXZ 0041a3f0 f i LIBCMTD:undname.obj
 0001:00019420       ?getString@DName@@QBEPADPADH@Z 0041a420 f i LIBCMTD:undname.obj
 0001:000194b0       ?getString@DName@@QBEPADPAD0@Z 0041a4b0 f i LIBCMTD:undname.obj
 0001:000194f0       ??HDName@@QBE?AV0@D@Z      0041a4f0 f   LIBCMTD:undname.obj
 0001:00019530       ??HDName@@QBE?AV0@PBD@Z    0041a530 f   LIBCMTD:undname.obj
 0001:00019570       ??HDName@@QBE?AV0@ABV0@@Z  0041a570 f   LIBCMTD:undname.obj
 0001:000195b0       ??HDName@@QBE?AV0@PAV0@@Z  0041a5b0 f   LIBCMTD:undname.obj
 0001:000195f0       ??HDName@@QBE?AV0@W4DNameStatus@@@Z 0041a5f0 f   LIBCMTD:undname.obj
 0001:00019630       ?append@DName@@AAEXPAVDNameNode@@@Z 0041a630 f   LIBCMTD:undname.obj
 0001:000196c0       ??YDName@@QAEAAV0@D@Z      0041a6c0 f   LIBCMTD:undname.obj
 0001:00019750       ??YDName@@QAEAAV0@PBD@Z    0041a750 f   LIBCMTD:undname.obj
 0001:000197f0       ??YDName@@QAEAAV0@ABV0@@Z  0041a7f0 f   LIBCMTD:undname.obj
 0001:00019860       ??YDName@@QAEAAV0@PAV0@@Z  0041a860 f   LIBCMTD:undname.obj
 0001:00019920       ??YDName@@QAEAAV0@W4DNameStatus@@@Z 0041a920 f   LIBCMTD:undname.obj
 0001:00019990       ??_5DName@@QAEAAV0@ABV0@@Z 0041a990 f   LIBCMTD:undname.obj
 0001:000199f0       ??4DName@@QAEAAV0@D@Z      0041a9f0 f i LIBCMTD:undname.obj
 0001:00019ad0       ??4DName@@QAEAAV0@PBD@Z    0041aad0 f   LIBCMTD:undname.obj
 0001:00019bb0       ??4DName@@QAEAAV0@ABV0@@Z  0041abb0 f   LIBCMTD:undname.obj
 0001:00019be0       ??4DName@@QAEAAV0@PAV0@@Z  0041abe0 f   LIBCMTD:undname.obj
 0001:00019d20       ??4DName@@QAEAAV0@W4DNameStatus@@@Z 0041ad20 f   LIBCMTD:undname.obj
 0001:00019e20       ?doPchar@DName@@AAEXPBDH@Z 0041ae20 f   LIBCMTD:undname.obj
 0001:00019f60       ?isFull@Replicator@@QBEHXZ 0041af60 f i LIBCMTD:undname.obj
 0001:00019f80       ??0Replicator@@QAE@XZ      0041af80 f i LIBCMTD:undname.obj
 0001:00019fa0       ??YReplicator@@QAEAAV0@ABVDName@@@Z 0041afa0 f   LIBCMTD:undname.obj
 0001:0001a030       ??AReplicator@@QBE?AVDName@@H@Z 0041b030 f   LIBCMTD:undname.obj
 0001:0001a0a0       ??0DNameNode@@IAE@XZ       0041b0a0 f   LIBCMTD:undname.obj
 0001:0001a0c0       ??0charNode@@QAE@D@Z       0041b0c0 f   LIBCMTD:undname.obj
 0001:0001a0f0       ?length@charNode@@UBEHXZ   0041b0f0 f i LIBCMTD:undname.obj
 0001:0001a110       ?getLastChar@charNode@@UBEDXZ 0041b110 f i LIBCMTD:undname.obj
 0001:0001a130       ?getString@charNode@@UBEPADPAD0@Z 0041b130 f i LIBCMTD:undname.obj
 0001:0001a160       ??0pcharNode@@QAE@PBDH@Z   0041b160 f   LIBCMTD:undname.obj
 0001:0001a1f0       ?length@pcharNode@@UBEHXZ  0041b1f0 f i LIBCMTD:undname.obj
 0001:0001a210       ?getLastChar@pcharNode@@UBEDXZ 0041b210 f i LIBCMTD:undname.obj
 0001:0001a250       ?getString@pcharNode@@UBEPADPAD0@Z 0041b250 f i LIBCMTD:undname.obj
 0001:0001a280       ?getStringHelper@@YAPADPAD00H@Z 0041b280 f i LIBCMTD:undname.obj
 0001:0001a2c0       ??0pDNameNode@@QAE@PAVDName@@@Z 0041b2c0 f   LIBCMTD:undname.obj
 0001:0001a320       ?length@pDNameNode@@UBEHXZ 0041b320 f i LIBCMTD:undname.obj
 0001:0001a360       ?getLastChar@pDNameNode@@UBEDXZ 0041b360 f i LIBCMTD:undname.obj
 0001:0001a390       ?getString@pDNameNode@@UBEPADPAD0@Z 0041b390 f i LIBCMTD:undname.obj
 0001:0001a3d0       ??0DNameStatusNode@@AAE@W4DNameStatus@@@Z 0041b3d0 f   LIBCMTD:undname.obj
 0001:0001a420       ?length@DNameStatusNode@@UBEHXZ 0041b420 f i LIBCMTD:undname.obj
 0001:0001a440       ?getLastChar@DNameStatusNode@@UBEDXZ 0041b440 f i LIBCMTD:undname.obj
 0001:0001a460       ?getString@DNameStatusNode@@UBEPADPAD0@Z 0041b460 f i LIBCMTD:undname.obj
 0001:0001a4a0       ?make@DNameStatusNode@@SAPAV1@W4DNameStatus@@@Z 0041b4a0 f i LIBCMTD:undname.obj
 0001:0001a550       ??0pairNode@@QAE@PAVDNameNode@@0@Z 0041b550 f   LIBCMTD:undname.obj
 0001:0001a590       ?length@pairNode@@UBEHXZ   0041b590 f i LIBCMTD:undname.obj
 0001:0001a5e0       ?getLastChar@pairNode@@UBEDXZ 0041b5e0 f i LIBCMTD:undname.obj
 0001:0001a630       ?getString@pairNode@@UBEPADPAD0@Z 0041b630 f i LIBCMTD:undname.obj
 0001:0001a770       __malloc_base              0041b770 f   LIBCMTD:malloc.obj
 0001:0001a800       __heap_alloc_base          0041b800 f i LIBCMTD:malloc.obj
 0001:0001a860       __free_base                0041b860 f   LIBCMTD:free.obj
 0001:0001a8b0       __local_unwind4            0041b8b0 f   LIBCMTD:exsup4.obj
 0001:0001a986       __seh_longjmp_unwind4@4    0041b986 f   LIBCMTD:exsup4.obj
 0001:0001a9a2       @_EH4_CallFilterFunc@8     0041b9a2 f   LIBCMTD:exsup4.obj
 0001:0001a9b9       @_EH4_TransferToHandler@8  0041b9b9 f   LIBCMTD:exsup4.obj
 0001:0001a9d2       @_EH4_GlobalUnwind2@8      0041b9d2 f   LIBCMTD:exsup4.obj
 0001:0001a9eb       @_EH4_LocalUnwind@16       0041b9eb f   LIBCMTD:exsup4.obj
 0001:0001aa10       __set_error_mode           0041ba10 f   LIBCMTD:errmode.obj
 0001:0001aad0       ___set_app_type            0041bad0 f   LIBCMTD:errmode.obj
 0001:0001aae0       _wcscat_s                  0041bae0 f   LIBCMTD:wcscat_s.obj
 0001:0001aed0       _wcsncpy_s                 0041bed0 f   LIBCMTD:wcsncpy_s.obj
 0001:0001b2e0       _strncpy_s                 0041c2e0 f   LIBCMTD:strncpy_s.obj
 0001:0001b6d0       ___crtGetLocaleInfoA       0041c6d0 f   LIBCMTD:a_loc.obj
 0001:0001b830       __MarkAllocaS              0041c830 f i LIBCMTD:a_loc.obj
 0001:0001b860       __freea                    0041c860 f i LIBCMTD:a_loc.obj
 0001:0001b8d0       ?_ValidateRead@@YAHPBXI@Z  0041c8d0 f   LIBCMTD:validate.obj
 0001:0001b900       ?_ValidateWrite@@YAHPAXI@Z 0041c900 f   LIBCMTD:validate.obj
 0001:0001b930       ?_ValidateExecute@@YAHP6GHXZ@Z 0041c930 f   LIBCMTD:validate.obj
 0001:0001b960       _memmove                   0041c960 f   LIBCMTD:memmove.obj
 0001:0001bcd0       __global_unwind2           0041ccd0 f   LIBCMTD:exsup.obj
 0001:0001bd35       __local_unwind2            0041cd35 f   LIBCMTD:exsup.obj
 0001:0001bdb9       __abnormal_termination     0041cdb9 f   LIBCMTD:exsup.obj
 0001:0001bddc       __NLG_Notify1              0041cddc f   LIBCMTD:exsup.obj
 0001:0001bde5       __NLG_Notify               0041cde5 f   LIBCMTD:exsup.obj
 0001:0001bdfc       __NLG_Dispatch2            0041cdfc     LIBCMTD:exsup.obj
 0001:0001bdfc       __NLG_Dispatch             0041cdfc     LIBCMTD:exsup.obj
 0001:0001be04       __NLG_Call                 0041ce04 f   LIBCMTD:exsup.obj
 0001:0001be06       __NLG_Return2              0041ce06     LIBCMTD:exsup.obj
 0001:0001be10       ___addlocaleref            0041ce10 f   LIBCMTD:localref.obj
 0001:0001bf30       ___removelocaleref         0041cf30 f   LIBCMTD:localref.obj
 0001:0001c060       ___freetlocinfo            0041d060 f   LIBCMTD:localref.obj
 0001:0001c340       __updatetlocinfoEx_nolock  0041d340 f   LIBCMTD:localref.obj
 0001:0001c3c0       ___updatetlocinfo          0041d3c0 f   LIBCMTD:localref.obj
 0001:0001c490       ___updatetmbcinfo          0041d490 f   LIBCMTD:mbctype.obj
 0001:0001c5a0       __setmbcp                  0041d5a0 f   LIBCMTD:mbctype.obj
 0001:0001c950       __setmbcp_nolock           0041d950 f   LIBCMTD:mbctype.obj
 0001:0001d140       __getmbcp                  0041e140 f   LIBCMTD:mbctype.obj
 0001:0001d1b0       ___initmbctable            0041e1b0 f   LIBCMTD:mbctype.obj
 0001:0001d1e0       _memset                    0041e1e0 f   LIBCMTD:memset.obj
 0001:0001d260       __expand_base              0041e260 f   LIBCMTD:expand.obj
 0001:0001d3c0       __realloc_base             0041e3c0 f   LIBCMTD:realloc.obj
 0001:0001d4c0       __heapchk                  0041e4c0 f   LIBCMTD:heapchk.obj
 0001:0001d4f0       __heapset                  0041e4f0 f   LIBCMTD:heapchk.obj
 0001:0001d500       _sprintf                   0041e500 f   LIBCMTD:sprintf.obj
 0001:0001d6a0       __sprintf_l                0041e6a0 f   LIBCMTD:sprintf.obj
 0001:0001d6d0       _sprintf_s                 0041e6d0 f   LIBCMTD:sprintf.obj
 0001:0001d700       __sprintf_s_l              0041e700 f   LIBCMTD:sprintf.obj
 0001:0001d730       __snprintf_s               0041e730 f   LIBCMTD:sprintf.obj
 0001:0001d760       __snprintf_s_l             0041e760 f   LIBCMTD:sprintf.obj
 0001:0001d790       __sprintf_p                0041e790 f   LIBCMTD:sprintf.obj
 0001:0001d7c0       __sprintf_p_l              0041e7c0 f   LIBCMTD:sprintf.obj
 0001:0001d7f0       __scprintf                 0041e7f0 f   LIBCMTD:sprintf.obj
 0001:0001d810       __scprintf_p               0041e810 f   LIBCMTD:sprintf.obj
 0001:0001d830       __scprintf_l               0041e830 f   LIBCMTD:sprintf.obj
 0001:0001d860       __scprintf_p_l             0041e860 f   LIBCMTD:sprintf.obj
 0001:0001d890       __chvalidator              0041e890 f   LIBCMTD:isctype.obj
 0001:0001d8e0       __chvalidator_l            0041e8e0 f   LIBCMTD:isctype.obj
 0001:0001d990       __isctype_l                0041e990 f   LIBCMTD:isctype.obj
 0001:0001dab0       __isctype                  0041eab0 f   LIBCMTD:isctype.obj
 0001:0001daf0       _memcpy                    0041eaf0 f   LIBCMTD:memcpy.obj
 0001:0001de60       __mbstowcs_l_helper        0041ee60 f   LIBCMTD:mbstowcs.obj
 0001:0001e1b0       __mbstowcs_l               0041f1b0 f   LIBCMTD:mbstowcs.obj
 0001:0001e1d0       _mbstowcs                  0041f1d0 f   LIBCMTD:mbstowcs.obj
 0001:0001e220       __mbstowcs_s_l             0041f220 f   LIBCMTD:mbstowcs.obj
 0001:0001e5a0       _mbstowcs_s                0041f5a0 f   LIBCMTD:mbstowcs.obj
 0001:0001e5d0       _strcat_s                  0041f5d0 f   LIBCMTD:strcat_s.obj
 0001:0001e9b0       __vsnprintf_helper         0041f9b0 f   LIBCMTD:vsnprnc.obj
 0001:0001eba0       __vsnprintf_c              0041fba0 f   LIBCMTD:vsnprnc.obj
 0001:0001ebf0       __vsnprintf_c_l            0041fbf0 f   LIBCMTD:vsnprnc.obj
 0001:0001ec40       __vsprintf_s_l             0041fc40 f   LIBCMTD:vsnprnc.obj
 0001:0001eeb0       _vsprintf_s                0041feb0 f   LIBCMTD:vsnprnc.obj
 0001:0001eee0       __vsnprintf_s_l            0041fee0 f   LIBCMTD:vsnprnc.obj
 0001:0001f280       __vsnprintf_s              00420280 f   LIBCMTD:vsnprnc.obj
 0001:0001f2b0       __vsprintf_p               004202b0 f   LIBCMTD:vsnprnc.obj
 0001:0001f300       __vsprintf_p_l             00420300 f   LIBCMTD:vsnprnc.obj
 0001:0001f350       __itoa_s                   00420350 f   LIBCMTD:xtoas.obj
 0001:0001f720       __ltoa_s                   00420720 f   LIBCMTD:xtoas.obj
 0001:0001f760       __ultoa_s                  00420760 f   LIBCMTD:xtoas.obj
 0001:0001f780       __i64toa_s                 00420780 f   LIBCMTD:xtoas.obj
 0001:0001fb80       __ui64toa_s                00420b80 f   LIBCMTD:xtoas.obj
 0001:0001fba0       __wcstombs_l_helper        00420ba0 f   LIBCMTD:wcstombs.obj
 0001:000200e0       __wcstombs_l               004210e0 f   LIBCMTD:wcstombs.obj
 0001:00020100       _wcstombs                  00421100 f   LIBCMTD:wcstombs.obj
 0001:00020120       __wcstombs_s_l             00421120 f   LIBCMTD:wcstombs.obj
 0001:00020450       _wcstombs_s                00421450 f   LIBCMTD:wcstombs.obj
 0001:00020480       __vswprintf_helper         00421480 f   LIBCMTD:vswprnc.obj
 0001:000206e0       __vswprintf_c              004216e0 f   LIBCMTD:vswprnc.obj
 0001:00020730       __vswprintf_c_l            00421730 f   LIBCMTD:vswprnc.obj
 0001:00020780       __vswprintf_s_l            00421780 f   LIBCMTD:vswprnc.obj
 0001:000209f0       _vswprintf_s               004219f0 f   LIBCMTD:vswprnc.obj
 0001:00020a20       __vsnwprintf_s_l           00421a20 f   LIBCMTD:vswprnc.obj
 0001:00020dd0       __vsnwprintf_s             00421dd0 f   LIBCMTD:vswprnc.obj
 0001:00020e00       __vswprintf_p              00421e00 f   LIBCMTD:vswprnc.obj
 0001:00020e50       __vswprintf_p_l            00421e50 f   LIBCMTD:vswprnc.obj
 0001:00020ea0       __itow_s                   00421ea0 f   LIBCMTD:xtows.obj
 0001:00021290       __ltow_s                   00422290 f   LIBCMTD:xtows.obj
 0001:000212d0       __ultow_s                  004222d0 f   LIBCMTD:xtows.obj
 0001:000212f0       __i64tow_s                 004222f0 f   LIBCMTD:xtows.obj
 0001:00021710       __ui64tow_s                00422710 f   LIBCMTD:xtows.obj
 0001:00021730       __ValidateImageBase        00422730 f   LIBCMTD:pesect.obj
 0001:00021790       __FindPESection            00422790 f   LIBCMTD:pesect.obj
 0001:00021810       __IsNonwritableInCurrentImage 00422810 f   LIBCMTD:pesect.obj
 0001:00021930       __initp_misc_cfltcvt_tab   00422930 f   LIBCMTD:cmiscdat.obj
 0001:00021970       __initp_misc_rand_s        00422970 f   LIBCMTD:rand_s.obj
 0001:00021980       _rand_s                    00422980 f   LIBCMTD:rand_s.obj
 0001:00021ba0       __flsbuf                   00422ba0 f   LIBCMTD:_flsbuf.obj
 0001:00021e60       __woutput_l                00422e60 f   LIBCMTD:woutput.obj
 0001:00023060       _get_int_arg               00424060 f i LIBCMTD:woutput.obj
 0001:00023080       _get_int64_arg             00424080 f i LIBCMTD:woutput.obj
 0001:000230a0       __vswprintf_l              004240a0 f   LIBCMTD:vswprint.obj
 0001:00023290       __vswprintf                00424290 f   LIBCMTD:vswprint.obj
 0001:000232b0       ___vswprintf_l             004242b0 f   LIBCMTD:vswprint.obj
 0001:000232d0       __vscwprintf_helper        004242d0 f   LIBCMTD:vswprint.obj
 0001:000233b0       __vscwprintf               004243b0 f   LIBCMTD:vswprint.obj
 0001:000233d0       __vscwprintf_l             004243d0 f   LIBCMTD:vswprint.obj
 0001:000233f0       __vscwprintf_p             004243f0 f   LIBCMTD:vswprint.obj
 0001:00023410       __vscwprintf_p_l           00424410 f   LIBCMTD:vswprint.obj
 0001:00023430       __ismbbkalnum_l            00424430 f   LIBCMTD:ismbbyte.obj
 0001:00023450       __ismbbkalnum              00424450 f   LIBCMTD:ismbbyte.obj
 0001:00023470       __ismbbkprint_l            00424470 f   LIBCMTD:ismbbyte.obj
 0001:00023490       __ismbbkprint              00424490 f   LIBCMTD:ismbbyte.obj
 0001:000234b0       __ismbbkpunct_l            004244b0 f   LIBCMTD:ismbbyte.obj
 0001:000234d0       __ismbbkpunct              004244d0 f   LIBCMTD:ismbbyte.obj
 0001:000234f0       __ismbbalnum_l             004244f0 f   LIBCMTD:ismbbyte.obj
 0001:00023510       __ismbbalnum               00424510 f   LIBCMTD:ismbbyte.obj
 0001:00023530       __ismbbalpha_l             00424530 f   LIBCMTD:ismbbyte.obj
 0001:00023550       __ismbbalpha               00424550 f   LIBCMTD:ismbbyte.obj
 0001:00023570       __ismbbgraph_l             00424570 f   LIBCMTD:ismbbyte.obj
 0001:00023590       __ismbbgraph               00424590 f   LIBCMTD:ismbbyte.obj
 0001:000235b0       __ismbbprint_l             004245b0 f   LIBCMTD:ismbbyte.obj
 0001:000235d0       __ismbbprint               004245d0 f   LIBCMTD:ismbbyte.obj
 0001:000235f0       __ismbbpunct_l             004245f0 f   LIBCMTD:ismbbyte.obj
 0001:00023610       __ismbbpunct               00424610 f   LIBCMTD:ismbbyte.obj
 0001:00023630       __ismbblead_l              00424630 f   LIBCMTD:ismbbyte.obj
 0001:00023650       __ismbblead                00424650 f   LIBCMTD:ismbbyte.obj
 0001:00023670       __ismbbtrail_l             00424670 f   LIBCMTD:ismbbyte.obj
 0001:00023690       __ismbbtrail               00424690 f   LIBCMTD:ismbbyte.obj
 0001:000236b0       __ismbbkana_l              004246b0 f   LIBCMTD:ismbbyte.obj
 0001:00023720       __ismbbkana                00424720 f   LIBCMTD:ismbbyte.obj
 0001:00023810       __wmakepath_s              00424810 f   LIBCMTD:wmakepath_s.obj
 0001:00023bc0       __wsplitpath_s             00424bc0 f   LIBCMTD:wsplitpath_s.obj
 0001:000241f0       ___crtMessageBoxA          004251f0 f   LIBCMTD:crtmbox.obj
 0001:00024410       _atol                      00425410 f   LIBCMTD:atox.obj
 0001:00024430       __atol_l                   00425430 f   LIBCMTD:atox.obj
 0001:00024450       _atoi                      00425450 f   LIBCMTD:atox.obj
 0001:00024470       __atoi_l                   00425470 f   LIBCMTD:atox.obj
 0001:00024490       __atoi64                   00425490 f   LIBCMTD:atox.obj
 0001:000244b0       __atoi64_l                 004254b0 f   LIBCMTD:atox.obj
 0001:000244d0       __allshl                   004254d0 f   LIBCMTD:llshl.obj
 0001:000244f0       __aulldiv                  004254f0 f   LIBCMTD:ulldiv.obj
 0001:00024560       __aullrem                  00425560 f   LIBCMTD:ullrem.obj
 0001:000245e0       __VEC_memcpy               004255e0 f   LIBCMTD:p4_memcpy.obj
 0001:000246f0       ___sse2_available_init     004256f0 f   LIBCMTD:cpu_disp.obj
 0001:00024710       ___init_time               00425710 f   LIBCMTD:inittime.obj
 0001:00025440       ___free_lc_time            00426440 f   LIBCMTD:inittime.obj
 0001:00025ab0       ___init_numeric            00426ab0 f   LIBCMTD:initnum.obj
 0001:00025e60       ___free_lconv_num          00426e60 f   LIBCMTD:initnum.obj
 0001:00025f10       ___init_monetary           00426f10 f   LIBCMTD:initmon.obj
 0001:00026500       ___free_lconv_mon          00427500 f   LIBCMTD:initmon.obj
 0001:000266b0       _localeconv                004276b0 f   LIBCMTD:lconv.obj
 0001:00026700       ___pwctype_func            00427700 f   LIBCMTD:ctype.obj
 0001:00026710       ___pctype_func             00427710 f   LIBCMTD:ctype.obj
 0001:00026760       ___crtLCMapStringA         00427760 f   LIBCMTD:a_map.obj
 0001:00026aa0       ___crtGetStringTypeA       00427aa0 f   LIBCMTD:a_str.obj
 0001:00026c10       __VEC_memzero              00427c10 f   LIBCMTD:p4_memset.obj
 0001:00026cd0       __output_l                 00427cd0 f   LIBCMTD:output.obj
 0001:00028140       _get_short_arg             00429140 f i LIBCMTD:output.obj
 0001:00028160       __vsprintf_l               00429160 f   LIBCMTD:vsprintf.obj
 0001:00028300       _vsprintf                  00429300 f   LIBCMTD:vsprintf.obj
 0001:00028320       __vscprintf_helper         00429320 f   LIBCMTD:vsprintf.obj
 0001:00028400       __vscprintf                00429400 f   LIBCMTD:vsprintf.obj
 0001:00028420       __vscprintf_l              00429420 f   LIBCMTD:vsprintf.obj
 0001:00028440       __vscprintf_p              00429440 f   LIBCMTD:vsprintf.obj
 0001:00028460       __vscprintf_p_l            00429460 f   LIBCMTD:vsprintf.obj
 0001:00028480       __isleadbyte_l             00429480 f i LIBCMTD:_wctype.obj
 0001:000284d0       _isleadbyte                004294d0 f i LIBCMTD:_wctype.obj
 0001:000284f0       __iswalpha_l               004294f0 f i LIBCMTD:_wctype.obj
 0001:00028510       _iswalpha                  00429510 f i LIBCMTD:_wctype.obj
 0001:00028530       __iswupper_l               00429530 f i LIBCMTD:_wctype.obj
 0001:00028550       _iswupper                  00429550 f i LIBCMTD:_wctype.obj
 0001:00028570       __iswlower_l               00429570 f i LIBCMTD:_wctype.obj
 0001:00028590       _iswlower                  00429590 f i LIBCMTD:_wctype.obj
 0001:000285b0       __iswdigit_l               004295b0 f i LIBCMTD:_wctype.obj
 0001:000285d0       _iswdigit                  004295d0 f i LIBCMTD:_wctype.obj
 0001:000285f0       __iswxdigit_l              004295f0 f i LIBCMTD:_wctype.obj
 0001:00028610       _iswxdigit                 00429610 f i LIBCMTD:_wctype.obj
 0001:00028630       __iswspace_l               00429630 f i LIBCMTD:_wctype.obj
 0001:00028650       _iswspace                  00429650 f i LIBCMTD:_wctype.obj
 0001:00028670       __iswpunct_l               00429670 f i LIBCMTD:_wctype.obj
 0001:00028690       _iswpunct                  00429690 f i LIBCMTD:_wctype.obj
 0001:000286b0       __iswalnum_l               004296b0 f i LIBCMTD:_wctype.obj
 0001:000286d0       _iswalnum                  004296d0 f i LIBCMTD:_wctype.obj
 0001:000286f0       __iswprint_l               004296f0 f i LIBCMTD:_wctype.obj
 0001:00028710       _iswprint                  00429710 f i LIBCMTD:_wctype.obj
 0001:00028730       __iswgraph_l               00429730 f i LIBCMTD:_wctype.obj
 0001:00028750       _iswgraph                  00429750 f i LIBCMTD:_wctype.obj
 0001:00028770       __iswcntrl_l               00429770 f i LIBCMTD:_wctype.obj
 0001:00028790       _iswcntrl                  00429790 f i LIBCMTD:_wctype.obj
 0001:000287b0       _iswascii                  004297b0 f i LIBCMTD:_wctype.obj
 0001:000287d0       __iswcsym_l                004297d0 f i LIBCMTD:_wctype.obj
 0001:00028810       ___iswcsym                 00429810 f i LIBCMTD:_wctype.obj
 0001:00028850       __iswcsymf_l               00429850 f i LIBCMTD:_wctype.obj
 0001:00028890       ___iswcsymf                00429890 f i LIBCMTD:_wctype.obj
 0001:000288d0       ____setlc_active_func      004298d0 f   LIBCMTD:setlocal.obj
 0001:000288e0       ____unguarded_readlc_active_add_func 004298e0 f   LIBCMTD:setlocal.obj
 0001:000288f0       __configthreadlocale       004298f0 f   LIBCMTD:setlocal.obj
 0001:00028a00       __locterm                  00429a00 f   LIBCMTD:setlocal.obj
 0001:00028aa0       __free_locale              00429aa0 f   LIBCMTD:setlocal.obj
 0001:00028be0       ___free_locale             00429be0 f   LIBCMTD:setlocal.obj
 0001:00028c00       __create_locale            00429c00 f   LIBCMTD:setlocal.obj
 0001:00028e30       ___create_locale           00429e30 f   LIBCMTD:setlocal.obj
 0001:00028e50       __get_current_locale       00429e50 f   LIBCMTD:setlocal.obj
 0001:00028f70       ___get_current_locale      00429f70 f   LIBCMTD:setlocal.obj
 0001:00028f80       _setlocale                 00429f80 f   LIBCMTD:setlocal.obj
 0001:00029e30       __expandlocale             0042ae30 f   LIBCMTD:setlocal.obj
 0001:0002a0e0       ___init_dummy              0042b0e0 f   LIBCMTD:setlocal.obj
 0001:0002a0f0       __strcats                  0042b0f0 f   LIBCMTD:setlocal.obj
[...]
 0003:0000036c       ___crtDebugFillThreshold   0044d36c     LIBCMTD:dbgheap.obj
 0003:00000374       __crtBreakAlloc            0044d374     LIBCMTD:dbgheap.obj
 0003:0000037c       __crtAssertBusy            0044d37c     LIBCMTD:dbgrptt.obj
 0003:00000380       __CrtDbgMode               0044d380     LIBCMTD:dbgrptt.obj
 0003:0000038c       __CrtDbgFile               0044d38c     LIBCMTD:dbgrptt.obj
 0003:00000510       ___badioinfo               0044d510     LIBCMTD:ioinit.obj
 0003:00000550       __pfnAllocHook             0044d550     LIBCMTD:dbghook.obj
 0003:00000560       __NLG_Destination          0044d560     LIBCMTD:exsup.obj
 0003:00000570       ___clocalestr              0044d570     LIBCMTD:nlsdata2.obj
 0003:00000578       ___lc_time_c               0044d578     LIBCMTD:nlsdata2.obj
 0003:000006e0       ___initiallocinfo          0044d6e0     LIBCMTD:nlsdata2.obj
 0003:000007b8       ___ptlocinfo               0044d7b8     LIBCMTD:nlsdata2.obj
 0003:000007bc       ___initiallocalestructinfo 0044d7bc     LIBCMTD:nlsdata2.obj
 0003:000007c8       ___initialmbcinfo          0044d7c8     LIBCMTD:mbctype.obj
 0003:000009e8       __mbctype                  0044d9e8     LIBCMTD:mbctype.obj
 0003:00000af0       __mbcasemap                0044daf0     LIBCMTD:mbctype.obj
 0003:00000bf0       ___ptmbcinfo               0044dbf0     LIBCMTD:mbctype.obj
 0003:00000cf0       ___globallocalestatus      0044dcf0     LIBCMTD:glstatus.obj
 0003:00000d00       __cfltcvt_tab              0044dd00     LIBCMTD:cmiscdat.obj
 0003:00000d30       ___lconv_static_decimal    0044dd30     LIBCMTD:lconv.obj
 0003:00000d34       ___lconv_static_W_decimal  0044dd34     LIBCMTD:lconv.obj
 0003:00000d38       ___lconv_c                 0044dd38     LIBCMTD:lconv.obj
 0003:00000d88       ___lconv                   0044dd88     LIBCMTD:lconv.obj
 0003:00000d8c       __pctype                   0044dd8c     LIBCMTD:ctype.obj
 0003:00000d90       __pwctype                  0044dd90     LIBCMTD:ctype.obj
 0003:00000d94       ___nullstring              0044dd94     LIBCMTD:output.obj
 0003:00000d98       ___wnullstring             0044dd98     LIBCMTD:output.obj
 0003:00000da0       __iob                      0044dda0     LIBCMTD:_file.obj
 0003:00001020       ___mb_cur_max              0044e020     LIBCMTD:nlsdata1.obj
 0003:00001024       ___decimal_point           0044e024     LIBCMTD:nlsdata1.obj
 0003:00001028       ___decimal_point_length    0044e028     LIBCMTD:nlsdata1.obj
 0003:00001030       __confh                    0044e030     LIBCMTD:initcon.obj
 0003:00001088       __aenvptr                  0044e088     LIBCMTD:wincrt0.obj
 0003:0000108c       __wenvptr                  0044e08c     LIBCMTD:wincrt0.obj
 0003:00001090       ___error_mode              0044e090     LIBCMTD:wincrt0.obj
 0003:00001094       ?_pnhHeap@@3P6AHI@ZA       0044e094     LIBCMTD:handler.obj
 0003:000013bc       ?wsprintffp@@3P6AHPADPBDZZA 0044e3bc     LIBCMTD:_error_.obj
 0003:000019f8       ___pPurecall               0044e9f8     LIBCMTD:inithelp.obj
 0003:000019fc       _gpFlsAlloc                0044e9fc     LIBCMTD:tidtable.obj
 0003:00001a00       _gpFlsGetValue             0044ea00     LIBCMTD:tidtable.obj
 0003:00001a04       _gpFlsSetValue             0044ea04     LIBCMTD:tidtable.obj
 0003:00001a08       _gpFlsFree                 0044ea08     LIBCMTD:tidtable.obj
 0003:00001a0c       ?__pInconsistency@@3P6AXXZA 0044ea0c     LIBCMTD:hooks.obj
 0003:00001b8c       ?_pfnDumpClient@@3P6AXPAXI@ZA 0044eb8c     LIBCMTD:dbgheap.obj
 0003:00001b94       ___crtDebugCheckCount      0044eb94     LIBCMTD:dbgheap.obj
 0003:00001b9c       ___pInvalidArgHandler      0044eb9c     LIBCMTD:invarg.obj
 0003:00001ba0       __umaskval                 0044eba0     LIBCMTD:crt0dat.obj
 0003:00001ba4       ___argc                    0044eba4     LIBCMTD:crt0dat.obj
 0003:00001ba8       ___argv                    0044eba8     LIBCMTD:crt0dat.obj
 0003:00001bac       ___wargv                   0044ebac     LIBCMTD:crt0dat.obj
 0003:00001bb0       __environ                  0044ebb0     LIBCMTD:crt0dat.obj
 0003:00001bb4       ___initenv                 0044ebb4     LIBCMTD:crt0dat.obj
 0003:00001bb8       __wenviron                 0044ebb8     LIBCMTD:crt0dat.obj
 0003:00001bbc       ___winitenv                0044ebbc     LIBCMTD:crt0dat.obj
 0003:00001bc0       __pgmptr                   0044ebc0     LIBCMTD:crt0dat.obj
 0003:00001bc4       __wpgmptr                  0044ebc4     LIBCMTD:crt0dat.obj
 0003:00001bc8       __exitflag                 0044ebc8     LIBCMTD:crt0dat.obj
 0003:00001bcc       __C_Termination_Done       0044ebcc     LIBCMTD:crt0dat.obj
 0003:00001bd0       __C_Exit_Done              0044ebd0     LIBCMTD:crt0dat.obj
 0003:00001d08       __crtheap                  0044ed08     LIBCMTD:heapinit.obj
 0003:00001d0c       __newmode                  0044ed0c     LIBCMTD:_newmode.obj
 0003:00001d2c       ?pArgList@UnDecorator@@0PAVReplicator@@A 0044ed2c     LIBCMTD:undname.obj
 0003:00001d30       ?pZNameList@UnDecorator@@0PAVReplicator@@A 0044ed30     LIBCMTD:undname.obj
 0003:00001d34       ?pTemplateArgList@UnDecorator@@0PAVReplicator@@A 0044ed34     LIBCMTD:undname.obj
 0003:00001d38       ?gName@UnDecorator@@0PBDB  0044ed38     LIBCMTD:undname.obj
 0003:00001d3c       ?name@UnDecorator@@0PBDB   0044ed3c     LIBCMTD:undname.obj
 0003:00001d40       ?outputString@UnDecorator@@0PADA 0044ed40     LIBCMTD:undname.obj
 0003:00001d44       ?maxStringLength@UnDecorator@@0HA 0044ed44     LIBCMTD:undname.obj
 0003:00001d48       ?disableFlags@UnDecorator@@0KA 0044ed48     LIBCMTD:undname.obj
 0003:00001d4c       ?m_pGetParameter@UnDecorator@@0P6APADJ@ZA 0044ed4c     LIBCMTD:undname.obj
 0003:00001d50       ?fExplicitTemplateParams@UnDecorator@@0_NA 0044ed50     LIBCMTD:undname.obj
 0003:00001d51       ?fGetTemplateArgumentList@UnDecorator@@0_NA 0044ed51     LIBCMTD:undname.obj
 0003:00001da8       ?nodes@?1??make@DNameStatusNode@@SAPAV2@W4DNameStatus@@@Z@4PAV2@A 0044eda8     LIBCMTD:undname.obj
 0003:00001dd8       ??_B?1??make@DNameStatusNode@@SAPAV1@W4DNameStatus@@@Z@51 0044edd8     LIBCMTD:undname.obj
 0003:00001de0       ___mbulinfo                0044ede0     LIBCMTD:mbctype.obj
 0003:00001dec       ___mbcodepage              0044edec     LIBCMTD:mbctype.obj
 0003:00001df0       ___ismbcodepage            0044edf0     LIBCMTD:mbctype.obj
 0003:00001df4       ___mblcid                  0044edf4     LIBCMTD:mbctype.obj
 0003:00001e10       ___lconv_static_null       0044ee10     LIBCMTD:lconv.obj
 0003:00001e14       ___lconv_static_W_null     0044ee14     LIBCMTD:lconv.obj
 0003:00001e18       ___locale_changed          0044ee18     LIBCMTD:setlocal.obj
 0003:00001e1c       __cflush                   0044ee1c     LIBCMTD:_file.obj
 0003:00001e24       __stdbuf                   0044ee24     LIBCMTD:_sftbuf.obj
 0003:00001e2c       ___piob                    0044ee2c     <common>
 0003:00001e40       __bufin                    0044ee40     <common>
 0003:00002e40       __nstream                  0044fe40     <common>
 0003:00002e44       ___setlc_active            0044fe44     <common>
 0003:00002e48       ___unguarded_readlc_active 0044fe48     <common>
 0003:00002e4c       ___sse2_available          0044fe4c     <common>
 0003:00002e50       __debugger_hook_dummy      0044fe50     <common>
 0003:00002e54       __nhandle                  0044fe54     <common>
 0003:00002e60       ___pioinfo                 0044fe60     <common>
 0003:00002f60       ___env_initialized         0044ff60     <common>
 0003:00002f64       ___onexitend               0044ff64     <common>
 0003:00002f68       ___onexitbegin             0044ff68     <common>
 0003:00002f6c       ___mbctype_initialized     0044ff6c     <common>
 0003:00002f70       __FPinit                   0044ff70     <common>
 0003:00002f74       ___dyn_tls_init_callback   0044ff74     <common>
 0003:00002f78       __pfnReportHook            0044ff78     <common>
 0003:00002f7c       __pReportHookListW         0044ff7c     <common>
 0003:00002f80       __pReportHookList          0044ff80     <common>
 0003:00002f84       __acmdln                   0044ff84     <common>
 0003:00002f88       __NoHeapEnableTerminationOnCorruption 0044ff88     <common>

 entry point at        0001:00003270

 Static symbols

 0001:00002590       ?CatchGuardHandler@@YA?AW4_EXCEPTION_DISPOSITION@@PAUEHExceptionRecord@@PAUCatchGuardRN@@PAX2@Z 00403590 f   LIBCMTD:_trnsctrl_.obj
 0001:000026d0       ?TranslatorGuardHandler@@YA?AW4_EXCEPTION_DISPOSITION@@PAUEHExceptionRecord@@PAUTranslatorGuardRN@@PAX2@Z 004036d0 f   LIBCMTD:_trnsctrl_.obj
 0001:00003290       ___tmainCRTStartup         00404290 f   LIBCMTD:wincrt0.obj
 0001:00003450       _fast_error_exit           00404450 f   LIBCMTD:wincrt0.obj
 0001:00003480       _check_managed_app         00404480 f   LIBCMTD:wincrt0.obj
 0001:00003570       __onexit_nolock            00404570 f   LIBCMTD:onexit.obj
 0001:00003ea0       ?failwithmessage@@YAXPAXHHPBD@Z 00404ea0 f   LIBCMTD:_error_.obj
 0001:000040c0       ?DebuggerProbe@@YAHK@Z     004050c0 f   LIBCMTD:_error_.obj
 0001:00004150       ?DebuggerRuntime@@YAHKHPAXPB_W@Z 00405150 f   LIBCMTD:_error_.obj
 0001:00004430       ?_getMemBlockDataString@@YAXPAD00I@Z 00405430 f   LIBCMTD:_error_.obj
 0001:00005690       ?FindHandler@@YAXPAUEHExceptionRecord@@PAUEHRegistrationNode@@PAU_CONTEXT@@PAXPBU_s_FuncInfo@@EH1@Z 00406690 f   LIBCMTD:frame.obj
 0001:00005be0       ?FindHandlerForForeignException@@YAXPAUEHExceptionRecord@@PAUEHRegistrationNode@@PAU_CONTEXT@@PAXPBU_s_FuncInfo@@HH1@Z 00406be0 f   LIBCMTD:frame.obj
 0001:00006020       ?CatchIt@@YAXPAUEHExceptionRecord@@PAUEHRegistrationNode@@PAU_CONTEXT@@PAXPBU_s_FuncInfo@@PBU_s_HandlerType@@PBU_s_CatchableType@@PBU_s_TryBlockMapEntry@@H1E@Z 00407020 f   LIBCMTD:frame.obj
 0001:000060e0       ?CallCatchBlock@@YAPAXPAUEHExceptionRecord@@PAUEHRegistrationNode@@PAU_CONTEXT@@PBU_s_FuncInfo@@PAXHK@Z 004070e0 f   LIBCMTD:frame.obj
 0001:00006370       ?ExFilterRethrow@@YAHPAU_EXCEPTION_POINTERS@@@Z 00407370 f   LIBCMTD:frame.obj
 0001:00006fe0       ?IsInExceptionSpec@@YAEPAUEHExceptionRecord@@PBU_s_ESTypeList@@@Z 00407fe0 f   LIBCMTD:frame.obj
 0001:000070a0       ?CallUnexpected@@YAXPBU_s_ESTypeList@@@Z 004080a0 f   LIBCMTD:frame.obj
 0001:000070ee       __catch$?CallUnexpected@@YAXPBU_s_ESTypeList@@@Z$0 004080ee f   LIBCMTD:frame.obj
 0001:00007130       ?Is_bad_exception_allowed@@YAEPBU_s_ESTypeList@@@Z 00408130 f   LIBCMTD:frame.obj
 0001:00007fd0       __nh_malloc_dbg_impl       00408fd0 f   LIBCMTD:dbgheap.obj
 0001:00008070       __heap_alloc_dbg_impl      00409070 f   LIBCMTD:dbgheap.obj
 0001:00008640       _realloc_help              00409640 f   LIBCMTD:dbgheap.obj
 0001:00009710       _CheckBytes                0040a710 f   LIBCMTD:dbgheap.obj
 0001:0000a5f0       ?_CrtMemDumpAllObjectsSince_stat@@YAXPBU_CrtMemState@@PAUlocaleinfo_struct@@@Z 0040b5f0 f   LIBCMTD:dbgheap.obj
 0001:0000a900       __printMemBlockData        0040b900 f   LIBCMTD:dbgheap.obj
 0001:0000d050       _ValidateLocalCookies      0040e050 f   LIBCMTD:chandler4.obj
 0001:0000d350       _doexit                    0040e350 f   LIBCMTD:crt0dat.obj
 0001:0000d640       __initterm                 0040e640 f   LIBCMTD:crt0dat.obj
 0001:0000dc70       _ctrlevent_capture@4       0040ec70 f   LIBCMTD:winsig.obj
 0001:0000e070       _siglookup                 0040f070 f   LIBCMTD:winsig.obj
 0001:0000ef90       _xcptlookup                0040ff90 f   LIBCMTD:winxfltr.obj
 0001:0000f390       _parse_cmdline             00410390 f   LIBCMTD:stdargv.obj
 0001:00010420       ?GetPdbDll@@YAPAUHINSTANCE__@@XZ 00411420 f   LIBCMTD:_pdblkup_.obj
 0001:00010510       ?GetPdbDllFromInstallPath@@YAPAUHINSTANCE__@@XZ 00411510 f   LIBCMTD:_pdblkup_.obj
 0001:000106d0       ?GetPdbDllPathFromFilePath@@YAHPB_WPA_WI@Z 004116d0 f   LIBCMTD:_pdblkup_.obj
 0001:0001a690       ?und_strlen@@YAIPBD@Z      0041b690 f   LIBCMTD:undname.obj
 0001:0001a6d0       ?und_memcpy@@YAXPADPBDI@Z  0041b6d0 f   LIBCMTD:undname.obj
 0001:0001a710       ?und_strncmp@@YAIPBD0I@Z   0041b710 f   LIBCMTD:undname.obj
 0001:0001a940       __unwind_handler4          0041b940 f   LIBCMTD:exsup4.obj
 0001:0001b720       ?__crtGetLocaleInfoA_stat@@YAHPAUlocaleinfo_struct@@KKPADH@Z 0041c720 f   LIBCMTD:a_loc.obj
 0001:0001bcf0       __unwind_handler           0041ccf0 f   LIBCMTD:exsup.obj
 0001:0001c840       ?getSystemCP@@YAHH@Z       0041d840 f   LIBCMTD:mbctype.obj
 0001:0001cca0       ?CPtoLCID@@YAHH@Z          0041dca0 f   LIBCMTD:mbctype.obj
 0001:0001cd20       ?setSBCS@@YAXPAUthreadmbcinfostruct@@@Z 0041dd20 f   LIBCMTD:mbctype.obj
 0001:0001ce00       ?setSBUpLow@@YAXPAUthreadmbcinfostruct@@@Z 0041de00 f   LIBCMTD:mbctype.obj
 0001:0001d370       __is_LFH_enabled           0041e370 f   LIBCMTD:expand.obj
 0001:0001f3b0       _xtoa_s@20                 004203b0 f   LIBCMTD:xtoas.obj
 0001:0001f7d0       @x64toa_s@24               004207d0 f   LIBCMTD:xtoas.obj
 0001:00020080       ?wcsncnt@@YAIPB_WI@Z       00421080 f   LIBCMTD:wcstombs.obj
 0001:00020f10       _xtow_s@20                 00421f10 f   LIBCMTD:xtows.obj
 0001:00021340       @x64tow_s@24               00422340 f   LIBCMTD:xtows.obj
 0001:00022f10       _write_char                00423f10 f   LIBCMTD:woutput.obj
 0001:00022f70       _write_multi_char          00423f70 f   LIBCMTD:woutput.obj
 0001:00022fb0       _write_string              00423fb0 f   LIBCMTD:woutput.obj
 0001:00023740       ?x_ismbbtype_l@@YAHPAUlocaleinfo_struct@@IHH@Z 00424740 f   LIBCMTD:ismbbyte.obj
 0001:00024800       __get_lc_time              00425800 f   LIBCMTD:inittime.obj
 0001:00025de0       _fix_grouping              00426de0 f   LIBCMTD:initnum.obj
 0001:00026480       _fix_grouping              00427480 f   LIBCMTD:initmon.obj
 0001:000267c0       ?__crtLCMapStringA_stat@@YAHPAUlocaleinfo_struct@@KKPBDHPADHHH@Z 004277c0 f   LIBCMTD:a_map.obj
 0001:00026a50       ?strncnt@@YAHPBDH@Z        00427a50 f   LIBCMTD:a_map.obj
 0001:00026b00       ?__crtGetStringTypeA_stat@@YAHPAUlocaleinfo_struct@@KPBDHPAGHHH@Z 00427b00 f   LIBCMTD:a_str.obj
 0001:00027fa0       _write_char                00428fa0 f   LIBCMTD:output.obj
 0001:00028050       _write_multi_char          00429050 f   LIBCMTD:output.obj
 0001:00028090       _write_string              00429090 f   LIBCMTD:output.obj
 0001:00028de0       __copytlocinfo_nolock      00429de0 f   LIBCMTD:setlocal.obj
 0001:000291e0       _sync_legacy_variables_lk  0042a1e0 f   LIBCMTD:setlocal.obj
 0001:00029220       __setlocale_nolock         0042a220 f   LIBCMTD:setlocal.obj
 0001:00029610       __setlocale_set_cat        0042a610 f   LIBCMTD:setlocal.obj
 0001:00029b40       __setlocale_get_all        0042ab40 f   LIBCMTD:setlocal.obj
 0001:0002b840       _write_char                0042c840 f   LIBCMTD:outputs.obj
 0001:0002b8f0       _write_multi_char          0042c8f0 f   LIBCMTD:outputs.obj
 0001:0002b930       _write_string              0042c930 f   LIBCMTD:outputs.obj
 0001:0002f6c0       _write_char                004306c0 f   LIBCMTD:outputp.obj
 0001:0002f770       _write_multi_char          00430770 f   LIBCMTD:outputp.obj
 0001:0002f7b0       _write_string              004307b0 f   LIBCMTD:outputp.obj
 0001:00030a80       _write_char                00431a80 f   LIBCMTD:woutputs.obj
 0001:00030ae0       _write_multi_char          00431ae0 f   LIBCMTD:woutputs.obj
 0001:00030b20       _write_string              00431b20 f   LIBCMTD:woutputs.obj
 0001:000344a0       _write_char                004354a0 f   LIBCMTD:woutputp.obj
 0001:00034500       _write_multi_char          00435500 f   LIBCMTD:woutputp.obj
 0001:00034540       _write_string              00435540 f   LIBCMTD:woutputp.obj
 0001:000364e0       ?strtoxl@@YAKPAUlocaleinfo_struct@@PBDPAPBDHH@Z 004374e0 f   LIBCMTD:strtol.obj
 0001:00036ac0       ?strtoxq@@YA_KPAUlocaleinfo_struct@@PBDPAPBDHH@Z 00437ac0 f   LIBCMTD:strtoq.obj
 0001:00038030       _cmpBYTE                   00439030 f   LIBCMTD:memcmp.obj
 0001:00038060       _cmpResult                 00439060 f   LIBCMTD:memcmp.obj
 0001:00038080       _unaligned_memcmp          00439080 f   LIBCMTD:memcmp.obj
 0001:00038790       _cmpWORD                   00439790 f   LIBCMTD:memcmp.obj
 0001:00038810       _cmpDWORD                  00439810 f   LIBCMTD:memcmp.obj
 0001:00038b90       _TranslateName             00439b90 f   LIBCMTD:getqloc.obj
 0001:00038c20       _GetLcidFromLangCountry    00439c20 f   LIBCMTD:getqloc.obj
 0001:00038ce0       _LangCountryEnumProc@4     00439ce0 f   LIBCMTD:getqloc.obj
 0001:00039120       _GetLcidFromLanguage       0043a120 f   LIBCMTD:getqloc.obj
 0001:000391a0       _LanguageEnumProc@4        0043a1a0 f   LIBCMTD:getqloc.obj
 0001:00039340       _GetLcidFromCountry        0043a340 f   LIBCMTD:getqloc.obj
 0001:00039390       _CountryEnumProc@4         0043a390 f   LIBCMTD:getqloc.obj
 0001:00039490       _GetLcidFromDefault        0043a490 f   LIBCMTD:getqloc.obj
 0001:000394d0       _ProcessCodePage           0043a4d0 f   LIBCMTD:getqloc.obj
 0001:00039580       _TestDefaultCountry        0043a580 f   LIBCMTD:getqloc.obj
 0001:000395d0       _TestDefaultLanguage       0043a5d0 f   LIBCMTD:getqloc.obj
 0001:00039650       _LcidFromHexString         0043a650 f   LIBCMTD:getqloc.obj
 0001:000396d0       _GetPrimaryLen             0043a6d0 f   LIBCMTD:getqloc.obj
 0001:00039760       ?wcstoxl@@YAKPB_WPAPB_WHH@Z 0043a760 f   LIBCMTD:wcstol.obj
 0001:0003a8a0       _flsall                    0043b8a0 f   LIBCMTD:fflush.obj
 0001:0003c810       __unwindfunclet$?Notify@C360SafeFrameWnd@@UAEXAAUtagTNotifyUI@DuiLib@@@Z$0 0043d810 f   360Safe.obj
 0001:0003c825       __ehhandler$?Notify@C360SafeFrameWnd@@UAEXAAUtagTNotifyUI@DuiLib@@@Z 0043d825 f   360Safe.obj
 0001:0003c850       __unwindfunclet$?OnCreate@C360SafeFrameWnd@@QAEJIIJAAH@Z$0 0043d850 f   360Safe.obj
 0001:0003c865       __ehhandler$?OnCreate@C360SafeFrameWnd@@QAEJIIJAAH@Z 0043d865 f   360Safe.obj
 0001:0003c890       __unwindfunclet$?CreateControl@CDialogBuilderCallbackEx@@UAEPAVCControlUI@DuiLib@@PB_W@Z$0 0043d890 f   360Safe.obj
 0001:0003c89b       __ehhandler$?CreateControl@CDialogBuilderCallbackEx@@UAEPAVCControlUI@DuiLib@@PB_W@Z 0043d89b f   360Safe.obj
 0001:0003c8c0       __unwindfunclet$??0ComputerExamineUI@@QAE@XZ$0 0043d8c0 f   360Safe.obj
 0001:0003c8d2       __unwindfunclet$??0ComputerExamineUI@@QAE@XZ$1 0043d8d2 f   360Safe.obj
 0001:0003c8e7       __ehhandler$??0ComputerExamineUI@@QAE@XZ 0043d8e7 f   360Safe.obj
 0001:0003c910       __ehhandler$?CallUnexpected@@YAXPBU_s_ESTypeList@@@Z 0043d910 f   LIBCMTD:frame.obj
 0001:0003c930       __unwindfunclet$?make@DNameStatusNode@@SAPAV1@W4DNameStatus@@@Z$0 0043d930 f   LIBCMTD:undname.obj
 0001:0003c93e       __ehhandler$?make@DNameStatusNode@@SAPAV1@W4DNameStatus@@@Z 0043d93e f   LIBCMTD:undname.obj
 0001:0003c960       __unwindfunclet$?getSystemCP@@YAHH@Z$0 0043d960 f   LIBCMTD:mbctype.obj
 0001:0003c968       __ehhandler$?getSystemCP@@YAHH@Z 0043d968 f   LIBCMTD:mbctype.obj
 0001:0003c990       __unwindfunclet$?x_ismbbtype_l@@YAHPAUlocaleinfo_struct@@IHH@Z$0 0043d990 f   LIBCMTD:ismbbyte.obj
 0001:0003c998       __ehhandler$?x_ismbbtype_l@@YAHPAUlocaleinfo_struct@@IHH@Z 0043d998 f   LIBCMTD:ismbbyte.obj
 0001:0003c9c0       __unwindfunclet$?strtoxl@@YAKPAUlocaleinfo_struct@@PBDPAPBDHH@Z$0 0043d9c0 f   LIBCMTD:strtol.obj
 0001:0003c9c8       __ehhandler$?strtoxl@@YAKPAUlocaleinfo_struct@@PBDPAPBDHH@Z 0043d9c8 f   LIBCMTD:strtol.obj
 0001:0003c9f0       __unwindfunclet$?strtoxq@@YA_KPAUlocaleinfo_struct@@PBDPAPBDHH@Z$0 0043d9f0 f   LIBCMTD:strtoq.obj
 0001:0003c9f8       __ehhandler$?strtoxq@@YA_KPAUlocaleinfo_struct@@PBDPAPBDHH@Z 0043d9f8 f   LIBCMTD:strtoq.obj
 0001:0003ca20       ??__Fnomem@?5???2@YAPAXI@Z@YAXXZ 0043da20 f   LIBCMTD:new.obj
