 MenuDemo_ud

 Timestamp is 54bcacc3 (Mon Jan 19 15:05:39 2015)

 Preferred load address is 00400000

 Start         Length     Name                   Class
 0001:00000000 0004a4e4H .text                   CODE
 0001:0004a4f0 00000983H .text$x                 CODE
 0001:0004ae80 0000007eH .text$yc                CODE
 0001:0004af00 00000071H .text$yd                CODE
 0002:00000000 000005a8H .idata$5                DATA
 0002:000005a8 00000004H .CRT$XCA                DATA
 0002:000005ac 00000004H .CRT$XCC                DATA
 0002:000005b0 00000008H .CRT$XCU                DATA
 0002:000005b8 00000004H .CRT$XCZ                DATA
 0002:000005bc 00000004H .CRT$XIA                DATA
 0002:000005c0 00000010H .CRT$XIC                DATA
 0002:000005d0 00000004H .CRT$XIY                DATA
 0002:000005d4 00000004H .CRT$XIZ                DATA
 0002:000005d8 00000004H .CRT$XPA                DATA
 0002:000005dc 00000008H .CRT$XPX                DATA
 0002:000005e4 00000004H .CRT$XPXA               DATA
 0002:000005e8 00000004H .CRT$XPZ                DATA
 0002:000005ec 00000004H .CRT$XTA                DATA
 0002:000005f0 00000004H .CRT$XTZ                DATA
 0002:00000600 0000db60H .rdata                  DATA
 0002:0000e160 0000005cH .rdata$debug            DATA
 0002:0000e1bc 00000c10H .rdata$r                DATA
 0002:0000edd0 000000d0H .rdata$sxdata           DATA
 0002:0000eea0 00000004H .rtc$IAA                DATA
 0002:0000eea4 00000004H .rtc$IMZ                DATA
 0002:0000eea8 00000004H .rtc$IZZ                DATA
 0002:0000eeac 00000004H .rtc$TAA                DATA
 0002:0000eeb0 00000004H .rtc$TMZ                DATA
 0002:0000eeb4 00000004H .rtc$TZZ                DATA
 0002:0000eeb8 00001660H .xdata$x                DATA
 0002:00010518 00000050H .idata$2                DATA
 0002:00010568 00000014H .idata$3                DATA
 0002:0001057c 000005a8H .idata$4                DATA
 0002:00010b24 000037b8H .idata$6                DATA
 0002:000142dc 00000000H .edata                  DATA
 0003:00000000 00001690H .data                   DATA
 0003:000016a0 00002310H .bss                    DATA
 0004:00000000 000005f0H .rsrc$01                DATA
 0004:000005f0 00041c40H .rsrc$02                DATA

  Address         Publics by Value              Rva+Base       Lib:Object

 0000:00000000       __except_list              00000000     <absolute>
 0000:00000034       ___safe_se_handler_count   00000034     <absolute>
 0000:00000000       ___ImageBase               00400000     <linker-defined>
 0001:00000000       ??_H@YGXPAXIHP6EPAX0@Z@Z   00401000 f i debug.obj
 0001:00000040       ??0OS_CLockable@@QAE@XZ    00401040 f   debug.obj
 0001:00000130       ??1OS_CLockable@@QAE@XZ    00401130 f   debug.obj
 0001:00000170       ?Acquire@OS_CLockable@@QAEXXZ 00401170 f   debug.obj
 0001:000001b0       ?Release@OS_CLockable@@QAEXXZ 004011b0 f   debug.obj
 0001:000001f0       ?DbgPrint@@YAHPB_WZZ       004011f0 f   debug.obj
 0001:00000500       ??0OS_CAutoLock@@QAE@AAVOS_CLockable@@@Z 00401500 f i debug.obj
 0001:00000540       ??1OS_CAutoLock@@QAE@XZ    00401540 f i debug.obj
 0001:00000570       ??0MainFrame@@QAE@XZ       00401570 f   main_frame.obj
 0001:000005e0       ??1MainFrame@@UAE@XZ       004015e0 f   main_frame.obj
 0001:00000660       ?GetWindowClassName@MainFrame@@UBEPB_WXZ 00401660 f   main_frame.obj
 0001:00000680       ?CreateControl@MainFrame@@UAEPAVCControlUI@DuiLib@@PB_W@Z 00401680 f   main_frame.obj
 0001:000006a0       ?OnFinalMessage@MainFrame@@UAEXPAUHWND__@@@Z 004016a0 f   main_frame.obj
 0001:00000720       ?GetSkinFile@MainFrame@@UAE?AVCDuiString@DuiLib@@XZ 00401720 f   main_frame.obj
 0001:00000810       ?GetSkinFolder@MainFrame@@UAE?AVCDuiString@DuiLib@@XZ 00401810 f   main_frame.obj
 0001:00000870       ?GetResourceType@MainFrame@@UBE?AW4UILIB_RESOURCETYPE@DuiLib@@XZ 00401870 f   main_frame.obj
 0001:00000890       ?OnSysCommand@MainFrame@@UAEJIIJAAH@Z 00401890 f   main_frame.obj
 0001:00000a30       ?HandleMessage@MainFrame@@UAEJIIJ@Z 00401a30 f   main_frame.obj
 0001:00000a70       ?ResponseDefaultKeyEvent@MainFrame@@UAEJI@Z 00401a70 f   main_frame.obj
 0001:00000aa0       ?OnTimer@MainFrame@@IAEXAAUtagTNotifyUI@DuiLib@@@Z 00401aa0 f   main_frame.obj
 0001:00000ac0       ?OnExit@MainFrame@@IAEXAAUtagTNotifyUI@DuiLib@@@Z 00401ac0 f   main_frame.obj
 0001:00000b00       ?InitWindow@MainFrame@@UAEXXZ 00401b00 f   main_frame.obj
 0001:00000b20       ?OnPrepare@MainFrame@@IAEXAAUtagTNotifyUI@DuiLib@@@Z 00401b20 f   main_frame.obj
 0001:00000b40       ?Notify@MainFrame@@MAEXAAUtagTNotifyUI@DuiLib@@@Z 00401b40 f   main_frame.obj
 0001:00001110       ?HandleCustomMessage@MainFrame@@UAEJIIJAAH@Z 00402110 f   main_frame.obj
 0001:00001130       ??_EMainFrame@@UAEPAXI@Z   00402130 f i main_frame.obj
 0001:00001130       ??_GMainFrame@@UAEPAXI@Z   00402130 f i main_frame.obj
 0001:00001170       ??0STRINGorID@DuiLib@@QAE@I@Z 00402170 f i main_frame.obj
 0001:00001190       ??0CMenuUI@DuiLib@@QAE@XZ  00402190 f   UIMenu.obj
 0001:00001280       ??1CMenuUI@DuiLib@@UAE@XZ  00402280 f   UIMenu.obj
 0001:000012e0       ?GetClass@CMenuUI@DuiLib@@UBEPB_WXZ 004022e0 f   UIMenu.obj
 0001:00001300       ?GetInterface@CMenuUI@DuiLib@@UAEPAXPB_W@Z 00402300 f   UIMenu.obj
 0001:00001360       ?DoEvent@CMenuUI@DuiLib@@UAEXAAUtagTEventUI@2@@Z 00402360 f   UIMenu.obj
 0001:000013a0       ?Add@CMenuUI@DuiLib@@UAE_NPAVCControlUI@2@@Z 004023a0 f   UIMenu.obj
 0001:00001500       ?AddAt@CMenuUI@DuiLib@@UAE_NPAVCControlUI@2@H@Z 00402500 f   UIMenu.obj
 0001:00001660       ?GetItemIndex@CMenuUI@DuiLib@@UBEHPAVCControlUI@2@@Z 00402660 f   UIMenu.obj
 0001:000016d0       ?SetItemIndex@CMenuUI@DuiLib@@UAE_NPAVCControlUI@2@H@Z 004026d0 f   UIMenu.obj
 0001:00001740       ?Remove@CMenuUI@DuiLib@@UAE_NPAVCControlUI@2@@Z 00402740 f   UIMenu.obj
 0001:000017b0       ?EstimateSize@CMenuUI@DuiLib@@UAE?AUtagSIZE@@U3@@Z 004027b0 f   UIMenu.obj
 0001:00001910       ?SetAttribute@CMenuUI@DuiLib@@UAEXPB_W0@Z 00402910 f   UIMenu.obj
 0001:00001950       ??0CMenuWnd@DuiLib@@QAE@PAUHWND__@@@Z 00402950 f   UIMenu.obj
 0001:00001a40       ?Receive@CMenuWnd@DuiLib@@UAEHUContextMenuParam@2@@Z 00402a40 f   UIMenu.obj
 0001:00001b00       ?Init@CMenuWnd@DuiLib@@QAEXPAVCMenuElementUI@2@VSTRINGorID@2@PB_WUtagPOINT@@@Z 00402b00 f   UIMenu.obj
 0001:00001ce0       ?GetWindowClassName@CMenuWnd@DuiLib@@UBEPB_WXZ 00402ce0 f   UIMenu.obj
 0001:00001d00       ?OnFinalMessage@CMenuWnd@DuiLib@@UAEXPAUHWND__@@@Z 00402d00 f   UIMenu.obj
 0001:00001fb0       ?HandleMessage@CMenuWnd@DuiLib@@UAEJIIJ@Z 00402fb0 f   UIMenu.obj
 0001:00003270       ??0CMenuElementUI@DuiLib@@QAE@XZ 00404270 f   UIMenu.obj
 0001:00003340       ??1CMenuElementUI@DuiLib@@UAE@XZ 00404340 f   UIMenu.obj
 0001:000033a0       ?GetClass@CMenuElementUI@DuiLib@@UBEPB_WXZ 004043a0 f   UIMenu.obj
 0001:000033c0       ?GetInterface@CMenuElementUI@DuiLib@@UAEPAXPB_W@Z 004043c0 f   UIMenu.obj
 0001:00003420       ?DoPaint@CMenuElementUI@DuiLib@@UAEXPAUHDC__@@ABUtagRECT@@@Z 00404420 f   UIMenu.obj
 0001:000035a0       ?DrawItemText@CMenuElementUI@DuiLib@@UAEXPAUHDC__@@ABUtagRECT@@@Z 004045a0 f   UIMenu.obj
 0001:00003810       ?EstimateSize@CMenuElementUI@DuiLib@@UAE?AUtagSIZE@@U3@@Z 00404810 f   UIMenu.obj
 0001:00003be0       ?DoEvent@CMenuElementUI@DuiLib@@UAEXAAUtagTEventUI@2@@Z 00404be0 f   UIMenu.obj
 0001:000040b0       ?Activate@CMenuElementUI@DuiLib@@UAE_NXZ 004050b0 f   UIMenu.obj
 0001:000042f0       ?GetMenuWnd@CMenuElementUI@DuiLib@@QAEPAVCMenuWnd@2@XZ 004052f0 f   UIMenu.obj
 0001:00004310       ?CreateMenuWnd@CMenuElementUI@DuiLib@@QAEXXZ 00405310 f   UIMenu.obj
 0001:000044b0       ??_ECMenuUI@DuiLib@@UAEPAXI@Z 004054b0 f i UIMenu.obj
 0001:000044b0       ??_GCMenuUI@DuiLib@@UAEPAXI@Z 004054b0 f i UIMenu.obj
 0001:000044f0       ??0STRINGorID@DuiLib@@QAE@PB_W@Z 004054f0 f i UIMenu.obj
 0001:00004510       ??0CMenuBuilderCallback@DuiLib@@QAE@XZ 00405510 f i UIMenu.obj
 0001:00004540       ??0IDialogBuilderCallback@DuiLib@@QAE@XZ 00405540 f i UIMenu.obj
 0001:00004560       ?CreateControl@CMenuBuilderCallback@DuiLib@@EAEPAVCControlUI@2@PB_W@Z 00405560 f i UIMenu.obj
 0001:00004680       ??_GCMenuElementUI@DuiLib@@UAEPAXI@Z 00405680 f i UIMenu.obj
 0001:00004680       ??_ECMenuElementUI@DuiLib@@UAEPAXI@Z 00405680 f i UIMenu.obj
 0001:000046c0       ?AddReceiver@?$ObserverImpl@HUContextMenuParam@DuiLib@@@@UAEXPAV?$ReceiverImplBase@HUContextMenuParam@DuiLib@@@@@Z 004056c0 f i UIMenu.obj
 0001:00004710       ?RBroadcast@?$ObserverImpl@HUContextMenuParam@DuiLib@@@@UAEHUContextMenuParam@DuiLib@@@Z 00405710 f i UIMenu.obj
 0001:00004840       ??0?$ReceiverImpl@HUContextMenuParam@DuiLib@@@@QAE@XZ 00405840 f i UIMenu.obj
 0001:00004880       ??1?$ReceiverImpl@HUContextMenuParam@DuiLib@@@@UAE@XZ 00405880 f i UIMenu.obj
 0001:000048b0       ?AddObserver@?$ReceiverImpl@HUContextMenuParam@DuiLib@@@@UAEXPAV?$ObserverImplBase@HUContextMenuParam@DuiLib@@@@@Z 004058b0 f i UIMenu.obj
 0001:000048e0       ?RemoveObserver@?$ReceiverImpl@HUContextMenuParam@DuiLib@@@@UAEXXZ 004058e0 f i UIMenu.obj
 0001:00004a00       ?Receive@?$ReceiverImpl@HUContextMenuParam@DuiLib@@@@UAEHUContextMenuParam@DuiLib@@@Z 00405a00 f i UIMenu.obj
 0001:00004a20       ?Respond@?$ReceiverImpl@HUContextMenuParam@DuiLib@@@@UAEHUContextMenuParam@DuiLib@@PAV?$ObserverImplBase@HUContextMenuParam@DuiLib@@@@@Z 00405a20 f i UIMenu.obj
 0001:00004a40       ??0?$Iterator@HUContextMenuParam@DuiLib@@@?$ObserverImpl@HUContextMenuParam@DuiLib@@@@QAE@AAV1@@Z 00405a40 f i UIMenu.obj
 0001:00004a80       ?next@?$Iterator@HUContextMenuParam@DuiLib@@@?$ObserverImpl@HUContextMenuParam@DuiLib@@@@QAEPAV?$ReceiverImplBase@HUContextMenuParam@DuiLib@@@@XZ 00405a80 f i UIMenu.obj
 0001:00004b20       ??1?$reverse_iterator@V?$_Vector_iterator@V?$_Vector_val@PAV?$ReceiverImplBase@HUContextMenuParam@DuiLib@@@@V?$allocator@PAV?$ReceiverImplBase@HUContextMenuParam@DuiLib@@@@@std@@@std@@@std@@@std@@QAE@XZ 00405b20 f i UIMenu.obj
 0001:00004b50       ??_G?$ReceiverImpl@HUContextMenuParam@DuiLib@@@@UAEPAXI@Z 00405b50 f i UIMenu.obj
 0001:00004b50       ??_E?$ReceiverImpl@HUContextMenuParam@DuiLib@@@@UAEPAXI@Z 00405b50 f i UIMenu.obj
 0001:00004b90       ??0?$ReceiverImplBase@HUContextMenuParam@DuiLib@@@@QAE@XZ 00405b90 f i UIMenu.obj
 0001:00004bb0       ??1?$_Vector_iterator@V?$_Vector_val@PAV?$ObserverImplBase@HUContextMenuParam@DuiLib@@@@V?$allocator@PAV?$ObserverImplBase@HUContextMenuParam@DuiLib@@@@@std@@@std@@@std@@QAE@XZ 00405bb0 f i UIMenu.obj
 0001:00004be0       ??1?$_Revranit@V?$_Vector_iterator@V?$_Vector_val@PAV?$ReceiverImplBase@HUContextMenuParam@DuiLib@@@@V?$allocator@PAV?$ReceiverImplBase@HUContextMenuParam@DuiLib@@@@@std@@@std@@@std@@U?$iterator@Urandom_access_iterator_tag@std@@PAV?$ReceiverImplBase@HUContextMenuParam@DuiLib@@@@HPAPAV3@AAPAV3@@2@@std@@QAE@XZ 00405be0 f i UIMenu.obj
 0001:00004c10       ??1?$_Vector_iterator@V?$_Vector_val@PAV?$ReceiverImplBase@HUContextMenuParam@DuiLib@@@@V?$allocator@PAV?$ReceiverImplBase@HUContextMenuParam@DuiLib@@@@@std@@@std@@@std@@QAE@XZ 00405c10 f i UIMenu.obj
 0001:00004c40       ??1?$_Vector_const_iterator@V?$_Vector_val@PAV?$ReceiverImplBase@HUContextMenuParam@DuiLib@@@@V?$allocator@PAV?$ReceiverImplBase@HUContextMenuParam@DuiLib@@@@@std@@@std@@@std@@QAE@XZ 00405c40 f i UIMenu.obj
 0001:00004c70       ??1?$_Iterator012@Urandom_access_iterator_tag@std@@PAV?$ReceiverImplBase@HUContextMenuParam@DuiLib@@@@HPBQAV3@ABQAV3@U_Iterator_base12@2@@std@@QAE@XZ 00405c70 f i UIMenu.obj
 0001:00004ca0       ??1_Iterator_base12@std@@QAE@XZ 00405ca0 f i UIMenu.obj
 0001:00004d50       ?_Orphan_me@_Iterator_base12@std@@QAEXXZ 00405d50 f i UIMenu.obj
 0001:00004de0       ??1?$_Vector_const_iterator@V?$_Vector_val@PAV?$ObserverImplBase@HUContextMenuParam@DuiLib@@@@V?$allocator@PAV?$ObserverImplBase@HUContextMenuParam@DuiLib@@@@@std@@@std@@@std@@QAE@XZ 00405de0 f i UIMenu.obj
 0001:00004e10       ??1?$_Iterator012@Urandom_access_iterator_tag@std@@PAV?$ObserverImplBase@HUContextMenuParam@DuiLib@@@@HPBQAV3@ABQAV3@U_Iterator_base12@2@@std@@QAE@XZ 00405e10 f i UIMenu.obj
 0001:00004e40       ?rbegin@?$vector@PAV?$ReceiverImplBase@HUContextMenuParam@DuiLib@@@@V?$allocator@PAV?$ReceiverImplBase@HUContextMenuParam@DuiLib@@@@@std@@@std@@QAE?AV?$reverse_iterator@V?$_Vector_iterator@V?$_Vector_val@PAV?$ReceiverImplBase@HUContextMenuParam@DuiLib@@@@V?$allocator@PAV?$ReceiverImplBase@HUContextMenuParam@DuiLib@@@@@std@@@std@@@std@@@2@XZ 00405e40 f i UIMenu.obj
 0001:00004f00       ?end@?$vector@PAV?$ReceiverImplBase@HUContextMenuParam@DuiLib@@@@V?$allocator@PAV?$ReceiverImplBase@HUContextMenuParam@DuiLib@@@@@std@@@std@@QAE?AV?$_Vector_iterator@V?$_Vector_val@PAV?$ReceiverImplBase@HUContextMenuParam@DuiLib@@@@V?$allocator@PAV?$ReceiverImplBase@HUContextMenuParam@DuiLib@@@@@std@@@std@@@2@XZ 00405f00 f i UIMenu.obj
 0001:00004f50       ?rend@?$vector@PAV?$ReceiverImplBase@HUContextMenuParam@DuiLib@@@@V?$allocator@PAV?$ReceiverImplBase@HUContextMenuParam@DuiLib@@@@@std@@@std@@QAE?AV?$reverse_iterator@V?$_Vector_iterator@V?$_Vector_val@PAV?$ReceiverImplBase@HUContextMenuParam@DuiLib@@@@V?$allocator@PAV?$ReceiverImplBase@HUContextMenuParam@DuiLib@@@@@std@@@std@@@std@@@2@XZ 00405f50 f i UIMenu.obj
 0001:00005010       ?begin@?$vector@PAV?$ReceiverImplBase@HUContextMenuParam@DuiLib@@@@V?$allocator@PAV?$ReceiverImplBase@HUContextMenuParam@DuiLib@@@@@std@@@std@@QAE?AV?$_Vector_iterator@V?$_Vector_val@PAV?$ReceiverImplBase@HUContextMenuParam@DuiLib@@@@V?$allocator@PAV?$ReceiverImplBase@HUContextMenuParam@DuiLib@@@@@std@@@std@@@2@XZ 00406010 f i UIMenu.obj
 0001:00005060       ?size@?$vector@PAV?$ReceiverImplBase@HUContextMenuParam@DuiLib@@@@V?$allocator@PAV?$ReceiverImplBase@HUContextMenuParam@DuiLib@@@@@std@@@std@@QBEIXZ 00406060 f i UIMenu.obj
 0001:00005090       ??A?$vector@PAV?$ReceiverImplBase@HUContextMenuParam@DuiLib@@@@V?$allocator@PAV?$ReceiverImplBase@HUContextMenuParam@DuiLib@@@@@std@@@std@@QAEAAPAV?$ReceiverImplBase@HUContextMenuParam@DuiLib@@@@I@Z 00406090 f i UIMenu.obj
 0001:00005130       ?push_back@?$vector@PAV?$ReceiverImplBase@HUContextMenuParam@DuiLib@@@@V?$allocator@PAV?$ReceiverImplBase@HUContextMenuParam@DuiLib@@@@@std@@@std@@QAEXABQAV?$ReceiverImplBase@HUContextMenuParam@DuiLib@@@@@Z 00406130 f i UIMenu.obj
 0001:00005250       ??0?$vector@PAV?$ObserverImplBase@HUContextMenuParam@DuiLib@@@@V?$allocator@PAV?$ObserverImplBase@HUContextMenuParam@DuiLib@@@@@std@@@std@@QAE@XZ 00406250 f i UIMenu.obj
 0001:00005290       ??1?$vector@PAV?$ObserverImplBase@HUContextMenuParam@DuiLib@@@@V?$allocator@PAV?$ObserverImplBase@HUContextMenuParam@DuiLib@@@@@std@@@std@@QAE@XZ 00406290 f i UIMenu.obj
 0001:00005300       ?begin@?$vector@PAV?$ObserverImplBase@HUContextMenuParam@DuiLib@@@@V?$allocator@PAV?$ObserverImplBase@HUContextMenuParam@DuiLib@@@@@std@@@std@@QAE?AV?$_Vector_iterator@V?$_Vector_val@PAV?$ObserverImplBase@HUContextMenuParam@DuiLib@@@@V?$allocator@PAV?$ObserverImplBase@HUContextMenuParam@DuiLib@@@@@std@@@std@@@2@XZ 00406300 f i UIMenu.obj
 0001:00005350       ?end@?$vector@PAV?$ObserverImplBase@HUContextMenuParam@DuiLib@@@@V?$allocator@PAV?$ObserverImplBase@HUContextMenuParam@DuiLib@@@@@std@@@std@@QAE?AV?$_Vector_iterator@V?$_Vector_val@PAV?$ObserverImplBase@HUContextMenuParam@DuiLib@@@@V?$allocator@PAV?$ObserverImplBase@HUContextMenuParam@DuiLib@@@@@std@@@std@@@2@XZ 00406350 f i UIMenu.obj
 0001:000053a0       ?push_back@?$vector@PAV?$ObserverImplBase@HUContextMenuParam@DuiLib@@@@V?$allocator@PAV?$ObserverImplBase@HUContextMenuParam@DuiLib@@@@@std@@@std@@QAEXABQAV?$ObserverImplBase@HUContextMenuParam@DuiLib@@@@@Z 004063a0 f i UIMenu.obj
 0001:000054c0       ??E?$reverse_iterator@V?$_Vector_iterator@V?$_Vector_val@PAV?$ReceiverImplBase@HUContextMenuParam@DuiLib@@@@V?$allocator@PAV?$ReceiverImplBase@HUContextMenuParam@DuiLib@@@@@std@@@std@@@std@@@std@@QAEAAV01@XZ 004064c0 f i UIMenu.obj
 0001:000054f0       ??D?$_Revranit@V?$_Vector_iterator@V?$_Vector_val@PAV?$ReceiverImplBase@HUContextMenuParam@DuiLib@@@@V?$allocator@PAV?$ReceiverImplBase@HUContextMenuParam@DuiLib@@@@@std@@@std@@@std@@U?$iterator@Urandom_access_iterator_tag@std@@PAV?$ReceiverImplBase@HUContextMenuParam@DuiLib@@@@HPAPAV3@AAPAV3@@2@@std@@QBEAAPAV?$ReceiverImplBase@HUContextMenuParam@DuiLib@@@@XZ 004064f0 f i UIMenu.obj
 0001:000055b0       ??D?$_Vector_iterator@V?$_Vector_val@PAV?$ReceiverImplBase@HUContextMenuParam@DuiLib@@@@V?$allocator@PAV?$ReceiverImplBase@HUContextMenuParam@DuiLib@@@@@std@@@std@@@std@@QBEAAPAV?$ReceiverImplBase@HUContextMenuParam@DuiLib@@@@XZ 004065b0 f i UIMenu.obj
 0001:000055e0       ??D?$_Vector_iterator@V?$_Vector_val@PAV?$ObserverImplBase@HUContextMenuParam@DuiLib@@@@V?$allocator@PAV?$ObserverImplBase@HUContextMenuParam@DuiLib@@@@@std@@@std@@@std@@QBEAAPAV?$ObserverImplBase@HUContextMenuParam@DuiLib@@@@XZ 004065e0 f i UIMenu.obj
 0001:00005610       ??E?$_Vector_iterator@V?$_Vector_val@PAV?$ObserverImplBase@HUContextMenuParam@DuiLib@@@@V?$allocator@PAV?$ObserverImplBase@HUContextMenuParam@DuiLib@@@@@std@@@std@@@std@@QAEAAV01@XZ 00406610 f i UIMenu.obj
 0001:00005640       ??9?$_Vector_const_iterator@V?$_Vector_val@PAV?$ObserverImplBase@HUContextMenuParam@DuiLib@@@@V?$allocator@PAV?$ObserverImplBase@HUContextMenuParam@DuiLib@@@@@std@@@std@@@std@@QBE_NABV01@@Z 00406640 f i UIMenu.obj
 0001:00005680       ??0?$reverse_iterator@V?$_Vector_iterator@V?$_Vector_val@PAV?$ReceiverImplBase@HUContextMenuParam@DuiLib@@@@V?$allocator@PAV?$ReceiverImplBase@HUContextMenuParam@DuiLib@@@@@std@@@std@@@std@@@std@@QAE@ABV01@@Z 00406680 f i UIMenu.obj
 0001:000056b0       ??0?$_Vector_iterator@V?$_Vector_val@PAV?$ReceiverImplBase@HUContextMenuParam@DuiLib@@@@V?$allocator@PAV?$ReceiverImplBase@HUContextMenuParam@DuiLib@@@@@std@@@std@@@std@@QAE@ABV01@@Z 004066b0 f i UIMenu.obj
 0001:000056e0       ??0?$_Vector_const_iterator@V?$_Vector_val@PAV?$ReceiverImplBase@HUContextMenuParam@DuiLib@@@@V?$allocator@PAV?$ReceiverImplBase@HUContextMenuParam@DuiLib@@@@@std@@@std@@@std@@QAE@ABV01@@Z 004066e0 f i UIMenu.obj
 0001:00005720       ??0?$_Iterator012@Urandom_access_iterator_tag@std@@PAV?$ReceiverImplBase@HUContextMenuParam@DuiLib@@@@HPBQAV3@ABQAV3@U_Iterator_base12@2@@std@@QAE@ABU01@@Z 00406720 f i UIMenu.obj
 0001:00005750       ??0_Iterator_base12@std@@QAE@ABU01@@Z 00406750 f i UIMenu.obj
 0001:00005790       ??4_Iterator_base12@std@@QAEAAU01@ABU01@@Z 00406790 f i UIMenu.obj
 0001:000057d0       ?_Adopt@_Iterator_base12@std@@QAEXPBU_Container_base12@2@@Z 004067d0 f i UIMenu.obj
 0001:000058c0       ??0?$_Revranit@V?$_Vector_iterator@V?$_Vector_val@PAV?$ReceiverImplBase@HUContextMenuParam@DuiLib@@@@V?$allocator@PAV?$ReceiverImplBase@HUContextMenuParam@DuiLib@@@@@std@@@std@@@std@@U?$iterator@Urandom_access_iterator_tag@std@@PAV?$ReceiverImplBase@HUContextMenuParam@DuiLib@@@@HPAPAV3@AAPAV3@@2@@std@@QAE@ABV01@@Z 004068c0 f i UIMenu.obj
 0001:000058f0       ?_Inside@?$vector@PAV?$ReceiverImplBase@HUContextMenuParam@DuiLib@@@@V?$allocator@PAV?$ReceiverImplBase@HUContextMenuParam@DuiLib@@@@@std@@@std@@IBE_NPBQAV?$ReceiverImplBase@HUContextMenuParam@DuiLib@@@@@Z 004068f0 f i UIMenu.obj
 0001:00005940       ?_Reserve@?$vector@PAV?$ReceiverImplBase@HUContextMenuParam@DuiLib@@@@V?$allocator@PAV?$ReceiverImplBase@HUContextMenuParam@DuiLib@@@@@std@@@std@@IAEXI@Z 00406940 f i UIMenu.obj
 0001:000059c0       ?_Orphan_range@?$vector@PAV?$ReceiverImplBase@HUContextMenuParam@DuiLib@@@@V?$allocator@PAV?$ReceiverImplBase@HUContextMenuParam@DuiLib@@@@@std@@@std@@IBEXPAPAV?$ReceiverImplBase@HUContextMenuParam@DuiLib@@@@0@Z 004069c0 f i UIMenu.obj
 0001:00005ad0       ?_Getpfirst@_Container_base12@std@@QBEPAPAU_Iterator_base12@2@XZ 00406ad0 f i UIMenu.obj
 0001:00005b10       ?_Clrcont@_Iterator_base12@std@@QAEXXZ 00406b10 f i UIMenu.obj
 0001:00005b30       ?_Getpnext@_Iterator_base12@std@@QAEPAPAU12@XZ 00406b30 f i UIMenu.obj
 0001:00005b50       ?_Inside@?$vector@PAV?$ObserverImplBase@HUContextMenuParam@DuiLib@@@@V?$allocator@PAV?$ObserverImplBase@HUContextMenuParam@DuiLib@@@@@std@@@std@@IBE_NPBQAV?$ObserverImplBase@HUContextMenuParam@DuiLib@@@@@Z 00406b50 f i UIMenu.obj
 0001:00005ba0       ?_Reserve@?$vector@PAV?$ObserverImplBase@HUContextMenuParam@DuiLib@@@@V?$allocator@PAV?$ObserverImplBase@HUContextMenuParam@DuiLib@@@@@std@@@std@@IAEXI@Z 00406ba0 f i UIMenu.obj
 0001:00005c20       ?_Tidy@?$vector@PAV?$ObserverImplBase@HUContextMenuParam@DuiLib@@@@V?$allocator@PAV?$ObserverImplBase@HUContextMenuParam@DuiLib@@@@@std@@@std@@IAEXXZ 00406c20 f i UIMenu.obj
 0001:00005cb0       ?_Orphan_all@_Container_base12@std@@QAEXXZ 00406cb0 f i UIMenu.obj
 0001:00005d60       ?_Orphan_range@?$vector@PAV?$ObserverImplBase@HUContextMenuParam@DuiLib@@@@V?$allocator@PAV?$ObserverImplBase@HUContextMenuParam@DuiLib@@@@@std@@@std@@IBEXPAPAV?$ObserverImplBase@HUContextMenuParam@DuiLib@@@@0@Z 00406d60 f i UIMenu.obj
 0001:00005e70       ??0?$_Vector_val@PAV?$ObserverImplBase@HUContextMenuParam@DuiLib@@@@V?$allocator@PAV?$ObserverImplBase@HUContextMenuParam@DuiLib@@@@@std@@@std@@QAE@V?$allocator@PAV?$ObserverImplBase@HUContextMenuParam@DuiLib@@@@@1@@Z 00406e70 f i UIMenu.obj
 0001:00005f90       ??0_Container_proxy@std@@QAE@XZ 00406f90 f i UIMenu.obj
 0001:00005fc0       ??0_Container_base12@std@@QAE@XZ 00406fc0 f i UIMenu.obj
 0001:00005fe0       ??1_Container_base12@std@@QAE@XZ 00406fe0 f i UIMenu.obj
 0001:00006010       ??1?$_Vector_val@PAV?$ObserverImplBase@HUContextMenuParam@DuiLib@@@@V?$allocator@PAV?$ObserverImplBase@HUContextMenuParam@DuiLib@@@@@std@@@std@@QAE@XZ 00407010 f i UIMenu.obj
 0001:000060f0       ??0?$allocator@PAV?$ObserverImplBase@HUContextMenuParam@DuiLib@@@@@std@@QAE@XZ 004070f0 f i UIMenu.obj
 0001:00006110       ??0?$_Vector_iterator@V?$_Vector_val@PAV?$ReceiverImplBase@HUContextMenuParam@DuiLib@@@@V?$allocator@PAV?$ReceiverImplBase@HUContextMenuParam@DuiLib@@@@@std@@@std@@@std@@QAE@PAPAV?$ReceiverImplBase@HUContextMenuParam@DuiLib@@@@PBU_Container_base12@1@@Z 00407110 f i UIMenu.obj
 0001:00006150       ??F?$_Vector_iterator@V?$_Vector_val@PAV?$ReceiverImplBase@HUContextMenuParam@DuiLib@@@@V?$allocator@PAV?$ReceiverImplBase@HUContextMenuParam@DuiLib@@@@@std@@@std@@@std@@QAEAAV01@XZ 00407150 f i UIMenu.obj
 0001:00006180       ??D?$_Vector_const_iterator@V?$_Vector_val@PAV?$ReceiverImplBase@HUContextMenuParam@DuiLib@@@@V?$allocator@PAV?$ReceiverImplBase@HUContextMenuParam@DuiLib@@@@@std@@@std@@@std@@QBEABQAV?$ReceiverImplBase@HUContextMenuParam@DuiLib@@@@XZ 00407180 f i UIMenu.obj
 0001:00006240       ?_Getcont@_Iterator_base12@std@@QBEPBU_Container_base12@2@XZ 00407240 f i UIMenu.obj
 0001:00006280       ??0?$reverse_iterator@V?$_Vector_iterator@V?$_Vector_val@PAV?$ReceiverImplBase@HUContextMenuParam@DuiLib@@@@V?$allocator@PAV?$ReceiverImplBase@HUContextMenuParam@DuiLib@@@@@std@@@std@@@std@@@std@@QAE@V?$_Vector_iterator@V?$_Vector_val@PAV?$ReceiverImplBase@HUContextMenuParam@DuiLib@@@@V?$allocator@PAV?$ReceiverImplBase@HUContextMenuParam@DuiLib@@@@@std@@@std@@@1@@Z 00407280 f i UIMenu.obj
 0001:00006310       ??E?$_Revranit@V?$_Vector_iterator@V?$_Vector_val@PAV?$ReceiverImplBase@HUContextMenuParam@DuiLib@@@@V?$allocator@PAV?$ReceiverImplBase@HUContextMenuParam@DuiLib@@@@@std@@@std@@@std@@U?$iterator@Urandom_access_iterator_tag@std@@PAV?$ReceiverImplBase@HUContextMenuParam@DuiLib@@@@HPAPAV3@AAPAV3@@2@@std@@QAEAAV01@XZ 00407310 f i UIMenu.obj
 0001:00006340       ??0?$_Vector_iterator@V?$_Vector_val@PAV?$ObserverImplBase@HUContextMenuParam@DuiLib@@@@V?$allocator@PAV?$ObserverImplBase@HUContextMenuParam@DuiLib@@@@@std@@@std@@@std@@QAE@PAPAV?$ObserverImplBase@HUContextMenuParam@DuiLib@@@@PBU_Container_base12@1@@Z 00407340 f i UIMenu.obj
 0001:00006380       ??D?$_Vector_const_iterator@V?$_Vector_val@PAV?$ObserverImplBase@HUContextMenuParam@DuiLib@@@@V?$allocator@PAV?$ObserverImplBase@HUContextMenuParam@DuiLib@@@@@std@@@std@@@std@@QBEABQAV?$ObserverImplBase@HUContextMenuParam@DuiLib@@@@XZ 00407380 f i UIMenu.obj
 0001:00006440       ??E?$_Vector_const_iterator@V?$_Vector_val@PAV?$ObserverImplBase@HUContextMenuParam@DuiLib@@@@V?$allocator@PAV?$ObserverImplBase@HUContextMenuParam@DuiLib@@@@@std@@@std@@@std@@QAEAAV01@XZ 00407440 f i UIMenu.obj
 0001:000064f0       ??8?$_Vector_const_iterator@V?$_Vector_val@PAV?$ObserverImplBase@HUContextMenuParam@DuiLib@@@@V?$allocator@PAV?$ObserverImplBase@HUContextMenuParam@DuiLib@@@@@std@@@std@@@std@@QBE_NABV01@@Z 004074f0 f i UIMenu.obj
 0001:00006530       ?deallocate@?$allocator@U_Container_proxy@std@@@std@@QAEXPAU_Container_proxy@2@I@Z 00407530 f i UIMenu.obj
 0001:00006560       ?allocate@?$allocator@U_Container_proxy@std@@@std@@QAEPAU_Container_proxy@2@I@Z 00407560 f i UIMenu.obj
 0001:00006590       ?reserve@?$vector@PAV?$ReceiverImplBase@HUContextMenuParam@DuiLib@@@@V?$allocator@PAV?$ReceiverImplBase@HUContextMenuParam@DuiLib@@@@@std@@@std@@QAEXI@Z 00407590 f i UIMenu.obj
 0001:00006700       ?_Destroy@?$vector@PAV?$ReceiverImplBase@HUContextMenuParam@DuiLib@@@@V?$allocator@PAV?$ReceiverImplBase@HUContextMenuParam@DuiLib@@@@@std@@@std@@IAEXPAPAV?$ReceiverImplBase@HUContextMenuParam@DuiLib@@@@0@Z 00407700 f i UIMenu.obj
 0001:00006740       ?capacity@?$vector@PAV?$ReceiverImplBase@HUContextMenuParam@DuiLib@@@@V?$allocator@PAV?$ReceiverImplBase@HUContextMenuParam@DuiLib@@@@@std@@@std@@QBEIXZ 00407740 f i UIMenu.obj
 0001:00006770       ?max_size@?$vector@PAV?$ReceiverImplBase@HUContextMenuParam@DuiLib@@@@V?$allocator@PAV?$ReceiverImplBase@HUContextMenuParam@DuiLib@@@@@std@@@std@@QBEIXZ 00407770 f i UIMenu.obj
 0001:000067a0       ?_Grow_to@?$vector@PAV?$ReceiverImplBase@HUContextMenuParam@DuiLib@@@@V?$allocator@PAV?$ReceiverImplBase@HUContextMenuParam@DuiLib@@@@@std@@@std@@IBEII@Z 004077a0 f i UIMenu.obj
 0001:00006820       ?_Xlen@?$vector@PAV?$ReceiverImplBase@HUContextMenuParam@DuiLib@@@@V?$allocator@PAV?$ReceiverImplBase@HUContextMenuParam@DuiLib@@@@@std@@@std@@IBEXXZ 00407820 f i UIMenu.obj
 0001:00006850       ?deallocate@?$allocator@PAV?$ReceiverImplBase@HUContextMenuParam@DuiLib@@@@@std@@QAEXPAPAV?$ReceiverImplBase@HUContextMenuParam@DuiLib@@@@I@Z 00407850 f i UIMenu.obj
 0001:00006880       ?reserve@?$vector@PAV?$ObserverImplBase@HUContextMenuParam@DuiLib@@@@V?$allocator@PAV?$ObserverImplBase@HUContextMenuParam@DuiLib@@@@@std@@@std@@QAEXI@Z 00407880 f i UIMenu.obj
 0001:000069f0       ?capacity@?$vector@PAV?$ObserverImplBase@HUContextMenuParam@DuiLib@@@@V?$allocator@PAV?$ObserverImplBase@HUContextMenuParam@DuiLib@@@@@std@@@std@@QBEIXZ 004079f0 f i UIMenu.obj
 0001:00006a20       ?size@?$vector@PAV?$ObserverImplBase@HUContextMenuParam@DuiLib@@@@V?$allocator@PAV?$ObserverImplBase@HUContextMenuParam@DuiLib@@@@@std@@@std@@QBEIXZ 00407a20 f i UIMenu.obj
 0001:00006a50       ?max_size@?$vector@PAV?$ObserverImplBase@HUContextMenuParam@DuiLib@@@@V?$allocator@PAV?$ObserverImplBase@HUContextMenuParam@DuiLib@@@@@std@@@std@@QBEIXZ 00407a50 f i UIMenu.obj
 0001:00006a80       ?_Destroy@?$vector@PAV?$ObserverImplBase@HUContextMenuParam@DuiLib@@@@V?$allocator@PAV?$ObserverImplBase@HUContextMenuParam@DuiLib@@@@@std@@@std@@IAEXPAPAV?$ObserverImplBase@HUContextMenuParam@DuiLib@@@@0@Z 00407a80 f i UIMenu.obj
 0001:00006ac0       ?_Grow_to@?$vector@PAV?$ObserverImplBase@HUContextMenuParam@DuiLib@@@@V?$allocator@PAV?$ObserverImplBase@HUContextMenuParam@DuiLib@@@@@std@@@std@@IBEII@Z 00407ac0 f i UIMenu.obj
 0001:00006b40       ?_Xlen@?$vector@PAV?$ObserverImplBase@HUContextMenuParam@DuiLib@@@@V?$allocator@PAV?$ObserverImplBase@HUContextMenuParam@DuiLib@@@@@std@@@std@@IBEXXZ 00407b40 f i UIMenu.obj
 0001:00006b70       ??0?$allocator@PAV?$ObserverImplBase@HUContextMenuParam@DuiLib@@@@@std@@QAE@ABV01@@Z 00407b70 f i UIMenu.obj
 0001:00006b90       ?deallocate@?$allocator@PAV?$ObserverImplBase@HUContextMenuParam@DuiLib@@@@@std@@QAEXPAPAV?$ObserverImplBase@HUContextMenuParam@DuiLib@@@@I@Z 00407b90 f i UIMenu.obj
 0001:00006bc0       ??0?$_Vector_const_iterator@V?$_Vector_val@PAV?$ReceiverImplBase@HUContextMenuParam@DuiLib@@@@V?$allocator@PAV?$ReceiverImplBase@HUContextMenuParam@DuiLib@@@@@std@@@std@@@std@@QAE@PAPAV?$ReceiverImplBase@HUContextMenuParam@DuiLib@@@@PBU_Container_base12@1@@Z 00407bc0 f i UIMenu.obj
 0001:00006c40       ??F?$_Vector_const_iterator@V?$_Vector_val@PAV?$ReceiverImplBase@HUContextMenuParam@DuiLib@@@@V?$allocator@PAV?$ReceiverImplBase@HUContextMenuParam@DuiLib@@@@@std@@@std@@@std@@QAEAAV01@XZ 00407c40 f i UIMenu.obj
 0001:00006d00       ??0?$_Revranit@V?$_Vector_iterator@V?$_Vector_val@PAV?$ReceiverImplBase@HUContextMenuParam@DuiLib@@@@V?$allocator@PAV?$ReceiverImplBase@HUContextMenuParam@DuiLib@@@@@std@@@std@@@std@@U?$iterator@Urandom_access_iterator_tag@std@@PAV?$ReceiverImplBase@HUContextMenuParam@DuiLib@@@@HPAPAV3@AAPAV3@@2@@std@@QAE@V?$_Vector_iterator@V?$_Vector_val@PAV?$ReceiverImplBase@HUContextMenuParam@DuiLib@@@@V?$allocator@PAV?$ReceiverImplBase@HUContextMenuParam@DuiLib@@@@@std@@@std@@@1@@Z 00407d00 f i UIMenu.obj
 0001:00006d70       ??0?$_Vector_const_iterator@V?$_Vector_val@PAV?$ObserverImplBase@HUContextMenuParam@DuiLib@@@@V?$allocator@PAV?$ObserverImplBase@HUContextMenuParam@DuiLib@@@@@std@@@std@@@std@@QAE@PAPAV?$ObserverImplBase@HUContextMenuParam@DuiLib@@@@PBU_Container_base12@1@@Z 00407d70 f i UIMenu.obj
 0001:00006df0       ?_Compat@?$_Vector_const_iterator@V?$_Vector_val@PAV?$ObserverImplBase@HUContextMenuParam@DuiLib@@@@V?$allocator@PAV?$ObserverImplBase@HUContextMenuParam@DuiLib@@@@@std@@@std@@@std@@QBEXABV12@@Z 00407df0 f i UIMenu.obj
 0001:00006ea0       ??0?$_Iterator012@Urandom_access_iterator_tag@std@@PAV?$ReceiverImplBase@HUContextMenuParam@DuiLib@@@@HPBQAV3@ABQAV3@U_Iterator_base12@2@@std@@QAE@XZ 00407ea0 f i UIMenu.obj
 0001:00006ed0       ??0_Iterator_base12@std@@QAE@XZ 00407ed0 f i UIMenu.obj
 0001:00006f00       ??0?$_Iterator012@Urandom_access_iterator_tag@std@@PAV?$ObserverImplBase@HUContextMenuParam@DuiLib@@@@HPBQAV3@ABQAV3@U_Iterator_base12@2@@std@@QAE@XZ 00407f00 f i UIMenu.obj
 0001:00006f30       ?allocate@?$allocator@PAV?$ReceiverImplBase@HUContextMenuParam@DuiLib@@@@@std@@QAEPAPAV?$ReceiverImplBase@HUContextMenuParam@DuiLib@@@@I@Z 00407f30 f i UIMenu.obj
 0001:00006f60       ?max_size@?$allocator@PAV?$ReceiverImplBase@HUContextMenuParam@DuiLib@@@@@std@@QBEIXZ 00407f60 f i UIMenu.obj
 0001:00006fb0       ?allocate@?$allocator@PAV?$ObserverImplBase@HUContextMenuParam@DuiLib@@@@@std@@QAEPAPAV?$ObserverImplBase@HUContextMenuParam@DuiLib@@@@I@Z 00407fb0 f i UIMenu.obj
 0001:00006fe0       ?max_size@?$allocator@PAV?$ObserverImplBase@HUContextMenuParam@DuiLib@@@@@std@@QBEIXZ 00407fe0 f i UIMenu.obj
 0001:00007030       ??$?9V?$_Vector_iterator@V?$_Vector_val@PAV?$ReceiverImplBase@HUContextMenuParam@DuiLib@@@@V?$allocator@PAV?$ReceiverImplBase@HUContextMenuParam@DuiLib@@@@@std@@@std@@@std@@V01@@std@@YA_NABV?$reverse_iterator@V?$_Vector_iterator@V?$_Vector_val@PAV?$ReceiverImplBase@HUContextMenuParam@DuiLib@@@@V?$allocator@PAV?$ReceiverImplBase@HUContextMenuParam@DuiLib@@@@@std@@@std@@@std@@@0@0@Z 00408030 f i UIMenu.obj
 0001:00007060       ??$_Cons_val@V?$allocator@U_Container_proxy@std@@@std@@U_Container_proxy@2@U32@@std@@YAXAAV?$allocator@U_Container_proxy@std@@@0@PAU_Container_proxy@0@$$QAU20@@Z 00408060 f i UIMenu.obj
 0001:00007090       ??$_Dest_val@V?$allocator@U_Container_proxy@std@@@std@@U_Container_proxy@2@@std@@YAXAAV?$allocator@U_Container_proxy@std@@@0@PAU_Container_proxy@0@@Z 00408090 f i UIMenu.obj
 0001:000070b0       ??$addressof@QAV?$ReceiverImplBase@HUContextMenuParam@DuiLib@@@@@std@@YAPBQAV?$ReceiverImplBase@HUContextMenuParam@DuiLib@@@@ABQAV1@@Z 004080b0 f i UIMenu.obj
 0001:000070c0       ??$_Cons_val@V?$allocator@PAV?$ReceiverImplBase@HUContextMenuParam@DuiLib@@@@@std@@PAV?$ReceiverImplBase@HUContextMenuParam@DuiLib@@@@AAPAV3@@std@@YAXAAV?$allocator@PAV?$ReceiverImplBase@HUContextMenuParam@DuiLib@@@@@0@PAPAV?$ReceiverImplBase@HUContextMenuParam@DuiLib@@@@AAPAV2@@Z 004080c0 f i UIMenu.obj
 0001:000070f0       ??$_Cons_val@V?$allocator@PAV?$ReceiverImplBase@HUContextMenuParam@DuiLib@@@@@std@@PAV?$ReceiverImplBase@HUContextMenuParam@DuiLib@@@@ABQAV3@@std@@YAXAAV?$allocator@PAV?$ReceiverImplBase@HUContextMenuParam@DuiLib@@@@@0@PAPAV?$ReceiverImplBase@HUContextMenuParam@DuiLib@@@@ABQAV2@@Z 004080f0 f i UIMenu.obj
 0001:00007120       ??$addressof@QAV?$ObserverImplBase@HUContextMenuParam@DuiLib@@@@@std@@YAPBQAV?$ObserverImplBase@HUContextMenuParam@DuiLib@@@@ABQAV1@@Z 00408120 f i UIMenu.obj
 0001:00007130       ??$_Cons_val@V?$allocator@PAV?$ObserverImplBase@HUContextMenuParam@DuiLib@@@@@std@@PAV?$ObserverImplBase@HUContextMenuParam@DuiLib@@@@AAPAV3@@std@@YAXAAV?$allocator@PAV?$ObserverImplBase@HUContextMenuParam@DuiLib@@@@@0@PAPAV?$ObserverImplBase@HUContextMenuParam@DuiLib@@@@AAPAV2@@Z 00408130 f i UIMenu.obj
 0001:00007160       ??$_Cons_val@V?$allocator@PAV?$ObserverImplBase@HUContextMenuParam@DuiLib@@@@@std@@PAV?$ObserverImplBase@HUContextMenuParam@DuiLib@@@@ABQAV3@@std@@YAXAAV?$allocator@PAV?$ObserverImplBase@HUContextMenuParam@DuiLib@@@@@0@PAPAV?$ObserverImplBase@HUContextMenuParam@DuiLib@@@@ABQAV2@@Z 00408160 f i UIMenu.obj
 0001:00007190       ??$_Destroy_range@V?$allocator@PAV?$ReceiverImplBase@HUContextMenuParam@DuiLib@@@@@std@@@std@@YAXPAPAV?$ReceiverImplBase@HUContextMenuParam@DuiLib@@@@0AAV?$allocator@PAV?$ReceiverImplBase@HUContextMenuParam@DuiLib@@@@@0@@Z 00408190 f i UIMenu.obj
 0001:000071e0       ??$?0PAV?$ObserverImplBase@HUContextMenuParam@DuiLib@@@@@?$allocator@U_Container_proxy@std@@@std@@QAE@ABV?$allocator@PAV?$ObserverImplBase@HUContextMenuParam@DuiLib@@@@@1@@Z 004081e0 f i UIMenu.obj
 0001:00007200       ??$_Allocate@U_Container_proxy@std@@@std@@YAPAU_Container_proxy@0@IPAU10@@Z 00408200 f i UIMenu.obj
 0001:00007280       ??0bad_alloc@std@@QAE@PBD@Z 00408280 f i UIMenu.obj
 0001:000072c0       ??1bad_alloc@std@@UAE@XZ   004082c0 f i UIMenu.obj
 0001:000072f0       ??_Gbad_alloc@std@@UAEPAXI@Z 004082f0 f i UIMenu.obj
 0001:000072f0       ??_Ebad_alloc@std@@UAEPAXI@Z 004082f0 f i UIMenu.obj
 0001:00007330       ??$_Umove@PAPAV?$ReceiverImplBase@HUContextMenuParam@DuiLib@@@@@?$vector@PAV?$ReceiverImplBase@HUContextMenuParam@DuiLib@@@@V?$allocator@PAV?$ReceiverImplBase@HUContextMenuParam@DuiLib@@@@@std@@@std@@IAEPAPAV?$ReceiverImplBase@HUContextMenuParam@DuiLib@@@@PAPAV2@00@Z 00408330 f i UIMenu.obj
 0001:00007370       ??$_Umove@PAPAV?$ObserverImplBase@HUContextMenuParam@DuiLib@@@@@?$vector@PAV?$ObserverImplBase@HUContextMenuParam@DuiLib@@@@V?$allocator@PAV?$ObserverImplBase@HUContextMenuParam@DuiLib@@@@@std@@@std@@IAEPAPAV?$ObserverImplBase@HUContextMenuParam@DuiLib@@@@PAPAV2@00@Z 00408370 f i UIMenu.obj
 0001:000073b0       ??$_Destroy_range@V?$allocator@PAV?$ObserverImplBase@HUContextMenuParam@DuiLib@@@@@std@@@std@@YAXPAPAV?$ObserverImplBase@HUContextMenuParam@DuiLib@@@@0AAV?$allocator@PAV?$ObserverImplBase@HUContextMenuParam@DuiLib@@@@@0@@Z 004083b0 f i UIMenu.obj
 0001:00007400       ??$_Allocate@PAV?$ReceiverImplBase@HUContextMenuParam@DuiLib@@@@@std@@YAPAPAV?$ReceiverImplBase@HUContextMenuParam@DuiLib@@@@IPAPAV1@@Z 00408400 f i UIMenu.obj
 0001:00007480       ??$_Allocate@PAV?$ObserverImplBase@HUContextMenuParam@DuiLib@@@@@std@@YAPAPAV?$ObserverImplBase@HUContextMenuParam@DuiLib@@@@IPAPAV1@@Z 00408480 f i UIMenu.obj
 0001:00007500       ??0bad_alloc@std@@QAE@ABV01@@Z 00408500 f i UIMenu.obj
 0001:00007540       ?construct@?$allocator@PAV?$ReceiverImplBase@HUContextMenuParam@DuiLib@@@@@std@@QAEXPAPAV?$ReceiverImplBase@HUContextMenuParam@DuiLib@@@@ABQAV3@@Z 00408540 f i UIMenu.obj
 0001:00007570       ?construct@?$allocator@PAV?$ObserverImplBase@HUContextMenuParam@DuiLib@@@@@std@@QAEXPAPAV?$ObserverImplBase@HUContextMenuParam@DuiLib@@@@ABQAV3@@Z 00408570 f i UIMenu.obj
 0001:000075a0       ?construct@?$allocator@U_Container_proxy@std@@@std@@QAEXPAU_Container_proxy@2@$$QAU32@@Z 004085a0 f i UIMenu.obj
 0001:00007650       ??2@YAPAXIPAX@Z            00408650 f i UIMenu.obj
 0001:00007660       ??3@YAXPAX0@Z              00408660 f i UIMenu.obj
 0001:00007670       ?destroy@?$allocator@U_Container_proxy@std@@@std@@QAEXPAU_Container_proxy@2@@Z 00408670 f i UIMenu.obj
 0001:000076a0       ??$?8V?$_Vector_iterator@V?$_Vector_val@PAV?$ReceiverImplBase@HUContextMenuParam@DuiLib@@@@V?$allocator@PAV?$ReceiverImplBase@HUContextMenuParam@DuiLib@@@@@std@@@std@@@std@@V01@@std@@YA_NABV?$reverse_iterator@V?$_Vector_iterator@V?$_Vector_val@PAV?$ReceiverImplBase@HUContextMenuParam@DuiLib@@@@V?$allocator@PAV?$ReceiverImplBase@HUContextMenuParam@DuiLib@@@@@std@@@std@@@std@@@0@0@Z 004086a0 f i UIMenu.obj
 0001:000076c0       ??$forward@U_Container_proxy@std@@@std@@YA$$QAU_Container_proxy@0@AAU10@@Z 004086c0 f i UIMenu.obj
 0001:000076d0       ??$forward@AAPAV?$ReceiverImplBase@HUContextMenuParam@DuiLib@@@@@std@@YAAAPAV?$ReceiverImplBase@HUContextMenuParam@DuiLib@@@@AAPAV1@@Z 004086d0 f i UIMenu.obj
 0001:000076e0       ??$construct@AAPAV?$ReceiverImplBase@HUContextMenuParam@DuiLib@@@@@?$allocator@PAV?$ReceiverImplBase@HUContextMenuParam@DuiLib@@@@@std@@QAEXPAPAV?$ReceiverImplBase@HUContextMenuParam@DuiLib@@@@AAPAV2@@Z 004086e0 f i UIMenu.obj
 0001:00007790       ??$forward@ABQAV?$ReceiverImplBase@HUContextMenuParam@DuiLib@@@@@std@@YAABQAV?$ReceiverImplBase@HUContextMenuParam@DuiLib@@@@ABQAV1@@Z 00408790 f i UIMenu.obj
 0001:000077a0       ??$_Ptr_cat@PAV?$ReceiverImplBase@HUContextMenuParam@DuiLib@@@@PAV1@@std@@YA?AU_Scalar_ptr_iterator_tag@0@PAPAV?$ReceiverImplBase@HUContextMenuParam@DuiLib@@@@0@Z 004087a0 f i UIMenu.obj
 0001:000077f0       ??$forward@AAPAV?$ObserverImplBase@HUContextMenuParam@DuiLib@@@@@std@@YAAAPAV?$ObserverImplBase@HUContextMenuParam@DuiLib@@@@AAPAV1@@Z 004087f0 f i UIMenu.obj
 0001:00007800       ??$construct@AAPAV?$ObserverImplBase@HUContextMenuParam@DuiLib@@@@@?$allocator@PAV?$ObserverImplBase@HUContextMenuParam@DuiLib@@@@@std@@QAEXPAPAV?$ObserverImplBase@HUContextMenuParam@DuiLib@@@@AAPAV2@@Z 00408800 f i UIMenu.obj
 0001:000078b0       ??$forward@ABQAV?$ObserverImplBase@HUContextMenuParam@DuiLib@@@@@std@@YAABQAV?$ObserverImplBase@HUContextMenuParam@DuiLib@@@@ABQAV1@@Z 004088b0 f i UIMenu.obj
 0001:000078c0       ??$_Destroy_range@V?$allocator@PAV?$ReceiverImplBase@HUContextMenuParam@DuiLib@@@@@std@@@std@@YAXPAPAV?$ReceiverImplBase@HUContextMenuParam@DuiLib@@@@0AAV?$allocator@PAV?$ReceiverImplBase@HUContextMenuParam@DuiLib@@@@@0@U_Scalar_ptr_iterator_tag@0@@Z 004088c0 f i UIMenu.obj
 0001:000078d0       ??$_Uninitialized_move@PAPAV?$ReceiverImplBase@HUContextMenuParam@DuiLib@@@@PAPAV1@V?$allocator@PAV?$ReceiverImplBase@HUContextMenuParam@DuiLib@@@@@std@@@std@@YAPAPAV?$ReceiverImplBase@HUContextMenuParam@DuiLib@@@@PAPAV1@00AAV?$allocator@PAV?$ReceiverImplBase@HUContextMenuParam@DuiLib@@@@@0@@Z 004088d0 f i UIMenu.obj
 0001:00007930       ??$_Uninitialized_move@PAPAV?$ObserverImplBase@HUContextMenuParam@DuiLib@@@@PAPAV1@V?$allocator@PAV?$ObserverImplBase@HUContextMenuParam@DuiLib@@@@@std@@@std@@YAPAPAV?$ObserverImplBase@HUContextMenuParam@DuiLib@@@@PAPAV1@00AAV?$allocator@PAV?$ObserverImplBase@HUContextMenuParam@DuiLib@@@@@0@@Z 00408930 f i UIMenu.obj
 0001:00007990       ??$_Ptr_cat@PAV?$ObserverImplBase@HUContextMenuParam@DuiLib@@@@PAV1@@std@@YA?AU_Scalar_ptr_iterator_tag@0@PAPAV?$ObserverImplBase@HUContextMenuParam@DuiLib@@@@0@Z 00408990 f i UIMenu.obj
 0001:000079e0       ??$_Destroy_range@V?$allocator@PAV?$ObserverImplBase@HUContextMenuParam@DuiLib@@@@@std@@@std@@YAXPAPAV?$ObserverImplBase@HUContextMenuParam@DuiLib@@@@0AAV?$allocator@PAV?$ObserverImplBase@HUContextMenuParam@DuiLib@@@@@0@U_Scalar_ptr_iterator_tag@0@@Z 004089e0 f i UIMenu.obj
 0001:000079f0       ??$_Construct@PAV?$ReceiverImplBase@HUContextMenuParam@DuiLib@@@@ABQAV1@@std@@YAXPAPAV?$ReceiverImplBase@HUContextMenuParam@DuiLib@@@@ABQAV1@@Z 004089f0 f i UIMenu.obj
 0001:00007aa0       ??$_Construct@PAV?$ObserverImplBase@HUContextMenuParam@DuiLib@@@@ABQAV1@@std@@YAXPAPAV?$ObserverImplBase@HUContextMenuParam@DuiLib@@@@ABQAV1@@Z 00408aa0 f i UIMenu.obj
 0001:00007b50       ??$_Destroy@U_Container_proxy@std@@@std@@YAXPAU_Container_proxy@0@@Z 00408b50 f i UIMenu.obj
 0001:00007b60       ??$_Equal@V?$_Vector_iterator@V?$_Vector_val@PAV?$ReceiverImplBase@HUContextMenuParam@DuiLib@@@@V?$allocator@PAV?$ReceiverImplBase@HUContextMenuParam@DuiLib@@@@@std@@@std@@@std@@U?$iterator@Urandom_access_iterator_tag@std@@PAV?$ReceiverImplBase@HUContextMenuParam@DuiLib@@@@HPAPAV3@AAPAV3@@2@@?$_Revranit@V?$_Vector_iterator@V?$_Vector_val@PAV?$ReceiverImplBase@HUContextMenuParam@DuiLib@@@@V?$allocator@PAV?$ReceiverImplBase@HUContextMenuParam@DuiLib@@@@@std@@@std@@@std@@U?$iterator@Urandom_access_iterator_tag@std@@PAV?$ReceiverImplBase@HUContextMenuParam@DuiLib@@@@HPAPAV3@AAPAV3@@2@@std@@QBE_NABV01@@Z 00408b60 f i UIMenu.obj
 0001:00007c00       ??8?$_Vector_const_iterator@V?$_Vector_val@PAV?$ReceiverImplBase@HUContextMenuParam@DuiLib@@@@V?$allocator@PAV?$ReceiverImplBase@HUContextMenuParam@DuiLib@@@@@std@@@std@@@std@@QBE_NABV01@@Z 00408c00 f i UIMenu.obj
 0001:00007c40       ?_Compat@?$_Vector_const_iterator@V?$_Vector_val@PAV?$ReceiverImplBase@HUContextMenuParam@DuiLib@@@@V?$allocator@PAV?$ReceiverImplBase@HUContextMenuParam@DuiLib@@@@@std@@@std@@@std@@QBEXABV12@@Z 00408c40 f i UIMenu.obj
 0001:00007cf0       ??$_Val_type@PAPAV?$ReceiverImplBase@HUContextMenuParam@DuiLib@@@@@std@@YAPAPAV?$ReceiverImplBase@HUContextMenuParam@DuiLib@@@@PAPAV1@@Z 00408cf0 f i UIMenu.obj
 0001:00007d00       ??$_Uninit_move@PAV?$ReceiverImplBase@HUContextMenuParam@DuiLib@@@@PAV1@PAV1@@std@@YAPAPAV?$ReceiverImplBase@HUContextMenuParam@DuiLib@@@@PAPAV1@00AAV?$allocator@PAV?$ReceiverImplBase@HUContextMenuParam@DuiLib@@@@@0@0U_Scalar_ptr_iterator_tag@0@@Z 00408d00 f i UIMenu.obj
 0001:00007d80       ??$_Val_type@PAPAV?$ObserverImplBase@HUContextMenuParam@DuiLib@@@@@std@@YAPAPAV?$ObserverImplBase@HUContextMenuParam@DuiLib@@@@PAPAV1@@Z 00408d80 f i UIMenu.obj
 0001:00007d90       ??$_Uninit_move@PAV?$ObserverImplBase@HUContextMenuParam@DuiLib@@@@PAV1@PAV1@@std@@YAPAPAV?$ObserverImplBase@HUContextMenuParam@DuiLib@@@@PAPAV1@00AAV?$allocator@PAV?$ObserverImplBase@HUContextMenuParam@DuiLib@@@@@0@0U_Scalar_ptr_iterator_tag@0@@Z 00408d90 f i UIMenu.obj
 0001:00007e10       ?base@?$_Revranit@V?$_Vector_iterator@V?$_Vector_val@PAV?$ReceiverImplBase@HUContextMenuParam@DuiLib@@@@V?$allocator@PAV?$ReceiverImplBase@HUContextMenuParam@DuiLib@@@@@std@@@std@@@std@@U?$iterator@Urandom_access_iterator_tag@std@@PAV?$ReceiverImplBase@HUContextMenuParam@DuiLib@@@@HPAPAV3@AAPAV3@@2@@std@@QBE?AV?$_Vector_iterator@V?$_Vector_val@PAV?$ReceiverImplBase@HUContextMenuParam@DuiLib@@@@V?$allocator@PAV?$ReceiverImplBase@HUContextMenuParam@DuiLib@@@@@std@@@std@@@2@XZ 00408e10 f i UIMenu.obj
 0001:00007e60       ??$_Debug_range@PAPAV?$ReceiverImplBase@HUContextMenuParam@DuiLib@@@@@std@@YAXPAPAV?$ReceiverImplBase@HUContextMenuParam@DuiLib@@@@0PB_WI@Z 00408e60 f i UIMenu.obj
 0001:00007eb0       ??$_Debug_pointer@PAV?$ReceiverImplBase@HUContextMenuParam@DuiLib@@@@@std@@YAXPAPAV?$ReceiverImplBase@HUContextMenuParam@DuiLib@@@@PB_WI@Z 00408eb0 f i UIMenu.obj
 0001:00007ee0       ??$_Debug_range@PAPAV?$ObserverImplBase@HUContextMenuParam@DuiLib@@@@@std@@YAXPAPAV?$ObserverImplBase@HUContextMenuParam@DuiLib@@@@0PB_WI@Z 00408ee0 f i UIMenu.obj
 0001:00007f30       ??$_Debug_pointer@PAV?$ObserverImplBase@HUContextMenuParam@DuiLib@@@@@std@@YAXPAPAV?$ObserverImplBase@HUContextMenuParam@DuiLib@@@@PB_WI@Z 00408f30 f i UIMenu.obj
 0001:00007f60       ??$_Iter_cat@PAPAV?$ReceiverImplBase@HUContextMenuParam@DuiLib@@@@@std@@YA?AUrandom_access_iterator_tag@0@ABQAPAV?$ReceiverImplBase@HUContextMenuParam@DuiLib@@@@@Z 00408f60 f i UIMenu.obj
 0001:00007fc0       ??$_Debug_range2@PAPAV?$ReceiverImplBase@HUContextMenuParam@DuiLib@@@@@std@@YAXPAPAV?$ReceiverImplBase@HUContextMenuParam@DuiLib@@@@0PB_WIUrandom_access_iterator_tag@0@@Z 00408fc0 f i UIMenu.obj
 0001:00008020       ??$_Iter_cat@PAPAV?$ObserverImplBase@HUContextMenuParam@DuiLib@@@@@std@@YA?AUrandom_access_iterator_tag@0@ABQAPAV?$ObserverImplBase@HUContextMenuParam@DuiLib@@@@@Z 00409020 f i UIMenu.obj
 0001:00008080       ??$_Debug_range2@PAPAV?$ObserverImplBase@HUContextMenuParam@DuiLib@@@@@std@@YAXPAPAV?$ObserverImplBase@HUContextMenuParam@DuiLib@@@@0PB_WIUrandom_access_iterator_tag@0@@Z 00409080 f i UIMenu.obj
 0001:000080e0       ??_ECMenuWnd@DuiLib@@WBA@AEPAXI@Z 004090e0 f i UIMenu.obj
 0001:000080f0       ??_GCMenuWnd@DuiLib@@UAEPAXI@Z 004090f0 f i UIMenu.obj
 0001:000080f0       ??_ECMenuWnd@DuiLib@@UAEPAXI@Z 004090f0 f i UIMenu.obj
 0001:00008130       ??1CMenuWnd@DuiLib@@UAE@XZ 00409130 f i UIMenu.obj
 0001:000081d0       ?DoEvent@CMenuUI@DuiLib@@WEPE@AEXAAUtagTEventUI@2@@Z 004091d0 f i UIMenu.obj
 0001:000081e0       ??0?$ObserverImpl@HUContextMenuParam@DuiLib@@@@QAE@XZ 004091e0 f i UIMenu.obj
 0001:00008220       ?RemoveReceiver@?$ObserverImpl@HUContextMenuParam@DuiLib@@@@UAEXPAV?$ReceiverImplBase@HUContextMenuParam@DuiLib@@@@@Z 00409220 f i UIMenu.obj
 0001:00008360       ?Broadcast@?$ObserverImpl@HUContextMenuParam@DuiLib@@@@UAEHUContextMenuParam@DuiLib@@@Z 00409360 f i UIMenu.obj
 0001:00008490       ?Notify@?$ObserverImpl@HUContextMenuParam@DuiLib@@@@UAEHUContextMenuParam@DuiLib@@@Z 00409490 f i UIMenu.obj
 0001:000085c0       ??_G?$ObserverImpl@HUContextMenuParam@DuiLib@@@@UAEPAXI@Z 004095c0 f i UIMenu.obj
 0001:000085c0       ??_E?$ObserverImpl@HUContextMenuParam@DuiLib@@@@UAEPAXI@Z 004095c0 f i UIMenu.obj
 0001:00008600       ??1?$ObserverImpl@HUContextMenuParam@DuiLib@@@@UAE@XZ 00409600 f i UIMenu.obj
 0001:00008630       ??0?$ObserverImplBase@HUContextMenuParam@DuiLib@@@@QAE@XZ 00409630 f i UIMenu.obj
 0001:00008650       ??0?$vector@PAV?$ReceiverImplBase@HUContextMenuParam@DuiLib@@@@V?$allocator@PAV?$ReceiverImplBase@HUContextMenuParam@DuiLib@@@@@std@@@std@@QAE@XZ 00409650 f i UIMenu.obj
 0001:00008690       ??1?$vector@PAV?$ReceiverImplBase@HUContextMenuParam@DuiLib@@@@V?$allocator@PAV?$ReceiverImplBase@HUContextMenuParam@DuiLib@@@@@std@@@std@@QAE@XZ 00409690 f i UIMenu.obj
 0001:00008700       ?erase@?$vector@PAV?$ReceiverImplBase@HUContextMenuParam@DuiLib@@@@V?$allocator@PAV?$ReceiverImplBase@HUContextMenuParam@DuiLib@@@@@std@@@std@@QAE?AV?$_Vector_iterator@V?$_Vector_val@PAV?$ReceiverImplBase@HUContextMenuParam@DuiLib@@@@V?$allocator@PAV?$ReceiverImplBase@HUContextMenuParam@DuiLib@@@@@std@@@std@@@2@V?$_Vector_const_iterator@V?$_Vector_val@PAV?$ReceiverImplBase@HUContextMenuParam@DuiLib@@@@V?$allocator@PAV?$ReceiverImplBase@HUContextMenuParam@DuiLib@@@@@std@@@std@@@2@@Z 00409700 f i UIMenu.obj
 0001:00008830       ??E?$_Vector_iterator@V?$_Vector_val@PAV?$ReceiverImplBase@HUContextMenuParam@DuiLib@@@@V?$allocator@PAV?$ReceiverImplBase@HUContextMenuParam@DuiLib@@@@@std@@@std@@@std@@QAEAAV01@XZ 00409830 f i UIMenu.obj
 0001:00008860       ??9?$_Vector_const_iterator@V?$_Vector_val@PAV?$ReceiverImplBase@HUContextMenuParam@DuiLib@@@@V?$allocator@PAV?$ReceiverImplBase@HUContextMenuParam@DuiLib@@@@@std@@@std@@@std@@QBE_NABV01@@Z 00409860 f i UIMenu.obj
 0001:000088a0       ?_Make_iter@?$vector@PAV?$ReceiverImplBase@HUContextMenuParam@DuiLib@@@@V?$allocator@PAV?$ReceiverImplBase@HUContextMenuParam@DuiLib@@@@@std@@@std@@QBE?AV?$_Vector_iterator@V?$_Vector_val@PAV?$ReceiverImplBase@HUContextMenuParam@DuiLib@@@@V?$allocator@PAV?$ReceiverImplBase@HUContextMenuParam@DuiLib@@@@@std@@@std@@@2@V?$_Vector_const_iterator@V?$_Vector_val@PAV?$ReceiverImplBase@HUContextMenuParam@DuiLib@@@@V?$allocator@PAV?$ReceiverImplBase@HUContextMenuParam@DuiLib@@@@@std@@@std@@@2@@Z 004098a0 f i UIMenu.obj
 0001:00008930       ?_Tidy@?$vector@PAV?$ReceiverImplBase@HUContextMenuParam@DuiLib@@@@V?$allocator@PAV?$ReceiverImplBase@HUContextMenuParam@DuiLib@@@@@std@@@std@@IAEXXZ 00409930 f i UIMenu.obj
 0001:000089c0       ??0?$_Vector_val@PAV?$ReceiverImplBase@HUContextMenuParam@DuiLib@@@@V?$allocator@PAV?$ReceiverImplBase@HUContextMenuParam@DuiLib@@@@@std@@@std@@QAE@V?$allocator@PAV?$ReceiverImplBase@HUContextMenuParam@DuiLib@@@@@1@@Z 004099c0 f i UIMenu.obj
 0001:00008ae0       ??1?$_Vector_val@PAV?$ReceiverImplBase@HUContextMenuParam@DuiLib@@@@V?$allocator@PAV?$ReceiverImplBase@HUContextMenuParam@DuiLib@@@@@std@@@std@@QAE@XZ 00409ae0 f i UIMenu.obj
 0001:00008bc0       ??0?$allocator@PAV?$ReceiverImplBase@HUContextMenuParam@DuiLib@@@@@std@@QAE@XZ 00409bc0 f i UIMenu.obj
 0001:00008be0       ??E?$_Vector_const_iterator@V?$_Vector_val@PAV?$ReceiverImplBase@HUContextMenuParam@DuiLib@@@@V?$allocator@PAV?$ReceiverImplBase@HUContextMenuParam@DuiLib@@@@@std@@@std@@@std@@QAEAAV01@XZ 00409be0 f i UIMenu.obj
 0001:00008c90       ??0?$allocator@PAV?$ReceiverImplBase@HUContextMenuParam@DuiLib@@@@@std@@QAE@ABV01@@Z 00409c90 f i UIMenu.obj
 0001:00008cb0       ??$_Move@PAPAV?$ReceiverImplBase@HUContextMenuParam@DuiLib@@@@PAPAV1@@std@@YAPAPAV?$ReceiverImplBase@HUContextMenuParam@DuiLib@@@@PAPAV1@00@Z 00409cb0 f i UIMenu.obj
 0001:00008d00       ??$?0PAV?$ReceiverImplBase@HUContextMenuParam@DuiLib@@@@@?$allocator@U_Container_proxy@std@@@std@@QAE@ABV?$allocator@PAV?$ReceiverImplBase@HUContextMenuParam@DuiLib@@@@@1@@Z 00409d00 f i UIMenu.obj
 0001:00008d20       ??$_Move@PAPAV?$ReceiverImplBase@HUContextMenuParam@DuiLib@@@@PAPAV1@@std@@YAPAPAV?$ReceiverImplBase@HUContextMenuParam@DuiLib@@@@PAPAV1@00U_Scalar_ptr_iterator_tag@0@@Z 00409d20 f i UIMenu.obj
 0001:00008d70       _WinMain@16                00409d70 f   main.obj
 0001:00008e90       _InitializeCriticalSection@4 00409e90 f   kernel32:KERNEL32.dll
 0001:00008e96       _GetVersionExW@4           00409e96 f   kernel32:KERNEL32.dll
 0001:00008e9c       _DeleteCriticalSection@4   00409e9c f   kernel32:KERNEL32.dll
 0001:00008ea2       _EnterCriticalSection@4    00409ea2 f   kernel32:KERNEL32.dll
 0001:00008ea8       _LeaveCriticalSection@4    00409ea8 f   kernel32:KERNEL32.dll
 0001:00008eae       _OutputDebugStringW@4      00409eae f   kernel32:KERNEL32.dll
 0001:00008eb4       _GetTickCount@0            00409eb4 f   kernel32:KERNEL32.dll
 0001:00008eba       _GetLocalTime@4            00409eba f   kernel32:KERNEL32.dll
 0001:00008ec0       _PostQuitMessage@4         00409ec0 f   user32:USER32.dll
 0001:00008ec6       _IsZoomed@4                00409ec6 f   user32:USER32.dll
 0001:00008ecc       _ClientToScreen@8          00409ecc f   user32:USER32.dll
 0001:00008ed2       _GetParent@4               00409ed2 f   user32:USER32.dll
 0001:00008ed8       _SendMessageW@16           00409ed8 f   user32:USER32.dll
 0001:00008ede       _ShowWindow@8              00409ede f   user32:USER32.dll
 0001:00008ee4       _SetForegroundWindow@4     00409ee4 f   user32:USER32.dll
 0001:00008eea       _MoveWindow@24             00409eea f   user32:USER32.dll
 0001:00008ef0       _MapWindowPoints@16        00409ef0 f   user32:USER32.dll
 0001:00008ef6       _GetWindowRect@8           00409ef6 f   user32:USER32.dll
 0001:00008efc       _GetMonitorInfoW@8         00409efc f   user32:USER32.dll
 0001:00008f02       _MonitorFromWindow@8       00409f02 f   user32:USER32.dll
 0001:00008f08       _SetWindowPos@28           00409f08 f   user32:USER32.dll
 0001:00008f0e       _GetClientRect@8           00409f0e f   user32:USER32.dll
 0001:00008f14       _SetWindowLongW@12         00409f14 f   user32:USER32.dll
 0001:00008f1a       _GetWindowLongW@8          00409f1a f   user32:USER32.dll
 0001:00008f20       _IntersectRect@12          00409f20 f   user32:USER32.dll
 0001:00008f26       _CoInitialize@4            00409f26 f   ole32:ole32.dll
 0001:00008f2c       ??0WindowImplBase@DuiLib@@QAE@XZ 00409f2c f   DuiLib_ud:DuiLib_ud.dll
 0001:00008f32       ?GetSuperClassName@CWindowWnd@DuiLib@@MBEPB_WXZ 00409f32 f   DuiLib_ud:DuiLib_ud.dll
 0001:00008f38       ?GetClassStyle@WindowImplBase@DuiLib@@UBEIXZ 00409f38 f   DuiLib_ud:DuiLib_ud.dll
 0001:00008f3e       ?OnClick@WindowImplBase@DuiLib@@MAEXAAUtagTNotifyUI@2@@Z 00409f3e f   DuiLib_ud:DuiLib_ud.dll
 0001:00008f44       ?GetZIPFileName@WindowImplBase@DuiLib@@UBE?AVCDuiString@2@XZ 00409f44 f   DuiLib_ud:DuiLib_ud.dll
 0001:00008f4a       ?GetResourceID@WindowImplBase@DuiLib@@UBEPB_WXZ 00409f4a f   DuiLib_ud:DuiLib_ud.dll
 0001:00008f50       ?OnClose@WindowImplBase@DuiLib@@UAEJIIJAAH@Z 00409f50 f   DuiLib_ud:DuiLib_ud.dll
 0001:00008f56       ?OnDestroy@WindowImplBase@DuiLib@@UAEJIIJAAH@Z 00409f56 f   DuiLib_ud:DuiLib_ud.dll
 0001:00008f5c       ?OnNcActivate@WindowImplBase@DuiLib@@UAEJIIJAAH@Z 00409f5c f   DuiLib_ud:DuiLib_ud.dll
 0001:00008f62       ?OnNcCalcSize@WindowImplBase@DuiLib@@UAEJIIJAAH@Z 00409f62 f   DuiLib_ud:DuiLib_ud.dll
 0001:00008f68       ?OnNcPaint@WindowImplBase@DuiLib@@UAEJIIJAAH@Z 00409f68 f   DuiLib_ud:DuiLib_ud.dll
 0001:00008f6e       ?OnNcHitTest@WindowImplBase@DuiLib@@UAEJIIJAAH@Z 00409f6e f   DuiLib_ud:DuiLib_ud.dll
 0001:00008f74       ?OnGetMinMaxInfo@WindowImplBase@DuiLib@@UAEJIIJAAH@Z 00409f74 f   DuiLib_ud:DuiLib_ud.dll
 0001:00008f7a       ?OnMouseWheel@WindowImplBase@DuiLib@@UAEJIIJAAH@Z 00409f7a f   DuiLib_ud:DuiLib_ud.dll
 0001:00008f80       ?OnMouseHover@WindowImplBase@DuiLib@@UAEJIIJAAH@Z 00409f80 f   DuiLib_ud:DuiLib_ud.dll
 0001:00008f86       ?OnSize@WindowImplBase@DuiLib@@UAEJIIJAAH@Z 00409f86 f   DuiLib_ud:DuiLib_ud.dll
 0001:00008f8c       ?OnChar@WindowImplBase@DuiLib@@UAEJIIJAAH@Z 00409f8c f   DuiLib_ud:DuiLib_ud.dll
 0001:00008f92       ?OnCreate@WindowImplBase@DuiLib@@UAEJIIJAAH@Z 00409f92 f   DuiLib_ud:DuiLib_ud.dll
 0001:00008f98       ?OnKeyDown@WindowImplBase@DuiLib@@UAEJIIJAAH@Z 00409f98 f   DuiLib_ud:DuiLib_ud.dll
 0001:00008f9e       ?OnKillFocus@WindowImplBase@DuiLib@@UAEJIIJAAH@Z 00409f9e f   DuiLib_ud:DuiLib_ud.dll
 0001:00008fa4       ?OnSetFocus@WindowImplBase@DuiLib@@UAEJIIJAAH@Z 00409fa4 f   DuiLib_ud:DuiLib_ud.dll
 0001:00008faa       ?OnLButtonDown@WindowImplBase@DuiLib@@UAEJIIJAAH@Z 00409faa f   DuiLib_ud:DuiLib_ud.dll
 0001:00008fb0       ?OnLButtonUp@WindowImplBase@DuiLib@@UAEJIIJAAH@Z 00409fb0 f   DuiLib_ud:DuiLib_ud.dll
 0001:00008fb6       ?OnMouseMove@WindowImplBase@DuiLib@@UAEJIIJAAH@Z 00409fb6 f   DuiLib_ud:DuiLib_ud.dll
 0001:00008fbc       ?GetStyle@WindowImplBase@DuiLib@@UAEJXZ 00409fbc f   DuiLib_ud:DuiLib_ud.dll
 0001:00008fc2       ?GetMessageMap@WindowImplBase@DuiLib@@MBEPBUDUI_MSGMAP@2@XZ 00409fc2 f   DuiLib_ud:DuiLib_ud.dll
 0001:00008fc8       ?MessageHandler@WindowImplBase@DuiLib@@UAEJIIJAA_N@Z 00409fc8 f   DuiLib_ud:DuiLib_ud.dll
 0001:00008fce       ??1WindowImplBase@DuiLib@@UAE@XZ 00409fce f   DuiLib_ud:DuiLib_ud.dll
 0001:00008fd4       ?OnFinalMessage@WindowImplBase@DuiLib@@UAEXPAUHWND__@@@Z 00409fd4 f   DuiLib_ud:DuiLib_ud.dll
 0001:00008fda       ??0CDuiString@DuiLib@@QAE@PB_WH@Z 00409fda f   DuiLib_ud:DuiLib_ud.dll
 0001:00008fe0       ?FindControl@CPaintManagerUI@DuiLib@@QBEPAVCControlUI@2@PB_W@Z 00409fe0 f   DuiLib_ud:DuiLib_ud.dll
 0001:00008fe6       ?HandleMessage@CWindowWnd@DuiLib@@MAEJIIJ@Z 00409fe6 f   DuiLib_ud:DuiLib_ud.dll
 0001:00008fec       ?HandleMessage@WindowImplBase@DuiLib@@UAEJIIJ@Z 00409fec f   DuiLib_ud:DuiLib_ud.dll
 0001:00008ff2       ?Close@CWindowWnd@DuiLib@@QAEXI@Z 00409ff2 f   DuiLib_ud:DuiLib_ud.dll
 0001:00008ff8       ??0CPoint@DuiLib@@QAE@ABUtagPOINT@@@Z 00409ff8 f   DuiLib_ud:DuiLib_ud.dll
 0001:00008ffe       ?SendMessageW@CWindowWnd@DuiLib@@QAEJIIJ@Z 00409ffe f   DuiLib_ud:DuiLib_ud.dll
 0001:00009004       ??1CDuiString@DuiLib@@QAE@XZ 0040a004 f   DuiLib_ud:DuiLib_ud.dll
 0001:0000900a       ??BCDuiString@DuiLib@@QBEPB_WXZ 0040a00a f   DuiLib_ud:DuiLib_ud.dll
 0001:00009010       ??1CListUI@DuiLib@@UAE@XZ  0040a010 f   DuiLib_ud:DuiLib_ud.dll
 0001:00009016       ?GetHeader@CListUI@DuiLib@@UBEPAVCListHeaderUI@2@XZ 0040a016 f   DuiLib_ud:DuiLib_ud.dll
 0001:0000901c       ??0CListUI@DuiLib@@QAE@XZ  0040a01c f   DuiLib_ud:DuiLib_ud.dll
 0001:00009022       ?GetName@CControlUI@DuiLib@@UBE?AVCDuiString@2@XZ 0040a022 f   DuiLib_ud:DuiLib_ud.dll
 0001:00009028       ?SetName@CControlUI@DuiLib@@UAEXPB_W@Z 0040a028 f   DuiLib_ud:DuiLib_ud.dll
 0001:0000902e       ?GetControlFlags@CListUI@DuiLib@@UBEIXZ 0040a02e f   DuiLib_ud:DuiLib_ud.dll
 0001:00009034       ?Activate@CControlUI@DuiLib@@UAE_NXZ 0040a034 f   DuiLib_ud:DuiLib_ud.dll
 0001:0000903a       ?GetManager@CControlUI@DuiLib@@UBEPAVCPaintManagerUI@2@XZ 0040a03a f   DuiLib_ud:DuiLib_ud.dll
 0001:00009040       ?SetManager@CContainerUI@DuiLib@@UAEXPAVCPaintManagerUI@2@PAVCControlUI@2@_N@Z 0040a040 f   DuiLib_ud:DuiLib_ud.dll
 0001:00009046       ?GetParent@CControlUI@DuiLib@@UBEPAV12@XZ 0040a046 f   DuiLib_ud:DuiLib_ud.dll
 0001:0000904c       ?GetText@CControlUI@DuiLib@@UBE?AVCDuiString@2@XZ 0040a04c f   DuiLib_ud:DuiLib_ud.dll
 0001:00009052       ?SetText@CControlUI@DuiLib@@UAEXPB_W@Z 0040a052 f   DuiLib_ud:DuiLib_ud.dll
 0001:00009058       ?GetPos@CControlUI@DuiLib@@UBEABUtagRECT@@XZ 0040a058 f   DuiLib_ud:DuiLib_ud.dll
 0001:0000905e       ?SetPos@CListUI@DuiLib@@UAEXUtagRECT@@@Z 0040a05e f   DuiLib_ud:DuiLib_ud.dll
 0001:00009064       ?GetWidth@CControlUI@DuiLib@@UBEHXZ 0040a064 f   DuiLib_ud:DuiLib_ud.dll
 0001:0000906a       ?GetHeight@CControlUI@DuiLib@@UBEHXZ 0040a06a f   DuiLib_ud:DuiLib_ud.dll
 0001:00009070       ?GetX@CControlUI@DuiLib@@UBEHXZ 0040a070 f   DuiLib_ud:DuiLib_ud.dll
 0001:00009076       ?GetY@CControlUI@DuiLib@@UBEHXZ 0040a076 f   DuiLib_ud:DuiLib_ud.dll
 0001:0000907c       ?GetPadding@CControlUI@DuiLib@@UBE?AUtagRECT@@XZ 0040a07c f   DuiLib_ud:DuiLib_ud.dll
 0001:00009082       ?SetPadding@CControlUI@DuiLib@@UAEXUtagRECT@@@Z 0040a082 f   DuiLib_ud:DuiLib_ud.dll
 0001:00009088       ?GetFixedXY@CControlUI@DuiLib@@UBE?AUtagSIZE@@XZ 0040a088 f   DuiLib_ud:DuiLib_ud.dll
 0001:0000908e       ?SetFixedXY@CControlUI@DuiLib@@UAEXUtagSIZE@@@Z 0040a08e f   DuiLib_ud:DuiLib_ud.dll
 0001:00009094       ?GetFixedWidth@CControlUI@DuiLib@@UBEHXZ 0040a094 f   DuiLib_ud:DuiLib_ud.dll
 0001:0000909a       ?SetFixedWidth@CControlUI@DuiLib@@UAEXH@Z 0040a09a f   DuiLib_ud:DuiLib_ud.dll
 0001:000090a0       ?GetFixedHeight@CControlUI@DuiLib@@UBEHXZ 0040a0a0 f   DuiLib_ud:DuiLib_ud.dll
 0001:000090a6       ?SetFixedHeight@CControlUI@DuiLib@@UAEXH@Z 0040a0a6 f   DuiLib_ud:DuiLib_ud.dll
 0001:000090ac       ?GetMinWidth@CControlUI@DuiLib@@UBEHXZ 0040a0ac f   DuiLib_ud:DuiLib_ud.dll
 0001:000090b2       ?SetMinWidth@CControlUI@DuiLib@@UAEXH@Z 0040a0b2 f   DuiLib_ud:DuiLib_ud.dll
 0001:000090b8       ?GetMaxWidth@CControlUI@DuiLib@@UBEHXZ 0040a0b8 f   DuiLib_ud:DuiLib_ud.dll
 0001:000090be       ?SetMaxWidth@CControlUI@DuiLib@@UAEXH@Z 0040a0be f   DuiLib_ud:DuiLib_ud.dll
 0001:000090c4       ?GetMinHeight@CControlUI@DuiLib@@UBEHXZ 0040a0c4 f   DuiLib_ud:DuiLib_ud.dll
 0001:000090ca       ?SetMinHeight@CControlUI@DuiLib@@UAEXH@Z 0040a0ca f   DuiLib_ud:DuiLib_ud.dll
 0001:000090d0       ?GetMaxHeight@CControlUI@DuiLib@@UBEHXZ 0040a0d0 f   DuiLib_ud:DuiLib_ud.dll
 0001:000090d6       ?SetMaxHeight@CControlUI@DuiLib@@UAEXH@Z 0040a0d6 f   DuiLib_ud:DuiLib_ud.dll
 0001:000090dc       ?SetRelativePos@CControlUI@DuiLib@@UAEXUtagSIZE@@0@Z 0040a0dc f   DuiLib_ud:DuiLib_ud.dll
 0001:000090e2       ?SetRelativeParentSize@CControlUI@DuiLib@@UAEXUtagSIZE@@@Z 0040a0e2 f   DuiLib_ud:DuiLib_ud.dll
 0001:000090e8       ?GetRelativePos@CControlUI@DuiLib@@UBE?AUtagTRelativePosUI@2@XZ 0040a0e8 f   DuiLib_ud:DuiLib_ud.dll
 0001:000090ee       ?IsRelativePos@CControlUI@DuiLib@@UBE_NXZ 0040a0ee f   DuiLib_ud:DuiLib_ud.dll
 0001:000090f4       ?GetToolTip@CControlUI@DuiLib@@UBE?AVCDuiString@2@XZ 0040a0f4 f   DuiLib_ud:DuiLib_ud.dll
 0001:000090fa       ?SetToolTip@CControlUI@DuiLib@@UAEXPB_W@Z 0040a0fa f   DuiLib_ud:DuiLib_ud.dll
 0001:00009100       ?SetToolTipWidth@CControlUI@DuiLib@@UAEXH@Z 0040a100 f   DuiLib_ud:DuiLib_ud.dll
 0001:00009106       ?GetToolTipWidth@CControlUI@DuiLib@@UAEHXZ 0040a106 f   DuiLib_ud:DuiLib_ud.dll
 0001:0000910c       ?GetShortcut@CControlUI@DuiLib@@UBE_WXZ 0040a10c f   DuiLib_ud:DuiLib_ud.dll
 0001:00009112       ?SetShortcut@CControlUI@DuiLib@@UAEX_W@Z 0040a112 f   DuiLib_ud:DuiLib_ud.dll
 0001:00009118       ?IsContextMenuUsed@CControlUI@DuiLib@@UBE_NXZ 0040a118 f   DuiLib_ud:DuiLib_ud.dll
 0001:0000911e       ?SetContextMenuUsed@CControlUI@DuiLib@@UAEX_N@Z 0040a11e f   DuiLib_ud:DuiLib_ud.dll
 0001:00009124       ?GetUserData@CControlUI@DuiLib@@UAEABVCDuiString@2@XZ 0040a124 f   DuiLib_ud:DuiLib_ud.dll
 0001:0000912a       ?SetUserData@CControlUI@DuiLib@@UAEXPB_W@Z 0040a12a f   DuiLib_ud:DuiLib_ud.dll
 0001:00009130       ?GetTag@CControlUI@DuiLib@@UBEIXZ 0040a130 f   DuiLib_ud:DuiLib_ud.dll
 0001:00009136       ?SetTag@CControlUI@DuiLib@@UAEXI@Z 0040a136 f   DuiLib_ud:DuiLib_ud.dll
 0001:0000913c       ?IsVisible@CControlUI@DuiLib@@UBE_NXZ 0040a13c f   DuiLib_ud:DuiLib_ud.dll
 0001:00009142       ?SetVisible@CContainerUI@DuiLib@@UAEX_N@Z 0040a142 f   DuiLib_ud:DuiLib_ud.dll
 0001:00009148       ?SetInternVisible@CContainerUI@DuiLib@@UAEX_N@Z 0040a148 f   DuiLib_ud:DuiLib_ud.dll
 0001:0000914e       ?IsEnabled@CControlUI@DuiLib@@UBE_NXZ 0040a14e f   DuiLib_ud:DuiLib_ud.dll
 0001:00009154       ?SetEnabled@CControlUI@DuiLib@@UAEX_N@Z 0040a154 f   DuiLib_ud:DuiLib_ud.dll
 0001:0000915a       ?IsMouseEnabled@CControlUI@DuiLib@@UBE_NXZ 0040a15a f   DuiLib_ud:DuiLib_ud.dll
 0001:00009160       ?SetMouseEnabled@CContainerUI@DuiLib@@UAEX_N@Z 0040a160 f   DuiLib_ud:DuiLib_ud.dll
 0001:00009166       ?IsKeyboardEnabled@CControlUI@DuiLib@@UBE_NXZ 0040a166 f   DuiLib_ud:DuiLib_ud.dll
 0001:0000916c       ?SetKeyboardEnabled@CControlUI@DuiLib@@UAEX_N@Z 0040a16c f   DuiLib_ud:DuiLib_ud.dll
 0001:00009172       ?IsFocused@CControlUI@DuiLib@@UBE_NXZ 0040a172 f   DuiLib_ud:DuiLib_ud.dll
 0001:00009178       ?SetFocus@CControlUI@DuiLib@@UAEXXZ 0040a178 f   DuiLib_ud:DuiLib_ud.dll
 0001:0000917e       ?IsFloat@CControlUI@DuiLib@@UBE_NXZ 0040a17e f   DuiLib_ud:DuiLib_ud.dll
 0001:00009184       ?SetFloat@CControlUI@DuiLib@@UAEX_N@Z 0040a184 f   DuiLib_ud:DuiLib_ud.dll
 0001:0000918a       ?FindControl@CContainerUI@DuiLib@@UAEPAVCControlUI@2@P6GPAV32@PAV32@PAX@Z1I@Z 0040a18a f   DuiLib_ud:DuiLib_ud.dll
 0001:00009190       ?Init@CControlUI@DuiLib@@UAEXXZ 0040a190 f   DuiLib_ud:DuiLib_ud.dll
 0001:00009196       ?DoInit@CControlUI@DuiLib@@UAEXXZ 0040a196 f   DuiLib_ud:DuiLib_ud.dll
 0001:0000919c       ?Event@CControlUI@DuiLib@@UAEXAAUtagTEventUI@2@@Z 0040a19c f   DuiLib_ud:DuiLib_ud.dll
 0001:000091a2       ?DoPaint@CContainerUI@DuiLib@@UAEXPAUHDC__@@ABUtagRECT@@@Z 0040a1a2 f   DuiLib_ud:DuiLib_ud.dll
 0001:000091a8       ?PaintBkColor@CControlUI@DuiLib@@UAEXPAUHDC__@@@Z 0040a1a8 f   DuiLib_ud:DuiLib_ud.dll
 0001:000091ae       ?PaintBkImage@CControlUI@DuiLib@@UAEXPAUHDC__@@@Z 0040a1ae f   DuiLib_ud:DuiLib_ud.dll
 0001:000091b4       ?PaintStatusImage@CControlUI@DuiLib@@UAEXPAUHDC__@@@Z 0040a1b4 f   DuiLib_ud:DuiLib_ud.dll
 0001:000091ba       ?PaintText@CControlUI@DuiLib@@UAEXPAUHDC__@@@Z 0040a1ba f   DuiLib_ud:DuiLib_ud.dll
 0001:000091c0       ?PaintBorder@CControlUI@DuiLib@@UAEXPAUHDC__@@@Z 0040a1c0 f   DuiLib_ud:DuiLib_ud.dll
 0001:000091c6       ?DoPostPaint@CVerticalLayoutUI@DuiLib@@UAEXPAUHDC__@@ABUtagRECT@@@Z 0040a1c6 f   DuiLib_ud:DuiLib_ud.dll
 0001:000091cc       ?GetInset@CContainerUI@DuiLib@@UBE?AUtagRECT@@XZ 0040a1cc f   DuiLib_ud:DuiLib_ud.dll
 0001:000091d2       ?SetInset@CContainerUI@DuiLib@@UAEXUtagRECT@@@Z 0040a1d2 f   DuiLib_ud:DuiLib_ud.dll
 0001:000091d8       ?GetChildPadding@CListUI@DuiLib@@UBEHXZ 0040a1d8 f   DuiLib_ud:DuiLib_ud.dll
 0001:000091de       ?SetChildPadding@CListUI@DuiLib@@UAEXH@Z 0040a1de f   DuiLib_ud:DuiLib_ud.dll
 0001:000091e4       ?IsAutoDestroy@CContainerUI@DuiLib@@UBE_NXZ 0040a1e4 f   DuiLib_ud:DuiLib_ud.dll
 0001:000091ea       ?SetAutoDestroy@CContainerUI@DuiLib@@UAEX_N@Z 0040a1ea f   DuiLib_ud:DuiLib_ud.dll
 0001:000091f0       ?IsDelayedDestroy@CContainerUI@DuiLib@@UBE_NXZ 0040a1f0 f   DuiLib_ud:DuiLib_ud.dll
 0001:000091f6       ?SetDelayedDestroy@CContainerUI@DuiLib@@UAEX_N@Z 0040a1f6 f   DuiLib_ud:DuiLib_ud.dll
 0001:000091fc       ?IsMouseChildEnabled@CContainerUI@DuiLib@@UBE_NXZ 0040a1fc f   DuiLib_ud:DuiLib_ud.dll
 0001:00009202       ?SetMouseChildEnabled@CContainerUI@DuiLib@@UAEX_N@Z 0040a202 f   DuiLib_ud:DuiLib_ud.dll
 0001:00009208       ?FindSelectable@CContainerUI@DuiLib@@UBEHH_N@Z 0040a208 f   DuiLib_ud:DuiLib_ud.dll
 0001:0000920e       ?GetScrollPos@CListUI@DuiLib@@UBE?AUtagSIZE@@XZ 0040a20e f   DuiLib_ud:DuiLib_ud.dll
 0001:00009214       ?GetScrollRange@CListUI@DuiLib@@UBE?AUtagSIZE@@XZ 0040a214 f   DuiLib_ud:DuiLib_ud.dll
 0001:0000921a       ?SetScrollPos@CListUI@DuiLib@@UAEXUtagSIZE@@@Z 0040a21a f   DuiLib_ud:DuiLib_ud.dll
 0001:00009220       ?LineUp@CListUI@DuiLib@@UAEXXZ 0040a220 f   DuiLib_ud:DuiLib_ud.dll
 0001:00009226       ?LineDown@CListUI@DuiLib@@UAEXXZ 0040a226 f   DuiLib_ud:DuiLib_ud.dll
 0001:0000922c       ?PageUp@CListUI@DuiLib@@UAEXXZ 0040a22c f   DuiLib_ud:DuiLib_ud.dll
 0001:00009232       ?PageDown@CListUI@DuiLib@@UAEXXZ 0040a232 f   DuiLib_ud:DuiLib_ud.dll
 0001:00009238       ?HomeUp@CListUI@DuiLib@@UAEXXZ 0040a238 f   DuiLib_ud:DuiLib_ud.dll
 0001:0000923e       ?EndDown@CListUI@DuiLib@@UAEXXZ 0040a23e f   DuiLib_ud:DuiLib_ud.dll
 0001:00009244       ?LineLeft@CListUI@DuiLib@@UAEXXZ 0040a244 f   DuiLib_ud:DuiLib_ud.dll
 0001:0000924a       ?LineRight@CListUI@DuiLib@@UAEXXZ 0040a24a f   DuiLib_ud:DuiLib_ud.dll
 0001:00009250       ?PageLeft@CListUI@DuiLib@@UAEXXZ 0040a250 f   DuiLib_ud:DuiLib_ud.dll
 0001:00009256       ?PageRight@CListUI@DuiLib@@UAEXXZ 0040a256 f   DuiLib_ud:DuiLib_ud.dll
 0001:0000925c       ?HomeLeft@CListUI@DuiLib@@UAEXXZ 0040a25c f   DuiLib_ud:DuiLib_ud.dll
 0001:00009262       ?EndRight@CListUI@DuiLib@@UAEXXZ 0040a262 f   DuiLib_ud:DuiLib_ud.dll
 0001:00009268       ?EnableScrollBar@CListUI@DuiLib@@UAEX_N0@Z 0040a268 f   DuiLib_ud:DuiLib_ud.dll
 0001:0000926e       ?GetVerticalScrollBar@CListUI@DuiLib@@UBEPAVCScrollBarUI@2@XZ 0040a26e f   DuiLib_ud:DuiLib_ud.dll
 0001:00009274       ?GetHorizontalScrollBar@CListUI@DuiLib@@UBEPAVCScrollBarUI@2@XZ 0040a274 f   DuiLib_ud:DuiLib_ud.dll
 0001:0000927a       ?SetFloatPos@CContainerUI@DuiLib@@MAEXH@Z 0040a27a f   DuiLib_ud:DuiLib_ud.dll
 0001:00009280       ?ProcessScrollBar@CContainerUI@DuiLib@@MAEXUtagRECT@@HH@Z 0040a280 f   DuiLib_ud:DuiLib_ud.dll
 0001:00009286       ?GetItemAt@CListUI@DuiLib@@UBEPAVCControlUI@2@H@Z 0040a286 f   DuiLib_ud:DuiLib_ud.dll
 0001:0000928c       ?GetCount@CListUI@DuiLib@@UBEHXZ 0040a28c f   DuiLib_ud:DuiLib_ud.dll
 0001:00009292       ?RemoveAt@CListUI@DuiLib@@UAE_NH@Z 0040a292 f   DuiLib_ud:DuiLib_ud.dll
 0001:00009298       ?RemoveAll@CListUI@DuiLib@@UAEXXZ 0040a298 f   DuiLib_ud:DuiLib_ud.dll
 0001:0000929e       ?GetListInfo@CListUI@DuiLib@@UAEPAUtagTListInfoUI@2@XZ 0040a29e f   DuiLib_ud:DuiLib_ud.dll
 0001:000092a4       ?GetCurSel@CListUI@DuiLib@@UBEHXZ 0040a2a4 f   DuiLib_ud:DuiLib_ud.dll
 0001:000092aa       ?SelectItem@CListUI@DuiLib@@UAE_NH_N@Z 0040a2aa f   DuiLib_ud:DuiLib_ud.dll
 0001:000092b0       ?GetList@CListUI@DuiLib@@UBEPAVCContainerUI@2@XZ 0040a2b0 f   DuiLib_ud:DuiLib_ud.dll
 0001:000092b6       ?GetTextCallback@CListUI@DuiLib@@UBEPAVIListCallbackUI@2@XZ 0040a2b6 f   DuiLib_ud:DuiLib_ud.dll
 0001:000092bc       ?SetTextCallback@CListUI@DuiLib@@UAEXPAVIListCallbackUI@2@@Z 0040a2bc f   DuiLib_ud:DuiLib_ud.dll
 0001:000092c2       ?ExpandItem@CListUI@DuiLib@@UAE_NH_N@Z 0040a2c2 f   DuiLib_ud:DuiLib_ud.dll
 0001:000092c8       ?GetExpandedItem@CListUI@DuiLib@@UBEHXZ 0040a2c8 f   DuiLib_ud:DuiLib_ud.dll
 0001:000092ce       ?GetInterface@CListUI@DuiLib@@UAEPAXPB_W@Z 0040a2ce f   DuiLib_ud:DuiLib_ud.dll
 0001:000092d4       ?DoEvent@CListUI@DuiLib@@UAEXAAUtagTEventUI@2@@Z 0040a2d4 f   DuiLib_ud:DuiLib_ud.dll
 0001:000092da       ?Add@CListUI@DuiLib@@UAE_NPAVCControlUI@2@@Z 0040a2da f   DuiLib_ud:DuiLib_ud.dll
 0001:000092e0       ?AddAt@CListUI@DuiLib@@UAE_NPAVCControlUI@2@H@Z 0040a2e0 f   DuiLib_ud:DuiLib_ud.dll
 0001:000092e6       ?GetItemIndex@CListUI@DuiLib@@UBEHPAVCControlUI@2@@Z 0040a2e6 f   DuiLib_ud:DuiLib_ud.dll
 0001:000092ec       ?SetItemIndex@CListUI@DuiLib@@UAE_NPAVCControlUI@2@H@Z 0040a2ec f   DuiLib_ud:DuiLib_ud.dll
 0001:000092f2       ?Remove@CListUI@DuiLib@@UAE_NPAVCControlUI@2@@Z 0040a2f2 f   DuiLib_ud:DuiLib_ud.dll
 0001:000092f8       ??0CSize@DuiLib@@QAE@HH@Z  0040a2f8 f   DuiLib_ud:DuiLib_ud.dll
 0001:000092fe       ?SetAttribute@CListUI@DuiLib@@UAEXPB_W0@Z 0040a2fe f   DuiLib_ud:DuiLib_ud.dll
 0001:00009304       ??0CPaintManagerUI@DuiLib@@QAE@XZ 0040a304 f   DuiLib_ud:DuiLib_ud.dll
 0001:0000930a       ??0CDuiString@DuiLib@@QAE@XZ 0040a30a f   DuiLib_ud:DuiLib_ud.dll
 0001:00009310       ??0CWindowWnd@DuiLib@@QAE@XZ 0040a310 f   DuiLib_ud:DuiLib_ud.dll
 0001:00009316       ?GetClassStyle@CWindowWnd@DuiLib@@MBEIXZ 0040a316 f   DuiLib_ud:DuiLib_ud.dll
 0001:0000931c       ?Create@CWindowWnd@DuiLib@@QAEPAUHWND__@@PAU3@PB_WKKUtagRECT@@PAUHMENU__@@@Z 0040a31c f   DuiLib_ud:DuiLib_ud.dll
 0001:00009322       ??0CDuiRect@DuiLib@@QAE@XZ 0040a322 f   DuiLib_ud:DuiLib_ud.dll
 0001:00009328       ?GetPaintWindow@CPaintManagerUI@DuiLib@@QBEPAUHWND__@@XZ 0040a328 f   DuiLib_ud:DuiLib_ud.dll
 0001:0000932e       ??4CDuiString@DuiLib@@QAEABV01@PB_W@Z 0040a32e f   DuiLib_ud:DuiLib_ud.dll
 0001:00009334       ?Invalidate@CListContainerElementUI@DuiLib@@QAEXXZ 0040a334 f   DuiLib_ud:DuiLib_ud.dll
 0001:0000933a       ?MessageHandler@CPaintManagerUI@DuiLib@@QAE_NIIJAAJ@Z 0040a33a f   DuiLib_ud:DuiLib_ud.dll
 0001:00009340       ??1CDialogBuilder@DuiLib@@QAE@XZ 0040a340 f   DuiLib_ud:DuiLib_ud.dll
 0001:00009346       ?GetHeight@CDuiRect@DuiLib@@QBEHXZ 0040a346 f   DuiLib_ud:DuiLib_ud.dll
 0001:0000934c       ?GetWidth@CDuiRect@DuiLib@@QBEHXZ 0040a34c f   DuiLib_ud:DuiLib_ud.dll
 0001:00009352       ?GetInitSize@CPaintManagerUI@DuiLib@@QAE?AUtagSIZE@@XZ 0040a352 f   DuiLib_ud:DuiLib_ud.dll
 0001:00009358       ?SetInitSize@CPaintManagerUI@DuiLib@@QAEXHH@Z 0040a358 f   DuiLib_ud:DuiLib_ud.dll
 0001:0000935e       ?Create@CDialogBuilder@DuiLib@@QAEPAVCControlUI@2@VSTRINGorID@2@PB_WPAVIDialogBuilderCallback@2@PAVCPaintManagerUI@2@PAV32@@Z 0040a35e f   DuiLib_ud:DuiLib_ud.dll
 0001:00009364       ?GetData@CDuiString@DuiLib@@QBEPB_WXZ 0040a364 f   DuiLib_ud:DuiLib_ud.dll
 0001:0000936a       ??0CDialogBuilder@DuiLib@@QAE@XZ 0040a36a f   DuiLib_ud:DuiLib_ud.dll
 0001:00009370       ?GetHWND@CWindowWnd@DuiLib@@QBEPAUHWND__@@XZ 0040a370 f   DuiLib_ud:DuiLib_ud.dll
 0001:00009376       ??0CDuiRect@DuiLib@@QAE@ABUtagRECT@@@Z 0040a376 f   DuiLib_ud:DuiLib_ud.dll
 0001:0000937c       ?AttachDialog@CPaintManagerUI@DuiLib@@QAE_NPAVCControlUI@2@@Z 0040a37c f   DuiLib_ud:DuiLib_ud.dll
 0001:00009382       ?SetBorderSize@CControlUI@DuiLib@@QAEXH@Z 0040a382 f   DuiLib_ud:DuiLib_ud.dll
 0001:00009388       ?SetBorderColor@CControlUI@DuiLib@@QAEXK@Z 0040a388 f   DuiLib_ud:DuiLib_ud.dll
 0001:0000938e       ?SetBkColor@CControlUI@DuiLib@@QAEXK@Z 0040a38e f   DuiLib_ud:DuiLib_ud.dll
 0001:00009394       ?ApplyAttributeList@CControlUI@DuiLib@@QAEPAV12@PB_W@Z 0040a394 f   DuiLib_ud:DuiLib_ud.dll
 0001:0000939a       ?GetDefaultAttributeList@CPaintManagerUI@DuiLib@@QBEPB_WPB_W@Z 0040a39a f   DuiLib_ud:DuiLib_ud.dll
 0001:000093a0       ?UseParentResource@CPaintManagerUI@DuiLib@@QAE_NPAV12@@Z 0040a3a0 f   DuiLib_ud:DuiLib_ud.dll
 0001:000093a6       ?Init@CPaintManagerUI@DuiLib@@QAEXPAUHWND__@@@Z 0040a3a6 f   DuiLib_ud:DuiLib_ud.dll
 0001:000093ac       ??BCWindowWnd@DuiLib@@QBEPAUHWND__@@XZ 0040a3ac f   DuiLib_ud:DuiLib_ud.dll
 0001:000093b2       ??1CListContainerElementUI@DuiLib@@UAE@XZ 0040a3b2 f   DuiLib_ud:DuiLib_ud.dll
 0001:000093b8       ??0CListContainerElementUI@DuiLib@@QAE@XZ 0040a3b8 f   DuiLib_ud:DuiLib_ud.dll
 0001:000093be       ?GetControlFlags@CListContainerElementUI@DuiLib@@UBEIXZ 0040a3be f   DuiLib_ud:DuiLib_ud.dll
 0001:000093c4       ?SetPos@CContainerUI@DuiLib@@UAEXUtagRECT@@@Z 0040a3c4 f   DuiLib_ud:DuiLib_ud.dll
 0001:000093ca       ?SetVisible@CListContainerElementUI@DuiLib@@UAEX_N@Z 0040a3ca f   DuiLib_ud:DuiLib_ud.dll
 0001:000093d0       ?SetEnabled@CListContainerElementUI@DuiLib@@UAEX_N@Z 0040a3d0 f   DuiLib_ud:DuiLib_ud.dll
 0001:000093d6       ?SetAttribute@CListContainerElementUI@DuiLib@@UAEXPB_W0@Z 0040a3d6 f   DuiLib_ud:DuiLib_ud.dll
 0001:000093dc       ?DoPostPaint@CControlUI@DuiLib@@UAEXPAUHDC__@@ABUtagRECT@@@Z 0040a3dc f   DuiLib_ud:DuiLib_ud.dll
 0001:000093e2       ?GetChildPadding@CContainerUI@DuiLib@@UBEHXZ 0040a3e2 f   DuiLib_ud:DuiLib_ud.dll
 0001:000093e8       ?SetChildPadding@CContainerUI@DuiLib@@UAEXH@Z 0040a3e8 f   DuiLib_ud:DuiLib_ud.dll
 0001:000093ee       ?GetScrollPos@CContainerUI@DuiLib@@UBE?AUtagSIZE@@XZ 0040a3ee f   DuiLib_ud:DuiLib_ud.dll
 0001:000093f4       ?GetScrollRange@CContainerUI@DuiLib@@UBE?AUtagSIZE@@XZ 0040a3f4 f   DuiLib_ud:DuiLib_ud.dll
 0001:000093fa       ?SetScrollPos@CContainerUI@DuiLib@@UAEXUtagSIZE@@@Z 0040a3fa f   DuiLib_ud:DuiLib_ud.dll
 0001:00009400       ?LineUp@CContainerUI@DuiLib@@UAEXXZ 0040a400 f   DuiLib_ud:DuiLib_ud.dll
 0001:00009406       ?LineDown@CContainerUI@DuiLib@@UAEXXZ 0040a406 f   DuiLib_ud:DuiLib_ud.dll
 0001:0000940c       ?PageUp@CContainerUI@DuiLib@@UAEXXZ 0040a40c f   DuiLib_ud:DuiLib_ud.dll
 0001:00009412       ?PageDown@CContainerUI@DuiLib@@UAEXXZ 0040a412 f   DuiLib_ud:DuiLib_ud.dll
 0001:00009418       ?HomeUp@CContainerUI@DuiLib@@UAEXXZ 0040a418 f   DuiLib_ud:DuiLib_ud.dll
 0001:0000941e       ?EndDown@CContainerUI@DuiLib@@UAEXXZ 0040a41e f   DuiLib_ud:DuiLib_ud.dll
 0001:00009424       ?LineLeft@CContainerUI@DuiLib@@UAEXXZ 0040a424 f   DuiLib_ud:DuiLib_ud.dll
 0001:0000942a       ?LineRight@CContainerUI@DuiLib@@UAEXXZ 0040a42a f   DuiLib_ud:DuiLib_ud.dll
 0001:00009430       ?PageLeft@CContainerUI@DuiLib@@UAEXXZ 0040a430 f   DuiLib_ud:DuiLib_ud.dll
 0001:00009436       ?PageRight@CContainerUI@DuiLib@@UAEXXZ 0040a436 f   DuiLib_ud:DuiLib_ud.dll
 0001:0000943c       ?HomeLeft@CContainerUI@DuiLib@@UAEXXZ 0040a43c f   DuiLib_ud:DuiLib_ud.dll
 0001:00009442       ?EndRight@CContainerUI@DuiLib@@UAEXXZ 0040a442 f   DuiLib_ud:DuiLib_ud.dll
 0001:00009448       ?EnableScrollBar@CContainerUI@DuiLib@@UAEX_N0@Z 0040a448 f   DuiLib_ud:DuiLib_ud.dll
 0001:0000944e       ?GetVerticalScrollBar@CContainerUI@DuiLib@@UBEPAVCScrollBarUI@2@XZ 0040a44e f   DuiLib_ud:DuiLib_ud.dll
 0001:00009454       ?GetHorizontalScrollBar@CContainerUI@DuiLib@@UBEPAVCScrollBarUI@2@XZ 0040a454 f   DuiLib_ud:DuiLib_ud.dll
 0001:0000945a       ?GetItemAt@CContainerUI@DuiLib@@UBEPAVCControlUI@2@H@Z 0040a45a f   DuiLib_ud:DuiLib_ud.dll
 0001:00009460       ?GetItemIndex@CContainerUI@DuiLib@@UBEHPAVCControlUI@2@@Z 0040a460 f   DuiLib_ud:DuiLib_ud.dll
 0001:00009466       ?SetItemIndex@CContainerUI@DuiLib@@UAE_NPAVCControlUI@2@H@Z 0040a466 f   DuiLib_ud:DuiLib_ud.dll
 0001:0000946c       ?GetCount@CContainerUI@DuiLib@@UBEHXZ 0040a46c f   DuiLib_ud:DuiLib_ud.dll
 0001:00009472       ?Add@CContainerUI@DuiLib@@UAE_NPAVCControlUI@2@@Z 0040a472 f   DuiLib_ud:DuiLib_ud.dll
 0001:00009478       ?AddAt@CContainerUI@DuiLib@@UAE_NPAVCControlUI@2@H@Z 0040a478 f   DuiLib_ud:DuiLib_ud.dll
 0001:0000947e       ?Remove@CContainerUI@DuiLib@@UAE_NPAVCControlUI@2@@Z 0040a47e f   DuiLib_ud:DuiLib_ud.dll
 0001:00009484       ?RemoveAt@CContainerUI@DuiLib@@UAE_NH@Z 0040a484 f   DuiLib_ud:DuiLib_ud.dll
 0001:0000948a       ?RemoveAll@CContainerUI@DuiLib@@UAEXXZ 0040a48a f   DuiLib_ud:DuiLib_ud.dll
 0001:00009490       ?GetIndex@CListContainerElementUI@DuiLib@@UBEHXZ 0040a490 f   DuiLib_ud:DuiLib_ud.dll
 0001:00009496       ?SetIndex@CListContainerElementUI@DuiLib@@UAEXH@Z 0040a496 f   DuiLib_ud:DuiLib_ud.dll
 0001:0000949c       ?GetOwner@CListContainerElementUI@DuiLib@@UAEPAVIListOwnerUI@2@XZ 0040a49c f   DuiLib_ud:DuiLib_ud.dll
 0001:000094a2       ?SetOwner@CListContainerElementUI@DuiLib@@UAEXPAVCControlUI@2@@Z 0040a4a2 f   DuiLib_ud:DuiLib_ud.dll
 0001:000094a8       ?IsSelected@CListContainerElementUI@DuiLib@@UBE_NXZ 0040a4a8 f   DuiLib_ud:DuiLib_ud.dll
 0001:000094ae       ?Select@CListContainerElementUI@DuiLib@@UAE_N_N@Z 0040a4ae f   DuiLib_ud:DuiLib_ud.dll
 0001:000094b4       ?IsExpanded@CListContainerElementUI@DuiLib@@UBE_NXZ 0040a4b4 f   DuiLib_ud:DuiLib_ud.dll
 0001:000094ba       ?Expand@CListContainerElementUI@DuiLib@@UAE_N_N@Z 0040a4ba f   DuiLib_ud:DuiLib_ud.dll
 0001:000094c0       ?GetInterface@CListContainerElementUI@DuiLib@@UAEPAXPB_W@Z 0040a4c0 f   DuiLib_ud:DuiLib_ud.dll
 0001:000094c6       ?DrawItemBk@CListContainerElementUI@DuiLib@@QAEXPAUHDC__@@ABUtagRECT@@@Z 0040a4c6 f   DuiLib_ud:DuiLib_ud.dll
 0001:000094cc       ?DrawTextW@CRenderEngine@DuiLib@@SAXPAUHDC__@@PAVCPaintManagerUI@2@AAUtagRECT@@PB_WKHI@Z 0040a4cc f   DuiLib_ud:DuiLib_ud.dll
 0001:000094d2       ?DrawHtmlText@CRenderEngine@DuiLib@@SAXPAUHDC__@@PAVCPaintManagerUI@2@AAUtagRECT@@PB_WKPAU5@PAVCDuiString@2@AAHI@Z 0040a4d2 f   DuiLib_ud:DuiLib_ud.dll
 0001:000094d8       ?IsEmpty@CDuiString@DuiLib@@QBE_NXZ 0040a4d8 f   DuiLib_ud:DuiLib_ud.dll
 0001:000094de       ?GetPaintDC@CPaintManagerUI@DuiLib@@QBEPAUHDC__@@XZ 0040a4de f   DuiLib_ud:DuiLib_ud.dll
 0001:000094e4       ?DoEvent@CListContainerElementUI@DuiLib@@UAEXAAUtagTEventUI@2@@Z 0040a4e4 f   DuiLib_ud:DuiLib_ud.dll
 0001:000094ea       ?Activate@CListContainerElementUI@DuiLib@@UAE_NXZ 0040a4ea f   DuiLib_ud:DuiLib_ud.dll
 0001:000094f0       ??0CPoint@DuiLib@@QAE@XZ   0040a4f0 f   DuiLib_ud:DuiLib_ud.dll
 0001:000094f6       ??1CPaintManagerUI@DuiLib@@QAE@XZ 0040a4f6 f   DuiLib_ud:DuiLib_ud.dll
 0001:000094fc       ?MessageLoop@CPaintManagerUI@DuiLib@@SAXXZ 0040a4fc f   DuiLib_ud:DuiLib_ud.dll
 0001:00009502       ?CenterWindow@CWindowWnd@DuiLib@@QAEXXZ 0040a502 f   DuiLib_ud:DuiLib_ud.dll
 0001:00009508       ?Create@CWindowWnd@DuiLib@@QAEPAUHWND__@@PAU3@PB_WKKHHHHPAUHMENU__@@@Z 0040a508 f   DuiLib_ud:DuiLib_ud.dll
 0001:0000950e       ?SetInstance@CPaintManagerUI@DuiLib@@SAXPAUHINSTANCE__@@@Z 0040a50e f   DuiLib_ud:DuiLib_ud.dll
 0001:00009520       ??0_Init_locks@std@@QAE@XZ 0040a520 f   libcpmtd:xlock.obj
 0001:00009570       ??1_Init_locks@std@@QAE@XZ 0040a570 f   libcpmtd:xlock.obj
 0001:000095c0       ?_Init_locks_ctor@_Init_locks@std@@CAXPAV12@@Z 0040a5c0 f   libcpmtd:xlock.obj
 0001:00009610       ?_Init_locks_dtor@_Init_locks@std@@CAXPAV12@@Z 0040a610 f   libcpmtd:xlock.obj
 0001:00009660       ??0_Lockit@std@@QAE@XZ     0040a660 f   libcpmtd:xlock.obj
 0001:00009690       ??0_Lockit@std@@QAE@H@Z    0040a690 f   libcpmtd:xlock.obj
 0001:000096d0       ??1_Lockit@std@@QAE@XZ     0040a6d0 f   libcpmtd:xlock.obj
 0001:00009700       ?_Lockit_ctor@_Lockit@std@@CAXPAV12@@Z 0040a700 f   libcpmtd:xlock.obj
 0001:00009720       ?_Lockit_ctor@_Lockit@std@@CAXPAV12@H@Z 0040a720 f   libcpmtd:xlock.obj
 0001:00009750       ?_Lockit_dtor@_Lockit@std@@CAXPAV12@@Z 0040a750 f   libcpmtd:xlock.obj
 0001:00009770       ?_Lockit_ctor@_Lockit@std@@SAXH@Z 0040a770 f   libcpmtd:xlock.obj
 0001:00009790       ?_Lockit_dtor@_Lockit@std@@SAXH@Z 0040a790 f   libcpmtd:xlock.obj
 0001:000097b0       ?_Debug_message@std@@YAXPB_W0I@Z 0040a7b0 f   libcpmtd:stdthrow.obj
 0001:000097e0       ?_Debug_message@std@@YAXPBG0I@Z 0040a7e0 f   libcpmtd:stdthrow.obj
 0001:00009800       ?_Xinvalid_argument@std@@YAXPBD@Z 0040a800 f   libcpmtd:xthrow.obj
 0001:00009830       ??0invalid_argument@std@@QAE@PBD@Z 0040a830 f i libcpmtd:xthrow.obj
 0001:00009860       ??0logic_error@std@@QAE@PBD@Z 0040a860 f i libcpmtd:xthrow.obj
 0001:00009890       ??_Elogic_error@std@@UAEPAXI@Z 0040a890 f i libcpmtd:xthrow.obj
 0001:00009890       ??_Glogic_error@std@@UAEPAXI@Z 0040a890 f i libcpmtd:xthrow.obj
 0001:000098c0       ??1logic_error@std@@UAE@XZ 0040a8c0 f i libcpmtd:xthrow.obj
 0001:000098e0       ??_Einvalid_argument@std@@UAEPAXI@Z 0040a8e0 f i libcpmtd:xthrow.obj
 0001:000098e0       ??_Ginvalid_argument@std@@UAEPAXI@Z 0040a8e0 f i libcpmtd:xthrow.obj
 0001:00009910       ??1invalid_argument@std@@UAE@XZ 0040a910 f i libcpmtd:xthrow.obj
 0001:00009930       ??0invalid_argument@std@@QAE@ABV01@@Z 0040a930 f i libcpmtd:xthrow.obj
 0001:00009960       ??0logic_error@std@@QAE@ABV01@@Z 0040a960 f i libcpmtd:xthrow.obj
 0001:00009990       ?_Xlength_error@std@@YAXPBD@Z 0040a990 f   libcpmtd:xthrow.obj
 0001:000099c0       ??0length_error@std@@QAE@PBD@Z 0040a9c0 f i libcpmtd:xthrow.obj
[...]
 0001:0004a7e8       __unwindfunclet$?rend@?$vector@PAV?$ReceiverImplBase@HUContextMenuParam@DuiLib@@@@V?$allocator@PAV?$ReceiverImplBase@HUContextMenuParam@DuiLib@@@@@std@@@std@@QAE?AV?$reverse_iterator@V?$_Vector_iterator@V?$_Vector_val@PAV?$ReceiverImplBase@HUContextMenuParam@DuiLib@@@@V?$allocator@PAV?$ReceiverImplBase@HUContextMenuParam@DuiLib@@@@@std@@@std@@@std@@@2@XZ$2 0044b7e8 f   UIMenu.obj
 0001:0004a801       __ehhandler$?rend@?$vector@PAV?$ReceiverImplBase@HUContextMenuParam@DuiLib@@@@V?$allocator@PAV?$ReceiverImplBase@HUContextMenuParam@DuiLib@@@@@std@@@std@@QAE?AV?$reverse_iterator@V?$_Vector_iterator@V?$_Vector_val@PAV?$ReceiverImplBase@HUContextMenuParam@DuiLib@@@@V?$allocator@PAV?$ReceiverImplBase@HUContextMenuParam@DuiLib@@@@@std@@@std@@@std@@@2@XZ 0044b801 f   UIMenu.obj
 0001:0004a820       __unwindfunclet$??1?$vector@PAV?$ObserverImplBase@HUContextMenuParam@DuiLib@@@@V?$allocator@PAV?$ObserverImplBase@HUContextMenuParam@DuiLib@@@@@std@@@std@@QAE@XZ$0 0044b820 f   UIMenu.obj
 0001:0004a828       __ehhandler$??1?$vector@PAV?$ObserverImplBase@HUContextMenuParam@DuiLib@@@@V?$allocator@PAV?$ObserverImplBase@HUContextMenuParam@DuiLib@@@@@std@@@std@@QAE@XZ 0044b828 f   UIMenu.obj
 0001:0004a850       __unwindfunclet$??D?$_Revranit@V?$_Vector_iterator@V?$_Vector_val@PAV?$ReceiverImplBase@HUContextMenuParam@DuiLib@@@@V?$allocator@PAV?$ReceiverImplBase@HUContextMenuParam@DuiLib@@@@@std@@@std@@@std@@U?$iterator@Urandom_access_iterator_tag@std@@PAV?$ReceiverImplBase@HUContextMenuParam@DuiLib@@@@HPAPAV3@AAPAV3@@2@@std@@QBEAAPAV?$ReceiverImplBase@HUContextMenuParam@DuiLib@@@@XZ$0 0044b850 f   UIMenu.obj
 0001:0004a858       __ehhandler$??D?$_Revranit@V?$_Vector_iterator@V?$_Vector_val@PAV?$ReceiverImplBase@HUContextMenuParam@DuiLib@@@@V?$allocator@PAV?$ReceiverImplBase@HUContextMenuParam@DuiLib@@@@@std@@@std@@@std@@U?$iterator@Urandom_access_iterator_tag@std@@PAV?$ReceiverImplBase@HUContextMenuParam@DuiLib@@@@HPAPAV3@AAPAV3@@2@@std@@QBEAAPAV?$ReceiverImplBase@HUContextMenuParam@DuiLib@@@@XZ 0044b858 f   UIMenu.obj
 0001:0004a880       __unwindfunclet$?_Adopt@_Iterator_base12@std@@QAEXPBU_Container_base12@2@@Z$0 0044b880 f   UIMenu.obj
 0001:0004a888       __ehhandler$?_Adopt@_Iterator_base12@std@@QAEXPBU_Container_base12@2@@Z 0044b888 f   UIMenu.obj
 0001:0004a8b0       __unwindfunclet$?_Orphan_range@?$vector@PAV?$ReceiverImplBase@HUContextMenuParam@DuiLib@@@@V?$allocator@PAV?$ReceiverImplBase@HUContextMenuParam@DuiLib@@@@@std@@@std@@IBEXPAPAV?$ReceiverImplBase@HUContextMenuParam@DuiLib@@@@0@Z$0 0044b8b0 f   UIMenu.obj
 0001:0004a8b8       __ehhandler$?_Orphan_range@?$vector@PAV?$ReceiverImplBase@HUContextMenuParam@DuiLib@@@@V?$allocator@PAV?$ReceiverImplBase@HUContextMenuParam@DuiLib@@@@@std@@@std@@IBEXPAPAV?$ReceiverImplBase@HUContextMenuParam@DuiLib@@@@0@Z 0044b8b8 f   UIMenu.obj
 0001:0004a8e0       __unwindfunclet$?_Orphan_range@?$vector@PAV?$ObserverImplBase@HUContextMenuParam@DuiLib@@@@V?$allocator@PAV?$ObserverImplBase@HUContextMenuParam@DuiLib@@@@@std@@@std@@IBEXPAPAV?$ObserverImplBase@HUContextMenuParam@DuiLib@@@@0@Z$0 0044b8e0 f   UIMenu.obj
 0001:0004a8e8       __ehhandler$?_Orphan_range@?$vector@PAV?$ObserverImplBase@HUContextMenuParam@DuiLib@@@@V?$allocator@PAV?$ObserverImplBase@HUContextMenuParam@DuiLib@@@@@std@@@std@@IBEXPAPAV?$ObserverImplBase@HUContextMenuParam@DuiLib@@@@0@Z 0044b8e8 f   UIMenu.obj
 0001:0004a910       __unwindfunclet$??0?$_Vector_val@PAV?$ObserverImplBase@HUContextMenuParam@DuiLib@@@@V?$allocator@PAV?$ObserverImplBase@HUContextMenuParam@DuiLib@@@@@std@@@std@@QAE@V?$allocator@PAV?$ObserverImplBase@HUContextMenuParam@DuiLib@@@@@1@@Z$0 0044b910 f   UIMenu.obj
 0001:0004a918       __ehhandler$??0?$_Vector_val@PAV?$ObserverImplBase@HUContextMenuParam@DuiLib@@@@V?$allocator@PAV?$ObserverImplBase@HUContextMenuParam@DuiLib@@@@@std@@@std@@QAE@V?$allocator@PAV?$ObserverImplBase@HUContextMenuParam@DuiLib@@@@@1@@Z 0044b918 f   UIMenu.obj
 0001:0004a940       __unwindfunclet$??1?$_Vector_val@PAV?$ObserverImplBase@HUContextMenuParam@DuiLib@@@@V?$allocator@PAV?$ObserverImplBase@HUContextMenuParam@DuiLib@@@@@std@@@std@@QAE@XZ$0 0044b940 f   UIMenu.obj
 0001:0004a948       __ehhandler$??1?$_Vector_val@PAV?$ObserverImplBase@HUContextMenuParam@DuiLib@@@@V?$allocator@PAV?$ObserverImplBase@HUContextMenuParam@DuiLib@@@@@std@@@std@@QAE@XZ 0044b948 f   UIMenu.obj
 0001:0004a970       __unwindfunclet$??0?$reverse_iterator@V?$_Vector_iterator@V?$_Vector_val@PAV?$ReceiverImplBase@HUContextMenuParam@DuiLib@@@@V?$allocator@PAV?$ReceiverImplBase@HUContextMenuParam@DuiLib@@@@@std@@@std@@@std@@@std@@QAE@V?$_Vector_iterator@V?$_Vector_val@PAV?$ReceiverImplBase@HUContextMenuParam@DuiLib@@@@V?$allocator@PAV?$ReceiverImplBase@HUContextMenuParam@DuiLib@@@@@std@@@std@@@1@@Z$0 0044b970 f   UIMenu.obj
 0001:0004a978       __ehhandler$??0?$reverse_iterator@V?$_Vector_iterator@V?$_Vector_val@PAV?$ReceiverImplBase@HUContextMenuParam@DuiLib@@@@V?$allocator@PAV?$ReceiverImplBase@HUContextMenuParam@DuiLib@@@@@std@@@std@@@std@@@std@@QAE@V?$_Vector_iterator@V?$_Vector_val@PAV?$ReceiverImplBase@HUContextMenuParam@DuiLib@@@@V?$allocator@PAV?$ReceiverImplBase@HUContextMenuParam@DuiLib@@@@@std@@@std@@@1@@Z 0044b978 f   UIMenu.obj
 0001:0004a9a0       __ehhandler$?reserve@?$vector@PAV?$ReceiverImplBase@HUContextMenuParam@DuiLib@@@@V?$allocator@PAV?$ReceiverImplBase@HUContextMenuParam@DuiLib@@@@@std@@@std@@QAEXI@Z 0044b9a0 f   UIMenu.obj
 0001:0004a9c0       __ehhandler$?reserve@?$vector@PAV?$ObserverImplBase@HUContextMenuParam@DuiLib@@@@V?$allocator@PAV?$ObserverImplBase@HUContextMenuParam@DuiLib@@@@@std@@@std@@QAEXI@Z 0044b9c0 f   UIMenu.obj
 0001:0004a9e0       __unwindfunclet$??0?$_Vector_const_iterator@V?$_Vector_val@PAV?$ReceiverImplBase@HUContextMenuParam@DuiLib@@@@V?$allocator@PAV?$ReceiverImplBase@HUContextMenuParam@DuiLib@@@@@std@@@std@@@std@@QAE@PAPAV?$ReceiverImplBase@HUContextMenuParam@DuiLib@@@@PBU_Container_base12@1@@Z$0 0044b9e0 f   UIMenu.obj
 0001:0004a9e8       __ehhandler$??0?$_Vector_const_iterator@V?$_Vector_val@PAV?$ReceiverImplBase@HUContextMenuParam@DuiLib@@@@V?$allocator@PAV?$ReceiverImplBase@HUContextMenuParam@DuiLib@@@@@std@@@std@@@std@@QAE@PAPAV?$ReceiverImplBase@HUContextMenuParam@DuiLib@@@@PBU_Container_base12@1@@Z 0044b9e8 f   UIMenu.obj
 0001:0004aa10       __unwindfunclet$??0?$_Revranit@V?$_Vector_iterator@V?$_Vector_val@PAV?$ReceiverImplBase@HUContextMenuParam@DuiLib@@@@V?$allocator@PAV?$ReceiverImplBase@HUContextMenuParam@DuiLib@@@@@std@@@std@@@std@@U?$iterator@Urandom_access_iterator_tag@std@@PAV?$ReceiverImplBase@HUContextMenuParam@DuiLib@@@@HPAPAV3@AAPAV3@@2@@std@@QAE@V?$_Vector_iterator@V?$_Vector_val@PAV?$ReceiverImplBase@HUContextMenuParam@DuiLib@@@@V?$allocator@PAV?$ReceiverImplBase@HUContextMenuParam@DuiLib@@@@@std@@@std@@@1@@Z$0 0044ba10 f   UIMenu.obj
 0001:0004aa18       __ehhandler$??0?$_Revranit@V?$_Vector_iterator@V?$_Vector_val@PAV?$ReceiverImplBase@HUContextMenuParam@DuiLib@@@@V?$allocator@PAV?$ReceiverImplBase@HUContextMenuParam@DuiLib@@@@@std@@@std@@@std@@U?$iterator@Urandom_access_iterator_tag@std@@PAV?$ReceiverImplBase@HUContextMenuParam@DuiLib@@@@HPAPAV3@AAPAV3@@2@@std@@QAE@V?$_Vector_iterator@V?$_Vector_val@PAV?$ReceiverImplBase@HUContextMenuParam@DuiLib@@@@V?$allocator@PAV?$ReceiverImplBase@HUContextMenuParam@DuiLib@@@@@std@@@std@@@1@@Z 0044ba18 f   UIMenu.obj
 0001:0004aa40       __unwindfunclet$??0?$_Vector_const_iterator@V?$_Vector_val@PAV?$ObserverImplBase@HUContextMenuParam@DuiLib@@@@V?$allocator@PAV?$ObserverImplBase@HUContextMenuParam@DuiLib@@@@@std@@@std@@@std@@QAE@PAPAV?$ObserverImplBase@HUContextMenuParam@DuiLib@@@@PBU_Container_base12@1@@Z$0 0044ba40 f   UIMenu.obj
 0001:0004aa48       __ehhandler$??0?$_Vector_const_iterator@V?$_Vector_val@PAV?$ObserverImplBase@HUContextMenuParam@DuiLib@@@@V?$allocator@PAV?$ObserverImplBase@HUContextMenuParam@DuiLib@@@@@std@@@std@@@std@@QAE@PAPAV?$ObserverImplBase@HUContextMenuParam@DuiLib@@@@PBU_Container_base12@1@@Z 0044ba48 f   UIMenu.obj
 0001:0004aa70       __unwindfunclet$?construct@?$allocator@U_Container_proxy@std@@@std@@QAEXPAU_Container_proxy@2@$$QAU32@@Z$0 0044ba70 f   UIMenu.obj
 0001:0004aa81       __ehhandler$?construct@?$allocator@U_Container_proxy@std@@@std@@QAEXPAU_Container_proxy@2@$$QAU32@@Z 0044ba81 f   UIMenu.obj
 0001:0004aaa0       __unwindfunclet$??$construct@AAPAV?$ReceiverImplBase@HUContextMenuParam@DuiLib@@@@@?$allocator@PAV?$ReceiverImplBase@HUContextMenuParam@DuiLib@@@@@std@@QAEXPAPAV?$ReceiverImplBase@HUContextMenuParam@DuiLib@@@@AAPAV2@@Z$0 0044baa0 f   UIMenu.obj
 0001:0004aab1       __ehhandler$??$construct@AAPAV?$ReceiverImplBase@HUContextMenuParam@DuiLib@@@@@?$allocator@PAV?$ReceiverImplBase@HUContextMenuParam@DuiLib@@@@@std@@QAEXPAPAV?$ReceiverImplBase@HUContextMenuParam@DuiLib@@@@AAPAV2@@Z 0044bab1 f   UIMenu.obj
 0001:0004aad0       __unwindfunclet$??$construct@AAPAV?$ObserverImplBase@HUContextMenuParam@DuiLib@@@@@?$allocator@PAV?$ObserverImplBase@HUContextMenuParam@DuiLib@@@@@std@@QAEXPAPAV?$ObserverImplBase@HUContextMenuParam@DuiLib@@@@AAPAV2@@Z$0 0044bad0 f   UIMenu.obj
 0001:0004aae1       __ehhandler$??$construct@AAPAV?$ObserverImplBase@HUContextMenuParam@DuiLib@@@@@?$allocator@PAV?$ObserverImplBase@HUContextMenuParam@DuiLib@@@@@std@@QAEXPAPAV?$ObserverImplBase@HUContextMenuParam@DuiLib@@@@AAPAV2@@Z 0044bae1 f   UIMenu.obj
 0001:0004ab00       __unwindfunclet$??$_Construct@PAV?$ReceiverImplBase@HUContextMenuParam@DuiLib@@@@ABQAV1@@std@@YAXPAPAV?$ReceiverImplBase@HUContextMenuParam@DuiLib@@@@ABQAV1@@Z$0 0044bb00 f   UIMenu.obj
 0001:0004ab11       __ehhandler$??$_Construct@PAV?$ReceiverImplBase@HUContextMenuParam@DuiLib@@@@ABQAV1@@std@@YAXPAPAV?$ReceiverImplBase@HUContextMenuParam@DuiLib@@@@ABQAV1@@Z 0044bb11 f   UIMenu.obj
 0001:0004ab30       __unwindfunclet$??$_Construct@PAV?$ObserverImplBase@HUContextMenuParam@DuiLib@@@@ABQAV1@@std@@YAXPAPAV?$ObserverImplBase@HUContextMenuParam@DuiLib@@@@ABQAV1@@Z$0 0044bb30 f   UIMenu.obj
 0001:0004ab41       __ehhandler$??$_Construct@PAV?$ObserverImplBase@HUContextMenuParam@DuiLib@@@@ABQAV1@@std@@YAXPAPAV?$ObserverImplBase@HUContextMenuParam@DuiLib@@@@ABQAV1@@Z 0044bb41 f   UIMenu.obj
 0001:0004ab60       __unwindfunclet$??$_Equal@V?$_Vector_iterator@V?$_Vector_val@PAV?$ReceiverImplBase@HUContextMenuParam@DuiLib@@@@V?$allocator@PAV?$ReceiverImplBase@HUContextMenuParam@DuiLib@@@@@std@@@std@@@std@@U?$iterator@Urandom_access_iterator_tag@std@@PAV?$ReceiverImplBase@HUContextMenuParam@DuiLib@@@@HPAPAV3@AAPAV3@@2@@?$_Revranit@V?$_Vector_iterator@V?$_Vector_val@PAV?$ReceiverImplBase@HUContextMenuParam@DuiLib@@@@V?$allocator@PAV?$ReceiverImplBase@HUContextMenuParam@DuiLib@@@@@std@@@std@@@std@@U?$iterator@Urandom_access_iterator_tag@std@@PAV?$ReceiverImplBase@HUContextMenuParam@DuiLib@@@@HPAPAV3@AAPAV3@@2@@std@@QBE_NABV01@@Z$0 0044bb60 f   UIMenu.obj
 0001:0004ab68       __ehhandler$??$_Equal@V?$_Vector_iterator@V?$_Vector_val@PAV?$ReceiverImplBase@HUContextMenuParam@DuiLib@@@@V?$allocator@PAV?$ReceiverImplBase@HUContextMenuParam@DuiLib@@@@@std@@@std@@@std@@U?$iterator@Urandom_access_iterator_tag@std@@PAV?$ReceiverImplBase@HUContextMenuParam@DuiLib@@@@HPAPAV3@AAPAV3@@2@@?$_Revranit@V?$_Vector_iterator@V?$_Vector_val@PAV?$ReceiverImplBase@HUContextMenuParam@DuiLib@@@@V?$allocator@PAV?$ReceiverImplBase@HUContextMenuParam@DuiLib@@@@@std@@@std@@@std@@U?$iterator@Urandom_access_iterator_tag@std@@PAV?$ReceiverImplBase@HUContextMenuParam@DuiLib@@@@HPAPAV3@AAPAV3@@2@@std@@QBE_NABV01@@Z 0044bb68 f   UIMenu.obj
 0001:0004ab90       __unwindfunclet$??1CMenuWnd@DuiLib@@UAE@XZ$0 0044bb90 f   UIMenu.obj
 0001:0004ab9b       __unwindfunclet$??1CMenuWnd@DuiLib@@UAE@XZ$1 0044bb9b f   UIMenu.obj
 0001:0004abb0       __ehhandler$??1CMenuWnd@DuiLib@@UAE@XZ 0044bbb0 f   UIMenu.obj
 0001:0004abd0       __unwindfunclet$?RemoveReceiver@?$ObserverImpl@HUContextMenuParam@DuiLib@@@@UAEXPAV?$ReceiverImplBase@HUContextMenuParam@DuiLib@@@@@Z$0 0044bbd0 f   UIMenu.obj
 0001:0004abd8       __unwindfunclet$?RemoveReceiver@?$ObserverImpl@HUContextMenuParam@DuiLib@@@@UAEXPAV?$ReceiverImplBase@HUContextMenuParam@DuiLib@@@@@Z$1 0044bbd8 f   UIMenu.obj
 0001:0004abe0       __ehhandler$?RemoveReceiver@?$ObserverImpl@HUContextMenuParam@DuiLib@@@@UAEXPAV?$ReceiverImplBase@HUContextMenuParam@DuiLib@@@@@Z 0044bbe0 f   UIMenu.obj
 0001:0004ac00       __unwindfunclet$?Broadcast@?$ObserverImpl@HUContextMenuParam@DuiLib@@@@UAEHUContextMenuParam@DuiLib@@@Z$0 0044bc00 f   UIMenu.obj
 0001:0004ac08       __unwindfunclet$?Broadcast@?$ObserverImpl@HUContextMenuParam@DuiLib@@@@UAEHUContextMenuParam@DuiLib@@@Z$1 0044bc08 f   UIMenu.obj
 0001:0004ac10       __ehhandler$?Broadcast@?$ObserverImpl@HUContextMenuParam@DuiLib@@@@UAEHUContextMenuParam@DuiLib@@@Z 0044bc10 f   UIMenu.obj
 0001:0004ac30       __unwindfunclet$?Notify@?$ObserverImpl@HUContextMenuParam@DuiLib@@@@UAEHUContextMenuParam@DuiLib@@@Z$0 0044bc30 f   UIMenu.obj
 0001:0004ac38       __unwindfunclet$?Notify@?$ObserverImpl@HUContextMenuParam@DuiLib@@@@UAEHUContextMenuParam@DuiLib@@@Z$1 0044bc38 f   UIMenu.obj
 0001:0004ac40       __ehhandler$?Notify@?$ObserverImpl@HUContextMenuParam@DuiLib@@@@UAEHUContextMenuParam@DuiLib@@@Z 0044bc40 f   UIMenu.obj
 0001:0004ac60       __unwindfunclet$??1?$vector@PAV?$ReceiverImplBase@HUContextMenuParam@DuiLib@@@@V?$allocator@PAV?$ReceiverImplBase@HUContextMenuParam@DuiLib@@@@@std@@@std@@QAE@XZ$0 0044bc60 f   UIMenu.obj
 0001:0004ac68       __ehhandler$??1?$vector@PAV?$ReceiverImplBase@HUContextMenuParam@DuiLib@@@@V?$allocator@PAV?$ReceiverImplBase@HUContextMenuParam@DuiLib@@@@@std@@@std@@QAE@XZ 0044bc68 f   UIMenu.obj
 0001:0004ac90       __unwindfunclet$?erase@?$vector@PAV?$ReceiverImplBase@HUContextMenuParam@DuiLib@@@@V?$allocator@PAV?$ReceiverImplBase@HUContextMenuParam@DuiLib@@@@@std@@@std@@QAE?AV?$_Vector_iterator@V?$_Vector_val@PAV?$ReceiverImplBase@HUContextMenuParam@DuiLib@@@@V?$allocator@PAV?$ReceiverImplBase@HUContextMenuParam@DuiLib@@@@@std@@@std@@@2@V?$_Vector_const_iterator@V?$_Vector_val@PAV?$ReceiverImplBase@HUContextMenuParam@DuiLib@@@@V?$allocator@PAV?$ReceiverImplBase@HUContextMenuParam@DuiLib@@@@@std@@@std@@@2@@Z$0 0044bc90 f   UIMenu.obj
 0001:0004ac98       __unwindfunclet$?erase@?$vector@PAV?$ReceiverImplBase@HUContextMenuParam@DuiLib@@@@V?$allocator@PAV?$ReceiverImplBase@HUContextMenuParam@DuiLib@@@@@std@@@std@@QAE?AV?$_Vector_iterator@V?$_Vector_val@PAV?$ReceiverImplBase@HUContextMenuParam@DuiLib@@@@V?$allocator@PAV?$ReceiverImplBase@HUContextMenuParam@DuiLib@@@@@std@@@std@@@2@V?$_Vector_const_iterator@V?$_Vector_val@PAV?$ReceiverImplBase@HUContextMenuParam@DuiLib@@@@V?$allocator@PAV?$ReceiverImplBase@HUContextMenuParam@DuiLib@@@@@std@@@std@@@2@@Z$2 0044bc98 f   UIMenu.obj
 0001:0004acb1       __ehhandler$?erase@?$vector@PAV?$ReceiverImplBase@HUContextMenuParam@DuiLib@@@@V?$allocator@PAV?$ReceiverImplBase@HUContextMenuParam@DuiLib@@@@@std@@@std@@QAE?AV?$_Vector_iterator@V?$_Vector_val@PAV?$ReceiverImplBase@HUContextMenuParam@DuiLib@@@@V?$allocator@PAV?$ReceiverImplBase@HUContextMenuParam@DuiLib@@@@@std@@@std@@@2@V?$_Vector_const_iterator@V?$_Vector_val@PAV?$ReceiverImplBase@HUContextMenuParam@DuiLib@@@@V?$allocator@PAV?$ReceiverImplBase@HUContextMenuParam@DuiLib@@@@@std@@@std@@@2@@Z 0044bcb1 f   UIMenu.obj
 0001:0004acd0       __unwindfunclet$?_Make_iter@?$vector@PAV?$ReceiverImplBase@HUContextMenuParam@DuiLib@@@@V?$allocator@PAV?$ReceiverImplBase@HUContextMenuParam@DuiLib@@@@@std@@@std@@QBE?AV?$_Vector_iterator@V?$_Vector_val@PAV?$ReceiverImplBase@HUContextMenuParam@DuiLib@@@@V?$allocator@PAV?$ReceiverImplBase@HUContextMenuParam@DuiLib@@@@@std@@@std@@@2@V?$_Vector_const_iterator@V?$_Vector_val@PAV?$ReceiverImplBase@HUContextMenuParam@DuiLib@@@@V?$allocator@PAV?$ReceiverImplBase@HUContextMenuParam@DuiLib@@@@@std@@@std@@@2@@Z$0 0044bcd0 f   UIMenu.obj
 0001:0004acd8       __unwindfunclet$?_Make_iter@?$vector@PAV?$ReceiverImplBase@HUContextMenuParam@DuiLib@@@@V?$allocator@PAV?$ReceiverImplBase@HUContextMenuParam@DuiLib@@@@@std@@@std@@QBE?AV?$_Vector_iterator@V?$_Vector_val@PAV?$ReceiverImplBase@HUContextMenuParam@DuiLib@@@@V?$allocator@PAV?$ReceiverImplBase@HUContextMenuParam@DuiLib@@@@@std@@@std@@@2@V?$_Vector_const_iterator@V?$_Vector_val@PAV?$ReceiverImplBase@HUContextMenuParam@DuiLib@@@@V?$allocator@PAV?$ReceiverImplBase@HUContextMenuParam@DuiLib@@@@@std@@@std@@@2@@Z$1 0044bcd8 f   UIMenu.obj
 0001:0004acf1       __ehhandler$?_Make_iter@?$vector@PAV?$ReceiverImplBase@HUContextMenuParam@DuiLib@@@@V?$allocator@PAV?$ReceiverImplBase@HUContextMenuParam@DuiLib@@@@@std@@@std@@QBE?AV?$_Vector_iterator@V?$_Vector_val@PAV?$ReceiverImplBase@HUContextMenuParam@DuiLib@@@@V?$allocator@PAV?$ReceiverImplBase@HUContextMenuParam@DuiLib@@@@@std@@@std@@@2@V?$_Vector_const_iterator@V?$_Vector_val@PAV?$ReceiverImplBase@HUContextMenuParam@DuiLib@@@@V?$allocator@PAV?$ReceiverImplBase@HUContextMenuParam@DuiLib@@@@@std@@@std@@@2@@Z 0044bcf1 f   UIMenu.obj
 0001:0004ad10       __unwindfunclet$??0?$_Vector_val@PAV?$ReceiverImplBase@HUContextMenuParam@DuiLib@@@@V?$allocator@PAV?$ReceiverImplBase@HUContextMenuParam@DuiLib@@@@@std@@@std@@QAE@V?$allocator@PAV?$ReceiverImplBase@HUContextMenuParam@DuiLib@@@@@1@@Z$0 0044bd10 f   UIMenu.obj
 0001:0004ad18       __ehhandler$??0?$_Vector_val@PAV?$ReceiverImplBase@HUContextMenuParam@DuiLib@@@@V?$allocator@PAV?$ReceiverImplBase@HUContextMenuParam@DuiLib@@@@@std@@@std@@QAE@V?$allocator@PAV?$ReceiverImplBase@HUContextMenuParam@DuiLib@@@@@1@@Z 0044bd18 f   UIMenu.obj
 0001:0004ad40       __unwindfunclet$??1?$_Vector_val@PAV?$ReceiverImplBase@HUContextMenuParam@DuiLib@@@@V?$allocator@PAV?$ReceiverImplBase@HUContextMenuParam@DuiLib@@@@@std@@@std@@QAE@XZ$0 0044bd40 f   UIMenu.obj
 0001:0004ad48       __ehhandler$??1?$_Vector_val@PAV?$ReceiverImplBase@HUContextMenuParam@DuiLib@@@@V?$allocator@PAV?$ReceiverImplBase@HUContextMenuParam@DuiLib@@@@@std@@@std@@QAE@XZ 0044bd48 f   UIMenu.obj
 0001:0004ad70       __ehhandler$?CallUnexpected@@YAXPBU_s_ESTypeList@@@Z 0044bd70 f   LIBCMTD:frame.obj
 0001:0004ad90       __unwindfunclet$?getSystemCP@@YAHH@Z$0 0044bd90 f   LIBCMTD:mbctype.obj
 0001:0004ad98       __ehhandler$?getSystemCP@@YAHH@Z 0044bd98 f   LIBCMTD:mbctype.obj
 0001:0004adc0       __unwindfunclet$?make@DNameStatusNode@@SAPAV1@W4DNameStatus@@@Z$0 0044bdc0 f   LIBCMTD:undname.obj
 0001:0004adce       __ehhandler$?make@DNameStatusNode@@SAPAV1@W4DNameStatus@@@Z 0044bdce f   LIBCMTD:undname.obj
 0001:0004adf0       __unwindfunclet$?x_ismbbtype_l@@YAHPAUlocaleinfo_struct@@IHH@Z$0 0044bdf0 f   LIBCMTD:ismbbyte.obj
 0001:0004adf8       __ehhandler$?x_ismbbtype_l@@YAHPAUlocaleinfo_struct@@IHH@Z 0044bdf8 f   LIBCMTD:ismbbyte.obj
 0001:0004ae20       __unwindfunclet$?strtoxl@@YAKPAUlocaleinfo_struct@@PBDPAPBDHH@Z$0 0044be20 f   LIBCMTD:strtol.obj
 0001:0004ae28       __ehhandler$?strtoxl@@YAKPAUlocaleinfo_struct@@PBDPAPBDHH@Z 0044be28 f   LIBCMTD:strtol.obj
 0001:0004ae50       __unwindfunclet$?strtoxq@@YA_KPAUlocaleinfo_struct@@PBDPAPBDHH@Z$0 0044be50 f   LIBCMTD:strtoq.obj
 0001:0004ae58       __ehhandler$?strtoxq@@YA_KPAUlocaleinfo_struct@@PBDPAPBDHH@Z 0044be58 f   LIBCMTD:strtoq.obj
 0001:0004ae80       ??__Es_mtxEntry@@YAXXZ     0044be80 f   debug.obj
 0001:0004aeb0       ??__Es_context_menu_observer@DuiLib@@YAXXZ 0044beb0 f   UIMenu.obj
 0001:0004aee0       ??__Einitlocks@std@@YAXXZ  0044bee0 f   libcpmtd:xlock.obj
 0001:0004af00       ??__Fs_mtxEntry@@YAXXZ     0044bf00 f   debug.obj
 0001:0004af20       ??__Fs_context_menu_observer@DuiLib@@YAXXZ 0044bf20 f   UIMenu.obj
 0001:0004af40       ??__Finitlocks@std@@YAXXZ  0044bf40 f   libcpmtd:xlock.obj
 0001:0004af60       ??__Fnomem@?5???2@YAPAXI@Z@YAXXZ 0044bf60 f   LIBCMTD:new.obj
