 GameDemo_ud

 Timestamp is 54bcacc4 (Mon Jan 19 15:05:40 2015)

 Preferred load address is 00400000

 Start         Length     Name                   Class
 0001:00000000 0004dbfaH .text                   CODE
 0001:0004dc00 00000923H .text$x                 CODE
 0001:0004e530 0000004eH .text$yc                CODE
 0001:0004e580 00000051H .text$yd                CODE
 0002:00000000 000005d0H .idata$5                DATA
 0002:000005d0 00000004H .CRT$XCA                DATA
 0002:000005d4 00000004H .CRT$XCC                DATA
 0002:000005d8 00000004H .CRT$XCU                DATA
 0002:000005dc 00000004H .CRT$XCZ                DATA
 0002:000005e0 00000004H .CRT$XIA                DATA
 0002:000005e4 00000010H .CRT$XIC                DATA
 0002:000005f4 00000004H .CRT$XIY                DATA
 0002:000005f8 00000004H .CRT$XIZ                DATA
 0002:000005fc 00000004H .CRT$XPA                DATA
 0002:00000600 00000008H .CRT$XPX                DATA
 0002:00000608 00000004H .CRT$XPXA               DATA
 0002:0000060c 00000004H .CRT$XPZ                DATA
 0002:00000610 00000004H .CRT$XTA                DATA
 0002:00000614 00000004H .CRT$XTZ                DATA
 0002:00000620 0000e6f0H .rdata                  DATA
 0002:0000ed10 0000005cH .rdata$debug            DATA
 0002:0000ed6c 00000b34H .rdata$r                DATA
 0002:0000f8a0 000000acH .rdata$sxdata           DATA
 0002:0000f94c 00000004H .rtc$IAA                DATA
 0002:0000f950 0000000cH .rtc$IMZ                DATA
 0002:0000f95c 00000004H .rtc$IZZ                DATA
 0002:0000f960 00000004H .rtc$TAA                DATA
 0002:0000f964 0000000cH .rtc$TMZ                DATA
 0002:0000f970 00000004H .rtc$TZZ                DATA
 0002:0000f978 000012ccH .xdata$x                DATA
 0002:00010c44 00000078H .idata$2                DATA
 0002:00010cbc 00000014H .idata$3                DATA
 0002:00010cd0 000005d0H .idata$4                DATA
 0002:000112a0 000038d4H .idata$6                DATA
 0002:00014b74 00000000H .edata                  DATA
 0003:00000000 00001780H .data                   DATA
 0003:00001780 000025f4H .bss                    DATA

  Address         Publics by Value              Rva+Base       Lib:Object

 0000:00000000       __except_list              00000000     <absolute>
 0000:0000002b       ___safe_se_handler_count   0000002b     <absolute>
 0000:00000000       ___ImageBase               00400000     <linker-defined>
 0001:00000000       _WinMain@16                00401000 f   GameDemo.obj
 0001:00000210       ??0CGameFrameWnd@@QAE@XZ   00401210 f i GameDemo.obj
 0001:00000290       ??0INotifyUI@DuiLib@@QAE@XZ 00401290 f i GameDemo.obj
 0001:000002b0       ?GetWindowClassName@CGameFrameWnd@@UBEPB_WXZ 004012b0 f i GameDemo.obj
 0001:000002d0       ?GetClassStyle@CGameFrameWnd@@UBEIXZ 004012d0 f i GameDemo.obj
 0001:000002f0       ?OnFinalMessage@CGameFrameWnd@@UAEXPAUHWND__@@@Z 004012f0 f i GameDemo.obj
 0001:00000350       ?Notify@CGameFrameWnd@@UAEXAAUtagTNotifyUI@DuiLib@@@Z 00401350 f i GameDemo.obj
 0001:000012d0       ?data@Node@GameListUI@@QAEAAUNodeData@2@XZ 004022d0 f i GameDemo.obj
 0001:000012f0       ?parent@Node@GameListUI@@QAEPAV12@XZ 004022f0 f i GameDemo.obj
 0001:00001310       ?ExpandNode@GameListUI@@QAEXPAVNode@1@_N@Z 00402310 f i GameDemo.obj
 0001:000017b0       ?child@Node@GameListUI@@QAEPAV12@H@Z 004027b0 f i GameDemo.obj
 0001:000017e0       ?has_children@Node@GameListUI@@QBE_NXZ 004027e0 f i GameDemo.obj
 0001:00001810       ?num_children@Node@GameListUI@@QBEHXZ 00402810 f i GameDemo.obj
 0001:00001840       ?get_last_child@Node@GameListUI@@QAEPAV12@XZ 00402840 f i GameDemo.obj
 0001:00001890       ?GetExpanderSizeX@GameListUI@@QBE?AUtagSIZE@@PAVNode@1@@Z 00402890 f i GameDemo.obj
 0001:000019a0       ?OnPrepare@CGameFrameWnd@@QAEXXZ 004029a0 f i GameDemo.obj
 0001:00001d40       ?AddNode@GameListUI@@QAEPAVNode@1@PB_WPAV21@@Z 00402d40 f i GameDemo.obj
 0001:000022c0       ??0Node@GameListUI@@QAE@XZ 004032c0 f i GameDemo.obj
 0001:00002340       ?add_child@Node@GameListUI@@QAEXPAV12@@Z 00403340 f i GameDemo.obj
 0001:00002380       ?set_parent@Node@GameListUI@@AAEXPAV12@@Z 00403380 f i GameDemo.obj
 0001:000023a0       ??0NodeData@GameListUI@@QAE@XZ 004033a0 f i GameDemo.obj
 0001:000023e0       ??_GNode@GameListUI@@QAEPAXI@Z 004033e0 f i GameDemo.obj
 0001:00002420       ??1Node@GameListUI@@QAE@XZ 00403420 f i GameDemo.obj
 0001:000024f0       ??1NodeData@GameListUI@@QAE@XZ 004034f0 f i GameDemo.obj
 0001:00002530       ??_ECListLabelElementUI@DuiLib@@UAEPAXI@Z 00403530 f i GameDemo.obj
 0001:00002530       ??_GCListLabelElementUI@DuiLib@@UAEPAXI@Z 00403530 f i GameDemo.obj
 0001:00002580       ??0CLoginFrameWnd@@QAE@XZ  00403580 f i GameDemo.obj
 0001:00002600       ??0IMessageFilterUI@DuiLib@@QAE@XZ 00403600 f i GameDemo.obj
 0001:00002620       ?GetWindowClassName@CLoginFrameWnd@@UBEPB_WXZ 00403620 f i GameDemo.obj
 0001:00002640       ?GetClassStyle@CLoginFrameWnd@@UBEIXZ 00403640 f i GameDemo.obj
 0001:00002660       ?OnFinalMessage@CLoginFrameWnd@@UAEXPAUHWND__@@@Z 00403660 f i GameDemo.obj
 0001:000026f0       ?Notify@CLoginFrameWnd@@UAEXAAUtagTNotifyUI@DuiLib@@@Z 004036f0 f i GameDemo.obj
 0001:00002a40       ?HandleMessage@CLoginFrameWnd@@UAEJIIJ@Z 00403a40 f i GameDemo.obj
 0001:00002cb0       ?OnCreate@CLoginFrameWnd@@QAEJIIJAAH@Z 00403cb0 f i GameDemo.obj
 0001:00002f30       ??0STRINGorID@DuiLib@@QAE@PB_W@Z 00403f30 f i GameDemo.obj
 0001:00002f50       ?Init@CLoginFrameWnd@@QAEXXZ 00403f50 f i GameDemo.obj
 0001:000030a0       ?OnNcActivate@CLoginFrameWnd@@QAEJIIJAAH@Z 004040a0 f i GameDemo.obj
 0001:00003100       ?OnNcCalcSize@CLoginFrameWnd@@QAEJIIJAAH@Z 00404100 f i GameDemo.obj
 0001:00003120       ?OnNcPaint@CLoginFrameWnd@@QAEJIIJAAH@Z 00404120 f i GameDemo.obj
 0001:00003140       ?OnNcHitTest@CLoginFrameWnd@@QAEJIIJAAH@Z 00404140 f i GameDemo.obj
 0001:000032f0       ?OnSize@CLoginFrameWnd@@QAEJIIJAAH@Z 004042f0 f i GameDemo.obj
 0001:000034b0       ?MessageHandler@CLoginFrameWnd@@UAEJIIJAA_N@Z 004044b0 f i GameDemo.obj
 0001:000036e0       ??_GCLoginFrameWnd@@QAEPAXI@Z 004046e0 f i GameDemo.obj
 0001:00003720       ??0CDialogBuilderCallbackEx@@QAE@XZ 00404720 f i GameDemo.obj
 0001:00003750       ??0IDialogBuilderCallback@DuiLib@@QAE@XZ 00404750 f i GameDemo.obj
 0001:00003770       ?CreateControl@CDialogBuilderCallbackEx@@UAEPAVCControlUI@DuiLib@@PB_W@Z 00404770 f i GameDemo.obj
 0001:00003890       ??0GameListUI@@QAE@XZ      00404890 f i GameDemo.obj
 0001:00003a00       ?Add@GameListUI@@UAE_NPAVCControlUI@DuiLib@@@Z 00404a00 f i GameDemo.obj
 0001:00003a70       ?AddAt@GameListUI@@UAE_NPAVCControlUI@DuiLib@@H@Z 00404a70 f i GameDemo.obj
 0001:00003ae0       ?Remove@GameListUI@@UAE_NPAVCControlUI@DuiLib@@@Z 00404ae0 f i GameDemo.obj
 0001:00003bf0       ?RemoveAt@GameListUI@@UAE_NH@Z 00404bf0 f i GameDemo.obj
 0001:00003d10       ?RemoveAll@GameListUI@@UAEXXZ 00404d10 f i GameDemo.obj
 0001:00003e90       ?SetVisible@GameListUI@@UAEX_N@Z 00404e90 f i GameDemo.obj
 0001:00003ee0       ?SetInternVisible@GameListUI@@UAEX_N@Z 00404ee0 f i GameDemo.obj
 0001:00003f20       ?DoEvent@GameListUI@@UAEXAAUtagTEventUI@DuiLib@@@Z 00404f20 f i GameDemo.obj
 0001:00004300       ?abs@@YAJJ@Z               00405300 f i GameDemo.obj
 0001:00004320       ?CalculateDelay@@YANN@Z    00405320 f i GameDemo.obj
 0001:00004340       ?pow@@YANNH@Z              00405340 f i GameDemo.obj
 0001:00004370       ?RemoveNode@GameListUI@@QAE_NPAVNode@1@@Z 00405370 f i GameDemo.obj
 0001:00004460       ?remove_child@Node@GameListUI@@QAEXPAV12@@Z 00405460 f i GameDemo.obj
 0001:000045a0       ??1?$_Vector_iterator@V?$_Vector_val@PAVNode@GameListUI@@V?$allocator@PAVNode@GameListUI@@@std@@@std@@@std@@QAE@XZ 004055a0 f i GameDemo.obj
 0001:000045d0       ??0?$_Vector_const_iterator@V?$_Vector_val@PAVNode@GameListUI@@V?$allocator@PAVNode@GameListUI@@@std@@@std@@@std@@QAE@ABV01@@Z 004055d0 f i GameDemo.obj
 0001:00004610       ??1?$_Vector_const_iterator@V?$_Vector_val@PAVNode@GameListUI@@V?$allocator@PAVNode@GameListUI@@@std@@@std@@@std@@QAE@XZ 00405610 f i GameDemo.obj
 0001:00004640       ??_GGameListUI@@UAEPAXI@Z  00405640 f i GameDemo.obj
 0001:00004640       ??_EGameListUI@@UAEPAXI@Z  00405640 f i GameDemo.obj
 0001:00004680       ??1GameListUI@@UAE@XZ      00405680 f i GameDemo.obj
 0001:00004760       ??0?$_Iterator012@Urandom_access_iterator_tag@std@@PAVNode@GameListUI@@HPBQAV34@ABQAV34@U_Iterator_base12@2@@std@@QAE@ABU01@@Z 00405760 f i GameDemo.obj
 0001:00004790       ??0_Iterator_base12@std@@QAE@ABU01@@Z 00405790 f i GameDemo.obj
 0001:000047d0       ??4_Iterator_base12@std@@QAEAAU01@ABU01@@Z 004057d0 f i GameDemo.obj
 0001:00004810       ?_Adopt@_Iterator_base12@std@@QAEXPBU_Container_base12@2@@Z 00405810 f i GameDemo.obj
 0001:00004900       ?_Orphan_me@_Iterator_base12@std@@QAEXXZ 00405900 f i GameDemo.obj
 0001:00004990       ??1?$_Iterator012@Urandom_access_iterator_tag@std@@PAVNode@GameListUI@@HPBQAV34@ABQAV34@U_Iterator_base12@2@@std@@QAE@XZ 00405990 f i GameDemo.obj
 0001:000049c0       ??1_Iterator_base12@std@@QAE@XZ 004059c0 f i GameDemo.obj
 0001:00004a70       ??0DeskListUI@@QAE@XZ      00405a70 f i GameDemo.obj
 0001:00004e10       ?DoEvent@DeskListUI@@UAEXAAUtagTEventUI@DuiLib@@@Z 00405e10 f i GameDemo.obj
 0001:000054d0       ??_GDeskListUI@@UAEPAXI@Z  004064d0 f i GameDemo.obj
 0001:000054d0       ??_EDeskListUI@@UAEPAXI@Z  004064d0 f i GameDemo.obj
 0001:00005510       ??1DeskListUI@@UAE@XZ      00406510 f i GameDemo.obj
 0001:00005540       ??1CLoginFrameWnd@@QAE@XZ  00406540 f i GameDemo.obj
 0001:00005580       ?SendChatMessage@CGameFrameWnd@@QAEXXZ 00406580 f i GameDemo.obj
 0001:000059d0       ?GetItemText@CGameFrameWnd@@UAEPB_WPAVCControlUI@DuiLib@@HH@Z 004069d0 f i GameDemo.obj
 0001:00005b60       ?HandleMessage@CGameFrameWnd@@UAEJIIJ@Z 00406b60 f i GameDemo.obj
 0001:00005ee0       ?OnCreate@CGameFrameWnd@@QAEJIIJAAH@Z 00406ee0 f i GameDemo.obj
 0001:00006130       ?Init@CGameFrameWnd@@QAEXXZ 00407130 f i GameDemo.obj
 0001:000062d0       ?OnClose@CGameFrameWnd@@QAEJIIJAAH@Z 004072d0 f i GameDemo.obj
 0001:000062f0       ?OnDestroy@CGameFrameWnd@@QAEJIIJAAH@Z 004072f0 f i GameDemo.obj
 0001:00006330       ?OnNcActivate@CGameFrameWnd@@QAEJIIJAAH@Z 00407330 f i GameDemo.obj
 0001:00006390       ?OnNcCalcSize@CGameFrameWnd@@QAEJIIJAAH@Z 00407390 f i GameDemo.obj
 0001:000063b0       ?OnNcPaint@CGameFrameWnd@@QAEJIIJAAH@Z 004073b0 f i GameDemo.obj
 0001:000063d0       ?OnNcHitTest@CGameFrameWnd@@QAEJIIJAAH@Z 004073d0 f i GameDemo.obj
 0001:00006700       ?OnSize@CGameFrameWnd@@QAEJIIJAAH@Z 00407700 f i GameDemo.obj
 0001:000068c0       ?OnGetMinMaxInfo@CGameFrameWnd@@QAEJIIJAAH@Z 004078c0 f i GameDemo.obj
 0001:00006a00       ?OnSysCommand@CGameFrameWnd@@QAEJIIJAAH@Z 00407a00 f i GameDemo.obj
 0001:00006bd0       ??0IListCallbackUI@DuiLib@@QAE@XZ 00407bd0 f i GameDemo.obj
 0001:00006bf0       ??_GCGameFrameWnd@@QAEPAXI@Z 00407bf0 f i GameDemo.obj
 0001:00006c30       ??_ECListTextElementUI@DuiLib@@UAEPAXI@Z 00407c30 f i GameDemo.obj
 0001:00006c30       ??_GCListTextElementUI@DuiLib@@UAEPAXI@Z 00407c30 f i GameDemo.obj
 0001:00006c80       ??1CGameFrameWnd@@QAE@XZ   00407c80 f i GameDemo.obj
 0001:00006cc0       ??0?$vector@PAVNode@GameListUI@@V?$allocator@PAVNode@GameListUI@@@std@@@std@@QAE@XZ 00407cc0 f i GameDemo.obj
 0001:00006d00       ??1?$vector@PAVNode@GameListUI@@V?$allocator@PAVNode@GameListUI@@@std@@@std@@QAE@XZ 00407d00 f i GameDemo.obj
 0001:00006d70       ?begin@?$vector@PAVNode@GameListUI@@V?$allocator@PAVNode@GameListUI@@@std@@@std@@QAE?AV?$_Vector_iterator@V?$_Vector_val@PAVNode@GameListUI@@V?$allocator@PAVNode@GameListUI@@@std@@@std@@@2@XZ 00407d70 f i GameDemo.obj
 0001:00006dc0       ?end@?$vector@PAVNode@GameListUI@@V?$allocator@PAVNode@GameListUI@@@std@@@std@@QAE?AV?$_Vector_iterator@V?$_Vector_val@PAVNode@GameListUI@@V?$allocator@PAVNode@GameListUI@@@std@@@std@@@2@XZ 00407dc0 f i GameDemo.obj
 0001:00006e10       ?size@?$vector@PAVNode@GameListUI@@V?$allocator@PAVNode@GameListUI@@@std@@@std@@QBEIXZ 00407e10 f i GameDemo.obj
 0001:00006e40       ??A?$vector@PAVNode@GameListUI@@V?$allocator@PAVNode@GameListUI@@@std@@@std@@QAEAAPAVNode@GameListUI@@I@Z 00407e40 f i GameDemo.obj
 0001:00006ee0       ?push_back@?$vector@PAVNode@GameListUI@@V?$allocator@PAVNode@GameListUI@@@std@@@std@@QAEXABQAVNode@GameListUI@@@Z 00407ee0 f i GameDemo.obj
 0001:00007000       ?erase@?$vector@PAVNode@GameListUI@@V?$allocator@PAVNode@GameListUI@@@std@@@std@@QAE?AV?$_Vector_iterator@V?$_Vector_val@PAVNode@GameListUI@@V?$allocator@PAVNode@GameListUI@@@std@@@std@@@2@V?$_Vector_const_iterator@V?$_Vector_val@PAVNode@GameListUI@@V?$allocator@PAVNode@GameListUI@@@std@@@std@@@2@@Z 00408000 f i GameDemo.obj
 0001:00007130       ?_Getcont@_Iterator_base12@std@@QBEPBU_Container_base12@2@XZ 00408130 f i GameDemo.obj
 0001:00007170       ??D?$_Vector_iterator@V?$_Vector_val@PAVNode@GameListUI@@V?$allocator@PAVNode@GameListUI@@@std@@@std@@@std@@QBEAAPAVNode@GameListUI@@XZ 00408170 f i GameDemo.obj
 0001:000071a0       ??E?$_Vector_iterator@V?$_Vector_val@PAVNode@GameListUI@@V?$allocator@PAVNode@GameListUI@@@std@@@std@@@std@@QAEAAV01@XZ 004081a0 f i GameDemo.obj
 0001:000071d0       ??M?$_Vector_const_iterator@V?$_Vector_val@PAVNode@GameListUI@@V?$allocator@PAVNode@GameListUI@@@std@@@std@@@std@@QBE_NABV01@@Z 004081d0 f i GameDemo.obj
 0001:00007210       ?_Make_iter@?$vector@PAVNode@GameListUI@@V?$allocator@PAVNode@GameListUI@@@std@@@std@@QBE?AV?$_Vector_iterator@V?$_Vector_val@PAVNode@GameListUI@@V?$allocator@PAVNode@GameListUI@@@std@@@std@@@2@V?$_Vector_const_iterator@V?$_Vector_val@PAVNode@GameListUI@@V?$allocator@PAVNode@GameListUI@@@std@@@std@@@2@@Z 00408210 f i GameDemo.obj
 0001:000072a0       ?_Destroy@?$vector@PAVNode@GameListUI@@V?$allocator@PAVNode@GameListUI@@@std@@@std@@IAEXPAPAVNode@GameListUI@@0@Z 004082a0 f i GameDemo.obj
 0001:000072e0       ?_Inside@?$vector@PAVNode@GameListUI@@V?$allocator@PAVNode@GameListUI@@@std@@@std@@IBE_NPBQAVNode@GameListUI@@@Z 004082e0 f i GameDemo.obj
 0001:00007330       ?_Reserve@?$vector@PAVNode@GameListUI@@V?$allocator@PAVNode@GameListUI@@@std@@@std@@IAEXI@Z 00408330 f i GameDemo.obj
 0001:000073b0       ?_Tidy@?$vector@PAVNode@GameListUI@@V?$allocator@PAVNode@GameListUI@@@std@@@std@@IAEXXZ 004083b0 f i GameDemo.obj
 0001:00007440       ?_Orphan_all@_Container_base12@std@@QAEXXZ 00408440 f i GameDemo.obj
 0001:000074f0       ?_Orphan_range@?$vector@PAVNode@GameListUI@@V?$allocator@PAVNode@GameListUI@@@std@@@std@@IBEXPAPAVNode@GameListUI@@0@Z 004084f0 f i GameDemo.obj
 0001:00007600       ?_Getpfirst@_Container_base12@std@@QBEPAPAU_Iterator_base12@2@XZ 00408600 f i GameDemo.obj
 0001:00007640       ?_Clrcont@_Iterator_base12@std@@QAEXXZ 00408640 f i GameDemo.obj
 0001:00007660       ?_Getpnext@_Iterator_base12@std@@QAEPAPAU12@XZ 00408660 f i GameDemo.obj
 0001:00007680       ??0?$_Vector_val@PAVNode@GameListUI@@V?$allocator@PAVNode@GameListUI@@@std@@@std@@QAE@V?$allocator@PAVNode@GameListUI@@@1@@Z 00408680 f i GameDemo.obj
 0001:000077a0       ??0_Container_proxy@std@@QAE@XZ 004087a0 f i GameDemo.obj
 0001:000077d0       ??0_Container_base12@std@@QAE@XZ 004087d0 f i GameDemo.obj
 0001:000077f0       ??1_Container_base12@std@@QAE@XZ 004087f0 f i GameDemo.obj
 0001:00007820       ??1?$_Vector_val@PAVNode@GameListUI@@V?$allocator@PAVNode@GameListUI@@@std@@@std@@QAE@XZ 00408820 f i GameDemo.obj
 0001:00007900       ??0?$allocator@PAVNode@GameListUI@@@std@@QAE@XZ 00408900 f i GameDemo.obj
 0001:00007920       ??0?$_Vector_iterator@V?$_Vector_val@PAVNode@GameListUI@@V?$allocator@PAVNode@GameListUI@@@std@@@std@@@std@@QAE@PAPAVNode@GameListUI@@PBU_Container_base12@1@@Z 00408920 f i GameDemo.obj
 0001:00007960       ??D?$_Vector_const_iterator@V?$_Vector_val@PAVNode@GameListUI@@V?$allocator@PAVNode@GameListUI@@@std@@@std@@@std@@QBEABQAVNode@GameListUI@@XZ 00408960 f i GameDemo.obj
 0001:00007a20       ??E?$_Vector_const_iterator@V?$_Vector_val@PAVNode@GameListUI@@V?$allocator@PAVNode@GameListUI@@@std@@@std@@@std@@QAEAAV01@XZ 00408a20 f i GameDemo.obj
 0001:00007ad0       ?_Compat@?$_Vector_const_iterator@V?$_Vector_val@PAVNode@GameListUI@@V?$allocator@PAVNode@GameListUI@@@std@@@std@@@std@@QBEXABV12@@Z 00408ad0 f i GameDemo.obj
 0001:00007b80       ?reserve@?$vector@PAVNode@GameListUI@@V?$allocator@PAVNode@GameListUI@@@std@@@std@@QAEXI@Z 00408b80 f i GameDemo.obj
 0001:00007cf0       ?capacity@?$vector@PAVNode@GameListUI@@V?$allocator@PAVNode@GameListUI@@@std@@@std@@QBEIXZ 00408cf0 f i GameDemo.obj
 0001:00007d20       ?max_size@?$vector@PAVNode@GameListUI@@V?$allocator@PAVNode@GameListUI@@@std@@@std@@QBEIXZ 00408d20 f i GameDemo.obj
 0001:00007d50       ?_Grow_to@?$vector@PAVNode@GameListUI@@V?$allocator@PAVNode@GameListUI@@@std@@@std@@IBEII@Z 00408d50 f i GameDemo.obj
 0001:00007dd0       ?_Xlen@?$vector@PAVNode@GameListUI@@V?$allocator@PAVNode@GameListUI@@@std@@@std@@IBEXXZ 00408dd0 f i GameDemo.obj
 0001:00007e00       ??0?$allocator@PAVNode@GameListUI@@@std@@QAE@ABV01@@Z 00408e00 f i GameDemo.obj
 0001:00007e20       ?deallocate@?$allocator@PAVNode@GameListUI@@@std@@QAEXPAPAVNode@GameListUI@@I@Z 00408e20 f i GameDemo.obj
 0001:00007e50       ??0?$_Vector_const_iterator@V?$_Vector_val@PAVNode@GameListUI@@V?$allocator@PAVNode@GameListUI@@@std@@@std@@@std@@QAE@PAPAVNode@GameListUI@@PBU_Container_base12@1@@Z 00408e50 f i GameDemo.obj
 0001:00007ed0       ?deallocate@?$allocator@U_Container_proxy@std@@@std@@QAEXPAU_Container_proxy@2@I@Z 00408ed0 f i GameDemo.obj
 0001:00007f00       ?allocate@?$allocator@U_Container_proxy@std@@@std@@QAEPAU_Container_proxy@2@I@Z 00408f00 f i GameDemo.obj
 0001:00007f30       ??0?$_Iterator012@Urandom_access_iterator_tag@std@@PAVNode@GameListUI@@HPBQAV34@ABQAV34@U_Iterator_base12@2@@std@@QAE@XZ 00408f30 f i GameDemo.obj
 0001:00007f60       ??0_Iterator_base12@std@@QAE@XZ 00408f60 f i GameDemo.obj
 0001:00007f90       ?allocate@?$allocator@PAVNode@GameListUI@@@std@@QAEPAPAVNode@GameListUI@@I@Z 00408f90 f i GameDemo.obj
 0001:00007fc0       ?max_size@?$allocator@PAVNode@GameListUI@@@std@@QBEIXZ 00408fc0 f i GameDemo.obj
 0001:00008010       ??$addressof@QAVNode@GameListUI@@@std@@YAPBQAVNode@GameListUI@@ABQAV12@@Z 00409010 f i GameDemo.obj
 0001:00008020       ??$_Cons_val@V?$allocator@PAVNode@GameListUI@@@std@@PAVNode@GameListUI@@AAPAV34@@std@@YAXAAV?$allocator@PAVNode@GameListUI@@@0@PAPAVNode@GameListUI@@AAPAV23@@Z 00409020 f i GameDemo.obj
 0001:00008050       ??$_Cons_val@V?$allocator@PAVNode@GameListUI@@@std@@PAVNode@GameListUI@@ABQAV34@@std@@YAXAAV?$allocator@PAVNode@GameListUI@@@0@PAPAVNode@GameListUI@@ABQAV23@@Z 00409050 f i GameDemo.obj
 0001:00008080       ??$_Move@PAPAVNode@GameListUI@@PAPAV12@@std@@YAPAPAVNode@GameListUI@@PAPAV12@00@Z 00409080 f i GameDemo.obj
 0001:000080d0       ??$_Destroy_range@V?$allocator@PAVNode@GameListUI@@@std@@@std@@YAXPAPAVNode@GameListUI@@0AAV?$allocator@PAVNode@GameListUI@@@0@@Z 004090d0 f i GameDemo.obj
 0001:00008120       ??$?0PAVNode@GameListUI@@@?$allocator@U_Container_proxy@std@@@std@@QAE@ABV?$allocator@PAVNode@GameListUI@@@1@@Z 00409120 f i GameDemo.obj
 0001:00008140       ??$_Cons_val@V?$allocator@U_Container_proxy@std@@@std@@U_Container_proxy@2@U32@@std@@YAXAAV?$allocator@U_Container_proxy@std@@@0@PAU_Container_proxy@0@$$QAU20@@Z 00409140 f i GameDemo.obj
 0001:00008170       ??$_Dest_val@V?$allocator@U_Container_proxy@std@@@std@@U_Container_proxy@2@@std@@YAXAAV?$allocator@U_Container_proxy@std@@@0@PAU_Container_proxy@0@@Z 00409170 f i GameDemo.obj
 0001:00008190       ??$_Umove@PAPAVNode@GameListUI@@@?$vector@PAVNode@GameListUI@@V?$allocator@PAVNode@GameListUI@@@std@@@std@@IAEPAPAVNode@GameListUI@@PAPAV23@00@Z 00409190 f i GameDemo.obj
 0001:000081d0       ??$_Allocate@U_Container_proxy@std@@@std@@YAPAU_Container_proxy@0@IPAU10@@Z 004091d0 f i GameDemo.obj
 0001:00008250       ??0bad_alloc@std@@QAE@PBD@Z 00409250 f i GameDemo.obj
 0001:00008290       ??1bad_alloc@std@@UAE@XZ   00409290 f i GameDemo.obj
 0001:000082c0       ??_Ebad_alloc@std@@UAEPAXI@Z 004092c0 f i GameDemo.obj
 0001:000082c0       ??_Gbad_alloc@std@@UAEPAXI@Z 004092c0 f i GameDemo.obj
 0001:00008300       ??$_Allocate@PAVNode@GameListUI@@@std@@YAPAPAVNode@GameListUI@@IPAPAV12@@Z 00409300 f i GameDemo.obj
 0001:00008380       ??0bad_alloc@std@@QAE@ABV01@@Z 00409380 f i GameDemo.obj
 0001:000083c0       ?construct@?$allocator@PAVNode@GameListUI@@@std@@QAEXPAPAVNode@GameListUI@@ABQAV34@@Z 004093c0 f i GameDemo.obj
 0001:000083f0       ?construct@?$allocator@U_Container_proxy@std@@@std@@QAEXPAU_Container_proxy@2@$$QAU32@@Z 004093f0 f i GameDemo.obj
 0001:000084a0       ??2@YAPAXIPAX@Z            004094a0 f i GameDemo.obj
 0001:000084b0       ??3@YAXPAX0@Z              004094b0 f i GameDemo.obj
 0001:000084c0       ?destroy@?$allocator@U_Container_proxy@std@@@std@@QAEXPAU_Container_proxy@2@@Z 004094c0 f i GameDemo.obj
 0001:000084f0       ??$forward@AAPAVNode@GameListUI@@@std@@YAAAPAVNode@GameListUI@@AAPAV12@@Z 004094f0 f i GameDemo.obj
 0001:00008500       ??$construct@AAPAVNode@GameListUI@@@?$allocator@PAVNode@GameListUI@@@std@@QAEXPAPAVNode@GameListUI@@AAPAV23@@Z 00409500 f i GameDemo.obj
 0001:000085b0       ??$forward@ABQAVNode@GameListUI@@@std@@YAABQAVNode@GameListUI@@ABQAV12@@Z 004095b0 f i GameDemo.obj
 0001:000085c0       ??$_Ptr_cat@PAVNode@GameListUI@@PAV12@@std@@YA?AU_Scalar_ptr_iterator_tag@0@PAPAVNode@GameListUI@@0@Z 004095c0 f i GameDemo.obj
 0001:00008610       ??$_Move@PAPAVNode@GameListUI@@PAPAV12@@std@@YAPAPAVNode@GameListUI@@PAPAV12@00U_Scalar_ptr_iterator_tag@0@@Z 00409610 f i GameDemo.obj
 0001:00008660       ??$_Destroy_range@V?$allocator@PAVNode@GameListUI@@@std@@@std@@YAXPAPAVNode@GameListUI@@0AAV?$allocator@PAVNode@GameListUI@@@0@U_Scalar_ptr_iterator_tag@0@@Z 00409660 f i GameDemo.obj
 0001:00008670       ??$forward@U_Container_proxy@std@@@std@@YA$$QAU_Container_proxy@0@AAU10@@Z 00409670 f i GameDemo.obj
 0001:00008680       ??$_Uninitialized_move@PAPAVNode@GameListUI@@PAPAV12@V?$allocator@PAVNode@GameListUI@@@std@@@std@@YAPAPAVNode@GameListUI@@PAPAV12@00AAV?$allocator@PAVNode@GameListUI@@@0@@Z 00409680 f i GameDemo.obj
 0001:000086e0       ??$_Construct@PAVNode@GameListUI@@ABQAV12@@std@@YAXPAPAVNode@GameListUI@@ABQAV12@@Z 004096e0 f i GameDemo.obj
 0001:00008790       ??$_Destroy@U_Container_proxy@std@@@std@@YAXPAU_Container_proxy@0@@Z 00409790 f i GameDemo.obj
 0001:000087a0       ??$_Val_type@PAPAVNode@GameListUI@@@std@@YAPAPAVNode@GameListUI@@PAPAV12@@Z 004097a0 f i GameDemo.obj
 0001:000087b0       ??$_Uninit_move@PAVNode@GameListUI@@PAV12@PAV12@@std@@YAPAPAVNode@GameListUI@@PAPAV12@00AAV?$allocator@PAVNode@GameListUI@@@0@0U_Scalar_ptr_iterator_tag@0@@Z 004097b0 f i GameDemo.obj
 0001:00008830       ??$_Debug_range@PAPAVNode@GameListUI@@@std@@YAXPAPAVNode@GameListUI@@0PB_WI@Z 00409830 f i GameDemo.obj
 0001:00008880       ??$_Debug_pointer@PAVNode@GameListUI@@@std@@YAXPAPAVNode@GameListUI@@PB_WI@Z 00409880 f i GameDemo.obj
 0001:000088b0       ??$_Iter_cat@PAPAVNode@GameListUI@@@std@@YA?AUrandom_access_iterator_tag@0@ABQAPAVNode@GameListUI@@@Z 004098b0 f i GameDemo.obj
 0001:00008910       ??$_Debug_range2@PAPAVNode@GameListUI@@@std@@YAXPAPAVNode@GameListUI@@0PB_WIUrandom_access_iterator_tag@0@@Z 00409910 f i GameDemo.obj
 0001:00008970       ?DoEvent@GameListUI@@WEPE@AEXAAUtagTEventUI@DuiLib@@@Z 00409970 f i GameDemo.obj
 0001:00008980       ??$_Pow_int@N@@YANNH@Z     00409980 f i GameDemo.obj
 0001:00008a00       ??_H@YGXPAXIHP6EPAX0@Z@Z   00409a00 f i StdAfx.obj
 0001:00008a40       ??0CMiniDumper@@QAE@_N@Z   00409a40 f   MiniDumper.obj
 0001:00008af0       ??1CMiniDumper@@QAE@XZ     00409af0 f   MiniDumper.obj
 0001:00008b50       ?unhandledExceptionHandler@CMiniDumper@@CGJPAU_EXCEPTION_POINTERS@@@Z 00409b50 f   MiniDumper.obj
 0001:00008b80       ?setMiniDumpFileName@CMiniDumper@@AAEXXZ 00409b80 f   MiniDumper.obj
 0001:00008c50       ?getImpersonationToken@CMiniDumper@@AAE_NPAPAX@Z 00409c50 f   MiniDumper.obj
 0001:00008d00       ?enablePrivilege@CMiniDumper@@AAEHPB_WPAXPAU_TOKEN_PRIVILEGES@@@Z 00409d00 f   MiniDumper.obj
 0001:00008e20       ?restorePrivilege@CMiniDumper@@AAEHPAXPAU_TOKEN_PRIVILEGES@@@Z 00409e20 f   MiniDumper.obj
 0001:00008eb0       ?writeMiniDump@CMiniDumper@@AAEJPAU_EXCEPTION_POINTERS@@@Z 00409eb0 f   MiniDumper.obj
 0001:00009340       ?wcsrchr@@YAPA_WPA_W_W@Z   0040a340 f i MiniDumper.obj
 0001:00009360       ??$wcscpy_s@$0BAE@@@YAHAAY0BAE@_WPB_W@Z 0040a360 f i MiniDumper.obj
 0001:00009390       ??$wcscat_s@$0BAE@@@YAHAAY0BAE@_WPB_W@Z 0040a390 f i MiniDumper.obj
 0001:000093b2       _InitializeCriticalSection@4 0040a3b2 f   kernel32:KERNEL32.dll
 0001:000093b8       _SetUnhandledExceptionFilter@4 0040a3b8 f   kernel32:KERNEL32.dll
 0001:000093be       _DeleteCriticalSection@4   0040a3be f   kernel32:KERNEL32.dll
 0001:000093c4       _GetCurrentProcess@0       0040a3c4 f   kernel32:KERNEL32.dll
 0001:000093ca       _GetLastError@0            0040a3ca f   kernel32:KERNEL32.dll
 0001:000093d0       _GetCurrentThread@0        0040a3d0 f   kernel32:KERNEL32.dll
 0001:000093d6       _TerminateProcess@8        0040a3d6 f   kernel32:KERNEL32.dll
 0001:000093dc       _CloseHandle@4             0040a3dc f   kernel32:KERNEL32.dll
 0001:000093e2       _LeaveCriticalSection@4    0040a3e2 f   kernel32:KERNEL32.dll
 0001:000093e8       _GetCurrentProcessId@0     0040a3e8 f   kernel32:KERNEL32.dll
 0001:000093ee       _EnterCriticalSection@4    0040a3ee f   kernel32:KERNEL32.dll
 0001:000093f4       _GetCurrentThreadId@0      0040a3f4 f   kernel32:KERNEL32.dll
 0001:000093fa       _CreateFileW@28            0040a3fa f   kernel32:KERNEL32.dll
 0001:00009400       _GetProcAddress@8          0040a400 f   kernel32:KERNEL32.dll
 0001:00009406       _LoadLibraryW@4            0040a406 f   kernel32:KERNEL32.dll
 0001:0000940c       _GetModuleFileNameW@12     0040a40c f   kernel32:KERNEL32.dll
 0001:00009412       _ShowWindow@8              0040a412 f   user32:USER32.dll
 0001:00009418       _ScreenToClient@8          0040a418 f   user32:USER32.dll
 0001:0000941e       _GetCursorPos@4            0040a41e f   user32:USER32.dll
 0001:00009424       _PostQuitMessage@4         0040a424 f   user32:USER32.dll
 0001:0000942a       _SetWindowLongW@12         0040a42a f   user32:USER32.dll
 0001:00009430       _GetWindowLongW@8          0040a430 f   user32:USER32.dll
 0001:00009436       _IsIconic@4                0040a436 f   user32:USER32.dll
 0001:0000943c       _GetClientRect@8           0040a43c f   user32:USER32.dll
 0001:00009442       _SetWindowRgn@12           0040a442 f   user32:USER32.dll
 0001:00009448       _GetWindowRect@8           0040a448 f   user32:USER32.dll
 0001:0000944e       _SetCursor@4               0040a44e f   user32:USER32.dll
 0001:00009454       _LoadCursorW@8             0040a454 f   user32:USER32.dll
 0001:0000945a       _IsZoomed@4                0040a45a f   user32:USER32.dll
 0001:00009460       _GetMonitorInfoW@8         0040a460 f   user32:USER32.dll
 0001:00009466       _MonitorFromWindow@8       0040a466 f   user32:USER32.dll
 0001:0000946c       _wsprintfW                 0040a46c f   user32:USER32.dll
 0001:00009472       _MessageBoxW@16            0040a472 f   user32:USER32.dll
 0001:00009478       _DeleteObject@4            0040a478 f   gdi32:GDI32.dll
 0001:0000947e       _CreateRoundRectRgn@24     0040a47e f   gdi32:GDI32.dll
 0001:00009484       _OpenProcessToken@12       0040a484 f   advapi32:ADVAPI32.dll
 0001:0000948a       _OpenThreadToken@16        0040a48a f   advapi32:ADVAPI32.dll
 0001:00009490       _AdjustTokenPrivileges@24  0040a490 f   advapi32:ADVAPI32.dll
 0001:00009496       _LookupPrivilegeValueW@12  0040a496 f   advapi32:ADVAPI32.dll
 0001:0000949c       _CoUninitialize@0          0040a49c f   ole32:ole32.dll
 0001:000094a2       _CoInitialize@4            0040a4a2 f   ole32:ole32.dll
 0001:000094a8       ?MessageLoop@CPaintManagerUI@DuiLib@@SAXXZ 0040a4a8 f   DuiLib_ud:DuiLib_ud.dll
 0001:000094ae       ??BCWindowWnd@DuiLib@@QBEPAUHWND__@@XZ 0040a4ae f   DuiLib_ud:DuiLib_ud.dll
 0001:000094b4       ?CenterWindow@CWindowWnd@DuiLib@@QAEXXZ 0040a4b4 f   DuiLib_ud:DuiLib_ud.dll
 0001:000094ba       ?Create@CWindowWnd@DuiLib@@QAEPAUHWND__@@PAU3@PB_WKKHHHHPAUHMENU__@@@Z 0040a4ba f   DuiLib_ud:DuiLib_ud.dll
 0001:000094c0       ?SetResourceZip@CPaintManagerUI@DuiLib@@SAXPB_W_N@Z 0040a4c0 f   DuiLib_ud:DuiLib_ud.dll
 0001:000094c6       ??1CDuiString@DuiLib@@QAE@XZ 0040a4c6 f   DuiLib_ud:DuiLib_ud.dll
 0001:000094cc       ?SetResourcePath@CPaintManagerUI@DuiLib@@SAXPB_W@Z 0040a4cc f   DuiLib_ud:DuiLib_ud.dll
 0001:000094d2       ??BCDuiString@DuiLib@@QBEPB_WXZ 0040a4d2 f   DuiLib_ud:DuiLib_ud.dll
 0001:000094d8       ??HCDuiString@DuiLib@@QBE?AV01@PB_W@Z 0040a4d8 f   DuiLib_ud:DuiLib_ud.dll
 0001:000094de       ?GetInstancePath@CPaintManagerUI@DuiLib@@SA?AVCDuiString@2@XZ 0040a4de f   DuiLib_ud:DuiLib_ud.dll
 0001:000094e4       ?SetInstance@CPaintManagerUI@DuiLib@@SAXPAUHINSTANCE__@@@Z 0040a4e4 f   DuiLib_ud:DuiLib_ud.dll
 0001:000094ea       ??0CPaintManagerUI@DuiLib@@QAE@XZ 0040a4ea f   DuiLib_ud:DuiLib_ud.dll
 0001:000094f0       ??0CWindowWnd@DuiLib@@QAE@XZ 0040a4f0 f   DuiLib_ud:DuiLib_ud.dll
 0001:000094f6       ?GetSuperClassName@CWindowWnd@DuiLib@@MBEPB_WXZ 0040a4f6 f   DuiLib_ud:DuiLib_ud.dll
 0001:000094fc       ?GetPaintWindow@CPaintManagerUI@DuiLib@@QBEPAUHWND__@@XZ 0040a4fc f   DuiLib_ud:DuiLib_ud.dll
 0001:00009502       ?SetSelectionCharFormat@CRichEditUI@DuiLib@@QAE_NAAUCHARFORMAT2W@@@Z 0040a502 f   DuiLib_ud:DuiLib_ud.dll
 0001:00009508       ?SetSel@CRichEditUI@DuiLib@@QAEHJJ@Z 0040a508 f   DuiLib_ud:DuiLib_ud.dll
 0001:0000950e       ?GetTextLength@CRichEditUI@DuiLib@@QBEJK@Z 0040a50e f   DuiLib_ud:DuiLib_ud.dll
 0001:00009514       ?SelectItem@CTabLayoutUI@DuiLib@@QAE_NH@Z 0040a514 f   DuiLib_ud:DuiLib_ud.dll
 0001:0000951a       ?GetCurSel@CTabLayoutUI@DuiLib@@QBEHXZ 0040a51a f   DuiLib_ud:DuiLib_ud.dll
 0001:00009520       ?NeedUpdate@CControlUI@DuiLib@@QAEXXZ 0040a520 f   DuiLib_ud:DuiLib_ud.dll
 0001:00009526       ?GetRoot@CPaintManagerUI@DuiLib@@QBEPAVCControlUI@2@XZ 0040a526 f   DuiLib_ud:DuiLib_ud.dll
 0001:0000952c       ?SetDefaultFont@CPaintManagerUI@DuiLib@@QAEXPB_WH_N11@Z 0040a52c f   DuiLib_ud:DuiLib_ud.dll
 0001:00009532       ?GetFontInfo@CPaintManagerUI@DuiLib@@QAEPAUtagTFontInfo@2@H@Z 0040a532 f   DuiLib_ud:DuiLib_ud.dll
 0001:00009538       ?GetDefaultFontInfo@CPaintManagerUI@DuiLib@@QAEPAUtagTFontInfo@2@XZ 0040a538 f   DuiLib_ud:DuiLib_ud.dll
 0001:0000953e       ?SendMessageW@CWindowWnd@DuiLib@@QAEJIIJ@Z 0040a53e f   DuiLib_ud:DuiLib_ud.dll
 0001:00009544       ?IsSelected@COptionUI@DuiLib@@QBE_NXZ 0040a544 f   DuiLib_ud:DuiLib_ud.dll
 0001:0000954a       ?FindControl@CPaintManagerUI@DuiLib@@QBEPAVCControlUI@2@PB_W@Z 0040a54a f   DuiLib_ud:DuiLib_ud.dll
 0001:00009550       ??8CDuiString@DuiLib@@QBE_NPB_W@Z 0040a550 f   DuiLib_ud:DuiLib_ud.dll
 0001:00009556       ??YCDuiString@DuiLib@@QAEABV01@ABV01@@Z 0040a556 f   DuiLib_ud:DuiLib_ud.dll
 0001:0000955c       ??YCDuiString@DuiLib@@QAEABV01@PB_W@Z 0040a55c f   DuiLib_ud:DuiLib_ud.dll
 0001:00009562       ??0CDuiString@DuiLib@@QAE@XZ 0040a562 f   DuiLib_ud:DuiLib_ud.dll
 0001:00009568       ??0CSize@DuiLib@@QAE@XZ    0040a568 f   DuiLib_ud:DuiLib_ud.dll
 0001:0000956e       ?ShowModal@CWindowWnd@DuiLib@@QAEIXZ 0040a56e f   DuiLib_ud:DuiLib_ud.dll
 0001:00009574       ?Close@CWindowWnd@DuiLib@@QAEXI@Z 0040a574 f   DuiLib_ud:DuiLib_ud.dll
 0001:0000957a       ??0CListTextElementUI@DuiLib@@QAE@XZ 0040a57a f   DuiLib_ud:DuiLib_ud.dll
 0001:00009580       ?GetName@CControlUI@DuiLib@@UBE?AVCDuiString@2@XZ 0040a580 f   DuiLib_ud:DuiLib_ud.dll
 0001:00009586       ?SetName@CControlUI@DuiLib@@UAEXPB_W@Z 0040a586 f   DuiLib_ud:DuiLib_ud.dll
 0001:0000958c       ?GetClass@CListTextElementUI@DuiLib@@UBEPB_WXZ 0040a58c f   DuiLib_ud:DuiLib_ud.dll
 0001:00009592       ?GetInterface@CListTextElementUI@DuiLib@@UAEPAXPB_W@Z 0040a592 f   DuiLib_ud:DuiLib_ud.dll
 0001:00009598       ?GetControlFlags@CListTextElementUI@DuiLib@@UBEIXZ 0040a598 f   DuiLib_ud:DuiLib_ud.dll
 0001:0000959e       ?Activate@CListElementUI@DuiLib@@UAE_NXZ 0040a59e f   DuiLib_ud:DuiLib_ud.dll
 0001:000095a4       ?GetManager@CControlUI@DuiLib@@UBEPAVCPaintManagerUI@2@XZ 0040a5a4 f   DuiLib_ud:DuiLib_ud.dll
 0001:000095aa       ?SetManager@CControlUI@DuiLib@@UAEXPAVCPaintManagerUI@2@PAV12@_N@Z 0040a5aa f   DuiLib_ud:DuiLib_ud.dll
 0001:000095b0       ?GetParent@CControlUI@DuiLib@@UBEPAV12@XZ 0040a5b0 f   DuiLib_ud:DuiLib_ud.dll
 0001:000095b6       ?GetText@CControlUI@DuiLib@@UBE?AVCDuiString@2@XZ 0040a5b6 f   DuiLib_ud:DuiLib_ud.dll
 0001:000095bc       ?SetText@CControlUI@DuiLib@@UAEXPB_W@Z 0040a5bc f   DuiLib_ud:DuiLib_ud.dll
 0001:000095c2       ?GetPos@CControlUI@DuiLib@@UBEABUtagRECT@@XZ 0040a5c2 f   DuiLib_ud:DuiLib_ud.dll
 0001:000095c8       ?SetPos@CControlUI@DuiLib@@UAEXUtagRECT@@@Z 0040a5c8 f   DuiLib_ud:DuiLib_ud.dll
 0001:000095ce       ?GetWidth@CControlUI@DuiLib@@UBEHXZ 0040a5ce f   DuiLib_ud:DuiLib_ud.dll
 0001:000095d4       ?GetHeight@CControlUI@DuiLib@@UBEHXZ 0040a5d4 f   DuiLib_ud:DuiLib_ud.dll
 0001:000095da       ?GetX@CControlUI@DuiLib@@UBEHXZ 0040a5da f   DuiLib_ud:DuiLib_ud.dll
 0001:000095e0       ?GetY@CControlUI@DuiLib@@UBEHXZ 0040a5e0 f   DuiLib_ud:DuiLib_ud.dll
 0001:000095e6       ?GetPadding@CControlUI@DuiLib@@UBE?AUtagRECT@@XZ 0040a5e6 f   DuiLib_ud:DuiLib_ud.dll
 0001:000095ec       ?SetPadding@CControlUI@DuiLib@@UAEXUtagRECT@@@Z 0040a5ec f   DuiLib_ud:DuiLib_ud.dll
 0001:000095f2       ?GetFixedXY@CControlUI@DuiLib@@UBE?AUtagSIZE@@XZ 0040a5f2 f   DuiLib_ud:DuiLib_ud.dll
 0001:000095f8       ?SetFixedXY@CControlUI@DuiLib@@UAEXUtagSIZE@@@Z 0040a5f8 f   DuiLib_ud:DuiLib_ud.dll
 0001:000095fe       ?GetFixedWidth@CControlUI@DuiLib@@UBEHXZ 0040a5fe f   DuiLib_ud:DuiLib_ud.dll
 0001:00009604       ?SetFixedWidth@CControlUI@DuiLib@@UAEXH@Z 0040a604 f   DuiLib_ud:DuiLib_ud.dll
 0001:0000960a       ?GetFixedHeight@CControlUI@DuiLib@@UBEHXZ 0040a60a f   DuiLib_ud:DuiLib_ud.dll
 0001:00009610       ?SetFixedHeight@CControlUI@DuiLib@@UAEXH@Z 0040a610 f   DuiLib_ud:DuiLib_ud.dll
 0001:00009616       ?GetMinWidth@CControlUI@DuiLib@@UBEHXZ 0040a616 f   DuiLib_ud:DuiLib_ud.dll
 0001:0000961c       ?SetMinWidth@CControlUI@DuiLib@@UAEXH@Z 0040a61c f   DuiLib_ud:DuiLib_ud.dll
 0001:00009622       ?GetMaxWidth@CControlUI@DuiLib@@UBEHXZ 0040a622 f   DuiLib_ud:DuiLib_ud.dll
 0001:00009628       ?SetMaxWidth@CControlUI@DuiLib@@UAEXH@Z 0040a628 f   DuiLib_ud:DuiLib_ud.dll
 0001:0000962e       ?GetMinHeight@CControlUI@DuiLib@@UBEHXZ 0040a62e f   DuiLib_ud:DuiLib_ud.dll
 0001:00009634       ?SetMinHeight@CControlUI@DuiLib@@UAEXH@Z 0040a634 f   DuiLib_ud:DuiLib_ud.dll
 0001:0000963a       ?GetMaxHeight@CControlUI@DuiLib@@UBEHXZ 0040a63a f   DuiLib_ud:DuiLib_ud.dll
 0001:00009640       ?SetMaxHeight@CControlUI@DuiLib@@UAEXH@Z 0040a640 f   DuiLib_ud:DuiLib_ud.dll
 0001:00009646       ?SetRelativePos@CControlUI@DuiLib@@UAEXUtagSIZE@@0@Z 0040a646 f   DuiLib_ud:DuiLib_ud.dll
 0001:0000964c       ?SetRelativeParentSize@CControlUI@DuiLib@@UAEXUtagSIZE@@@Z 0040a64c f   DuiLib_ud:DuiLib_ud.dll
 0001:00009652       ?GetRelativePos@CControlUI@DuiLib@@UBE?AUtagTRelativePosUI@2@XZ 0040a652 f   DuiLib_ud:DuiLib_ud.dll
 0001:00009658       ?IsRelativePos@CControlUI@DuiLib@@UBE_NXZ 0040a658 f   DuiLib_ud:DuiLib_ud.dll
 0001:0000965e       ?GetToolTip@CControlUI@DuiLib@@UBE?AVCDuiString@2@XZ 0040a65e f   DuiLib_ud:DuiLib_ud.dll
 0001:00009664       ?SetToolTip@CControlUI@DuiLib@@UAEXPB_W@Z 0040a664 f   DuiLib_ud:DuiLib_ud.dll
 0001:0000966a       ?SetToolTipWidth@CControlUI@DuiLib@@UAEXH@Z 0040a66a f   DuiLib_ud:DuiLib_ud.dll
 0001:00009670       ?GetToolTipWidth@CControlUI@DuiLib@@UAEHXZ 0040a670 f   DuiLib_ud:DuiLib_ud.dll
 0001:00009676       ?GetShortcut@CControlUI@DuiLib@@UBE_WXZ 0040a676 f   DuiLib_ud:DuiLib_ud.dll
 0001:0000967c       ?SetShortcut@CControlUI@DuiLib@@UAEX_W@Z 0040a67c f   DuiLib_ud:DuiLib_ud.dll
 0001:00009682       ?IsContextMenuUsed@CControlUI@DuiLib@@UBE_NXZ 0040a682 f   DuiLib_ud:DuiLib_ud.dll
 0001:00009688       ?SetContextMenuUsed@CControlUI@DuiLib@@UAEX_N@Z 0040a688 f   DuiLib_ud:DuiLib_ud.dll
 0001:0000968e       ?GetUserData@CControlUI@DuiLib@@UAEABVCDuiString@2@XZ 0040a68e f   DuiLib_ud:DuiLib_ud.dll
 0001:00009694       ?SetUserData@CControlUI@DuiLib@@UAEXPB_W@Z 0040a694 f   DuiLib_ud:DuiLib_ud.dll
 0001:0000969a       ?GetTag@CControlUI@DuiLib@@UBEIXZ 0040a69a f   DuiLib_ud:DuiLib_ud.dll
 0001:000096a0       ?SetTag@CControlUI@DuiLib@@UAEXI@Z 0040a6a0 f   DuiLib_ud:DuiLib_ud.dll
 0001:000096a6       ?IsVisible@CControlUI@DuiLib@@UBE_NXZ 0040a6a6 f   DuiLib_ud:DuiLib_ud.dll
 0001:000096ac       ?SetVisible@CListElementUI@DuiLib@@UAEX_N@Z 0040a6ac f   DuiLib_ud:DuiLib_ud.dll
 0001:000096b2       ?SetInternVisible@CControlUI@DuiLib@@UAEX_N@Z 0040a6b2 f   DuiLib_ud:DuiLib_ud.dll
 0001:000096b8       ?IsEnabled@CControlUI@DuiLib@@UBE_NXZ 0040a6b8 f   DuiLib_ud:DuiLib_ud.dll
 0001:000096be       ?SetEnabled@CListElementUI@DuiLib@@UAEX_N@Z 0040a6be f   DuiLib_ud:DuiLib_ud.dll
 0001:000096c4       ?IsMouseEnabled@CControlUI@DuiLib@@UBE_NXZ 0040a6c4 f   DuiLib_ud:DuiLib_ud.dll
 0001:000096ca       ?SetMouseEnabled@CControlUI@DuiLib@@UAEX_N@Z 0040a6ca f   DuiLib_ud:DuiLib_ud.dll
 0001:000096d0       ?IsKeyboardEnabled@CControlUI@DuiLib@@UBE_NXZ 0040a6d0 f   DuiLib_ud:DuiLib_ud.dll
 0001:000096d6       ?SetKeyboardEnabled@CControlUI@DuiLib@@UAEX_N@Z 0040a6d6 f   DuiLib_ud:DuiLib_ud.dll
 0001:000096dc       ?IsFocused@CControlUI@DuiLib@@UBE_NXZ 0040a6dc f   DuiLib_ud:DuiLib_ud.dll
 0001:000096e2       ?SetFocus@CControlUI@DuiLib@@UAEXXZ 0040a6e2 f   DuiLib_ud:DuiLib_ud.dll
 0001:000096e8       ?IsFloat@CControlUI@DuiLib@@UBE_NXZ 0040a6e8 f   DuiLib_ud:DuiLib_ud.dll
 0001:000096ee       ?SetFloat@CControlUI@DuiLib@@UAEX_N@Z 0040a6ee f   DuiLib_ud:DuiLib_ud.dll
 0001:000096f4       ?FindControl@CControlUI@DuiLib@@UAEPAV12@P6GPAV12@PAV12@PAX@Z1I@Z 0040a6f4 f   DuiLib_ud:DuiLib_ud.dll
 0001:000096fa       ?Init@CControlUI@DuiLib@@UAEXXZ 0040a6fa f   DuiLib_ud:DuiLib_ud.dll
 0001:00009700       ?DoInit@CControlUI@DuiLib@@UAEXXZ 0040a700 f   DuiLib_ud:DuiLib_ud.dll
 0001:00009706       ?Event@CControlUI@DuiLib@@UAEXAAUtagTEventUI@2@@Z 0040a706 f   DuiLib_ud:DuiLib_ud.dll
 0001:0000970c       ?DoEvent@CListTextElementUI@DuiLib@@UAEXAAUtagTEventUI@2@@Z 0040a70c f   DuiLib_ud:DuiLib_ud.dll
 0001:00009712       ?SetAttribute@CListElementUI@DuiLib@@UAEXPB_W0@Z 0040a712 f   DuiLib_ud:DuiLib_ud.dll
 0001:00009718       ?EstimateSize@CListTextElementUI@DuiLib@@UAE?AUtagSIZE@@U3@@Z 0040a718 f   DuiLib_ud:DuiLib_ud.dll
 0001:0000971e       ?DoPaint@CListLabelElementUI@DuiLib@@UAEXPAUHDC__@@ABUtagRECT@@@Z 0040a71e f   DuiLib_ud:DuiLib_ud.dll
 0001:00009724       ?PaintBkColor@CControlUI@DuiLib@@UAEXPAUHDC__@@@Z 0040a724 f   DuiLib_ud:DuiLib_ud.dll
 0001:0000972a       ?PaintBkImage@CControlUI@DuiLib@@UAEXPAUHDC__@@@Z 0040a72a f   DuiLib_ud:DuiLib_ud.dll
 0001:00009730       ?PaintStatusImage@CControlUI@DuiLib@@UAEXPAUHDC__@@@Z 0040a730 f   DuiLib_ud:DuiLib_ud.dll
 0001:00009736       ?PaintText@CControlUI@DuiLib@@UAEXPAUHDC__@@@Z 0040a736 f   DuiLib_ud:DuiLib_ud.dll
 0001:0000973c       ?PaintBorder@CControlUI@DuiLib@@UAEXPAUHDC__@@@Z 0040a73c f   DuiLib_ud:DuiLib_ud.dll
 0001:00009742       ?DoPostPaint@CControlUI@DuiLib@@UAEXPAUHDC__@@ABUtagRECT@@@Z 0040a742 f   DuiLib_ud:DuiLib_ud.dll
 0001:00009748       ?AddAt@CListUI@DuiLib@@UAE_NPAVCControlUI@2@H@Z 0040a748 f   DuiLib_ud:DuiLib_ud.dll
 0001:0000974e       ?SetBkImage@CControlUI@DuiLib@@QAEXPB_W@Z 0040a74e f   DuiLib_ud:DuiLib_ud.dll
 0001:00009754       ??4CDuiString@DuiLib@@QAEABV01@PB_W@Z 0040a754 f   DuiLib_ud:DuiLib_ud.dll
 0001:0000975a       ??0CListLabelElementUI@DuiLib@@QAE@XZ 0040a75a f   DuiLib_ud:DuiLib_ud.dll
 0001:00009760       ?GetClass@CListLabelElementUI@DuiLib@@UBEPB_WXZ 0040a760 f   DuiLib_ud:DuiLib_ud.dll
 0001:00009766       ?GetInterface@CListLabelElementUI@DuiLib@@UAEPAXPB_W@Z 0040a766 f   DuiLib_ud:DuiLib_ud.dll
 0001:0000976c       ?GetControlFlags@CListElementUI@DuiLib@@UBEIXZ 0040a76c f   DuiLib_ud:DuiLib_ud.dll
 0001:00009772       ?DoEvent@CListLabelElementUI@DuiLib@@UAEXAAUtagTEventUI@2@@Z 0040a772 f   DuiLib_ud:DuiLib_ud.dll
 0001:00009778       ?EstimateSize@CListLabelElementUI@DuiLib@@UAE?AUtagSIZE@@U3@@Z 0040a778 f   DuiLib_ud:DuiLib_ud.dll
 0001:0000977e       ??1CListLabelElementUI@DuiLib@@UAE@XZ 0040a77e f   DuiLib_ud:DuiLib_ud.dll
 0001:00009784       ?RemovePreMessageFilter@CPaintManagerUI@DuiLib@@QAE_NPAVIMessageFilterUI@2@@Z 0040a784 f   DuiLib_ud:DuiLib_ud.dll
 0001:0000978a       ?HandleMessage@CWindowWnd@DuiLib@@MAEJIIJ@Z 0040a78a f   DuiLib_ud:DuiLib_ud.dll
 0001:00009790       ?MessageHandler@CPaintManagerUI@DuiLib@@QAE_NIIJAAJ@Z 0040a790 f   DuiLib_ud:DuiLib_ud.dll
 0001:00009796       ??1CDialogBuilder@DuiLib@@QAE@XZ 0040a796 f   DuiLib_ud:DuiLib_ud.dll
 0001:0000979c       ?AddNotifier@CPaintManagerUI@DuiLib@@QAE_NPAVINotifyUI@2@@Z 0040a79c f   DuiLib_ud:DuiLib_ud.dll
 0001:000097a2       ?AttachDialog@CPaintManagerUI@DuiLib@@QAE_NPAVCControlUI@2@@Z 0040a7a2 f   DuiLib_ud:DuiLib_ud.dll
 0001:000097a8       ?Create@CDialogBuilder@DuiLib@@QAEPAVCControlUI@2@VSTRINGorID@2@PB_WPAVIDialogBuilderCallback@2@PAVCPaintManagerUI@2@PAV32@@Z 0040a7a8 f   DuiLib_ud:DuiLib_ud.dll
 0001:000097ae       ??0CDialogBuilder@DuiLib@@QAE@XZ 0040a7ae f   DuiLib_ud:DuiLib_ud.dll
 0001:000097b4       ?AddPreMessageFilter@CPaintManagerUI@DuiLib@@QAE_NPAVIMessageFilterUI@2@@Z 0040a7b4 f   DuiLib_ud:DuiLib_ud.dll
 0001:000097ba       ?Init@CPaintManagerUI@DuiLib@@QAEXPAUHWND__@@@Z 0040a7ba f   DuiLib_ud:DuiLib_ud.dll
 0001:000097c0       ?FindControl@CPaintManagerUI@DuiLib@@QBEPAVCControlUI@2@UtagPOINT@@@Z 0040a7c0 f   DuiLib_ud:DuiLib_ud.dll
 0001:000097c6       ?GetCaptionRect@CPaintManagerUI@DuiLib@@QAEAAUtagRECT@@XZ 0040a7c6 f   DuiLib_ud:DuiLib_ud.dll
 0001:000097cc       ?Offset@CDuiRect@DuiLib@@QAEXHH@Z 0040a7cc f   DuiLib_ud:DuiLib_ud.dll
 0001:000097d2       ??0CDuiRect@DuiLib@@QAE@XZ 0040a7d2 f   DuiLib_ud:DuiLib_ud.dll
 0001:000097d8       ?GetRoundCorner@CPaintManagerUI@DuiLib@@QBE?AUtagSIZE@@XZ 0040a7d8 f   DuiLib_ud:DuiLib_ud.dll
 0001:000097de       ?IsEmpty@CDuiString@DuiLib@@QBE_NXZ 0040a7de f   DuiLib_ud:DuiLib_ud.dll
 0001:000097e4       ??1CListUI@DuiLib@@UAE@XZ  0040a7e4 f   DuiLib_ud:DuiLib_ud.dll
 0001:000097ea       ?SetItemShowHtml@CListUI@DuiLib@@QAEX_N@Z 0040a7ea f   DuiLib_ud:DuiLib_ud.dll
 0001:000097f0       ??0CListUI@DuiLib@@QAE@XZ  0040a7f0 f   DuiLib_ud:DuiLib_ud.dll
 0001:000097f6       ?GetClass@CListUI@DuiLib@@UBEPB_WXZ 0040a7f6 f   DuiLib_ud:DuiLib_ud.dll
 0001:000097fc       ?GetInterface@CListUI@DuiLib@@UAEPAXPB_W@Z 0040a7fc f   DuiLib_ud:DuiLib_ud.dll
 0001:00009802       ?GetControlFlags@CListUI@DuiLib@@UBEIXZ 0040a802 f   DuiLib_ud:DuiLib_ud.dll
 0001:00009808       ?Activate@CControlUI@DuiLib@@UAE_NXZ 0040a808 f   DuiLib_ud:DuiLib_ud.dll
 0001:0000980e       ?SetManager@CContainerUI@DuiLib@@UAEXPAVCPaintManagerUI@2@PAVCControlUI@2@_N@Z 0040a80e f   DuiLib_ud:DuiLib_ud.dll
 0001:00009814       ?SetPos@CListUI@DuiLib@@UAEXUtagRECT@@@Z 0040a814 f   DuiLib_ud:DuiLib_ud.dll
 0001:0000981a       ?SetEnabled@CControlUI@DuiLib@@UAEX_N@Z 0040a81a f   DuiLib_ud:DuiLib_ud.dll
 0001:00009820       ?SetMouseEnabled@CContainerUI@DuiLib@@UAEX_N@Z 0040a820 f   DuiLib_ud:DuiLib_ud.dll
 0001:00009826       ?FindControl@CContainerUI@DuiLib@@UAEPAVCControlUI@2@P6GPAV32@PAV32@PAX@Z1I@Z 0040a826 f   DuiLib_ud:DuiLib_ud.dll
 0001:0000982c       ?SetAttribute@CListUI@DuiLib@@UAEXPB_W0@Z 0040a82c f   DuiLib_ud:DuiLib_ud.dll
 0001:00009832       ?EstimateSize@CControlUI@DuiLib@@UAE?AUtagSIZE@@U3@@Z 0040a832 f   DuiLib_ud:DuiLib_ud.dll
 0001:00009838       ?DoPaint@CContainerUI@DuiLib@@UAEXPAUHDC__@@ABUtagRECT@@@Z 0040a838 f   DuiLib_ud:DuiLib_ud.dll
 0001:0000983e       ?DoPostPaint@CVerticalLayoutUI@DuiLib@@UAEXPAUHDC__@@ABUtagRECT@@@Z 0040a83e f   DuiLib_ud:DuiLib_ud.dll
 0001:00009844       ?GetInset@CContainerUI@DuiLib@@UBE?AUtagRECT@@XZ 0040a844 f   DuiLib_ud:DuiLib_ud.dll
 0001:0000984a       ?SetInset@CContainerUI@DuiLib@@UAEXUtagRECT@@@Z 0040a84a f   DuiLib_ud:DuiLib_ud.dll
 0001:00009850       ?GetChildPadding@CListUI@DuiLib@@UBEHXZ 0040a850 f   DuiLib_ud:DuiLib_ud.dll
 0001:00009856       ?SetChildPadding@CListUI@DuiLib@@UAEXH@Z 0040a856 f   DuiLib_ud:DuiLib_ud.dll
 0001:0000985c       ?IsAutoDestroy@CContainerUI@DuiLib@@UBE_NXZ 0040a85c f   DuiLib_ud:DuiLib_ud.dll
 0001:00009862       ?SetAutoDestroy@CContainerUI@DuiLib@@UAEX_N@Z 0040a862 f   DuiLib_ud:DuiLib_ud.dll
 0001:00009868       ?IsDelayedDestroy@CContainerUI@DuiLib@@UBE_NXZ 0040a868 f   DuiLib_ud:DuiLib_ud.dll
 0001:0000986e       ?SetDelayedDestroy@CContainerUI@DuiLib@@UAEX_N@Z 0040a86e f   DuiLib_ud:DuiLib_ud.dll
 0001:00009874       ?IsMouseChildEnabled@CContainerUI@DuiLib@@UBE_NXZ 0040a874 f   DuiLib_ud:DuiLib_ud.dll
 0001:0000987a       ?SetMouseChildEnabled@CContainerUI@DuiLib@@UAEX_N@Z 0040a87a f   DuiLib_ud:DuiLib_ud.dll
 0001:00009880       ?FindSelectable@CContainerUI@DuiLib@@UBEHH_N@Z 0040a880 f   DuiLib_ud:DuiLib_ud.dll
 0001:00009886       ?GetScrollPos@CListUI@DuiLib@@UBE?AUtagSIZE@@XZ 0040a886 f   DuiLib_ud:DuiLib_ud.dll
 0001:0000988c       ?GetScrollRange@CListUI@DuiLib@@UBE?AUtagSIZE@@XZ 0040a88c f   DuiLib_ud:DuiLib_ud.dll
 0001:00009892       ?SetScrollPos@CListUI@DuiLib@@UAEXUtagSIZE@@@Z 0040a892 f   DuiLib_ud:DuiLib_ud.dll
 0001:00009898       ?LineUp@CListUI@DuiLib@@UAEXXZ 0040a898 f   DuiLib_ud:DuiLib_ud.dll
 0001:0000989e       ?LineDown@CListUI@DuiLib@@UAEXXZ 0040a89e f   DuiLib_ud:DuiLib_ud.dll
 0001:000098a4       ?PageUp@CListUI@DuiLib@@UAEXXZ 0040a8a4 f   DuiLib_ud:DuiLib_ud.dll
 0001:000098aa       ?PageDown@CListUI@DuiLib@@UAEXXZ 0040a8aa f   DuiLib_ud:DuiLib_ud.dll
 0001:000098b0       ?HomeUp@CListUI@DuiLib@@UAEXXZ 0040a8b0 f   DuiLib_ud:DuiLib_ud.dll
 0001:000098b6       ?EndDown@CListUI@DuiLib@@UAEXXZ 0040a8b6 f   DuiLib_ud:DuiLib_ud.dll
 0001:000098bc       ?LineLeft@CListUI@DuiLib@@UAEXXZ 0040a8bc f   DuiLib_ud:DuiLib_ud.dll
 0001:000098c2       ?LineRight@CListUI@DuiLib@@UAEXXZ 0040a8c2 f   DuiLib_ud:DuiLib_ud.dll
 0001:000098c8       ?PageLeft@CListUI@DuiLib@@UAEXXZ 0040a8c8 f   DuiLib_ud:DuiLib_ud.dll
 0001:000098ce       ?PageRight@CListUI@DuiLib@@UAEXXZ 0040a8ce f   DuiLib_ud:DuiLib_ud.dll
 0001:000098d4       ?HomeLeft@CListUI@DuiLib@@UAEXXZ 0040a8d4 f   DuiLib_ud:DuiLib_ud.dll
 0001:000098da       ?EndRight@CListUI@DuiLib@@UAEXXZ 0040a8da f   DuiLib_ud:DuiLib_ud.dll
 0001:000098e0       ?EnableScrollBar@CListUI@DuiLib@@UAEX_N0@Z 0040a8e0 f   DuiLib_ud:DuiLib_ud.dll
 0001:000098e6       ?GetVerticalScrollBar@CListUI@DuiLib@@UBEPAVCScrollBarUI@2@XZ 0040a8e6 f   DuiLib_ud:DuiLib_ud.dll
 0001:000098ec       ?GetHorizontalScrollBar@CListUI@DuiLib@@UBEPAVCScrollBarUI@2@XZ 0040a8ec f   DuiLib_ud:DuiLib_ud.dll
 0001:000098f2       ?SetFloatPos@CContainerUI@DuiLib@@MAEXH@Z 0040a8f2 f   DuiLib_ud:DuiLib_ud.dll
 0001:000098f8       ?ProcessScrollBar@CContainerUI@DuiLib@@MAEXUtagRECT@@HH@Z 0040a8f8 f   DuiLib_ud:DuiLib_ud.dll
 0001:000098fe       ?GetItemAt@CListUI@DuiLib@@UBEPAVCControlUI@2@H@Z 0040a8fe f   DuiLib_ud:DuiLib_ud.dll
 0001:00009904       ?GetItemIndex@CListUI@DuiLib@@UBEHPAVCControlUI@2@@Z 0040a904 f   DuiLib_ud:DuiLib_ud.dll
 0001:0000990a       ?SetItemIndex@CListUI@DuiLib@@UAE_NPAVCControlUI@2@H@Z 0040a90a f   DuiLib_ud:DuiLib_ud.dll
 0001:00009910       ?GetCount@CListUI@DuiLib@@UBEHXZ 0040a910 f   DuiLib_ud:DuiLib_ud.dll
 0001:00009916       ?GetListInfo@CListUI@DuiLib@@UAEPAUtagTListInfoUI@2@XZ 0040a916 f   DuiLib_ud:DuiLib_ud.dll
 0001:0000991c       ?GetCurSel@CListUI@DuiLib@@UBEHXZ 0040a91c f   DuiLib_ud:DuiLib_ud.dll
 0001:00009922       ?SelectItem@CListUI@DuiLib@@UAE_NH_N@Z 0040a922 f   DuiLib_ud:DuiLib_ud.dll
 0001:00009928       ?GetHeader@CListUI@DuiLib@@UBEPAVCListHeaderUI@2@XZ 0040a928 f   DuiLib_ud:DuiLib_ud.dll
 0001:0000992e       ?GetList@CListUI@DuiLib@@UBEPAVCContainerUI@2@XZ 0040a92e f   DuiLib_ud:DuiLib_ud.dll
 0001:00009934       ?GetTextCallback@CListUI@DuiLib@@UBEPAVIListCallbackUI@2@XZ 0040a934 f   DuiLib_ud:DuiLib_ud.dll
 0001:0000993a       ?SetTextCallback@CListUI@DuiLib@@UAEXPAVIListCallbackUI@2@@Z 0040a93a f   DuiLib_ud:DuiLib_ud.dll
 0001:00009940       ?ExpandItem@CListUI@DuiLib@@UAE_NH_N@Z 0040a940 f   DuiLib_ud:DuiLib_ud.dll
 0001:00009946       ?GetExpandedItem@CListUI@DuiLib@@UBEHXZ 0040a946 f   DuiLib_ud:DuiLib_ud.dll
 0001:0000994c       ?Add@CListUI@DuiLib@@UAE_NPAVCControlUI@2@@Z 0040a94c f   DuiLib_ud:DuiLib_ud.dll
 0001:00009952       ?Remove@CListUI@DuiLib@@UAE_NPAVCControlUI@2@@Z 0040a952 f   DuiLib_ud:DuiLib_ud.dll
 0001:00009958       ?RemoveAt@CListUI@DuiLib@@UAE_NH@Z 0040a958 f   DuiLib_ud:DuiLib_ud.dll
 0001:0000995e       ?RemoveAll@CListUI@DuiLib@@UAEXXZ 0040a95e f   DuiLib_ud:DuiLib_ud.dll
 0001:00009964       ?SetVisible@CControlUI@DuiLib@@UAEX_N@Z 0040a964 f   DuiLib_ud:DuiLib_ud.dll
 0001:0000996a       ?DoEvent@CListUI@DuiLib@@UAEXAAUtagTEventUI@2@@Z 0040a96a f   DuiLib_ud:DuiLib_ud.dll
 0001:00009970       ?SetTimer@CPaintManagerUI@DuiLib@@QAE_NPAVCControlUI@2@II@Z 0040a970 f   DuiLib_ud:DuiLib_ud.dll
 0001:00009976       ?KillTimer@CPaintManagerUI@DuiLib@@QAE_NPAVCControlUI@2@I@Z 0040a976 f   DuiLib_ud:DuiLib_ud.dll
 0001:0000997c       ?DoEvent@CVerticalLayoutUI@DuiLib@@UAEXAAUtagTEventUI@2@@Z 0040a97c f   DuiLib_ud:DuiLib_ud.dll
 0001:00009982       ??1CTileLayoutUI@DuiLib@@UAE@XZ 0040a982 f   DuiLib_ud:DuiLib_ud.dll
 0001:00009988       ?RemoveAll@CContainerUI@DuiLib@@UAEXXZ 0040a988 f   DuiLib_ud:DuiLib_ud.dll
 0001:0000998e       ??0CDuiString@DuiLib@@QAE@PB_WH@Z 0040a98e f   DuiLib_ud:DuiLib_ud.dll
 0001:00009994       ?Add@CContainerUI@DuiLib@@UAE_NPAVCControlUI@2@@Z 0040a994 f   DuiLib_ud:DuiLib_ud.dll
 0001:0000999a       ?Create@CDialogBuilder@DuiLib@@QAEPAVCControlUI@2@PAVIDialogBuilderCallback@2@PAVCPaintManagerUI@2@PAV32@@Z 0040a99a f   DuiLib_ud:DuiLib_ud.dll
 0001:000099a0       ?SetItemSize@CTileLayoutUI@DuiLib@@QAEXUtagSIZE@@@Z 0040a9a0 f   DuiLib_ud:DuiLib_ud.dll
 0001:000099a6       ??0CSize@DuiLib@@QAE@HH@Z  0040a9a6 f   DuiLib_ud:DuiLib_ud.dll
 0001:000099ac       ??0CTileLayoutUI@DuiLib@@QAE@XZ 0040a9ac f   DuiLib_ud:DuiLib_ud.dll
 0001:000099b2       ?GetClass@CTileLayoutUI@DuiLib@@UBEPB_WXZ 0040a9b2 f   DuiLib_ud:DuiLib_ud.dll
 0001:000099b8       ?GetInterface@CTileLayoutUI@DuiLib@@UAEPAXPB_W@Z 0040a9b8 f   DuiLib_ud:DuiLib_ud.dll
 0001:000099be       ?GetControlFlags@CControlUI@DuiLib@@UBEIXZ 0040a9be f   DuiLib_ud:DuiLib_ud.dll
 0001:000099c4       ?SetPos@CTileLayoutUI@DuiLib@@UAEXUtagRECT@@@Z 0040a9c4 f   DuiLib_ud:DuiLib_ud.dll
 0001:000099ca       ?SetVisible@CContainerUI@DuiLib@@UAEX_N@Z 0040a9ca f   DuiLib_ud:DuiLib_ud.dll
 0001:000099d0       ?SetInternVisible@CContainerUI@DuiLib@@UAEX_N@Z 0040a9d0 f   DuiLib_ud:DuiLib_ud.dll
 0001:000099d6       ?SetAttribute@CTileLayoutUI@DuiLib@@UAEXPB_W0@Z 0040a9d6 f   DuiLib_ud:DuiLib_ud.dll
 0001:000099dc       ?GetChildPadding@CContainerUI@DuiLib@@UBEHXZ 0040a9dc f   DuiLib_ud:DuiLib_ud.dll
 0001:000099e2       ?SetChildPadding@CContainerUI@DuiLib@@UAEXH@Z 0040a9e2 f   DuiLib_ud:DuiLib_ud.dll
 0001:000099e8       ?GetScrollPos@CContainerUI@DuiLib@@UBE?AUtagSIZE@@XZ 0040a9e8 f   DuiLib_ud:DuiLib_ud.dll
 0001:000099ee       ?GetScrollRange@CContainerUI@DuiLib@@UBE?AUtagSIZE@@XZ 0040a9ee f   DuiLib_ud:DuiLib_ud.dll
 0001:000099f4       ?SetScrollPos@CContainerUI@DuiLib@@UAEXUtagSIZE@@@Z 0040a9f4 f   DuiLib_ud:DuiLib_ud.dll
 0001:000099fa       ?LineUp@CContainerUI@DuiLib@@UAEXXZ 0040a9fa f   DuiLib_ud:DuiLib_ud.dll
 0001:00009a00       ?LineDown@CContainerUI@DuiLib@@UAEXXZ 0040aa00 f   DuiLib_ud:DuiLib_ud.dll
 0001:00009a06       ?PageUp@CContainerUI@DuiLib@@UAEXXZ 0040aa06 f   DuiLib_ud:DuiLib_ud.dll
 0001:00009a0c       ?PageDown@CContainerUI@DuiLib@@UAEXXZ 0040aa0c f   DuiLib_ud:DuiLib_ud.dll
 0001:00009a12       ?HomeUp@CContainerUI@DuiLib@@UAEXXZ 0040aa12 f   DuiLib_ud:DuiLib_ud.dll
 0001:00009a18       ?EndDown@CContainerUI@DuiLib@@UAEXXZ 0040aa18 f   DuiLib_ud:DuiLib_ud.dll
 0001:00009a1e       ?LineLeft@CContainerUI@DuiLib@@UAEXXZ 0040aa1e f   DuiLib_ud:DuiLib_ud.dll
 0001:00009a24       ?LineRight@CContainerUI@DuiLib@@UAEXXZ 0040aa24 f   DuiLib_ud:DuiLib_ud.dll
 0001:00009a2a       ?PageLeft@CContainerUI@DuiLib@@UAEXXZ 0040aa2a f   DuiLib_ud:DuiLib_ud.dll
 0001:00009a30       ?PageRight@CContainerUI@DuiLib@@UAEXXZ 0040aa30 f   DuiLib_ud:DuiLib_ud.dll
 0001:00009a36       ?HomeLeft@CContainerUI@DuiLib@@UAEXXZ 0040aa36 f   DuiLib_ud:DuiLib_ud.dll
 0001:00009a3c       ?EndRight@CContainerUI@DuiLib@@UAEXXZ 0040aa3c f   DuiLib_ud:DuiLib_ud.dll
 0001:00009a42       ?EnableScrollBar@CContainerUI@DuiLib@@UAEX_N0@Z 0040aa42 f   DuiLib_ud:DuiLib_ud.dll
 0001:00009a48       ?GetVerticalScrollBar@CContainerUI@DuiLib@@UBEPAVCScrollBarUI@2@XZ 0040aa48 f   DuiLib_ud:DuiLib_ud.dll
 0001:00009a4e       ?GetHorizontalScrollBar@CContainerUI@DuiLib@@UBEPAVCScrollBarUI@2@XZ 0040aa4e f   DuiLib_ud:DuiLib_ud.dll
 0001:00009a54       ?GetItemAt@CContainerUI@DuiLib@@UBEPAVCControlUI@2@H@Z 0040aa54 f   DuiLib_ud:DuiLib_ud.dll
 0001:00009a5a       ?GetItemIndex@CContainerUI@DuiLib@@UBEHPAVCControlUI@2@@Z 0040aa5a f   DuiLib_ud:DuiLib_ud.dll
 0001:00009a60       ?SetItemIndex@CContainerUI@DuiLib@@UAE_NPAVCControlUI@2@H@Z 0040aa60 f   DuiLib_ud:DuiLib_ud.dll
 0001:00009a66       ?GetCount@CContainerUI@DuiLib@@UBEHXZ 0040aa66 f   DuiLib_ud:DuiLib_ud.dll
 0001:00009a6c       ?AddAt@CContainerUI@DuiLib@@UAE_NPAVCControlUI@2@H@Z 0040aa6c f   DuiLib_ud:DuiLib_ud.dll
 0001:00009a72       ?Remove@CContainerUI@DuiLib@@UAE_NPAVCControlUI@2@@Z 0040aa72 f   DuiLib_ud:DuiLib_ud.dll
 0001:00009a78       ?RemoveAt@CContainerUI@DuiLib@@UAE_NH@Z 0040aa78 f   DuiLib_ud:DuiLib_ud.dll
 0001:00009a7e       ?GetMousePos@CPaintManagerUI@DuiLib@@QBE?AUtagPOINT@@XZ 0040aa7e f   DuiLib_ud:DuiLib_ud.dll
 0001:00009a84       ?DoEvent@CContainerUI@DuiLib@@UAEXAAUtagTEventUI@2@@Z 0040aa84 f   DuiLib_ud:DuiLib_ud.dll
 0001:00009a8a       ??1CPaintManagerUI@DuiLib@@QAE@XZ 0040aa8a f   DuiLib_ud:DuiLib_ud.dll
 0001:00009a90       ?ReplaceSel@CRichEditUI@DuiLib@@QAEXPB_W_N@Z 0040aa90 f   DuiLib_ud:DuiLib_ud.dll
 0001:00009a96       ?GetControl@CActiveXUI@DuiLib@@QAEJU_GUID@@PAPAX@Z 0040aa96 f   DuiLib_ud:DuiLib_ud.dll
 0001:00009a9c       ?GetSizeBox@CPaintManagerUI@DuiLib@@QAEAAUtagRECT@@XZ 0040aa9c f   DuiLib_ud:DuiLib_ud.dll
 0001:00009aa2       ??0CDuiRect@DuiLib@@QAE@ABUtagRECT@@@Z 0040aaa2 f   DuiLib_ud:DuiLib_ud.dll
 0001:00009aa8       ??1CListTextElementUI@DuiLib@@UAE@XZ 0040aaa8 f   DuiLib_ud:DuiLib_ud.dll
 0001:00009ab0       ??0_Init_locks@std@@QAE@XZ 0040aab0 f   libcpmtd:xlock.obj
 0001:00009b00       ??1_Init_locks@std@@QAE@XZ 0040ab00 f   libcpmtd:xlock.obj
 0001:00009b50       ?_Init_locks_ctor@_Init_locks@std@@CAXPAV12@@Z 0040ab50 f   libcpmtd:xlock.obj
 0001:00009ba0       ?_Init_locks_dtor@_Init_locks@std@@CAXPAV12@@Z 0040aba0 f   libcpmtd:xlock.obj
 0001:00009bf0       ??0_Lockit@std@@QAE@XZ     0040abf0 f   libcpmtd:xlock.obj
 0001:00009c20       ??0_Lockit@std@@QAE@H@Z    0040ac20 f   libcpmtd:xlock.obj
 0001:00009c60       ??1_Lockit@std@@QAE@XZ     0040ac60 f   libcpmtd:xlock.obj
 0001:00009c90       ?_Lockit_ctor@_Lockit@std@@CAXPAV12@@Z 0040ac90 f   libcpmtd:xlock.obj
 0001:00009cb0       ?_Lockit_ctor@_Lockit@std@@CAXPAV12@H@Z 0040acb0 f   libcpmtd:xlock.obj
 0001:00009ce0       ?_Lockit_dtor@_Lockit@std@@CAXPAV12@@Z 0040ace0 f   libcpmtd:xlock.obj
 0001:00009d00       ?_Lockit_ctor@_Lockit@std@@SAXH@Z 0040ad00 f   libcpmtd:xlock.obj
 0001:00009d20       ?_Lockit_dtor@_Lockit@std@@SAXH@Z 0040ad20 f   libcpmtd:xlock.obj
 0001:00009d40       ?_Debug_message@std@@YAXPB_W0I@Z 0040ad40 f   libcpmtd:stdthrow.obj
 0001:00009d70       ?_Debug_message@std@@YAXPBG0I@Z 0040ad70 f   libcpmtd:stdthrow.obj
 0001:00009d90       ?_Xinvalid_argument@std@@YAXPBD@Z 0040ad90 f   libcpmtd:xthrow.obj
 0001:00009dc0       ??0invalid_argument@std@@QAE@PBD@Z 0040adc0 f i libcpmtd:xthrow.obj
 0001:00009df0       ??0logic_error@std@@QAE@PBD@Z 0040adf0 f i libcpmtd:xthrow.obj
 0001:00009e20       ??_Elogic_error@std@@UAEPAXI@Z 0040ae20 f i libcpmtd:xthrow.obj
 0001:00009e20       ??_Glogic_error@std@@UAEPAXI@Z 0040ae20 f i libcpmtd:xthrow.obj
 0001:00009e50       ??1logic_error@std@@UAE@XZ 0040ae50 f i libcpmtd:xthrow.obj
 0001:00009e70       ??_Ginvalid_argument@std@@UAEPAXI@Z 0040ae70 f i libcpmtd:xthrow.obj
 0001:00009e70       ??_Einvalid_argument@std@@UAEPAXI@Z 0040ae70 f i libcpmtd:xthrow.obj
 0001:00009ea0       ??1invalid_argument@std@@UAE@XZ 0040aea0 f i libcpmtd:xthrow.obj
 0001:00009ec0       ??0invalid_argument@std@@QAE@ABV01@@Z 0040aec0 f i libcpmtd:xthrow.obj
 0001:00009ef0       ??0logic_error@std@@QAE@ABV01@@Z 0040aef0 f i libcpmtd:xthrow.obj
 0001:00009f20       ?_Xlength_error@std@@YAXPBD@Z 0040af20 f   libcpmtd:xthrow.obj
 0001:00009f50       ??0length_error@std@@QAE@PBD@Z 0040af50 f i libcpmtd:xthrow.obj
 0001:00009f80       ??_Elength_error@std@@UAEPAXI@Z 0040af80 f i libcpmtd:xthrow.obj
 0001:00009f80       ??_Glength_error@std@@UAEPAXI@Z 0040af80 f i libcpmtd:xthrow.obj
 0001:00009fb0       ??1length_error@std@@UAE@XZ 0040afb0 f i libcpmtd:xthrow.obj
 0001:00009fd0       ??0length_error@std@@QAE@ABV01@@Z 0040afd0 f i libcpmtd:xthrow.obj
 0001:0000a000       ?_Xout_of_range@std@@YAXPBD@Z 0040b000 f   libcpmtd:xthrow.obj
 0001:0000a030       ??0out_of_range@std@@QAE@PBD@Z 0040b030 f i libcpmtd:xthrow.obj
 0001:0000a060       ??_Gout_of_range@std@@UAEPAXI@Z 0040b060 f i libcpmtd:xthrow.obj
 0001:0000a060       ??_Eout_of_range@std@@UAEPAXI@Z 0040b060 f i libcpmtd:xthrow.obj
 0001:0000a090       ??1out_of_range@std@@UAE@XZ 0040b090 f i libcpmtd:xthrow.obj
 0001:0000a0b0       ??0out_of_range@std@@QAE@ABV01@@Z 0040b0b0 f i libcpmtd:xthrow.obj
 0001:0000a0e0       ?_Xoverflow_error@std@@YAXPBD@Z 0040b0e0 f   libcpmtd:xthrow.obj
 0001:0000a110       ??0overflow_error@std@@QAE@PBD@Z 0040b110 f i libcpmtd:xthrow.obj
 0001:0000a140       ??0runtime_error@std@@QAE@PBD@Z 0040b140 f i libcpmtd:xthrow.obj
 0001:0000a170       ??_Gruntime_error@std@@UAEPAXI@Z 0040b170 f i libcpmtd:xthrow.obj
 0001:0000a170       ??_Eruntime_error@std@@UAEPAXI@Z 0040b170 f i libcpmtd:xthrow.obj
 0001:0000a1a0       ??1runtime_error@std@@UAE@XZ 0040b1a0 f i libcpmtd:xthrow.obj
 0001:0000a1c0       ??_Goverflow_error@std@@UAEPAXI@Z 0040b1c0 f i libcpmtd:xthrow.obj
 0001:0000a1c0       ??_Eoverflow_error@std@@UAEPAXI@Z 0040b1c0 f i libcpmtd:xthrow.obj
 0001:0000a1f0       ??1overflow_error@std@@UAE@XZ 0040b1f0 f i libcpmtd:xthrow.obj
 0001:0000a210       ??0overflow_error@std@@QAE@ABV01@@Z 0040b210 f i libcpmtd:xthrow.obj
 0001:0000a240       ??0runtime_error@std@@QAE@ABV01@@Z 0040b240 f i libcpmtd:xthrow.obj
 0001:0000a270       ?_Xruntime_error@std@@YAXPBD@Z 0040b270 f   libcpmtd:xthrow.obj
 0001:0000a2a0       __Once                     0040b2a0 f   libcpmtd:xmtx.obj
 0001:0000a300       __Mtxinit                  0040b300 f   libcpmtd:xmtx.obj
 0001:0000a320       __Mtxdst                   0040b320 f   libcpmtd:xmtx.obj
 0001:0000a340       __Mtxlock                  0040b340 f   libcpmtd:xmtx.obj
 0001:0000a360       __Mtxunlock                0040b360 f   libcpmtd:xmtx.obj
 0001:0000a380       ??2@YAPAXI@Z               0040b380 f   LIBCMTD:new.obj
 0001:0000a400       ??0bad_alloc@std@@QAE@XZ   0040b400 f i LIBCMTD:new.obj
 0001:0000a430       @__security_check_cookie@4 0040b430 f   LIBCMTD:secchk.obj
 0001:0000a440       __RTC_CheckEsp             0040b440 f   LIBCMTD:_stack_.obj
 0001:0000a470       @_RTC_CheckStackVars@8     0040b470 f   LIBCMTD:_stack_.obj
 0001:0000a4e0       @_RTC_AllocaHelper@12      0040b4e0 f   LIBCMTD:_stack_.obj
 0001:0000a520       @_RTC_CheckStackVars2@12   0040b520 f   LIBCMTD:_stack_.obj
 0001:0000a600       __RTC_InitBase             0040b600 f   LIBCMTD:_init_.obj
 0001:0000a630       __RTC_Shutdown             0040b630 f   LIBCMTD:_init_.obj
 0001:0000a650       ?name@type_info@@QBEPBDPAU__type_info_node@@@Z 0040b650 f   LIBCMTD:typinfo.obj
 0001:0000a670       ??1type_info@@UAE@XZ       0040b670 f   LIBCMTD:typinfo.obj
 0001:0000a6a0       ??_Gtype_info@@UAEPAXI@Z   0040b6a0 f i LIBCMTD:typinfo.obj
 0001:0000a6a0       ??_Etype_info@@UAEPAXI@Z   0040b6a0 f i LIBCMTD:typinfo.obj
 0001:0000a6d0       ?_name_internal_method@type_info@@QBEPBDPAU__type_info_node@@@Z 0040b6d0 f   LIBCMTD:typinfo.obj
 0001:0000a6f0       ?_type_info_dtor_internal_method@type_info@@QAEXXZ 0040b6f0 f   LIBCMTD:typinfo.obj
 0001:0000a710       ??8type_info@@QBE_NABV0@@Z 0040b710 f   LIBCMTD:typinfo.obj
 0001:0000a740       ??9type_info@@QBE_NABV0@@Z 0040b740 f   LIBCMTD:typinfo.obj
 0001:0000a770       ?before@type_info@@QBEHABV1@@Z 0040b770 f   LIBCMTD:typinfo.obj
 0001:0000a7a0       ?raw_name@type_info@@QBEPBDXZ 0040b7a0 f   LIBCMTD:typinfo.obj
 0001:0000a7c0       ??0type_info@@AAE@ABV0@@Z  0040b7c0 f   LIBCMTD:typinfo.obj
 0001:0000a7e0       ??4type_info@@AAEAAV0@ABV0@@Z 0040b7e0 f   LIBCMTD:typinfo.obj
 0001:0000a800       __purecall                 0040b800 f   LIBCMTD:purevirt.obj
 0001:0000a840       __set_purecall_handler     0040b840 f   LIBCMTD:purevirt.obj
 0001:0000a880       __get_purecall_handler     0040b880 f   LIBCMTD:purevirt.obj
 0001:0000a8a0       _wcscmp                    0040b8a0 f   LIBCMTD:wcscmp.obj
 0001:0000a910       _memset                    0040b910 f   LIBCMTD:memset.obj
 0001:0000a990       ?_JumpToContinuation@@YGXPAXPAUEHRegistrationNode@@@Z 0040b990 f   LIBCMTD:_trnsctrl_.obj
 0001:0000a9d0       ?_CallMemberFunction0@@YGXPAX0@Z 0040b9d0 f   LIBCMTD:_trnsctrl_.obj
 0001:0000a9e0       ?_CallMemberFunction1@@YGXPAX00@Z 0040b9e0 f   LIBCMTD:_trnsctrl_.obj
 0001:0000a9f0       ?_CallMemberFunction2@@YGXPAX00H@Z 0040b9f0 f   LIBCMTD:_trnsctrl_.obj
 0001:0000aa00       ?_UnwindNestedFrames@@YGXPAUEHRegistrationNode@@PAUEHExceptionRecord@@@Z 0040ba00 f   LIBCMTD:_trnsctrl_.obj
 0001:0000aa60       ___CxxFrameHandler         0040ba60 f   LIBCMTD:_trnsctrl_.obj
 0001:0000aaa0       ___CxxFrameHandler3        0040baa0 f   LIBCMTD:_trnsctrl_.obj
 0001:0000aae0       ___CxxFrameHandler2        0040bae0 f   LIBCMTD:_trnsctrl_.obj
 0001:0000ab20       ___CxxLongjmpUnwind@4      0040bb20 f   LIBCMTD:_trnsctrl_.obj
 0001:0000ab50       ?_CallCatchBlock2@@YAPAXPAUEHRegistrationNode@@PBU_s_FuncInfo@@PAXHK@Z 0040bb50 f   LIBCMTD:_trnsctrl_.obj
 0001:0000ac10       ?_CallSETranslator@@YAHPAUEHExceptionRecord@@PAUEHRegistrationNode@@PAX2PBU_s_FuncInfo@@H1@Z 0040bc10 f   LIBCMTD:_trnsctrl_.obj
 0001:0000adb0       ?_GetRangeOfTrysToCheck@@YAPBU_s_TryBlockMapEntry@@PBU_s_FuncInfo@@HHPAI1@Z 0040bdb0 f   LIBCMTD:_trnsctrl_.obj
 0001:0000ae30       __CreateFrameInfo          0040be30 f   LIBCMTD:_trnsctrl_.obj
 0001:0000ae60       __IsExceptionObjectToBeDestroyed 0040be60 f   LIBCMTD:_trnsctrl_.obj
 0001:0000ae90       __FindAndUnlinkFrame       0040be90 f   LIBCMTD:_trnsctrl_.obj
 0001:0000aef0       ??3@YAXPAX@Z               0040bef0 f   LIBCMTD:dbgdel.obj
 0001:0000b000       __CrtSetReportHookW2       0040c000 f   LIBCMTD:dbgrptw.obj
 0001:0000b330       __CrtDbgReportW            0040c330 f   LIBCMTD:dbgrptw.obj
 0001:0000b370       __CrtDbgReportWV           0040c370 f i LIBCMTD:dbgrptw.obj
 0001:0000b3a0       ___crtMessageWindowW       0040c3a0 f   LIBCMTD:dbgrptw.obj
 0001:0000b7a0       __invoke_watson_if_error   0040c7a0 f i LIBCMTD:dbgrptw.obj
 0001:0000b7d0       __invoke_watson_if_oneof   0040c7d0 f i LIBCMTD:dbgrptw.obj
 0001:0000b810       ?_CrtDbgReportW@@YAHHPBGH00ZZ 0040c810 f   LIBCMTD:dbgrptw.obj
 0001:0000b850       __CIsqrt                   0040c850 f   LIBCMTD:_sqrt_.obj
 0001:0000b864       _sqrt                      0040c864     LIBCMTD:_sqrt_.obj
 0001:0000b910       __fpmath                   0040c910 f   LIBCMTD:_fpinit_.obj
 0001:0000b930       __cfltcvt_init             0040c930 f   LIBCMTD:_fpinit_.obj
 0001:0000b9a0       ___setfflag                0040c9a0 f   LIBCMTD:_fpinit_.obj
 0001:0000b9c0       __ftol2_sse                0040c9c0 f   LIBCMTD:ftol2.obj
 0001:0000b9c9       __ftol2_pentium4           0040c9c9 f   LIBCMTD:ftol2.obj
 0001:0000b9dc       __ftol2_sse_excpt          0040c9dc f   LIBCMTD:ftol2.obj
 0001:0000b9f6       __ftol2                    0040c9f6 f   LIBCMTD:ftol2.obj
 0001:0000ba70       _labs                      0040ca70 f   LIBCMTD:labs.obj
 0001:0000baa0       __itow                     0040caa0 f   LIBCMTD:xtow.obj
 0001:0000bbc0       __ltow                     0040cbc0 f   LIBCMTD:xtow.obj
 0001:0000bc00       __ultow                    0040cc00 f   LIBCMTD:xtow.obj
 0001:0000bc20       __i64tow                   0040cc20 f   LIBCMTD:xtow.obj
 0001:0000bd80       __ui64tow                  0040cd80 f   LIBCMTD:xtow.obj
 0001:0000bda0       __initp_misc_invarg        0040cda0 f   LIBCMTD:invarg.obj
 0001:0000bdb0       __invalid_parameter        0040cdb0 f   LIBCMTD:invarg.obj
 0001:0000be10       __invoke_watson            0040ce10 f   LIBCMTD:invarg.obj
 0001:0000be40       __call_reportfault         0040ce40 f   LIBCMTD:invarg.obj
 0001:0000bf90       __set_invalid_parameter_handler 0040cf90 f   LIBCMTD:invarg.obj
 0001:0000bfd0       __get_invalid_parameter_handler 0040cfd0 f   LIBCMTD:invarg.obj
 0001:0000c000       ?_invalid_parameter@@YAXPBG00II@Z 0040d000 f   LIBCMTD:invarg.obj
 0001:0000c030       ?_invoke_watson@@YAXPBG00II@Z 0040d030 f   LIBCMTD:invarg.obj
 0001:0000c050       __CxxThrowException@8      0040d050 f   LIBCMTD:throw.obj
 0001:0000c0b0       ??0exception@std@@QAE@XZ   0040d0b0 f   LIBCMTD:stdexcpt.obj
 0001:0000c0e0       ??_Eexception@std@@UAEPAXI@Z 0040d0e0 f i LIBCMTD:stdexcpt.obj
 0001:0000c0e0       ??_Gexception@std@@UAEPAXI@Z 0040d0e0 f i LIBCMTD:stdexcpt.obj
 0001:0000c110       ??0exception@std@@QAE@ABQBD@Z 0040d110 f   LIBCMTD:stdexcpt.obj
 0001:0000c150       ??0exception@std@@QAE@ABQBDH@Z 0040d150 f   LIBCMTD:stdexcpt.obj
 0001:0000c180       ??0exception@std@@QAE@ABV01@@Z 0040d180 f   LIBCMTD:stdexcpt.obj
 0001:0000c1c0       ??4exception@std@@QAEAAV01@ABV01@@Z 0040d1c0 f   LIBCMTD:stdexcpt.obj
 0001:0000c210       ??1exception@std@@UAE@XZ   0040d210 f   LIBCMTD:stdexcpt.obj
 0001:0000c230       ?what@exception@std@@UBEPBDXZ 0040d230 f   LIBCMTD:stdexcpt.obj
 0001:0000c260       ?_Copy_str@exception@std@@AAEXPBD@Z 0040d260 f   LIBCMTD:stdexcpt.obj
 0001:0000c2d0       ?_Tidy@exception@std@@AAEXXZ 0040d2d0 f   LIBCMTD:stdexcpt.obj
 0001:0000c310       ??0bad_cast@std@@QAE@PBD@Z 0040d310 f   LIBCMTD:stdexcpt.obj
 0001:0000c340       ??_Gbad_cast@std@@UAEPAXI@Z 0040d340 f i LIBCMTD:stdexcpt.obj
 0001:0000c340       ??_Ebad_cast@std@@UAEPAXI@Z 0040d340 f i LIBCMTD:stdexcpt.obj
 0001:0000c370       ??0bad_cast@std@@QAE@ABV01@@Z 0040d370 f   LIBCMTD:stdexcpt.obj
 0001:0000c3a0       ??1bad_cast@std@@UAE@XZ    0040d3a0 f   LIBCMTD:stdexcpt.obj
 0001:0000c3c0       ??0bad_typeid@std@@QAE@PBD@Z 0040d3c0 f   LIBCMTD:stdexcpt.obj
 0001:0000c3f0       ??_Ebad_typeid@std@@UAEPAXI@Z 0040d3f0 f i LIBCMTD:stdexcpt.obj
 0001:0000c3f0       ??_Gbad_typeid@std@@UAEPAXI@Z 0040d3f0 f i LIBCMTD:stdexcpt.obj
 0001:0000c420       ??0bad_typeid@std@@QAE@ABV01@@Z 0040d420 f   LIBCMTD:stdexcpt.obj
 0001:0000c450       ??1bad_typeid@std@@UAE@XZ  0040d450 f   LIBCMTD:stdexcpt.obj
 0001:0000c470       ??0__non_rtti_object@std@@QAE@PBD@Z 0040d470 f   LIBCMTD:stdexcpt.obj
 0001:0000c4a0       ??_G__non_rtti_object@std@@UAEPAXI@Z 0040d4a0 f i LIBCMTD:stdexcpt.obj
 0001:0000c4a0       ??_E__non_rtti_object@std@@UAEPAXI@Z 0040d4a0 f i LIBCMTD:stdexcpt.obj
 0001:0000c4d0       ??0__non_rtti_object@std@@QAE@ABV01@@Z 0040d4d0 f   LIBCMTD:stdexcpt.obj
 0001:0000c500       ??1__non_rtti_object@std@@UAE@XZ 0040d500 f   LIBCMTD:stdexcpt.obj
 0001:0000c520       _memmove                   0040d520 f   LIBCMTD:memmove.obj
 0001:0000c890       __onexit                   0040d890 f   LIBCMTD:onexit.obj
 0001:0000ca60       _atexit                    0040da60 f   LIBCMTD:onexit.obj
 0001:0000ca80       ___onexitinit              0040da80 f   LIBCMTD:onexit.obj
 0001:0000cae0       __wassert                  0040dae0 f   LIBCMTD:wassert.obj
 0001:0000d6b0       __time64                   0040e6b0 f   LIBCMTD:time64.obj
 0001:0000d730       __chkstk                   0040e730 f   LIBCMTD:chkstk.obj
 0001:0000d730       __alloca_probe             0040e730     LIBCMTD:chkstk.obj
 0001:0000d760       _wcsrchr                   0040e760 f   LIBCMTD:wcsrchr.obj
 0001:0000d7c0       _wcscpy_s                  0040e7c0 f   LIBCMTD:wcscpy_s.obj
 0001:0000daa0       _wcscat_s                  0040eaa0 f   LIBCMTD:wcscat_s.obj
 0001:0000de90       _WinMainCRTStartup         0040ee90 f   LIBCMTD:wincrt0.obj
 0001:0000e110       __initp_heap_handler       0040f110 f   LIBCMTD:handler.obj
 0001:0000e120       ?_set_new_handler@@YAP6AHI@ZP6AHI@Z@Z 0040f120 f   LIBCMTD:handler.obj
 0001:0000e160       ?_set_new_handler@@YAP6AHI@ZH@Z 0040f160 f   LIBCMTD:handler.obj
 0001:0000e1a0       ?_query_new_handler@@YAP6AHI@ZXZ 0040f1a0 f   LIBCMTD:handler.obj
 0001:0000e1c0       __callnewh                 0040f1c0 f   LIBCMTD:handler.obj
 0001:0000e200       _malloc                    0040f200 f   LIBCMTD:dbgmalloc.obj
 0001:0000e230       ___report_gsfailure        0040f230 f   LIBCMTD:gs_report.obj
 0001:0000e340       ?_RTC_Failure@@YAXPAXH@Z   0040f340 f   LIBCMTD:_error_.obj
 0001:0000e6f0       ?_RTC_StackFailure@@YAXPAXPBD@Z 0040f6f0 f   LIBCMTD:_error_.obj
 0001:0000e7f0       ?_RTC_AllocaFailure@@YAXPAXPAU_RTC_ALLOCA_NODE@@H@Z 0040f7f0 f   LIBCMTD:_error_.obj
 0001:0000e9a0       __RTC_UninitUse            0040f9a0 f   LIBCMTD:_error_.obj
 0001:0000ea90       __RTC_NumErrors            0040fa90 f   LIBCMTD:_userapi_.obj
 0001:0000eaa0       __RTC_GetErrDesc           0040faa0 f   LIBCMTD:_userapi_.obj
 0001:0000eac0       __RTC_SetErrorType         0040fac0 f   LIBCMTD:_userapi_.obj
 0001:0000eaf0       __RTC_SetErrorFunc         0040faf0 f   LIBCMTD:_userapi_.obj
 0001:0000eb10       __RTC_SetErrorFuncW        0040fb10 f   LIBCMTD:_userapi_.obj
 0001:0000eb30       ?_RTC_GetErrorFunc@@YAP6AHHPBDH00ZZPBX@Z 0040fb30 f   LIBCMTD:_userapi_.obj
 0001:0000eb40       ?_RTC_GetErrorFuncW@@YAP6AHHPB_WH00ZZPBX@Z 0040fb40 f   LIBCMTD:_userapi_.obj
 0001:0000eb50       __chkesp                   0040fb50 f   LIBCMTD:chkesp.obj
 0001:0000eb90       __CRT_RTC_INIT             0040fb90 f   LIBCMTD:chkesp.obj
 0001:0000eba0       __CRT_RTC_INITW            0040fba0 f   LIBCMTD:chkesp.obj
 0001:0000ebb0       ?_Type_info_dtor@type_info@@CAXPAV1@@Z 0040fbb0 f   LIBCMTD:typname.obj
 0001:0000ecc0       ?_Name_base@type_info@@CAPBDPBV1@PAU__type_info_node@@@Z 0040fcc0 f   LIBCMTD:typname.obj
 0001:0000ee70       ?_Type_info_dtor_internal@type_info@@CAXPAV1@@Z 0040fe70 f   LIBCMTD:typname.obj
 0001:0000ef80       ___unDNameHelper           0040ff80 f   LIBCMTD:typname.obj
 0001:0000efc0       ?_Name_base_internal@type_info@@CAPBDPBV1@PAU__type_info_node@@@Z 0040ffc0 f   LIBCMTD:typname.obj
 0001:0000f180       ___clean_type_info_names_internal 00410180 f   LIBCMTD:typname.obj
 0001:0000f240       _strcmp                    00410240 f   LIBCMTD:strcmp.obj
 0001:0000f2d0       _abort                     004102d0 f   LIBCMTD:abort.obj
 0001:0000f330       __set_abort_behavior       00410330 f   LIBCMTD:abort.obj
 0001:0000f360       __FF_MSGBANNER             00410360 f   LIBCMTD:crt0msg.obj
 0001:0000f3b0       __GET_RTERRMSG             004103b0 f   LIBCMTD:crt0msg.obj
 0001:0000f400       __NMSG_WRITE               00410400 f   LIBCMTD:crt0msg.obj
 0001:0000f740       ___getlocaleinfo           00410740 f   LIBCMTD:inithelp.obj
 0001:0000fa20       __initp_misc_purevirt      00410a20 f   LIBCMTD:inithelp.obj
 0001:0000fa30       __VEC_memzero              00410a30 f   LIBCMTD:p4_memset.obj
 0001:0000faf0       ___sse2_available_init     00410af0 f   LIBCMTD:cpu_disp.obj
 0001:0000fb10       ___InternalCxxFrameHandler 00410b10 f   LIBCMTD:frame.obj
 0001:00010110       ??0bad_exception@std@@QAE@PBD@Z 00411110 f i LIBCMTD:frame.obj
 0001:00010140       ??1bad_exception@std@@UAE@XZ 00411140 f i LIBCMTD:frame.obj
 0001:00010160       ??_Ebad_exception@std@@UAEPAXI@Z 00411160 f i LIBCMTD:frame.obj
 0001:00010160       ??_Gbad_exception@std@@UAEPAXI@Z 00411160 f i LIBCMTD:frame.obj
 0001:00010190       ??0bad_exception@std@@QAE@ABV01@@Z 00411190 f i LIBCMTD:frame.obj
 0001:00010350       ___TypeMatch               00411350 f   LIBCMTD:frame.obj
 0001:00010400       ___FrameUnwindFilter       00411400 f   LIBCMTD:frame.obj
 0001:00010480       ___FrameUnwindToState      00411480 f   LIBCMTD:frame.obj
 0001:000109c0       ___BuildCatchObjectHelper  004119c0 f   LIBCMTD:frame.obj
 0001:00010c30       ___BuildCatchObject        00411c30 f   LIBCMTD:frame.obj
 0001:00010d40       ___DestructExceptionObject 00411d40 f   LIBCMTD:frame.obj
 0001:00010df0       ___AdjustPointer           00411df0 f   LIBCMTD:frame.obj
 0001:00010e40       ?__uncaught_exception@@YA_NXZ 00411e40 f   LIBCMTD:frame.obj
 0001:00010e60       ___CxxExceptionFilter      00411e60 f   LIBCMTD:frame.obj
 0001:00011060       ___CxxRegisterExceptionObject 00412060 f   LIBCMTD:frame.obj
 0001:00011190       ___CxxDetectRethrow        00412190 f   LIBCMTD:frame.obj
 0001:00011220       ___CxxUnregisterExceptionObject 00412220 f   LIBCMTD:frame.obj
 0001:000113a0       ___CxxQueryExceptionSize   004123a0 f   LIBCMTD:frame.obj
 0001:000113b0       ___CxxCallUnwindDtor       004123b0 f   LIBCMTD:frame.obj
 0001:00011430       ___CxxCallUnwindDelDtor    00412430 f   LIBCMTD:frame.obj
 0001:000114b0       ___CxxCallUnwindStdDelDtor 004124b0 f   LIBCMTD:frame.obj
 0001:00011530       ___CxxCallUnwindVecDtor    00412530 f   LIBCMTD:frame.obj
 0001:00011760       ?_is_exception_typeof@@YAHABVtype_info@@PAU_EXCEPTION_POINTERS@@@Z 00412760 f   LIBCMTD:frame.obj
 0001:00011840       __CallSettingFrame@12      00412840 f   LIBCMTD:lowhelpr.obj
 0001:00011867       __NLG_Return               00412867     LIBCMTD:lowhelpr.obj
 0001:00011890       __encoded_null             00412890 f   LIBCMTD:tidtable.obj
 0001:000118a0       ___crtTlsAlloc@4           004128a0 f   LIBCMTD:tidtable.obj
 0001:000118b0       ___fls_getvalue@4          004128b0 f   LIBCMTD:tidtable.obj
 0001:000118d0       ___get_flsindex            004128d0 f   LIBCMTD:tidtable.obj
 0001:000118e0       ___set_flsgetvalue         004128e0 f   LIBCMTD:tidtable.obj
 0001:00011930       ___fls_setvalue@8          00412930 f   LIBCMTD:tidtable.obj
 0001:00011950       __mtinit                   00412950 f   LIBCMTD:tidtable.obj
 0001:00011b50       __mtterm                   00412b50 f   LIBCMTD:tidtable.obj
 0001:00011bb0       __initptd                  00412bb0 f   LIBCMTD:tidtable.obj
 0001:00011ce0       __getptd_noexit            00412ce0 f   LIBCMTD:tidtable.obj
 0001:00011da0       __getptd                   00412da0 f   LIBCMTD:tidtable.obj
 0001:00011dd0       __freefls@4                00412dd0 f   LIBCMTD:tidtable.obj
 0001:00011fe0       __freeptd                  00412fe0 f   LIBCMTD:tidtable.obj
 0001:00012060       ___threadid                00413060 f   LIBCMTD:tidtable.obj
 0001:00012070       ___threadhandle            00413070 f   LIBCMTD:tidtable.obj
 0001:00012080       __initp_eh_hooks           00413080 f   LIBCMTD:hooks.obj
 0001:000120a0       ?terminate@@YAXXZ          004130a0 f   LIBCMTD:hooks.obj
 0001:00012120       ?unexpected@@YAXXZ         00413120 f   LIBCMTD:hooks.obj
 0001:00012150       ?_inconsistency@@YAXXZ     00413150 f   LIBCMTD:hooks.obj
 0001:000121e0       __mtinitlocks              004131e0 f   LIBCMTD:mlock.obj
 0001:00012270       __mtdeletelocks            00413270 f   LIBCMTD:mlock.obj
 0001:00012330       __mtinitlocknum            00413330 f   LIBCMTD:mlock.obj
 0001:00012480       __lock                     00413480 f   LIBCMTD:mlock.obj
 0001:000124c0       __unlock                   004134c0 f   LIBCMTD:mlock.obj
 0001:000124e0       __lockerr_exit             004134e0 f   LIBCMTD:mlock.obj
 0001:00012500       __malloc_dbg               00413500 f   LIBCMTD:dbgheap.obj
 0001:00012530       __nh_malloc                00413530 f   LIBCMTD:dbgheap.obj
 0001:00012550       __nh_malloc_dbg            00413550 f   LIBCMTD:dbgheap.obj
 0001:00012630       __heap_alloc               00413630 f   LIBCMTD:dbgheap.obj
 0001:00012a10       __heap_alloc_dbg           00413a10 f   LIBCMTD:dbgheap.obj
 0001:00012a70       __calloc_dbg_impl          00413a70 f   LIBCMTD:dbgheap.obj
 0001:00012af0       __calloc_dbg               00413af0 f   LIBCMTD:dbgheap.obj
 0001:00012b50       __recalloc                 00413b50 f   LIBCMTD:dbgheap.obj
 0001:00012b80       __realloc_dbg              00413b80 f   LIBCMTD:dbgheap.obj
 0001:00013220       __recalloc_dbg             00414220 f   LIBCMTD:dbgheap.obj
 0001:000132d0       __expand                   004142d0 f   LIBCMTD:dbgheap.obj
 0001:00013300       __expand_dbg               00414300 f   LIBCMTD:dbgheap.obj
 0001:00013410       __free_nolock              00414410 f   LIBCMTD:dbgheap.obj
 0001:00013430       __free_dbg                 00414430 f   LIBCMTD:dbgheap.obj
 0001:000134b0       __free_dbg_nolock          004144b0 f   LIBCMTD:dbgheap.obj
 0001:00013990       __msize                    00414990 f   LIBCMTD:dbgheap.obj
 0001:000139b0       __msize_dbg                004149b0 f   LIBCMTD:dbgheap.obj
 0001:00013ba0       __CrtSetBreakAlloc         00414ba0 f   LIBCMTD:dbgheap.obj
 0001:00013bc0       __CrtSetDbgBlockType       00414bc0 f   LIBCMTD:dbgheap.obj
 0001:00013cb0       __CrtSetAllocHook          00414cb0 f   LIBCMTD:dbgheap.obj
 0001:00013cd0       __CrtGetAllocHook          00414cd0 f   LIBCMTD:dbgheap.obj
 0001:00013d30       __CrtCheckMemory           00414d30 f   LIBCMTD:dbgheap.obj
 0001:00014190       __CrtSetDbgFlag            00415190 f   LIBCMTD:dbgheap.obj
 0001:000142e0       __CrtDoForAllClientObjects 004152e0 f   LIBCMTD:dbgheap.obj
 0001:00014400       __CrtIsValidPointer        00415400 f   LIBCMTD:dbgheap.obj
 0001:00014410       __CrtIsValidHeapPointer    00415410 f   LIBCMTD:dbgheap.obj
 0001:00014460       __CrtIsMemoryBlock         00415460 f   LIBCMTD:dbgheap.obj
 0001:000145d0       __CrtReportBlockType       004155d0 f   LIBCMTD:dbgheap.obj
 0001:00014600       __CrtSetDumpClient         00415600 f   LIBCMTD:dbgheap.obj
 0001:00014620       __CrtGetDumpClient         00415620 f   LIBCMTD:dbgheap.obj
 0001:00014630       __CrtMemCheckpoint         00415630 f   LIBCMTD:dbgheap.obj
 0001:00014850       __CrtMemDifference         00415850 f   LIBCMTD:dbgheap.obj
 0001:00014a70       __CrtMemDumpAllObjectsSince 00415a70 f   LIBCMTD:dbgheap.obj
 0001:00014ab0       ??0_LocaleUpdate@@QAE@PAUlocaleinfo_struct@@@Z 00415ab0 f i LIBCMTD:dbgheap.obj
 0001:00014b90       ??1_LocaleUpdate@@QAE@XZ   00415b90 f i LIBCMTD:dbgheap.obj
 0001:00014bc0       ?GetLocaleT@_LocaleUpdate@@QAEPAUlocaleinfo_struct@@XZ 00415bc0 f i LIBCMTD:dbgheap.obj
 0001:00015080       __CrtDumpMemoryLeaks       00416080 f   LIBCMTD:dbgheap.obj
 0001:00015100       __CrtMemDumpStatistics     00416100 f   LIBCMTD:dbgheap.obj
 0001:00015210       __aligned_malloc           00416210 f   LIBCMTD:dbgheap.obj
 0001:00015230       __aligned_malloc_dbg       00416230 f   LIBCMTD:dbgheap.obj
 0001:00015260       __aligned_realloc          00416260 f   LIBCMTD:dbgheap.obj
 0001:00015290       __aligned_recalloc         00416290 f   LIBCMTD:dbgheap.obj
 0001:000152c0       __aligned_realloc_dbg      004162c0 f   LIBCMTD:dbgheap.obj
 0001:000152f0       __aligned_recalloc_dbg     004162f0 f   LIBCMTD:dbgheap.obj
 0001:00015320       __aligned_offset_malloc    00416320 f   LIBCMTD:dbgheap.obj
 0001:00015340       __aligned_offset_malloc_dbg 00416340 f   LIBCMTD:dbgheap.obj
[...]
 0001:0001b2c0       @x64tow_s@24               0041c2c0 f   LIBCMTD:xtows.obj
 0001:0001c150       _flsall                    0041d150 f   LIBCMTD:fflush.obj
 0001:0001d9a0       _xcptlookup                0041e9a0 f   LIBCMTD:winxfltr.obj
 0001:0001dda0       _parse_cmdline             0041eda0 f   LIBCMTD:stdargv.obj
 0001:0001ea70       ?GetPdbDll@@YAPAUHINSTANCE__@@XZ 0041fa70 f   LIBCMTD:_pdblkup_.obj
 0001:0001eb60       ?GetPdbDllFromInstallPath@@YAPAUHINSTANCE__@@XZ 0041fb60 f   LIBCMTD:_pdblkup_.obj
 0001:0001ed20       ?GetPdbDllPathFromFilePath@@YAHPB_WPA_WI@Z 0041fd20 f   LIBCMTD:_pdblkup_.obj
 0001:00028ce0       ?und_strlen@@YAIPBD@Z      00429ce0 f   LIBCMTD:undname.obj
 0001:00028d20       ?und_memcpy@@YAXPADPBDI@Z  00429d20 f   LIBCMTD:undname.obj
 0001:00028d60       ?und_strncmp@@YAIPBD0I@Z   00429d60 f   LIBCMTD:undname.obj
 0001:00028f90       __unwind_handler4          00429f90 f   LIBCMTD:exsup4.obj
 0001:000294a0       ?__crtGetLocaleInfoA_stat@@YAHPAUlocaleinfo_struct@@KKPADH@Z 0042a4a0 f   LIBCMTD:a_loc.obj
 0001:00029700       __unwind_handler           0042a700 f   LIBCMTD:exsup.obj
 0001:0002a250       ?getSystemCP@@YAHH@Z       0042b250 f   LIBCMTD:mbctype.obj
 0001:0002a6b0       ?CPtoLCID@@YAHH@Z          0042b6b0 f   LIBCMTD:mbctype.obj
 0001:0002a730       ?setSBCS@@YAXPAUthreadmbcinfostruct@@@Z 0042b730 f   LIBCMTD:mbctype.obj
 0001:0002a810       ?setSBUpLow@@YAXPAUthreadmbcinfostruct@@@Z 0042b810 f   LIBCMTD:mbctype.obj
 0001:0002ad00       __is_LFH_enabled           0042bd00 f   LIBCMTD:expand.obj
 0001:0002cf40       _xtoa_s@20                 0042df40 f   LIBCMTD:xtoas.obj
 0001:0002d360       @x64toa_s@24               0042e360 f   LIBCMTD:xtoas.obj
 0001:0002dc10       ?wcsncnt@@YAIPB_WI@Z       0042ec10 f   LIBCMTD:wcstombs.obj
 0001:0002f5b0       _write_char                004305b0 f   LIBCMTD:woutput.obj
 0001:0002f610       _write_multi_char          00430610 f   LIBCMTD:woutput.obj
 0001:0002f650       _write_string              00430650 f   LIBCMTD:woutput.obj
 0001:00033c40       _write_char                00434c40 f   LIBCMTD:woutputs.obj
 0001:00033ca0       _write_multi_char          00434ca0 f   LIBCMTD:woutputs.obj
 0001:00033ce0       _write_string              00434ce0 f   LIBCMTD:woutputs.obj
 0001:00037640       _write_char                00438640 f   LIBCMTD:woutputp.obj
 0001:000376a0       _write_multi_char          004386a0 f   LIBCMTD:woutputp.obj
 0001:000376e0       _write_string              004386e0 f   LIBCMTD:woutputp.obj
 0001:00037aa0       ?x_ismbbtype_l@@YAHPAUlocaleinfo_struct@@IHH@Z 00438aa0 f   LIBCMTD:ismbbyte.obj
 0001:00038920       __get_lc_time              00439920 f   LIBCMTD:inittime.obj
 0001:00039f00       _fix_grouping              0043af00 f   LIBCMTD:initnum.obj
 0001:0003a5a0       _fix_grouping              0043b5a0 f   LIBCMTD:initmon.obj
 0001:0003a8e0       ?__crtLCMapStringA_stat@@YAHPAUlocaleinfo_struct@@KKPBDHPADHHH@Z 0043b8e0 f   LIBCMTD:a_map.obj
 0001:0003ab70       ?strncnt@@YAHPBDH@Z        0043bb70 f   LIBCMTD:a_map.obj
 0001:0003ac20       ?__crtGetStringTypeA_stat@@YAHPAUlocaleinfo_struct@@KPBDHPAGHHH@Z 0043bc20 f   LIBCMTD:a_str.obj
 0001:0003c000       _write_char                0043d000 f   LIBCMTD:output.obj
 0001:0003c0b0       _write_multi_char          0043d0b0 f   LIBCMTD:output.obj
 0001:0003c0f0       _write_string              0043d0f0 f   LIBCMTD:output.obj
 0001:0003ce40       __copytlocinfo_nolock      0043de40 f   LIBCMTD:setlocal.obj
 0001:0003d260       _sync_legacy_variables_lk  0043e260 f   LIBCMTD:setlocal.obj
 0001:0003d2a0       __setlocale_nolock         0043e2a0 f   LIBCMTD:setlocal.obj
 0001:0003d690       __setlocale_set_cat        0043e690 f   LIBCMTD:setlocal.obj
 0001:0003dbc0       __setlocale_get_all        0043ebc0 f   LIBCMTD:setlocal.obj
 0001:0003f8c0       _write_char                004408c0 f   LIBCMTD:outputs.obj
 0001:0003f970       _write_multi_char          00440970 f   LIBCMTD:outputs.obj
 0001:0003f9b0       _write_string              004409b0 f   LIBCMTD:outputs.obj
 0001:00043740       _write_char                00444740 f   LIBCMTD:outputp.obj
 0001:000437f0       _write_multi_char          004447f0 f   LIBCMTD:outputp.obj
 0001:00043830       _write_string              00444830 f   LIBCMTD:outputp.obj
 0001:00045320       __get_fname                00446320 f   LIBCMTD:_fpexcept_.obj
 0001:00045a50       __abstract_cw              00446a50 f   LIBCMTD:_ieee87_.obj
 0001:00045ba0       __hw_cw                    00446ba0 f   LIBCMTD:_ieee87_.obj
 0001:00045d00       __abstract_sw              00446d00 f   LIBCMTD:_ieee87_.obj
 0001:00045d90       ___statusfp_sse2           00446d90 f   LIBCMTD:_ieee87_.obj
 0001:00045db0       ___clearfp_sse2            00446db0 f   LIBCMTD:_ieee87_.obj
 0001:00045de0       ___control87_sse2          00446de0 f   LIBCMTD:_ieee87_.obj
 0001:00045e60       ___abstract_cw_sse2        00446e60 f   LIBCMTD:_ieee87_.obj
 0001:00045fb0       ___hw_cw_sse2              00446fb0 f   LIBCMTD:_ieee87_.obj
 0001:00046100       ___abstract_sw_sse2        00447100 f   LIBCMTD:_ieee87_.obj
 0001:00046190       ___fpreset_sse2            00447190 f   LIBCMTD:_ieee87_.obj
 0001:00048cd0       ?wcstoxl@@YAKPB_WPAPB_WHH@Z 00449cd0 f   LIBCMTD:wcstol.obj
 0001:00049130       ?strtoxl@@YAKPAUlocaleinfo_struct@@PBDPAPBDHH@Z 0044a130 f   LIBCMTD:strtol.obj
 0001:00049710       ?strtoxq@@YA_KPAUlocaleinfo_struct@@PBDPAPBDHH@Z 0044a710 f   LIBCMTD:strtoq.obj
 0001:0004ac80       _cmpBYTE                   0044bc80 f   LIBCMTD:memcmp.obj
 0001:0004acb0       _cmpResult                 0044bcb0 f   LIBCMTD:memcmp.obj
 0001:0004acd0       _unaligned_memcmp          0044bcd0 f   LIBCMTD:memcmp.obj
 0001:0004b3e0       _cmpWORD                   0044c3e0 f   LIBCMTD:memcmp.obj
 0001:0004b460       _cmpDWORD                  0044c460 f   LIBCMTD:memcmp.obj
 0001:0004b7e0       _TranslateName             0044c7e0 f   LIBCMTD:getqloc.obj
 0001:0004b870       _GetLcidFromLangCountry    0044c870 f   LIBCMTD:getqloc.obj
 0001:0004b930       _LangCountryEnumProc@4     0044c930 f   LIBCMTD:getqloc.obj
 0001:0004bd70       _GetLcidFromLanguage       0044cd70 f   LIBCMTD:getqloc.obj
 0001:0004bdf0       _LanguageEnumProc@4        0044cdf0 f   LIBCMTD:getqloc.obj
 0001:0004bf90       _GetLcidFromCountry        0044cf90 f   LIBCMTD:getqloc.obj
 0001:0004bfe0       _CountryEnumProc@4         0044cfe0 f   LIBCMTD:getqloc.obj
 0001:0004c0e0       _GetLcidFromDefault        0044d0e0 f   LIBCMTD:getqloc.obj
 0001:0004c120       _ProcessCodePage           0044d120 f   LIBCMTD:getqloc.obj
 0001:0004c1d0       _TestDefaultCountry        0044d1d0 f   LIBCMTD:getqloc.obj
 0001:0004c220       _TestDefaultLanguage       0044d220 f   LIBCMTD:getqloc.obj
 0001:0004c2a0       _LcidFromHexString         0044d2a0 f   LIBCMTD:getqloc.obj
 0001:0004c320       _GetPrimaryLen             0044d320 f   LIBCMTD:getqloc.obj
 0001:0004dc00       __unwindfunclet$?Notify@CGameFrameWnd@@UAEXAAUtagTNotifyUI@DuiLib@@@Z$0 0044ec00 f   GameDemo.obj
 0001:0004dc15       __unwindfunclet$?Notify@CGameFrameWnd@@UAEXAAUtagTNotifyUI@DuiLib@@@Z$1 0044ec15 f   GameDemo.obj
 0001:0004dc2a       __unwindfunclet$?Notify@CGameFrameWnd@@UAEXAAUtagTNotifyUI@DuiLib@@@Z$2 0044ec2a f   GameDemo.obj
 0001:0004dc3f       __unwindfunclet$?Notify@CGameFrameWnd@@UAEXAAUtagTNotifyUI@DuiLib@@@Z$3 0044ec3f f   GameDemo.obj
 0001:0004dc54       __unwindfunclet$?Notify@CGameFrameWnd@@UAEXAAUtagTNotifyUI@DuiLib@@@Z$4 0044ec54 f   GameDemo.obj
 0001:0004dc69       __ehhandler$?Notify@CGameFrameWnd@@UAEXAAUtagTNotifyUI@DuiLib@@@Z 0044ec69 f   GameDemo.obj
 0001:0004dca0       __unwindfunclet$?ExpandNode@GameListUI@@QAEXPAVNode@1@_N@Z$0 0044eca0 f   GameDemo.obj
 0001:0004dcb5       __ehhandler$?ExpandNode@GameListUI@@QAEXPAVNode@1@_N@Z 0044ecb5 f   GameDemo.obj
 0001:0004dce0       __unwindfunclet$?OnPrepare@CGameFrameWnd@@QAEXXZ$0 0044ece0 f   GameDemo.obj
 0001:0004dceb       __unwindfunclet$?OnPrepare@CGameFrameWnd@@QAEXXZ$1 0044eceb f   GameDemo.obj
 0001:0004dcf6       __ehhandler$?OnPrepare@CGameFrameWnd@@QAEXXZ 0044ecf6 f   GameDemo.obj
 0001:0004dd20       __unwindfunclet$?AddNode@GameListUI@@QAEPAVNode@1@PB_WPAV21@@Z$0 0044ed20 f   GameDemo.obj
 0001:0004dd2e       __unwindfunclet$?AddNode@GameListUI@@QAEPAVNode@1@PB_WPAV21@@Z$1 0044ed2e f   GameDemo.obj
 0001:0004dd3c       __unwindfunclet$?AddNode@GameListUI@@QAEPAVNode@1@PB_WPAV21@@Z$2 0044ed3c f   GameDemo.obj
 0001:0004dd51       __ehhandler$?AddNode@GameListUI@@QAEPAVNode@1@PB_WPAV21@@Z 0044ed51 f   GameDemo.obj
 0001:0004dd80       __unwindfunclet$??0Node@GameListUI@@QAE@XZ$0 0044ed80 f   GameDemo.obj
 0001:0004dd88       __ehhandler$??0Node@GameListUI@@QAE@XZ 0044ed88 f   GameDemo.obj
 0001:0004ddb0       __unwindfunclet$??1Node@GameListUI@@QAE@XZ$0 0044edb0 f   GameDemo.obj
 0001:0004ddb8       __unwindfunclet$??1Node@GameListUI@@QAE@XZ$1 0044edb8 f   GameDemo.obj
 0001:0004ddc3       __ehhandler$??1Node@GameListUI@@QAE@XZ 0044edc3 f   GameDemo.obj
 0001:0004dde0       __unwindfunclet$?Notify@CLoginFrameWnd@@UAEXAAUtagTNotifyUI@DuiLib@@@Z$0 0044ede0 f   GameDemo.obj
 0001:0004ddf5       __unwindfunclet$?Notify@CLoginFrameWnd@@UAEXAAUtagTNotifyUI@DuiLib@@@Z$1 0044edf5 f   GameDemo.obj
 0001:0004de0a       __unwindfunclet$?Notify@CLoginFrameWnd@@UAEXAAUtagTNotifyUI@DuiLib@@@Z$2 0044ee0a f   GameDemo.obj
 0001:0004de1f       __unwindfunclet$?Notify@CLoginFrameWnd@@UAEXAAUtagTNotifyUI@DuiLib@@@Z$3 0044ee1f f   GameDemo.obj
 0001:0004de34       __ehhandler$?Notify@CLoginFrameWnd@@UAEXAAUtagTNotifyUI@DuiLib@@@Z 0044ee34 f   GameDemo.obj
 0001:0004de60       __unwindfunclet$?OnCreate@CLoginFrameWnd@@QAEJIIJAAH@Z$0 0044ee60 f   GameDemo.obj
 0001:0004de75       __ehhandler$?OnCreate@CLoginFrameWnd@@QAEJIIJAAH@Z 0044ee75 f   GameDemo.obj
 0001:0004dea0       __unwindfunclet$?Init@CLoginFrameWnd@@QAEXXZ$0 0044eea0 f   GameDemo.obj
 0001:0004deb5       __ehhandler$?Init@CLoginFrameWnd@@QAEXXZ 0044eeb5 f   GameDemo.obj
 0001:0004dee0       __unwindfunclet$?MessageHandler@CLoginFrameWnd@@UAEJIIJAA_N@Z$0 0044eee0 f   GameDemo.obj
 0001:0004def5       __unwindfunclet$?MessageHandler@CLoginFrameWnd@@UAEJIIJAA_N@Z$1 0044eef5 f   GameDemo.obj
 0001:0004df0a       __ehhandler$?MessageHandler@CLoginFrameWnd@@UAEJIIJAA_N@Z 0044ef0a f   GameDemo.obj
 0001:0004df40       __unwindfunclet$?CreateControl@CDialogBuilderCallbackEx@@UAEPAVCControlUI@DuiLib@@PB_W@Z$0 0044ef40 f   GameDemo.obj
 0001:0004df4b       __unwindfunclet$?CreateControl@CDialogBuilderCallbackEx@@UAEPAVCControlUI@DuiLib@@PB_W@Z$1 0044ef4b f   GameDemo.obj
 0001:0004df56       __ehhandler$?CreateControl@CDialogBuilderCallbackEx@@UAEPAVCControlUI@DuiLib@@PB_W@Z 0044ef56 f   GameDemo.obj
 0001:0004df80       __unwindfunclet$??0GameListUI@@QAE@XZ$0 0044ef80 f   GameDemo.obj
 0001:0004df92       __unwindfunclet$??0GameListUI@@QAE@XZ$1 0044ef92 f   GameDemo.obj
 0001:0004df9d       __ehhandler$??0GameListUI@@QAE@XZ 0044ef9d f   GameDemo.obj
 0001:0004dfc0       __unwindfunclet$?RemoveAll@GameListUI@@UAEXXZ$0 0044efc0 f   GameDemo.obj
 0001:0004dfcb       __ehhandler$?RemoveAll@GameListUI@@UAEXXZ 0044efcb f   GameDemo.obj
 0001:0004dff0       __unwindfunclet$?remove_child@Node@GameListUI@@QAEXPAV12@@Z$0 0044eff0 f   GameDemo.obj
 0001:0004dff8       __unwindfunclet$?remove_child@Node@GameListUI@@QAEXPAV12@@Z$1 0044eff8 f   GameDemo.obj
 0001:0004e000       __ehhandler$?remove_child@Node@GameListUI@@QAEXPAV12@@Z 0044f000 f   GameDemo.obj
 0001:0004e020       __unwindfunclet$??1GameListUI@@UAE@XZ$0 0044f020 f   GameDemo.obj
 0001:0004e032       __ehhandler$??1GameListUI@@UAE@XZ 0044f032 f   GameDemo.obj
 0001:0004e050       __unwindfunclet$?_Adopt@_Iterator_base12@std@@QAEXPBU_Container_base12@2@@Z$0 0044f050 f   GameDemo.obj
 0001:0004e058       __ehhandler$?_Adopt@_Iterator_base12@std@@QAEXPBU_Container_base12@2@@Z 0044f058 f   GameDemo.obj
 0001:0004e080       __unwindfunclet$??1_Iterator_base12@std@@QAE@XZ$0 0044f080 f   GameDemo.obj
 0001:0004e088       __ehhandler$??1_Iterator_base12@std@@QAE@XZ 0044f088 f   GameDemo.obj
 0001:0004e0b0       __unwindfunclet$??0DeskListUI@@QAE@XZ$0 0044f0b0 f   GameDemo.obj
 0001:0004e0c2       __unwindfunclet$??0DeskListUI@@QAE@XZ$1 0044f0c2 f   GameDemo.obj
 0001:0004e0d7       __unwindfunclet$??0DeskListUI@@QAE@XZ$2 0044f0d7 f   GameDemo.obj
 0001:0004e0ec       __ehhandler$??0DeskListUI@@QAE@XZ 0044f0ec f   GameDemo.obj
 0001:0004e120       __unwindfunclet$?SendChatMessage@CGameFrameWnd@@QAEXXZ$0 0044f120 f   GameDemo.obj
 0001:0004e135       __unwindfunclet$?SendChatMessage@CGameFrameWnd@@QAEXXZ$1 0044f135 f   GameDemo.obj
 0001:0004e14a       __ehhandler$?SendChatMessage@CGameFrameWnd@@QAEXXZ 0044f14a f   GameDemo.obj
 0001:0004e180       __unwindfunclet$?GetItemText@CGameFrameWnd@@UAEPB_WPAVCControlUI@DuiLib@@HH@Z$0 0044f180 f   GameDemo.obj
 0001:0004e195       __ehhandler$?GetItemText@CGameFrameWnd@@UAEPB_WPAVCControlUI@DuiLib@@HH@Z 0044f195 f   GameDemo.obj
 0001:0004e1c0       __unwindfunclet$?OnCreate@CGameFrameWnd@@QAEJIIJAAH@Z$0 0044f1c0 f   GameDemo.obj
 0001:0004e1d5       __ehhandler$?OnCreate@CGameFrameWnd@@QAEJIIJAAH@Z 0044f1d5 f   GameDemo.obj
 0001:0004e200       __unwindfunclet$??1?$vector@PAVNode@GameListUI@@V?$allocator@PAVNode@GameListUI@@@std@@@std@@QAE@XZ$0 0044f200 f   GameDemo.obj
 0001:0004e208       __ehhandler$??1?$vector@PAVNode@GameListUI@@V?$allocator@PAVNode@GameListUI@@@std@@@std@@QAE@XZ 0044f208 f   GameDemo.obj
 0001:0004e230       __unwindfunclet$?erase@?$vector@PAVNode@GameListUI@@V?$allocator@PAVNode@GameListUI@@@std@@@std@@QAE?AV?$_Vector_iterator@V?$_Vector_val@PAVNode@GameListUI@@V?$allocator@PAVNode@GameListUI@@@std@@@std@@@2@V?$_Vector_const_iterator@V?$_Vector_val@PAVNode@GameListUI@@V?$allocator@PAVNode@GameListUI@@@std@@@std@@@2@@Z$0 0044f230 f   GameDemo.obj
 0001:0004e238       __unwindfunclet$?erase@?$vector@PAVNode@GameListUI@@V?$allocator@PAVNode@GameListUI@@@std@@@std@@QAE?AV?$_Vector_iterator@V?$_Vector_val@PAVNode@GameListUI@@V?$allocator@PAVNode@GameListUI@@@std@@@std@@@2@V?$_Vector_const_iterator@V?$_Vector_val@PAVNode@GameListUI@@V?$allocator@PAVNode@GameListUI@@@std@@@std@@@2@@Z$2 0044f238 f   GameDemo.obj
 0001:0004e251       __ehhandler$?erase@?$vector@PAVNode@GameListUI@@V?$allocator@PAVNode@GameListUI@@@std@@@std@@QAE?AV?$_Vector_iterator@V?$_Vector_val@PAVNode@GameListUI@@V?$allocator@PAVNode@GameListUI@@@std@@@std@@@2@V?$_Vector_const_iterator@V?$_Vector_val@PAVNode@GameListUI@@V?$allocator@PAVNode@GameListUI@@@std@@@std@@@2@@Z 0044f251 f   GameDemo.obj
 0001:0004e270       __unwindfunclet$?_Make_iter@?$vector@PAVNode@GameListUI@@V?$allocator@PAVNode@GameListUI@@@std@@@std@@QBE?AV?$_Vector_iterator@V?$_Vector_val@PAVNode@GameListUI@@V?$allocator@PAVNode@GameListUI@@@std@@@std@@@2@V?$_Vector_const_iterator@V?$_Vector_val@PAVNode@GameListUI@@V?$allocator@PAVNode@GameListUI@@@std@@@std@@@2@@Z$0 0044f270 f   GameDemo.obj
 0001:0004e278       __unwindfunclet$?_Make_iter@?$vector@PAVNode@GameListUI@@V?$allocator@PAVNode@GameListUI@@@std@@@std@@QBE?AV?$_Vector_iterator@V?$_Vector_val@PAVNode@GameListUI@@V?$allocator@PAVNode@GameListUI@@@std@@@std@@@2@V?$_Vector_const_iterator@V?$_Vector_val@PAVNode@GameListUI@@V?$allocator@PAVNode@GameListUI@@@std@@@std@@@2@@Z$1 0044f278 f   GameDemo.obj
 0001:0004e291       __ehhandler$?_Make_iter@?$vector@PAVNode@GameListUI@@V?$allocator@PAVNode@GameListUI@@@std@@@std@@QBE?AV?$_Vector_iterator@V?$_Vector_val@PAVNode@GameListUI@@V?$allocator@PAVNode@GameListUI@@@std@@@std@@@2@V?$_Vector_const_iterator@V?$_Vector_val@PAVNode@GameListUI@@V?$allocator@PAVNode@GameListUI@@@std@@@std@@@2@@Z 0044f291 f   GameDemo.obj
 0001:0004e2b0       __unwindfunclet$?_Orphan_range@?$vector@PAVNode@GameListUI@@V?$allocator@PAVNode@GameListUI@@@std@@@std@@IBEXPAPAVNode@GameListUI@@0@Z$0 0044f2b0 f   GameDemo.obj
 0001:0004e2b8       __ehhandler$?_Orphan_range@?$vector@PAVNode@GameListUI@@V?$allocator@PAVNode@GameListUI@@@std@@@std@@IBEXPAPAVNode@GameListUI@@0@Z 0044f2b8 f   GameDemo.obj
 0001:0004e2e0       __unwindfunclet$??0?$_Vector_val@PAVNode@GameListUI@@V?$allocator@PAVNode@GameListUI@@@std@@@std@@QAE@V?$allocator@PAVNode@GameListUI@@@1@@Z$0 0044f2e0 f   GameDemo.obj
 0001:0004e2e8       __ehhandler$??0?$_Vector_val@PAVNode@GameListUI@@V?$allocator@PAVNode@GameListUI@@@std@@@std@@QAE@V?$allocator@PAVNode@GameListUI@@@1@@Z 0044f2e8 f   GameDemo.obj
 0001:0004e310       __unwindfunclet$??1?$_Vector_val@PAVNode@GameListUI@@V?$allocator@PAVNode@GameListUI@@@std@@@std@@QAE@XZ$0 0044f310 f   GameDemo.obj
 0001:0004e318       __ehhandler$??1?$_Vector_val@PAVNode@GameListUI@@V?$allocator@PAVNode@GameListUI@@@std@@@std@@QAE@XZ 0044f318 f   GameDemo.obj
 0001:0004e340       __ehhandler$?reserve@?$vector@PAVNode@GameListUI@@V?$allocator@PAVNode@GameListUI@@@std@@@std@@QAEXI@Z 0044f340 f   GameDemo.obj
 0001:0004e360       __unwindfunclet$??0?$_Vector_const_iterator@V?$_Vector_val@PAVNode@GameListUI@@V?$allocator@PAVNode@GameListUI@@@std@@@std@@@std@@QAE@PAPAVNode@GameListUI@@PBU_Container_base12@1@@Z$0 0044f360 f   GameDemo.obj
 0001:0004e368       __ehhandler$??0?$_Vector_const_iterator@V?$_Vector_val@PAVNode@GameListUI@@V?$allocator@PAVNode@GameListUI@@@std@@@std@@@std@@QAE@PAPAVNode@GameListUI@@PBU_Container_base12@1@@Z 0044f368 f   GameDemo.obj
 0001:0004e390       __unwindfunclet$?construct@?$allocator@U_Container_proxy@std@@@std@@QAEXPAU_Container_proxy@2@$$QAU32@@Z$0 0044f390 f   GameDemo.obj
 0001:0004e3a1       __ehhandler$?construct@?$allocator@U_Container_proxy@std@@@std@@QAEXPAU_Container_proxy@2@$$QAU32@@Z 0044f3a1 f   GameDemo.obj
 0001:0004e3c0       __unwindfunclet$??$construct@AAPAVNode@GameListUI@@@?$allocator@PAVNode@GameListUI@@@std@@QAEXPAPAVNode@GameListUI@@AAPAV23@@Z$0 0044f3c0 f   GameDemo.obj
 0001:0004e3d1       __ehhandler$??$construct@AAPAVNode@GameListUI@@@?$allocator@PAVNode@GameListUI@@@std@@QAEXPAPAVNode@GameListUI@@AAPAV23@@Z 0044f3d1 f   GameDemo.obj
 0001:0004e3f0       __unwindfunclet$??$_Construct@PAVNode@GameListUI@@ABQAV12@@std@@YAXPAPAVNode@GameListUI@@ABQAV12@@Z$0 0044f3f0 f   GameDemo.obj
 0001:0004e401       __ehhandler$??$_Construct@PAVNode@GameListUI@@ABQAV12@@std@@YAXPAPAVNode@GameListUI@@ABQAV12@@Z 0044f401 f   GameDemo.obj
 0001:0004e420       __ehhandler$?CallUnexpected@@YAXPBU_s_ESTypeList@@@Z 0044f420 f   LIBCMTD:frame.obj
 0001:0004e440       __unwindfunclet$?make@DNameStatusNode@@SAPAV1@W4DNameStatus@@@Z$0 0044f440 f   LIBCMTD:undname.obj
 0001:0004e44e       __ehhandler$?make@DNameStatusNode@@SAPAV1@W4DNameStatus@@@Z 0044f44e f   LIBCMTD:undname.obj
 0001:0004e470       __unwindfunclet$?getSystemCP@@YAHH@Z$0 0044f470 f   LIBCMTD:mbctype.obj
 0001:0004e478       __ehhandler$?getSystemCP@@YAHH@Z 0044f478 f   LIBCMTD:mbctype.obj
 0001:0004e4a0       __unwindfunclet$?x_ismbbtype_l@@YAHPAUlocaleinfo_struct@@IHH@Z$0 0044f4a0 f   LIBCMTD:ismbbyte.obj
 0001:0004e4a8       __ehhandler$?x_ismbbtype_l@@YAHPAUlocaleinfo_struct@@IHH@Z 0044f4a8 f   LIBCMTD:ismbbyte.obj
 0001:0004e4d0       __unwindfunclet$?strtoxl@@YAKPAUlocaleinfo_struct@@PBDPAPBDHH@Z$0 0044f4d0 f   LIBCMTD:strtol.obj
 0001:0004e4d8       __ehhandler$?strtoxl@@YAKPAUlocaleinfo_struct@@PBDPAPBDHH@Z 0044f4d8 f   LIBCMTD:strtol.obj
 0001:0004e500       __unwindfunclet$?strtoxq@@YA_KPAUlocaleinfo_struct@@PBDPAPBDHH@Z$0 0044f500 f   LIBCMTD:strtoq.obj
 0001:0004e508       __ehhandler$?strtoxq@@YA_KPAUlocaleinfo_struct@@PBDPAPBDHH@Z 0044f508 f   LIBCMTD:strtoq.obj
 0001:0004e530       ??__Eg_miniDumper@@YAXXZ   0044f530 f   GameDemo.obj
 0001:0004e560       ??__Einitlocks@std@@YAXXZ  0044f560 f   libcpmtd:xlock.obj
 0001:0004e580       ??__Fg_miniDumper@@YAXXZ   0044f580 f   GameDemo.obj
 0001:0004e5a0       ??__Finitlocks@std@@YAXXZ  0044f5a0 f   libcpmtd:xlock.obj
 0001:0004e5c0       ??__Fnomem@?5???2@YAPAXI@Z@YAXXZ 0044f5c0 f   LIBCMTD:new.obj
