 360Safe_d

 Timestamp is 54be16d4 (Tue Jan 20 16:50:28 2015)

 Preferred load address is 00400000

 Start         Length     Name                   Class
 0001:00000000 0003c9f0H .text                   CODE
 0001:0003c9f0 00000203H .text$x                 CODE
 0001:0003cc00 00000011H .text$yd                CODE
 0002:00000000 000003f8H .idata$5                DATA
 0002:000003f8 00000004H .CRT$XCA                DATA
 0002:000003fc 00000004H .CRT$XCZ                DATA
 0002:00000400 00000004H .CRT$XIA                DATA
 0002:00000404 00000010H .CRT$XIC                DATA
 0002:00000414 00000004H .CRT$XIY                DATA
 0002:00000418 00000004H .CRT$XIZ                DATA
 0002:0000041c 00000004H .CRT$XPA                DATA
 0002:00000420 00000008H .CRT$XPX                DATA
 0002:00000428 00000004H .CRT$XPXA               DATA
 0002:0000042c 00000004H .CRT$XPZ                DATA
 0002:00000430 00000004H .CRT$XTA                DATA
 0002:00000434 00000004H .CRT$XTZ                DATA
 0002:00000440 0000afa0H .rdata                  DATA
 0002:0000b3e0 0000005cH .rdata$debug            DATA
 0002:0000b43c 000004c8H .rdata$r                DATA
 0002:0000b910 0000003cH .rdata$sxdata           DATA
 0002:0000b94c 00000004H .rtc$IAA                DATA
 0002:0000b950 00000008H .rtc$IMZ                DATA
 0002:0000b958 00000004H .rtc$IZZ                DATA
 0002:0000b95c 00000004H .rtc$TAA                DATA
 0002:0000b960 00000008H .rtc$TMZ                DATA
 0002:0000b968 00000004H .rtc$TZZ                DATA
 0002:0000b970 00000b74H .xdata$x                DATA
 0002:0000c4e4 00000064H .idata$2                DATA
 0002:0000c548 00000014H .idata$3                DATA
 0002:0000c55c 000003f8H .idata$4                DATA
 0002:0000c954 000023b8H .idata$6                DATA
 0002:0000ed0c 00000000H .edata                  DATA
 0003:00000000 00001030H .data                   DATA
 0003:00001040 00001f4cH .bss                    DATA

  Address         Publics by Value              Rva+Base       Lib:Object

 0000:00000000       __except_list              00000000     <absolute>
 0000:0000000f       ___safe_se_handler_count   0000000f     <absolute>
 0000:00000000       ___ImageBase               00400000     <linker-defined>
 0001:00000000       _WinMain@16                00401000 f   360Safe.obj
 0001:00000210       ??0C360SafeFrameWnd@@QAE@XZ 00401210 f i 360Safe.obj
 0001:00000280       ??0INotifyUI@DuiLib@@QAE@XZ 00401280 f i 360Safe.obj
 0001:000002a0       ?GetWindowClassName@C360SafeFrameWnd@@UBEPBDXZ 004012a0 f i 360Safe.obj
 0001:000002c0       ?GetClassStyle@C360SafeFrameWnd@@UBEIXZ 004012c0 f i 360Safe.obj
 0001:000002e0       ?OnFinalMessage@C360SafeFrameWnd@@UAEXPAUHWND__@@@Z 004012e0 f i 360Safe.obj
 0001:00000340       ?Notify@C360SafeFrameWnd@@UAEXAAUtagTNotifyUI@DuiLib@@@Z 00401340 f i 360Safe.obj
 0001:00000740       ?OnPrepare@C360SafeFrameWnd@@QAEXXZ 00401740 f i 360Safe.obj
 0001:00000760       ?HandleMessage@C360SafeFrameWnd@@UAEJIIJ@Z 00401760 f i 360Safe.obj
 0001:00000ad0       ?OnCreate@C360SafeFrameWnd@@QAEJIIJAAH@Z 00401ad0 f i 360Safe.obj
 0001:00000d20       ??0STRINGorID@DuiLib@@QAE@PBD@Z 00401d20 f i 360Safe.obj
 0001:00000d40       ?Init@C360SafeFrameWnd@@QAEXXZ 00401d40 f i 360Safe.obj
 0001:00000df0       ?OnClose@C360SafeFrameWnd@@QAEJIIJAAH@Z 00401df0 f i 360Safe.obj
 0001:00000e10       ?OnDestroy@C360SafeFrameWnd@@QAEJIIJAAH@Z 00401e10 f i 360Safe.obj
 0001:00000e50       ?OnNcActivate@C360SafeFrameWnd@@QAEJIIJAAH@Z 00401e50 f i 360Safe.obj
 0001:00000eb0       ?OnNcCalcSize@C360SafeFrameWnd@@QAEJIIJAAH@Z 00401eb0 f i 360Safe.obj
 0001:00000ed0       ?OnNcPaint@C360SafeFrameWnd@@QAEJIIJAAH@Z 00401ed0 f i 360Safe.obj
 0001:00000ef0       ?OnNcHitTest@C360SafeFrameWnd@@QAEJIIJAAH@Z 00401ef0 f i 360Safe.obj
 0001:00001100       __tcscmp                   00402100 f i 360Safe.obj
 0001:00001120       ?OnSize@C360SafeFrameWnd@@QAEJIIJAAH@Z 00402120 f i 360Safe.obj
 0001:000012e0       ?OnGetMinMaxInfo@C360SafeFrameWnd@@QAEJIIJAAH@Z 004022e0 f i 360Safe.obj
 0001:00001430       ?OnSysCommand@C360SafeFrameWnd@@QAEJIIJAAH@Z 00402430 f i 360Safe.obj
 0001:00001600       ??_GC360SafeFrameWnd@@QAEPAXI@Z 00402600 f i 360Safe.obj
 0001:00001640       ??0CDialogBuilderCallbackEx@@QAE@XZ 00402640 f i 360Safe.obj
 0001:00001670       ??0IDialogBuilderCallback@DuiLib@@QAE@XZ 00402670 f i 360Safe.obj
 0001:00001690       ?CreateControl@CDialogBuilderCallbackEx@@UAEPAVCControlUI@DuiLib@@PBD@Z 00402690 f i 360Safe.obj
 0001:00001740       ??0ComputerExamineUI@@QAE@XZ 00402740 f i 360Safe.obj
 0001:000018d0       ??_GComputerExamineUI@@UAEPAXI@Z 004028d0 f i 360Safe.obj
 0001:000018d0       ??_EComputerExamineUI@@UAEPAXI@Z 004028d0 f i 360Safe.obj
 0001:00001910       ??1ComputerExamineUI@@UAE@XZ 00402910 f i 360Safe.obj
 0001:00001940       ??1C360SafeFrameWnd@@QAE@XZ 00402940 f i 360Safe.obj
 0001:00001980       ??_H@YGXPAXIHP6EPAX0@Z@Z   00402980 f i StdAfx.obj
 0001:000019b6       _ShowWindow@8              004029b6 f   user32:USER32.dll
 0001:000019bc       _PostQuitMessage@4         004029bc f   user32:USER32.dll
 0001:000019c2       _SetWindowLongA@12         004029c2 f   user32:USER32.dll
 0001:000019c8       _GetWindowLongA@8          004029c8 f   user32:USER32.dll
 0001:000019ce       _IsIconic@4                004029ce f   user32:USER32.dll
 0001:000019d4       _GetClientRect@8           004029d4 f   user32:USER32.dll
 0001:000019da       _ScreenToClient@8          004029da f   user32:USER32.dll
 0001:000019e0       _SetWindowRgn@12           004029e0 f   user32:USER32.dll
 0001:000019e6       _GetWindowRect@8           004029e6 f   user32:USER32.dll
 0001:000019ec       _GetMonitorInfoA@8         004029ec f   user32:USER32.dll
 0001:000019f2       _MonitorFromWindow@8       004029f2 f   user32:USER32.dll
 0001:000019f8       _IsZoomed@4                004029f8 f   user32:USER32.dll
 0001:000019fe       _DeleteObject@4            004029fe f   gdi32:GDI32.dll
 0001:00001a04       _CreateRoundRectRgn@24     00402a04 f   gdi32:GDI32.dll
 0001:00001a0a       _CoUninitialize@0          00402a0a f   ole32:ole32.dll
 0001:00001a10       _CoInitialize@4            00402a10 f   ole32:ole32.dll
 0001:00001a16       ?MessageLoop@CPaintManagerUI@DuiLib@@SAXXZ 00402a16 f   DuiLib_d:DuiLib_d.dll
 0001:00001a1c       ??BCWindowWnd@DuiLib@@QBEPAUHWND__@@XZ 00402a1c f   DuiLib_d:DuiLib_d.dll
 0001:00001a22       ?CenterWindow@CWindowWnd@DuiLib@@QAEXXZ 00402a22 f   DuiLib_d:DuiLib_d.dll
 0001:00001a28       ?Create@CWindowWnd@DuiLib@@QAEPAUHWND__@@PAU3@PBDKKHHHHPAUHMENU__@@@Z 00402a28 f   DuiLib_d:DuiLib_d.dll
 0001:00001a2e       ?SetResourceZip@CPaintManagerUI@DuiLib@@SAXPBD_N@Z 00402a2e f   DuiLib_d:DuiLib_d.dll
 0001:00001a34       ??1CDuiString@DuiLib@@QAE@XZ 00402a34 f   DuiLib_d:DuiLib_d.dll
 0001:00001a3a       ?SetResourcePath@CPaintManagerUI@DuiLib@@SAXPBD@Z 00402a3a f   DuiLib_d:DuiLib_d.dll
 0001:00001a40       ??BCDuiString@DuiLib@@QBEPBDXZ 00402a40 f   DuiLib_d:DuiLib_d.dll
 0001:00001a46       ??HCDuiString@DuiLib@@QBE?AV01@PBD@Z 00402a46 f   DuiLib_d:DuiLib_d.dll
 0001:00001a4c       ?GetInstancePath@CPaintManagerUI@DuiLib@@SA?AVCDuiString@2@XZ 00402a4c f   DuiLib_d:DuiLib_d.dll
 0001:00001a52       ?SetInstance@CPaintManagerUI@DuiLib@@SAXPAUHINSTANCE__@@@Z 00402a52 f   DuiLib_d:DuiLib_d.dll
 0001:00001a58       ??0CPaintManagerUI@DuiLib@@QAE@XZ 00402a58 f   DuiLib_d:DuiLib_d.dll
 0001:00001a5e       ??0CWindowWnd@DuiLib@@QAE@XZ 00402a5e f   DuiLib_d:DuiLib_d.dll
 0001:00001a64       ?GetSuperClassName@CWindowWnd@DuiLib@@MBEPBDXZ 00402a64 f   DuiLib_d:DuiLib_d.dll
 0001:00001a6a       ?SelectItem@CTabLayoutUI@DuiLib@@QAE_NH@Z 00402a6a f   DuiLib_d:DuiLib_d.dll
 0001:00001a70       ?FindControl@CPaintManagerUI@DuiLib@@QBEPAVCControlUI@2@PBD@Z 00402a70 f   DuiLib_d:DuiLib_d.dll
 0001:00001a76       ?SendMessageA@CWindowWnd@DuiLib@@QAEJIIJ@Z 00402a76 f   DuiLib_d:DuiLib_d.dll
 0001:00001a7c       ??8CDuiString@DuiLib@@QBE_NPBD@Z 00402a7c f   DuiLib_d:DuiLib_d.dll
 0001:00001a82       ?HandleMessage@CWindowWnd@DuiLib@@MAEJIIJ@Z 00402a82 f   DuiLib_d:DuiLib_d.dll
 0001:00001a88       ?MessageHandler@CPaintManagerUI@DuiLib@@QAE_NIIJAAJ@Z 00402a88 f   DuiLib_d:DuiLib_d.dll
 0001:00001a8e       ??1CDialogBuilder@DuiLib@@QAE@XZ 00402a8e f   DuiLib_d:DuiLib_d.dll
 0001:00001a94       ?AddNotifier@CPaintManagerUI@DuiLib@@QAE_NPAVINotifyUI@2@@Z 00402a94 f   DuiLib_d:DuiLib_d.dll
 0001:00001a9a       ?AttachDialog@CPaintManagerUI@DuiLib@@QAE_NPAVCControlUI@2@@Z 00402a9a f   DuiLib_d:DuiLib_d.dll
 0001:00001aa0       ?Create@CDialogBuilder@DuiLib@@QAEPAVCControlUI@2@VSTRINGorID@2@PBDPAVIDialogBuilderCallback@2@PAVCPaintManagerUI@2@PAV32@@Z 00402aa0 f   DuiLib_d:DuiLib_d.dll
 0001:00001aa6       ??0CDialogBuilder@DuiLib@@QAE@XZ 00402aa6 f   DuiLib_d:DuiLib_d.dll
 0001:00001aac       ?Init@CPaintManagerUI@DuiLib@@QAEXPAUHWND__@@@Z 00402aac f   DuiLib_d:DuiLib_d.dll
 0001:00001ab2       ?FindControl@CPaintManagerUI@DuiLib@@QBEPAVCControlUI@2@UtagPOINT@@@Z 00402ab2 f   DuiLib_d:DuiLib_d.dll
 0001:00001ab8       ?GetCaptionRect@CPaintManagerUI@DuiLib@@QAEAAUtagRECT@@XZ 00402ab8 f   DuiLib_d:DuiLib_d.dll
 0001:00001abe       ?Offset@CDuiRect@DuiLib@@QAEXHH@Z 00402abe f   DuiLib_d:DuiLib_d.dll
 0001:00001ac4       ??0CDuiRect@DuiLib@@QAE@XZ 00402ac4 f   DuiLib_d:DuiLib_d.dll
 0001:00001aca       ?GetRoundCorner@CPaintManagerUI@DuiLib@@QBE?AUtagSIZE@@XZ 00402aca f   DuiLib_d:DuiLib_d.dll
 0001:00001ad0       ??0CDuiRect@DuiLib@@QAE@ABUtagRECT@@@Z 00402ad0 f   DuiLib_d:DuiLib_d.dll
 0001:00001ad6       ??1CContainerUI@DuiLib@@UAE@XZ 00402ad6 f   DuiLib_d:DuiLib_d.dll
 0001:00001adc       ?RemoveAll@CContainerUI@DuiLib@@UAEXXZ 00402adc f   DuiLib_d:DuiLib_d.dll
 0001:00001ae2       ?Add@CContainerUI@DuiLib@@UAE_NPAVCControlUI@2@@Z 00402ae2 f   DuiLib_d:DuiLib_d.dll
 0001:00001ae8       ??0CContainerUI@DuiLib@@QAE@XZ 00402ae8 f   DuiLib_d:DuiLib_d.dll
 0001:00001aee       ?GetName@CControlUI@DuiLib@@UBE?AVCDuiString@2@XZ 00402aee f   DuiLib_d:DuiLib_d.dll
 0001:00001af4       ?SetName@CControlUI@DuiLib@@UAEXPBD@Z 00402af4 f   DuiLib_d:DuiLib_d.dll
 0001:00001afa       ?GetClass@CContainerUI@DuiLib@@UBEPBDXZ 00402afa f   DuiLib_d:DuiLib_d.dll
 0001:00001b00       ?GetInterface@CContainerUI@DuiLib@@UAEPAXPBD@Z 00402b00 f   DuiLib_d:DuiLib_d.dll
 0001:00001b06       ?GetControlFlags@CControlUI@DuiLib@@UBEIXZ 00402b06 f   DuiLib_d:DuiLib_d.dll
 0001:00001b0c       ?Activate@CControlUI@DuiLib@@UAE_NXZ 00402b0c f   DuiLib_d:DuiLib_d.dll
 0001:00001b12       ?GetManager@CControlUI@DuiLib@@UBEPAVCPaintManagerUI@2@XZ 00402b12 f   DuiLib_d:DuiLib_d.dll
 0001:00001b18       ?SetManager@CContainerUI@DuiLib@@UAEXPAVCPaintManagerUI@2@PAVCControlUI@2@_N@Z 00402b18 f   DuiLib_d:DuiLib_d.dll
 0001:00001b1e       ?GetParent@CControlUI@DuiLib@@UBEPAV12@XZ 00402b1e f   DuiLib_d:DuiLib_d.dll
 0001:00001b24       ?GetText@CControlUI@DuiLib@@UBE?AVCDuiString@2@XZ 00402b24 f   DuiLib_d:DuiLib_d.dll
 0001:00001b2a       ?SetText@CControlUI@DuiLib@@UAEXPBD@Z 00402b2a f   DuiLib_d:DuiLib_d.dll
 0001:00001b30       ?GetPos@CControlUI@DuiLib@@UBEABUtagRECT@@XZ 00402b30 f   DuiLib_d:DuiLib_d.dll
 0001:00001b36       ?SetPos@CContainerUI@DuiLib@@UAEXUtagRECT@@@Z 00402b36 f   DuiLib_d:DuiLib_d.dll
 0001:00001b3c       ?GetWidth@CControlUI@DuiLib@@UBEHXZ 00402b3c f   DuiLib_d:DuiLib_d.dll
 0001:00001b42       ?GetHeight@CControlUI@DuiLib@@UBEHXZ 00402b42 f   DuiLib_d:DuiLib_d.dll
 0001:00001b48       ?GetX@CControlUI@DuiLib@@UBEHXZ 00402b48 f   DuiLib_d:DuiLib_d.dll
 0001:00001b4e       ?GetY@CControlUI@DuiLib@@UBEHXZ 00402b4e f   DuiLib_d:DuiLib_d.dll
 0001:00001b54       ?GetPadding@CControlUI@DuiLib@@UBE?AUtagRECT@@XZ 00402b54 f   DuiLib_d:DuiLib_d.dll
 0001:00001b5a       ?SetPadding@CControlUI@DuiLib@@UAEXUtagRECT@@@Z 00402b5a f   DuiLib_d:DuiLib_d.dll
 0001:00001b60       ?GetFixedXY@CControlUI@DuiLib@@UBE?AUtagSIZE@@XZ 00402b60 f   DuiLib_d:DuiLib_d.dll
 0001:00001b66       ?SetFixedXY@CControlUI@DuiLib@@UAEXUtagSIZE@@@Z 00402b66 f   DuiLib_d:DuiLib_d.dll
 0001:00001b6c       ?GetFixedWidth@CControlUI@DuiLib@@UBEHXZ 00402b6c f   DuiLib_d:DuiLib_d.dll
 0001:00001b72       ?SetFixedWidth@CControlUI@DuiLib@@UAEXH@Z 00402b72 f   DuiLib_d:DuiLib_d.dll
 0001:00001b78       ?GetFixedHeight@CControlUI@DuiLib@@UBEHXZ 00402b78 f   DuiLib_d:DuiLib_d.dll
 0001:00001b7e       ?SetFixedHeight@CControlUI@DuiLib@@UAEXH@Z 00402b7e f   DuiLib_d:DuiLib_d.dll
 0001:00001b84       ?GetMinWidth@CControlUI@DuiLib@@UBEHXZ 00402b84 f   DuiLib_d:DuiLib_d.dll
 0001:00001b8a       ?SetMinWidth@CControlUI@DuiLib@@UAEXH@Z 00402b8a f   DuiLib_d:DuiLib_d.dll
 0001:00001b90       ?GetMaxWidth@CControlUI@DuiLib@@UBEHXZ 00402b90 f   DuiLib_d:DuiLib_d.dll
 0001:00001b96       ?SetMaxWidth@CControlUI@DuiLib@@UAEXH@Z 00402b96 f   DuiLib_d:DuiLib_d.dll
 0001:00001b9c       ?GetMinHeight@CControlUI@DuiLib@@UBEHXZ 00402b9c f   DuiLib_d:DuiLib_d.dll
 0001:00001ba2       ?SetMinHeight@CControlUI@DuiLib@@UAEXH@Z 00402ba2 f   DuiLib_d:DuiLib_d.dll
 0001:00001ba8       ?GetMaxHeight@CControlUI@DuiLib@@UBEHXZ 00402ba8 f   DuiLib_d:DuiLib_d.dll
 0001:00001bae       ?SetMaxHeight@CControlUI@DuiLib@@UAEXH@Z 00402bae f   DuiLib_d:DuiLib_d.dll
 0001:00001bb4       ?SetRelativePos@CControlUI@DuiLib@@UAEXUtagSIZE@@0@Z 00402bb4 f   DuiLib_d:DuiLib_d.dll
 0001:00001bba       ?SetRelativeParentSize@CControlUI@DuiLib@@UAEXUtagSIZE@@@Z 00402bba f   DuiLib_d:DuiLib_d.dll
 0001:00001bc0       ?GetRelativePos@CControlUI@DuiLib@@UBE?AUtagTRelativePosUI@2@XZ 00402bc0 f   DuiLib_d:DuiLib_d.dll
 0001:00001bc6       ?IsRelativePos@CControlUI@DuiLib@@UBE_NXZ 00402bc6 f   DuiLib_d:DuiLib_d.dll
 0001:00001bcc       ?GetToolTip@CControlUI@DuiLib@@UBE?AVCDuiString@2@XZ 00402bcc f   DuiLib_d:DuiLib_d.dll
 0001:00001bd2       ?SetToolTip@CControlUI@DuiLib@@UAEXPBD@Z 00402bd2 f   DuiLib_d:DuiLib_d.dll
 0001:00001bd8       ?SetToolTipWidth@CControlUI@DuiLib@@UAEXH@Z 00402bd8 f   DuiLib_d:DuiLib_d.dll
 0001:00001bde       ?GetToolTipWidth@CControlUI@DuiLib@@UAEHXZ 00402bde f   DuiLib_d:DuiLib_d.dll
 0001:00001be4       ?GetShortcut@CControlUI@DuiLib@@UBEDXZ 00402be4 f   DuiLib_d:DuiLib_d.dll
 0001:00001bea       ?SetShortcut@CControlUI@DuiLib@@UAEXD@Z 00402bea f   DuiLib_d:DuiLib_d.dll
 0001:00001bf0       ?IsContextMenuUsed@CControlUI@DuiLib@@UBE_NXZ 00402bf0 f   DuiLib_d:DuiLib_d.dll
 0001:00001bf6       ?SetContextMenuUsed@CControlUI@DuiLib@@UAEX_N@Z 00402bf6 f   DuiLib_d:DuiLib_d.dll
 0001:00001bfc       ?GetUserData@CControlUI@DuiLib@@UAEABVCDuiString@2@XZ 00402bfc f   DuiLib_d:DuiLib_d.dll
 0001:00001c02       ?SetUserData@CControlUI@DuiLib@@UAEXPBD@Z 00402c02 f   DuiLib_d:DuiLib_d.dll
 0001:00001c08       ?GetTag@CControlUI@DuiLib@@UBEIXZ 00402c08 f   DuiLib_d:DuiLib_d.dll
 0001:00001c0e       ?SetTag@CControlUI@DuiLib@@UAEXI@Z 00402c0e f   DuiLib_d:DuiLib_d.dll
 0001:00001c14       ?IsVisible@CControlUI@DuiLib@@UBE_NXZ 00402c14 f   DuiLib_d:DuiLib_d.dll
 0001:00001c1a       ?SetVisible@CContainerUI@DuiLib@@UAEX_N@Z 00402c1a f   DuiLib_d:DuiLib_d.dll
 0001:00001c20       ?SetInternVisible@CContainerUI@DuiLib@@UAEX_N@Z 00402c20 f   DuiLib_d:DuiLib_d.dll
 0001:00001c26       ?IsEnabled@CControlUI@DuiLib@@UBE_NXZ 00402c26 f   DuiLib_d:DuiLib_d.dll
 0001:00001c2c       ?SetEnabled@CControlUI@DuiLib@@UAEX_N@Z 00402c2c f   DuiLib_d:DuiLib_d.dll
 0001:00001c32       ?IsMouseEnabled@CControlUI@DuiLib@@UBE_NXZ 00402c32 f   DuiLib_d:DuiLib_d.dll
 0001:00001c38       ?SetMouseEnabled@CContainerUI@DuiLib@@UAEX_N@Z 00402c38 f   DuiLib_d:DuiLib_d.dll
 0001:00001c3e       ?IsKeyboardEnabled@CControlUI@DuiLib@@UBE_NXZ 00402c3e f   DuiLib_d:DuiLib_d.dll
 0001:00001c44       ?SetKeyboardEnabled@CControlUI@DuiLib@@UAEX_N@Z 00402c44 f   DuiLib_d:DuiLib_d.dll
 0001:00001c4a       ?IsFocused@CControlUI@DuiLib@@UBE_NXZ 00402c4a f   DuiLib_d:DuiLib_d.dll
 0001:00001c50       ?SetFocus@CControlUI@DuiLib@@UAEXXZ 00402c50 f   DuiLib_d:DuiLib_d.dll
 0001:00001c56       ?IsFloat@CControlUI@DuiLib@@UBE_NXZ 00402c56 f   DuiLib_d:DuiLib_d.dll
 0001:00001c5c       ?SetFloat@CControlUI@DuiLib@@UAEX_N@Z 00402c5c f   DuiLib_d:DuiLib_d.dll
 0001:00001c62       ?FindControl@CContainerUI@DuiLib@@UAEPAVCControlUI@2@P6GPAV32@PAV32@PAX@Z1I@Z 00402c62 f   DuiLib_d:DuiLib_d.dll
 0001:00001c68       ?Init@CControlUI@DuiLib@@UAEXXZ 00402c68 f   DuiLib_d:DuiLib_d.dll
 0001:00001c6e       ?DoInit@CControlUI@DuiLib@@UAEXXZ 00402c6e f   DuiLib_d:DuiLib_d.dll
 0001:00001c74       ?Event@CControlUI@DuiLib@@UAEXAAUtagTEventUI@2@@Z 00402c74 f   DuiLib_d:DuiLib_d.dll
 0001:00001c7a       ?DoEvent@CContainerUI@DuiLib@@UAEXAAUtagTEventUI@2@@Z 00402c7a f   DuiLib_d:DuiLib_d.dll
 0001:00001c80       ?SetAttribute@CContainerUI@DuiLib@@UAEXPBD0@Z 00402c80 f   DuiLib_d:DuiLib_d.dll
 0001:00001c86       ?EstimateSize@CControlUI@DuiLib@@UAE?AUtagSIZE@@U3@@Z 00402c86 f   DuiLib_d:DuiLib_d.dll
 0001:00001c8c       ?DoPaint@CContainerUI@DuiLib@@UAEXPAUHDC__@@ABUtagRECT@@@Z 00402c8c f   DuiLib_d:DuiLib_d.dll
 0001:00001c92       ?PaintBkColor@CControlUI@DuiLib@@UAEXPAUHDC__@@@Z 00402c92 f   DuiLib_d:DuiLib_d.dll
 0001:00001c98       ?PaintBkImage@CControlUI@DuiLib@@UAEXPAUHDC__@@@Z 00402c98 f   DuiLib_d:DuiLib_d.dll
 0001:00001c9e       ?PaintStatusImage@CControlUI@DuiLib@@UAEXPAUHDC__@@@Z 00402c9e f   DuiLib_d:DuiLib_d.dll
 0001:00001ca4       ?PaintText@CControlUI@DuiLib@@UAEXPAUHDC__@@@Z 00402ca4 f   DuiLib_d:DuiLib_d.dll
 0001:00001caa       ?PaintBorder@CControlUI@DuiLib@@UAEXPAUHDC__@@@Z 00402caa f   DuiLib_d:DuiLib_d.dll
 0001:00001cb0       ?DoPostPaint@CControlUI@DuiLib@@UAEXPAUHDC__@@ABUtagRECT@@@Z 00402cb0 f   DuiLib_d:DuiLib_d.dll
 0001:00001cb6       ?GetInset@CContainerUI@DuiLib@@UBE?AUtagRECT@@XZ 00402cb6 f   DuiLib_d:DuiLib_d.dll
 0001:00001cbc       ?SetInset@CContainerUI@DuiLib@@UAEXUtagRECT@@@Z 00402cbc f   DuiLib_d:DuiLib_d.dll
 0001:00001cc2       ?GetChildPadding@CContainerUI@DuiLib@@UBEHXZ 00402cc2 f   DuiLib_d:DuiLib_d.dll
 0001:00001cc8       ?SetChildPadding@CContainerUI@DuiLib@@UAEXH@Z 00402cc8 f   DuiLib_d:DuiLib_d.dll
 0001:00001cce       ?IsAutoDestroy@CContainerUI@DuiLib@@UBE_NXZ 00402cce f   DuiLib_d:DuiLib_d.dll
 0001:00001cd4       ?SetAutoDestroy@CContainerUI@DuiLib@@UAEX_N@Z 00402cd4 f   DuiLib_d:DuiLib_d.dll
 0001:00001cda       ?IsDelayedDestroy@CContainerUI@DuiLib@@UBE_NXZ 00402cda f   DuiLib_d:DuiLib_d.dll
 0001:00001ce0       ?SetDelayedDestroy@CContainerUI@DuiLib@@UAEX_N@Z 00402ce0 f   DuiLib_d:DuiLib_d.dll
 0001:00001ce6       ?IsMouseChildEnabled@CContainerUI@DuiLib@@UBE_NXZ 00402ce6 f   DuiLib_d:DuiLib_d.dll
 0001:00001cec       ?SetMouseChildEnabled@CContainerUI@DuiLib@@UAEX_N@Z 00402cec f   DuiLib_d:DuiLib_d.dll
 0001:00001cf2       ?FindSelectable@CContainerUI@DuiLib@@UBEHH_N@Z 00402cf2 f   DuiLib_d:DuiLib_d.dll
 0001:00001cf8       ?GetScrollPos@CContainerUI@DuiLib@@UBE?AUtagSIZE@@XZ 00402cf8 f   DuiLib_d:DuiLib_d.dll
 0001:00001cfe       ?GetScrollRange@CContainerUI@DuiLib@@UBE?AUtagSIZE@@XZ 00402cfe f   DuiLib_d:DuiLib_d.dll
 0001:00001d04       ?SetScrollPos@CContainerUI@DuiLib@@UAEXUtagSIZE@@@Z 00402d04 f   DuiLib_d:DuiLib_d.dll
 0001:00001d0a       ?LineUp@CContainerUI@DuiLib@@UAEXXZ 00402d0a f   DuiLib_d:DuiLib_d.dll
 0001:00001d10       ?LineDown@CContainerUI@DuiLib@@UAEXXZ 00402d10 f   DuiLib_d:DuiLib_d.dll
 0001:00001d16       ?PageUp@CContainerUI@DuiLib@@UAEXXZ 00402d16 f   DuiLib_d:DuiLib_d.dll
 0001:00001d1c       ?PageDown@CContainerUI@DuiLib@@UAEXXZ 00402d1c f   DuiLib_d:DuiLib_d.dll
 0001:00001d22       ?HomeUp@CContainerUI@DuiLib@@UAEXXZ 00402d22 f   DuiLib_d:DuiLib_d.dll
 0001:00001d28       ?EndDown@CContainerUI@DuiLib@@UAEXXZ 00402d28 f   DuiLib_d:DuiLib_d.dll
 0001:00001d2e       ?LineLeft@CContainerUI@DuiLib@@UAEXXZ 00402d2e f   DuiLib_d:DuiLib_d.dll
 0001:00001d34       ?LineRight@CContainerUI@DuiLib@@UAEXXZ 00402d34 f   DuiLib_d:DuiLib_d.dll
 0001:00001d3a       ?PageLeft@CContainerUI@DuiLib@@UAEXXZ 00402d3a f   DuiLib_d:DuiLib_d.dll
 0001:00001d40       ?PageRight@CContainerUI@DuiLib@@UAEXXZ 00402d40 f   DuiLib_d:DuiLib_d.dll
 0001:00001d46       ?HomeLeft@CContainerUI@DuiLib@@UAEXXZ 00402d46 f   DuiLib_d:DuiLib_d.dll
 0001:00001d4c       ?EndRight@CContainerUI@DuiLib@@UAEXXZ 00402d4c f   DuiLib_d:DuiLib_d.dll
 0001:00001d52       ?EnableScrollBar@CContainerUI@DuiLib@@UAEX_N0@Z 00402d52 f   DuiLib_d:DuiLib_d.dll
 0001:00001d58       ?GetVerticalScrollBar@CContainerUI@DuiLib@@UBEPAVCScrollBarUI@2@XZ 00402d58 f   DuiLib_d:DuiLib_d.dll
 0001:00001d5e       ?GetHorizontalScrollBar@CContainerUI@DuiLib@@UBEPAVCScrollBarUI@2@XZ 00402d5e f   DuiLib_d:DuiLib_d.dll
 0001:00001d64       ?SetFloatPos@CContainerUI@DuiLib@@MAEXH@Z 00402d64 f   DuiLib_d:DuiLib_d.dll
 0001:00001d6a       ?ProcessScrollBar@CContainerUI@DuiLib@@MAEXUtagRECT@@HH@Z 00402d6a f   DuiLib_d:DuiLib_d.dll
 0001:00001d70       ?GetItemAt@CContainerUI@DuiLib@@UBEPAVCControlUI@2@H@Z 00402d70 f   DuiLib_d:DuiLib_d.dll
 0001:00001d76       ?GetItemIndex@CContainerUI@DuiLib@@UBEHPAVCControlUI@2@@Z 00402d76 f   DuiLib_d:DuiLib_d.dll
 0001:00001d7c       ?SetItemIndex@CContainerUI@DuiLib@@UAE_NPAVCControlUI@2@H@Z 00402d7c f   DuiLib_d:DuiLib_d.dll
 0001:00001d82       ?GetCount@CContainerUI@DuiLib@@UBEHXZ 00402d82 f   DuiLib_d:DuiLib_d.dll
 0001:00001d88       ?AddAt@CContainerUI@DuiLib@@UAE_NPAVCControlUI@2@H@Z 00402d88 f   DuiLib_d:DuiLib_d.dll
 0001:00001d8e       ?Remove@CContainerUI@DuiLib@@UAE_NPAVCControlUI@2@@Z 00402d8e f   DuiLib_d:DuiLib_d.dll
 0001:00001d94       ?RemoveAt@CContainerUI@DuiLib@@UAE_NH@Z 00402d94 f   DuiLib_d:DuiLib_d.dll
 0001:00001d9a       ??1CPaintManagerUI@DuiLib@@QAE@XZ 00402d9a f   DuiLib_d:DuiLib_d.dll
 0001:00001da0       ??2@YAPAXI@Z               00402da0 f   LIBCMTD:new.obj
 0001:00001e20       ??0bad_alloc@std@@QAE@XZ   00402e20 f i LIBCMTD:new.obj
 0001:00001e50       ??1bad_alloc@std@@UAE@XZ   00402e50 f i LIBCMTD:new.obj
 0001:00001e70       ??_Ebad_alloc@std@@UAEPAXI@Z 00402e70 f i LIBCMTD:new.obj
 0001:00001e70       ??_Gbad_alloc@std@@UAEPAXI@Z 00402e70 f i LIBCMTD:new.obj
 0001:00001ea0       ??0bad_alloc@std@@QAE@ABV01@@Z 00402ea0 f i LIBCMTD:new.obj
 0001:00001ed0       @__security_check_cookie@4 00402ed0 f   LIBCMTD:secchk.obj
 0001:00001ee0       __RTC_CheckEsp             00402ee0 f   LIBCMTD:_stack_.obj
 0001:00001f10       @_RTC_CheckStackVars@8     00402f10 f   LIBCMTD:_stack_.obj
 0001:00001f80       @_RTC_AllocaHelper@12      00402f80 f   LIBCMTD:_stack_.obj
 0001:00001fc0       @_RTC_CheckStackVars2@12   00402fc0 f   LIBCMTD:_stack_.obj
 0001:000020a0       __RTC_InitBase             004030a0 f   LIBCMTD:_init_.obj
 0001:000020d0       __RTC_Shutdown             004030d0 f   LIBCMTD:_init_.obj
 0001:000020f0       ?name@type_info@@QBEPBDPAU__type_info_node@@@Z 004030f0 f   LIBCMTD:typinfo.obj
 0001:00002110       ??1type_info@@UAE@XZ       00403110 f   LIBCMTD:typinfo.obj
 0001:00002140       ??_Etype_info@@UAEPAXI@Z   00403140 f i LIBCMTD:typinfo.obj
 0001:00002140       ??_Gtype_info@@UAEPAXI@Z   00403140 f i LIBCMTD:typinfo.obj
 0001:00002170       ?_name_internal_method@type_info@@QBEPBDPAU__type_info_node@@@Z 00403170 f   LIBCMTD:typinfo.obj
 0001:00002190       ?_type_info_dtor_internal_method@type_info@@QAEXXZ 00403190 f   LIBCMTD:typinfo.obj
 0001:000021b0       ??8type_info@@QBE_NABV0@@Z 004031b0 f   LIBCMTD:typinfo.obj
 0001:000021e0       ??9type_info@@QBE_NABV0@@Z 004031e0 f   LIBCMTD:typinfo.obj
 0001:00002210       ?before@type_info@@QBEHABV1@@Z 00403210 f   LIBCMTD:typinfo.obj
 0001:00002240       ?raw_name@type_info@@QBEPBDXZ 00403240 f   LIBCMTD:typinfo.obj
 0001:00002260       ??0type_info@@AAE@ABV0@@Z  00403260 f   LIBCMTD:typinfo.obj
 0001:00002280       ??4type_info@@AAEAAV0@ABV0@@Z 00403280 f   LIBCMTD:typinfo.obj
 0001:000022a0       __purecall                 004032a0 f   LIBCMTD:purevirt.obj
 0001:000022e0       __set_purecall_handler     004032e0 f   LIBCMTD:purevirt.obj
 0001:00002320       __get_purecall_handler     00403320 f   LIBCMTD:purevirt.obj
 0001:00002340       ?_JumpToContinuation@@YGXPAXPAUEHRegistrationNode@@@Z 00403340 f   LIBCMTD:_trnsctrl_.obj
 0001:00002380       ?_CallMemberFunction0@@YGXPAX0@Z 00403380 f   LIBCMTD:_trnsctrl_.obj
 0001:00002390       ?_CallMemberFunction1@@YGXPAX00@Z 00403390 f   LIBCMTD:_trnsctrl_.obj
 0001:000023a0       ?_CallMemberFunction2@@YGXPAX00H@Z 004033a0 f   LIBCMTD:_trnsctrl_.obj
 0001:000023b0       ?_UnwindNestedFrames@@YGXPAUEHRegistrationNode@@PAUEHExceptionRecord@@@Z 004033b0 f   LIBCMTD:_trnsctrl_.obj
 0001:00002410       ___CxxFrameHandler         00403410 f   LIBCMTD:_trnsctrl_.obj
 0001:00002450       ___CxxFrameHandler3        00403450 f   LIBCMTD:_trnsctrl_.obj
 0001:00002490       ___CxxFrameHandler2        00403490 f   LIBCMTD:_trnsctrl_.obj
 0001:000024d0       ___CxxLongjmpUnwind@4      004034d0 f   LIBCMTD:_trnsctrl_.obj
 0001:00002500       ?_CallCatchBlock2@@YAPAXPAUEHRegistrationNode@@PBU_s_FuncInfo@@PAXHK@Z 00403500 f   LIBCMTD:_trnsctrl_.obj
 0001:000025c0       ?_CallSETranslator@@YAHPAUEHExceptionRecord@@PAUEHRegistrationNode@@PAX2PBU_s_FuncInfo@@H1@Z 004035c0 f   LIBCMTD:_trnsctrl_.obj
 0001:00002760       ?_GetRangeOfTrysToCheck@@YAPBU_s_TryBlockMapEntry@@PBU_s_FuncInfo@@HHPAI1@Z 00403760 f   LIBCMTD:_trnsctrl_.obj
 0001:000027e0       __CreateFrameInfo          004037e0 f   LIBCMTD:_trnsctrl_.obj
 0001:00002810       __IsExceptionObjectToBeDestroyed 00403810 f   LIBCMTD:_trnsctrl_.obj
 0001:00002840       __FindAndUnlinkFrame       00403840 f   LIBCMTD:_trnsctrl_.obj
 0001:000028a0       __CrtSetReportHookW2       004038a0 f   LIBCMTD:dbgrptw.obj
 0001:00002bd0       __CrtDbgReportW            00403bd0 f   LIBCMTD:dbgrptw.obj
 0001:00002c10       __CrtDbgReportWV           00403c10 f i LIBCMTD:dbgrptw.obj
 0001:00002c40       ___crtMessageWindowW       00403c40 f   LIBCMTD:dbgrptw.obj
 0001:00003040       __invoke_watson_if_error   00404040 f i LIBCMTD:dbgrptw.obj
 0001:00003070       __invoke_watson_if_oneof   00404070 f i LIBCMTD:dbgrptw.obj
 0001:000030b0       ?_CrtDbgReportW@@YAHHPBGH00ZZ 004040b0 f   LIBCMTD:dbgrptw.obj
 0001:000030f0       __mbscmp_l                 004040f0 f   LIBCMTD:mbscmp.obj
 0001:00003340       ??0_LocaleUpdate@@QAE@PAUlocaleinfo_struct@@@Z 00404340 f i LIBCMTD:mbscmp.obj
 0001:00003420       ??1_LocaleUpdate@@QAE@XZ   00404420 f i LIBCMTD:mbscmp.obj
 0001:00003450       ?GetLocaleT@_LocaleUpdate@@QAEPAUlocaleinfo_struct@@XZ 00404450 f i LIBCMTD:mbscmp.obj
 0001:00003460       __mbscmp                   00404460 f   LIBCMTD:mbscmp.obj
 0001:00003480       ??3@YAXPAX@Z               00404480 f   LIBCMTD:dbgdel.obj
 0001:00003570       _WinMainCRTStartup         00404570 f   LIBCMTD:wincrt0.obj
 0001:000037f0       __onexit                   004047f0 f   LIBCMTD:onexit.obj
 0001:000039c0       _atexit                    004049c0 f   LIBCMTD:onexit.obj
 0001:000039e0       ___onexitinit              004049e0 f   LIBCMTD:onexit.obj
 0001:00003a40       __initp_heap_handler       00404a40 f   LIBCMTD:handler.obj
 0001:00003a50       ?_set_new_handler@@YAP6AHI@ZP6AHI@Z@Z 00404a50 f   LIBCMTD:handler.obj
 0001:00003a90       ?_set_new_handler@@YAP6AHI@ZH@Z 00404a90 f   LIBCMTD:handler.obj
 0001:00003ad0       ?_query_new_handler@@YAP6AHI@ZXZ 00404ad0 f   LIBCMTD:handler.obj
 0001:00003af0       __callnewh                 00404af0 f   LIBCMTD:handler.obj
 0001:00003b30       _malloc                    00404b30 f   LIBCMTD:dbgmalloc.obj
 0001:00003b60       __CxxThrowException@8      00404b60 f   LIBCMTD:throw.obj
 0001:00003bc0       ??0exception@std@@QAE@XZ   00404bc0 f   LIBCMTD:stdexcpt.obj
 0001:00003bf0       ??_Eexception@std@@UAEPAXI@Z 00404bf0 f i LIBCMTD:stdexcpt.obj
 0001:00003bf0       ??_Gexception@std@@UAEPAXI@Z 00404bf0 f i LIBCMTD:stdexcpt.obj
 0001:00003c20       ??0exception@std@@QAE@ABQBD@Z 00404c20 f   LIBCMTD:stdexcpt.obj
 0001:00003c60       ??0exception@std@@QAE@ABQBDH@Z 00404c60 f   LIBCMTD:stdexcpt.obj
 0001:00003c90       ??0exception@std@@QAE@ABV01@@Z 00404c90 f   LIBCMTD:stdexcpt.obj
 0001:00003cd0       ??4exception@std@@QAEAAV01@ABV01@@Z 00404cd0 f   LIBCMTD:stdexcpt.obj
 0001:00003d20       ??1exception@std@@UAE@XZ   00404d20 f   LIBCMTD:stdexcpt.obj
 0001:00003d40       ?what@exception@std@@UBEPBDXZ 00404d40 f   LIBCMTD:stdexcpt.obj
 0001:00003d70       ?_Copy_str@exception@std@@AAEXPBD@Z 00404d70 f   LIBCMTD:stdexcpt.obj
 0001:00003de0       ?_Tidy@exception@std@@AAEXXZ 00404de0 f   LIBCMTD:stdexcpt.obj
 0001:00003e20       ??0bad_cast@std@@QAE@PBD@Z 00404e20 f   LIBCMTD:stdexcpt.obj
 0001:00003e50       ??_Gbad_cast@std@@UAEPAXI@Z 00404e50 f i LIBCMTD:stdexcpt.obj
 0001:00003e50       ??_Ebad_cast@std@@UAEPAXI@Z 00404e50 f i LIBCMTD:stdexcpt.obj
 0001:00003e80       ??0bad_cast@std@@QAE@ABV01@@Z 00404e80 f   LIBCMTD:stdexcpt.obj
 0001:00003eb0       ??1bad_cast@std@@UAE@XZ    00404eb0 f   LIBCMTD:stdexcpt.obj
 0001:00003ed0       ??0bad_typeid@std@@QAE@PBD@Z 00404ed0 f   LIBCMTD:stdexcpt.obj
 0001:00003f00       ??_Ebad_typeid@std@@UAEPAXI@Z 00404f00 f i LIBCMTD:stdexcpt.obj
 0001:00003f00       ??_Gbad_typeid@std@@UAEPAXI@Z 00404f00 f i LIBCMTD:stdexcpt.obj
 0001:00003f30       ??0bad_typeid@std@@QAE@ABV01@@Z 00404f30 f   LIBCMTD:stdexcpt.obj
 0001:00003f60       ??1bad_typeid@std@@UAE@XZ  00404f60 f   LIBCMTD:stdexcpt.obj
 0001:00003f80       ??0__non_rtti_object@std@@QAE@PBD@Z 00404f80 f   LIBCMTD:stdexcpt.obj
 0001:00003fb0       ??_E__non_rtti_object@std@@UAEPAXI@Z 00404fb0 f i LIBCMTD:stdexcpt.obj
 0001:00003fb0       ??_G__non_rtti_object@std@@UAEPAXI@Z 00404fb0 f i LIBCMTD:stdexcpt.obj
 0001:00003fe0       ??0__non_rtti_object@std@@QAE@ABV01@@Z 00404fe0 f   LIBCMTD:stdexcpt.obj
 0001:00004010       ??1__non_rtti_object@std@@UAE@XZ 00405010 f   LIBCMTD:stdexcpt.obj
 0001:00004030       ___report_gsfailure        00405030 f   LIBCMTD:gs_report.obj
 0001:00004140       ?_RTC_Failure@@YAXPAXH@Z   00405140 f   LIBCMTD:_error_.obj
 0001:000044f0       ?_RTC_StackFailure@@YAXPAXPBD@Z 004054f0 f   LIBCMTD:_error_.obj
 0001:000045f0       ?_RTC_AllocaFailure@@YAXPAXPAU_RTC_ALLOCA_NODE@@H@Z 004055f0 f   LIBCMTD:_error_.obj
 0001:000047a0       __RTC_UninitUse            004057a0 f   LIBCMTD:_error_.obj
 0001:00004890       __RTC_NumErrors            00405890 f   LIBCMTD:_userapi_.obj
 0001:000048a0       __RTC_GetErrDesc           004058a0 f   LIBCMTD:_userapi_.obj
 0001:000048c0       __RTC_SetErrorType         004058c0 f   LIBCMTD:_userapi_.obj
 0001:000048f0       __RTC_SetErrorFunc         004058f0 f   LIBCMTD:_userapi_.obj
 0001:00004910       __RTC_SetErrorFuncW        00405910 f   LIBCMTD:_userapi_.obj
 0001:00004930       ?_RTC_GetErrorFunc@@YAP6AHHPBDH00ZZPBX@Z 00405930 f   LIBCMTD:_userapi_.obj
 0001:00004940       ?_RTC_GetErrorFuncW@@YAP6AHHPB_WH00ZZPBX@Z 00405940 f   LIBCMTD:_userapi_.obj
 0001:00004950       __chkesp                   00405950 f   LIBCMTD:chkesp.obj
 0001:00004990       __CRT_RTC_INIT             00405990 f   LIBCMTD:chkesp.obj
 0001:000049a0       __CRT_RTC_INITW            004059a0 f   LIBCMTD:chkesp.obj
 0001:000049b0       ?_Type_info_dtor@type_info@@CAXPAV1@@Z 004059b0 f   LIBCMTD:typname.obj
 0001:00004ac0       ?_Name_base@type_info@@CAPBDPBV1@PAU__type_info_node@@@Z 00405ac0 f   LIBCMTD:typname.obj
 0001:00004c70       ?_Type_info_dtor_internal@type_info@@CAXPAV1@@Z 00405c70 f   LIBCMTD:typname.obj
 0001:00004d80       ___unDNameHelper           00405d80 f   LIBCMTD:typname.obj
 0001:00004dc0       ?_Name_base_internal@type_info@@CAPBDPBV1@PAU__type_info_node@@@Z 00405dc0 f   LIBCMTD:typname.obj
 0001:00004f80       ___clean_type_info_names_internal 00405f80 f   LIBCMTD:typname.obj
 0001:00005040       _strcmp                    00406040 f   LIBCMTD:strcmp.obj
 0001:000050d0       _abort                     004060d0 f   LIBCMTD:abort.obj
 0001:00005130       __set_abort_behavior       00406130 f   LIBCMTD:abort.obj
 0001:00005160       __FF_MSGBANNER             00406160 f   LIBCMTD:crt0msg.obj
 0001:000051b0       __GET_RTERRMSG             004061b0 f   LIBCMTD:crt0msg.obj
 0001:00005200       __NMSG_WRITE               00406200 f   LIBCMTD:crt0msg.obj
 0001:00005540       ___getlocaleinfo           00406540 f   LIBCMTD:inithelp.obj
 0001:00005820       __initp_misc_purevirt      00406820 f   LIBCMTD:inithelp.obj
 0001:00005830       ___InternalCxxFrameHandler 00406830 f   LIBCMTD:frame.obj
 0001:00005e30       ??0bad_exception@std@@QAE@PBD@Z 00406e30 f i LIBCMTD:frame.obj
 0001:00005e60       ??1bad_exception@std@@UAE@XZ 00406e60 f i LIBCMTD:frame.obj
 0001:00005e80       ??_Gbad_exception@std@@UAEPAXI@Z 00406e80 f i LIBCMTD:frame.obj
 0001:00005e80       ??_Ebad_exception@std@@UAEPAXI@Z 00406e80 f i LIBCMTD:frame.obj
 0001:00005eb0       ??0bad_exception@std@@QAE@ABV01@@Z 00406eb0 f i LIBCMTD:frame.obj
 0001:00006070       ___TypeMatch               00407070 f   LIBCMTD:frame.obj
 0001:00006120       ___FrameUnwindFilter       00407120 f   LIBCMTD:frame.obj
 0001:000061a0       ___FrameUnwindToState      004071a0 f   LIBCMTD:frame.obj
 0001:000066e0       ___BuildCatchObjectHelper  004076e0 f   LIBCMTD:frame.obj
 0001:00006950       ___BuildCatchObject        00407950 f   LIBCMTD:frame.obj
 0001:00006a60       ___DestructExceptionObject 00407a60 f   LIBCMTD:frame.obj
 0001:00006b10       ___AdjustPointer           00407b10 f   LIBCMTD:frame.obj
 0001:00006b60       ?__uncaught_exception@@YA_NXZ 00407b60 f   LIBCMTD:frame.obj
 0001:00006b80       ___CxxExceptionFilter      00407b80 f   LIBCMTD:frame.obj
 0001:00006d80       ___CxxRegisterExceptionObject 00407d80 f   LIBCMTD:frame.obj
 0001:00006eb0       ___CxxDetectRethrow        00407eb0 f   LIBCMTD:frame.obj
 0001:00006f40       ___CxxUnregisterExceptionObject 00407f40 f   LIBCMTD:frame.obj
 0001:000070c0       ___CxxQueryExceptionSize   004080c0 f   LIBCMTD:frame.obj
 0001:000070d0       ___CxxCallUnwindDtor       004080d0 f   LIBCMTD:frame.obj
 0001:00007150       ___CxxCallUnwindDelDtor    00408150 f   LIBCMTD:frame.obj
 0001:000071d0       ___CxxCallUnwindStdDelDtor 004081d0 f   LIBCMTD:frame.obj
 0001:00007250       ___CxxCallUnwindVecDtor    00408250 f   LIBCMTD:frame.obj
 0001:00007480       ?_is_exception_typeof@@YAHABVtype_info@@PAU_EXCEPTION_POINTERS@@@Z 00408480 f   LIBCMTD:frame.obj
 0001:00007560       __CallSettingFrame@12      00408560 f   LIBCMTD:lowhelpr.obj
 0001:00007587       __NLG_Return               00408587     LIBCMTD:lowhelpr.obj
 0001:000075b0       __encoded_null             004085b0 f   LIBCMTD:tidtable.obj
 0001:000075c0       ___crtTlsAlloc@4           004085c0 f   LIBCMTD:tidtable.obj
 0001:000075d0       ___fls_getvalue@4          004085d0 f   LIBCMTD:tidtable.obj
 0001:000075f0       ___get_flsindex            004085f0 f   LIBCMTD:tidtable.obj
 0001:00007600       ___set_flsgetvalue         00408600 f   LIBCMTD:tidtable.obj
 0001:00007650       ___fls_setvalue@8          00408650 f   LIBCMTD:tidtable.obj
 0001:00007670       __mtinit                   00408670 f   LIBCMTD:tidtable.obj
 0001:00007870       __mtterm                   00408870 f   LIBCMTD:tidtable.obj
 0001:000078d0       __initptd                  004088d0 f   LIBCMTD:tidtable.obj
 0001:00007a00       __getptd_noexit            00408a00 f   LIBCMTD:tidtable.obj
 0001:00007ac0       __getptd                   00408ac0 f   LIBCMTD:tidtable.obj
 0001:00007af0       __freefls@4                00408af0 f   LIBCMTD:tidtable.obj
 0001:00007d00       __freeptd                  00408d00 f   LIBCMTD:tidtable.obj
 0001:00007d80       ___threadid                00408d80 f   LIBCMTD:tidtable.obj
 0001:00007d90       ___threadhandle            00408d90 f   LIBCMTD:tidtable.obj
 0001:00007da0       __initp_eh_hooks           00408da0 f   LIBCMTD:hooks.obj
 0001:00007dc0       ?terminate@@YAXXZ          00408dc0 f   LIBCMTD:hooks.obj
 0001:00007e40       ?unexpected@@YAXXZ         00408e40 f   LIBCMTD:hooks.obj
 0001:00007e70       ?_inconsistency@@YAXXZ     00408e70 f   LIBCMTD:hooks.obj
 0001:00007f00       __mtinitlocks              00408f00 f   LIBCMTD:mlock.obj
 0001:00007f90       __mtdeletelocks            00408f90 f   LIBCMTD:mlock.obj
 0001:00008050       __mtinitlocknum            00409050 f   LIBCMTD:mlock.obj
 0001:000081a0       __lock                     004091a0 f   LIBCMTD:mlock.obj
 0001:000081e0       __unlock                   004091e0 f   LIBCMTD:mlock.obj
 0001:00008200       __lockerr_exit             00409200 f   LIBCMTD:mlock.obj
 0001:00008220       __malloc_dbg               00409220 f   LIBCMTD:dbgheap.obj
 0001:00008250       __nh_malloc                00409250 f   LIBCMTD:dbgheap.obj
 0001:00008270       __nh_malloc_dbg            00409270 f   LIBCMTD:dbgheap.obj
 0001:00008350       __heap_alloc               00409350 f   LIBCMTD:dbgheap.obj
 0001:00008730       __heap_alloc_dbg           00409730 f   LIBCMTD:dbgheap.obj
 0001:00008790       __calloc_dbg_impl          00409790 f   LIBCMTD:dbgheap.obj
 0001:00008810       __calloc_dbg               00409810 f   LIBCMTD:dbgheap.obj
 0001:00008870       __recalloc                 00409870 f   LIBCMTD:dbgheap.obj
 0001:000088a0       __realloc_dbg              004098a0 f   LIBCMTD:dbgheap.obj
 0001:00008f40       __recalloc_dbg             00409f40 f   LIBCMTD:dbgheap.obj
 0001:00008ff0       __expand                   00409ff0 f   LIBCMTD:dbgheap.obj
 0001:00009020       __expand_dbg               0040a020 f   LIBCMTD:dbgheap.obj
 0001:00009130       __free_nolock              0040a130 f   LIBCMTD:dbgheap.obj
 0001:00009150       __free_dbg                 0040a150 f   LIBCMTD:dbgheap.obj
 0001:000091d0       __free_dbg_nolock          0040a1d0 f   LIBCMTD:dbgheap.obj
 0001:000096b0       __msize                    0040a6b0 f   LIBCMTD:dbgheap.obj
 0001:000096d0       __msize_dbg                0040a6d0 f   LIBCMTD:dbgheap.obj
 0001:000098c0       __CrtSetBreakAlloc         0040a8c0 f   LIBCMTD:dbgheap.obj
 0001:000098e0       __CrtSetDbgBlockType       0040a8e0 f   LIBCMTD:dbgheap.obj
 0001:000099d0       __CrtSetAllocHook          0040a9d0 f   LIBCMTD:dbgheap.obj
 0001:000099f0       __CrtGetAllocHook          0040a9f0 f   LIBCMTD:dbgheap.obj
 0001:00009a40       __CrtCheckMemory           0040aa40 f   LIBCMTD:dbgheap.obj
 0001:00009ea0       __CrtSetDbgFlag            0040aea0 f   LIBCMTD:dbgheap.obj
 0001:0000a000       __CrtDoForAllClientObjects 0040b000 f   LIBCMTD:dbgheap.obj
 0001:0000a120       __CrtIsValidPointer        0040b120 f   LIBCMTD:dbgheap.obj
 0001:0000a130       __CrtIsValidHeapPointer    0040b130 f   LIBCMTD:dbgheap.obj
 0001:0000a180       __CrtIsMemoryBlock         0040b180 f   LIBCMTD:dbgheap.obj
 0001:0000a2f0       __CrtReportBlockType       0040b2f0 f   LIBCMTD:dbgheap.obj
 0001:0000a320       __CrtSetDumpClient         0040b320 f   LIBCMTD:dbgheap.obj
 0001:0000a340       __CrtGetDumpClient         0040b340 f   LIBCMTD:dbgheap.obj
 0001:0000a350       __CrtMemCheckpoint         0040b350 f   LIBCMTD:dbgheap.obj
 0001:0000a570       __CrtMemDifference         0040b570 f   LIBCMTD:dbgheap.obj
 0001:0000a790       __CrtMemDumpAllObjectsSince 0040b790 f   LIBCMTD:dbgheap.obj
 0001:0000ac80       __CrtDumpMemoryLeaks       0040bc80 f   LIBCMTD:dbgheap.obj
 0001:0000ad00       __CrtMemDumpStatistics     0040bd00 f   LIBCMTD:dbgheap.obj
 0001:0000ae10       __aligned_malloc           0040be10 f   LIBCMTD:dbgheap.obj
 0001:0000ae30       __aligned_malloc_dbg       0040be30 f   LIBCMTD:dbgheap.obj
 0001:0000ae60       __aligned_realloc          0040be60 f   LIBCMTD:dbgheap.obj
 0001:0000ae90       __aligned_recalloc         0040be90 f   LIBCMTD:dbgheap.obj
 0001:0000aec0       __aligned_realloc_dbg      0040bec0 f   LIBCMTD:dbgheap.obj
 0001:0000aef0       __aligned_recalloc_dbg     0040bef0 f   LIBCMTD:dbgheap.obj
 0001:0000af20       __aligned_offset_malloc    0040bf20 f   LIBCMTD:dbgheap.obj
 0001:0000af40       __aligned_offset_malloc_dbg 0040bf40 f   LIBCMTD:dbgheap.obj
 0001:0000b100       __aligned_offset_realloc   0040c100 f   LIBCMTD:dbgheap.obj
 0001:0000b130       __aligned_offset_recalloc  0040c130 f   LIBCMTD:dbgheap.obj
 0001:0000b160       __aligned_offset_realloc_dbg 0040c160 f   LIBCMTD:dbgheap.obj
 0001:0000b450       __aligned_offset_recalloc_dbg 0040c450 f   LIBCMTD:dbgheap.obj
 0001:0000b510       __aligned_free             0040c510 f   LIBCMTD:dbgheap.obj
 0001:0000b530       __aligned_free_dbg         0040c530 f   LIBCMTD:dbgheap.obj
 0001:0000b5e0       __CrtSetDebugFillThreshold 0040c5e0 f   LIBCMTD:dbgheap.obj
 0001:0000b600       __CrtSetCheckCount         0040c600 f   LIBCMTD:dbgheap.obj
 0001:0000b620       __CrtGetCheckCount         0040c620 f   LIBCMTD:dbgheap.obj
 0001:0000b630       __aligned_msize            0040c630 f   LIBCMTD:dbgheap.obj
 0001:0000b650       __aligned_msize_dbg        0040c650 f   LIBCMTD:dbgheap.obj
 0001:0000b760       __CrtDbgBreak              0040c760 f   LIBCMTD:dbgrptt.obj
 0001:0000b770       __CrtSetReportMode         0040c770 f   LIBCMTD:dbgrptt.obj
 0001:0000b8b0       __CrtSetReportFile         0040c8b0 f   LIBCMTD:dbgrptt.obj
 0001:0000b9b0       __CrtSetReportHook         0040c9b0 f   LIBCMTD:dbgrptt.obj
 0001:0000b9d0       __CrtGetReportHook         0040c9d0 f   LIBCMTD:dbgrptt.obj
 0001:0000b9e0       __VCrtDbgReportA           0040c9e0 f   LIBCMTD:dbgrptt.obj
 0001:0000c210       __VCrtDbgReportW           0040d210 f   LIBCMTD:dbgrptt.obj
 0001:0000cb40       __initp_misc_invarg        0040db40 f   LIBCMTD:invarg.obj
 0001:0000cb50       __invalid_parameter        0040db50 f   LIBCMTD:invarg.obj
 0001:0000cbb0       __invoke_watson            0040dbb0 f   LIBCMTD:invarg.obj
 0001:0000cbe0       __call_reportfault         0040dbe0 f   LIBCMTD:invarg.obj
 0001:0000cd30       __set_invalid_parameter_handler 0040dd30 f   LIBCMTD:invarg.obj
 0001:0000cd70       __get_invalid_parameter_handler 0040dd70 f   LIBCMTD:invarg.obj
 0001:0000cda0       ?_invalid_parameter@@YAXPBG00II@Z 0040dda0 f   LIBCMTD:invarg.obj
 0001:0000cdd0       ?_invoke_watson@@YAXPBG00II@Z 0040ddd0 f   LIBCMTD:invarg.obj
 0001:0000cdf0       __dosmaperr                0040ddf0 f   LIBCMTD:dosmap.obj
 0001:0000ce20       __get_errno_from_oserr     0040de20 f   LIBCMTD:dosmap.obj
 0001:0000cea0       __set_errno                0040dea0 f   LIBCMTD:dosmap.obj
 0001:0000ced0       __get_errno                0040ded0 f   LIBCMTD:dosmap.obj
 0001:0000cf50       __set_doserrno             0040df50 f   LIBCMTD:dosmap.obj
 0001:0000cf80       __get_doserrno             0040df80 f   LIBCMTD:dosmap.obj
 0001:0000d000       __errno                    0040e000 f   LIBCMTD:dosmap.obj
 0001:0000d030       ___doserrno                0040e030 f   LIBCMTD:dosmap.obj
 0001:0000d060       __except_handler4          0040e060 f   LIBCMTD:chandler4.obj
 0001:0000d280       __cinit                    0040e280 f   LIBCMTD:crt0dat.obj
 0001:0000d320       _exit                      0040e320 f   LIBCMTD:crt0dat.obj
 0001:0000d340       __exit                     0040e340 f   LIBCMTD:crt0dat.obj
 0001:0000d360       __cexit                    0040e360 f   LIBCMTD:crt0dat.obj
 0001:0000d380       __c_exit                   0040e380 f   LIBCMTD:crt0dat.obj
 0001:0000d3a0       __amsg_exit                0040e3a0 f   LIBCMTD:crt0dat.obj
 0001:0000d3d0       ___freeCrtMemory           0040e3d0 f   LIBCMTD:crt0dat.obj
 0001:0000d710       ___crtCorExitProcess       0040e710 f   LIBCMTD:crt0dat.obj
 0001:0000d750       ___crtExitProcess          0040e750 f   LIBCMTD:crt0dat.obj
 0001:0000d770       __lockexit                 0040e770 f   LIBCMTD:crt0dat.obj
 0001:0000d790       __unlockexit               0040e790 f   LIBCMTD:crt0dat.obj
 0001:0000d7b0       __init_pointers            0040e7b0 f   LIBCMTD:crt0dat.obj
 0001:0000d840       __initterm_e               0040e840 f   LIBCMTD:crt0dat.obj
 0001:0000d880       __get_wpgmptr              0040e880 f   LIBCMTD:crt0dat.obj
 0001:0000d970       __get_pgmptr               0040e970 f   LIBCMTD:crt0dat.obj
 0001:0000da60       __initp_misc_winsig        0040ea60 f   LIBCMTD:winsig.obj
 0001:0000da90       _signal                    0040ea90 f   LIBCMTD:winsig.obj
 0001:0000df30       _raise                     0040ef30 f   LIBCMTD:winsig.obj
 0001:0000e2a0       ___get_sigabrt             0040f2a0 f   LIBCMTD:winsig.obj
 0001:0000e2c0       ___fpecode                 0040f2c0 f   LIBCMTD:winsig.obj
 0001:0000e2d0       ___pxcptinfoptrs           0040f2d0 f   LIBCMTD:winsig.obj
 0001:0000e2e0       ___crtMessageBoxW          0040f2e0 f   LIBCMTD:crtmboxw.obj
 0001:0000e500       __swprintf                 0040f500 f   LIBCMTD:swprintf.obj
 0001:0000e700       ___swprintf_l              0040f700 f   LIBCMTD:swprintf.obj
 0001:0000e730       _swprintf_s                0040f730 f   LIBCMTD:swprintf.obj
 0001:0000e760       __snwprintf_s              0040f760 f   LIBCMTD:swprintf.obj
 0001:0000e790       __swprintf_p               0040f790 f   LIBCMTD:swprintf.obj
 0001:0000e7c0       __swprintf_s_l             0040f7c0 f   LIBCMTD:swprintf.obj
 0001:0000e7f0       __snwprintf_s_l            0040f7f0 f   LIBCMTD:swprintf.obj
 0001:0000e820       __swprintf_p_l             0040f820 f   LIBCMTD:swprintf.obj
 0001:0000e850       __scwprintf                0040f850 f   LIBCMTD:swprintf.obj
 0001:0000e870       __scwprintf_p              0040f870 f   LIBCMTD:swprintf.obj
 0001:0000e890       __scwprintf_l              0040f890 f   LIBCMTD:swprintf.obj
 0001:0000e8c0       __scwprintf_p_l            0040f8c0 f   LIBCMTD:swprintf.obj
 0001:0000e8f0       _memcpy_s                  0040f8f0 f   LIBCMTD:memcpy_s.obj
 0001:0000ea80       _wcslen                    0040fa80 f   LIBCMTD:wcslen.obj
 0001:0000eab0       _wcscpy_s                  0040fab0 f   LIBCMTD:wcscpy_s.obj
 0001:0000ed90       __alloca_probe             0040fd90     LIBCMTD:chkstk.obj
 0001:0000ed90       __chkstk                   0040fd90 f   LIBCMTD:chkstk.obj
 0001:0000edc0       ___updatetmbcinfo          0040fdc0 f   LIBCMTD:mbctype.obj
 0001:0000eed0       __setmbcp                  0040fed0 f   LIBCMTD:mbctype.obj
 0001:0000f280       __setmbcp_nolock           00410280 f   LIBCMTD:mbctype.obj
 0001:0000fa70       __getmbcp                  00410a70 f   LIBCMTD:mbctype.obj
 0001:0000fae0       ___initmbctable            00410ae0 f   LIBCMTD:mbctype.obj
 0001:0000fb10       ___addlocaleref            00410b10 f   LIBCMTD:localref.obj
 0001:0000fc30       ___removelocaleref         00410c30 f   LIBCMTD:localref.obj
 0001:0000fd60       ___freetlocinfo            00410d60 f   LIBCMTD:localref.obj
 0001:00010040       __updatetlocinfoEx_nolock  00411040 f   LIBCMTD:localref.obj
 0001:000100c0       ___updatetlocinfo          004110c0 f   LIBCMTD:localref.obj
 0001:00010190       ?__CxxUnhandledExceptionFilter@@YGJPAU_EXCEPTION_POINTERS@@@Z 00411190 f   LIBCMTD:unhandld.obj
 0001:00010200       ___CxxSetUnhandledExceptionFilter 00411200 f   LIBCMTD:unhandld.obj
 0001:00010220       ___security_init_cookie    00411220 f   LIBCMTD:gs_support.obj
 0001:00010300       ___CppXcptFilter           00411300 f   LIBCMTD:winxfltr.obj
 0001:00010330       __XcptFilter               00411330 f   LIBCMTD:winxfltr.obj
 0001:00010590       __wincmdln                 00411590 f   LIBCMTD:wincmdln.obj
 0001:00010660       __setenvp                  00411660 f   LIBCMTD:stdenvp.obj
 0001:00010800       __setargv                  00411800 f   LIBCMTD:stdargv.obj
 0001:00010920       __set_pgmptr               00411920 f i LIBCMTD:stdargv.obj
 0001:00010c90       ___crtGetEnvironmentStringsA 00411c90 f   LIBCMTD:a_env.obj
 0001:00010d90       __ioinit                   00411d90 f   LIBCMTD:ioinit.obj
 0001:000111a0       __ioterm                   004121a0 f   LIBCMTD:ioinit.obj
 0001:00011240       __RTC_Initialize           00412240 f   LIBCMTD:_initsect_.obj
 0001:00011270       __RTC_Terminate            00412270 f   LIBCMTD:_initsect_.obj
 0001:000112a0       __heap_init                004122a0 f   LIBCMTD:heapinit.obj
 0001:000112e0       __heap_term                004122e0 f   LIBCMTD:heapinit.obj
 0001:00011300       __get_heap_handle          00412300 f   LIBCMTD:heapinit.obj
 0001:00011340       _strcpy_s                  00412340 f   LIBCMTD:strcpy_s.obj
 0001:00011620       _strlen                    00412620 f   LIBCMTD:strlen.obj
 0001:000116b0       _free                      004126b0 f   LIBCMTD:dbgfree.obj
 0001:000116d0       __CrtDefaultAllocHook      004126d0 f   LIBCMTD:dbghook.obj
 0001:000116e0       __crt_debugger_hook        004126e0 f   LIBCMTD:dbghook.obj
 0001:00011700       ?_RTC_GetSrcLine@@YAHPAEPA_WKPAH1K@Z 00412700 f   LIBCMTD:_pdblkup_.obj
 0001:00011d50       __CrtSetReportHook2        00412d50 f   LIBCMTD:dbgrpt.obj
 0001:00012080       __CrtDbgReport             00413080 f   LIBCMTD:dbgrpt.obj
 0001:000120c0       __CrtDbgReportV            004130c0 f i LIBCMTD:dbgrpt.obj
 0001:000120f0       ___crtMessageWindowA       004130f0 f   LIBCMTD:dbgrpt.obj
 0001:000124f0       ___unDName                 004134f0 f   LIBCMTD:undname.obj
 0001:000125d0       ?Constructor@_HeapManager@@QAEXP6APAXI@ZP6AXPAX@Z@Z 004135d0 f i LIBCMTD:undname.obj
 0001:00012610       ?Destructor@_HeapManager@@QAEXXZ 00413610 f i LIBCMTD:undname.obj
 0001:00012660       ___unDNameEx               00413660 f   LIBCMTD:undname.obj
 0001:00012740       ??0UnDecorator@@QAE@PADPBDHP6APADJ@ZK@Z 00413740 f i LIBCMTD:undname.obj
 0001:000127e0       ??BUnDecorator@@QAEPADXZ   004137e0 f i LIBCMTD:undname.obj
 0001:00012a10       ?dbGetString@DName@@QBEPADXZ 00413a10 f   LIBCMTD:undname.obj
 0001:00012a40       ?getDecoratedName@UnDecorator@@CA?AVDName@@XZ 00413a40 f   LIBCMTD:undname.obj
 0001:00012d50       ?getSymbolName@UnDecorator@@CA?AVDName@@XZ 00413d50 f i LIBCMTD:undname.obj
 0001:00012dd0       ?getZName@UnDecorator@@CA?AVDName@@_N0@Z 00413dd0 f   LIBCMTD:undname.obj
 0001:00013070       ?getOperatorName@UnDecorator@@CA?AVDName@@_NPA_N@Z 00414070 f i LIBCMTD:undname.obj
 0001:000139e0       ?getStringEncoding@UnDecorator@@CA?AVDName@@PADH@Z 004149e0 f   LIBCMTD:undname.obj
 0001:00013ae0       ?getScope@UnDecorator@@CA?AVDName@@XZ 00414ae0 f   LIBCMTD:undname.obj
 0001:00013ec0       ?getSignedDimension@UnDecorator@@CA?AVDName@@XZ 00414ec0 f   LIBCMTD:undname.obj
 0001:00013f40       ?getDimension@UnDecorator@@CA?AVDName@@_N@Z 00414f40 f   LIBCMTD:undname.obj
 0001:000141f0       ?getNumberOfDimensions@UnDecorator@@CAHXZ 004151f0 f   LIBCMTD:undname.obj
 0001:000142f0       ?getTemplateName@UnDecorator@@CA?AVDName@@_N@Z 004152f0 f   LIBCMTD:undname.obj
 0001:000144b0       ?getTemplateArgumentList@UnDecorator@@CA?AVDName@@XZ 004154b0 f   LIBCMTD:undname.obj
 0001:00014730       ?getTemplateConstant@UnDecorator@@CA?AVDName@@XZ 00415730 f   LIBCMTD:undname.obj
 0001:00014bc0       ?composeDeclaration@UnDecorator@@CA?AVDName@@ABV2@@Z 00415bc0 f i LIBCMTD:undname.obj
 0001:000161c0       ?getTypeEncoding@UnDecorator@@CAHXZ 004171c0 f i LIBCMTD:undname.obj
 0001:00016c00       ?getBasedType@UnDecorator@@CA?AVDName@@XZ 00417c00 f   LIBCMTD:undname.obj
 0001:00016cc0       ?getScopedName@UnDecorator@@CA?AVDName@@XZ 00417cc0 f   LIBCMTD:undname.obj
 0001:00016de0       ?getCallingConvention@UnDecorator@@CA?AVDName@@XZ 00417de0 f   LIBCMTD:undname.obj
 0001:00016f60       ?getReturnType@UnDecorator@@CA?AVDName@@PAV2@@Z 00417f60 f   LIBCMTD:undname.obj
 0001:00016fb0       ?getDataType@UnDecorator@@CA?AVDName@@PAV2@@Z 00417fb0 f   LIBCMTD:undname.obj
 0001:000170d0       ?getPrimaryDataType@UnDecorator@@CA?AVDName@@ABV2@@Z 004180d0 f   LIBCMTD:undname.obj
 0001:00017470       ?getArgumentTypes@UnDecorator@@CA?AVDName@@XZ 00418470 f   LIBCMTD:undname.obj
 0001:000175d0       ?getArgumentList@UnDecorator@@CA?AVDName@@XZ 004185d0 f   LIBCMTD:undname.obj
 0001:00017720       ?getThrowTypes@UnDecorator@@CA?AVDName@@XZ 00418720 f   LIBCMTD:undname.obj
 0001:000177d0       ?getBasicDataType@UnDecorator@@CA?AVDName@@ABV2@@Z 004187d0 f   LIBCMTD:undname.obj
 0001:00017d90       ?getECSUDataType@UnDecorator@@CA?AVDName@@XZ 00418d90 f   LIBCMTD:undname.obj
 0001:00017f60       ?getECSUName@UnDecorator@@CA?AVDName@@XZ 00418f60 f i LIBCMTD:undname.obj
 0001:00017f80       ?getEnumType@UnDecorator@@CA?AVDName@@XZ 00418f80 f i LIBCMTD:undname.obj
 0001:000180d0       ?getFunctionIndirectType@UnDecorator@@CA?AVDName@@ABV2@@Z 004190d0 f   LIBCMTD:undname.obj
 0001:00018510       ?getPtrRefType@UnDecorator@@CA?AVDName@@ABV2@0PBD@Z 00419510 f   LIBCMTD:undname.obj
 0001:00018670       ?getExtendedDataIndirectType@UnDecorator@@CA?AVDName@@AAPBDAA_NH@Z 00419670 f   LIBCMTD:undname.obj
 0001:00018890       ?getDataIndirectType@UnDecorator@@CA?AVDName@@ABV2@PBD0H@Z 00419890 f   LIBCMTD:undname.obj
 0001:00018f90       ?getPtrRefDataType@UnDecorator@@CA?AVDName@@ABV2@H@Z 00419f90 f i LIBCMTD:undname.obj
 0001:000190d0       ?getArrayType@UnDecorator@@CA?AVDName@@ABV2@@Z 0041a0d0 f i LIBCMTD:undname.obj
 0001:00019300       ?getLexicalFrame@UnDecorator@@CA?AVDName@@XZ 0041a300 f i LIBCMTD:undname.obj
 0001:00019340       ?getThisType@UnDecorator@@CA?AVDName@@XZ 0041a340 f i LIBCMTD:undname.obj
 0001:00019380       ?getPointerType@UnDecorator@@CA?AVDName@@ABV2@0@Z 0041a380 f i LIBCMTD:undname.obj
 0001:000193b0       ?getPointerTypeArray@UnDecorator@@CA?AVDName@@ABV2@0@Z 0041a3b0 f i LIBCMTD:undname.obj
 0001:000193e0       ?getReferenceType@UnDecorator@@CA?AVDName@@ABV2@0PBD@Z 0041a3e0 f i LIBCMTD:undname.obj
 0001:00019410       ?getDisplacement@UnDecorator@@CA?AVDName@@XZ 0041a410 f i LIBCMTD:undname.obj
 0001:00019430       ?getCallIndex@UnDecorator@@CA?AVDName@@XZ 0041a430 f i LIBCMTD:undname.obj
 0001:00019450       ?getGuardNumber@UnDecorator@@CA?AVDName@@XZ 0041a450 f i LIBCMTD:undname.obj
 0001:00019470       ?getVbTableType@UnDecorator@@CA?AVDName@@ABV2@@Z 0041a470 f i LIBCMTD:undname.obj
 0001:00019490       ?getVCallThunkType@UnDecorator@@CA?AVDName@@XZ 0041a490 f i LIBCMTD:undname.obj
 0001:000194f0       ?getVfTableType@UnDecorator@@CA?AVDName@@ABV2@@Z 0041a4f0 f i LIBCMTD:undname.obj
 0001:000196b0       ?getStorageConvention@UnDecorator@@CA?AVDName@@XZ 0041a6b0 f i LIBCMTD:undname.obj
 0001:000196d0       ?getDataIndirectType@UnDecorator@@CA?AVDName@@XZ 0041a6d0 f i LIBCMTD:undname.obj
 0001:00019710       ?getVdispMapType@UnDecorator@@CA?AVDName@@ABV2@@Z 0041a710 f i LIBCMTD:undname.obj
 0001:00019780       ?getExternalDataType@UnDecorator@@CA?AVDName@@ABV2@@Z 0041a780 f i LIBCMTD:undname.obj
 0001:00019810       ?doMSKeywords@UnDecorator@@SAHXZ 0041a810 f i LIBCMTD:undname.obj
 0001:00019830       ?doPtr64@UnDecorator@@SAHXZ 0041a830 f i LIBCMTD:undname.obj
 0001:00019850       ?doFunctionReturns@UnDecorator@@SAHXZ 0041a850 f i LIBCMTD:undname.obj
 0001:00019870       ?doAllocationModel@UnDecorator@@SAHXZ 0041a870 f i LIBCMTD:undname.obj
 0001:00019890       ?doAllocationLanguage@UnDecorator@@SAHXZ 0041a890 f i LIBCMTD:undname.obj
 0001:000198b0       ?doThisTypes@UnDecorator@@SAHXZ 0041a8b0 f i LIBCMTD:undname.obj
 0001:000198d0       ?doAccessSpecifiers@UnDecorator@@SAHXZ 0041a8d0 f i LIBCMTD:undname.obj
 0001:000198f0       ?doThrowTypes@UnDecorator@@SAHXZ 0041a8f0 f i LIBCMTD:undname.obj
 0001:00019910       ?doMemberTypes@UnDecorator@@SAHXZ 0041a910 f i LIBCMTD:undname.obj
 0001:00019930       ?doNameOnly@UnDecorator@@SAHXZ 0041a930 f i LIBCMTD:undname.obj
 0001:00019950       ?doTypeOnly@UnDecorator@@SAHXZ 0041a950 f i LIBCMTD:undname.obj
 0001:00019970       ?haveTemplateParameters@UnDecorator@@SAHXZ 0041a970 f i LIBCMTD:undname.obj
 0001:00019990       ?doEcsu@UnDecorator@@SAHXZ 0041a990 f i LIBCMTD:undname.obj
 0001:000199b0       ?doEllipsis@UnDecorator@@SAHXZ 0041a9b0 f i LIBCMTD:undname.obj
 0001:000199d0       ?UScore@UnDecorator@@SAPBDW4Tokens@@@Z 0041a9d0 f   LIBCMTD:undname.obj
 0001:00019a00       ?doUnderScore@UnDecorator@@SAHXZ 0041aa00 f i LIBCMTD:undname.obj
 0001:00019a20       ??2@YAPAXIAAV_HeapManager@@H@Z 0041aa20 f i LIBCMTD:undname.obj
 0001:00019a40       ?getMemory@_HeapManager@@QAEPAXIH@Z 0041aa40 f   LIBCMTD:undname.obj
 0001:00019b50       ??0Block@_HeapManager@@QAE@XZ 0041ab50 f i LIBCMTD:undname.obj
 0001:00019b70       ??H@YA?AVDName@@DABV0@@Z   0041ab70 f i LIBCMTD:undname.obj
 0001:00019ba0       ??H@YA?AVDName@@W4DNameStatus@@ABV0@@Z 0041aba0 f i LIBCMTD:undname.obj
 0001:00019bd0       ??H@YA?AVDName@@PBDABV0@@Z 0041abd0 f i LIBCMTD:undname.obj
 0001:00019c00       ??0DName@@QAE@XZ           0041ac00 f i LIBCMTD:undname.obj
 0001:00019cc0       ??0DName@@QAE@D@Z          0041acc0 f   LIBCMTD:undname.obj
 0001:00019da0       ??0DName@@QAE@ABV0@@Z      0041ada0 f i LIBCMTD:undname.obj
 0001:00019dd0       ??0DName@@QAE@PAV0@@Z      0041add0 f   LIBCMTD:undname.obj
 0001:00019f00       ??0DName@@QAE@PBD@Z        0041af00 f   LIBCMTD:undname.obj
 0001:00019ff0       ??0DName@@QAE@AAPBDD@Z     0041aff0 f   LIBCMTD:undname.obj
 0001:0001a2b0       ?doNoIdentCharCheck@UnDecorator@@SAHXZ 0041b2b0 f i LIBCMTD:undname.obj
 0001:0001a2d0       ??0DName@@QAE@_K@Z         0041b2d0 f   LIBCMTD:undname.obj
 0001:0001a410       ??0DName@@QAE@_J@Z         0041b410 f   LIBCMTD:undname.obj
 0001:0001a590       ??0DName@@QAE@W4DNameStatus@@@Z 0041b590 f   LIBCMTD:undname.obj
 0001:0001a6b0       ?isValid@DName@@QBEHXZ     0041b6b0 f i LIBCMTD:undname.obj
 0001:0001a6e0       ?isEmpty@DName@@QBEHXZ     0041b6e0 f i LIBCMTD:undname.obj
 0001:0001a700       ?status@DName@@QBE?AW4DNameStatus@@XZ 0041b700 f i LIBCMTD:undname.obj
 0001:0001a720       ?setPtrRef@DName@@QAEAAV1@XZ 0041b720 f i LIBCMTD:undname.obj
 0001:0001a750       ?isPtrRef@DName@@QBEHXZ    0041b750 f i LIBCMTD:undname.obj
 0001:0001a770       ?isUDC@DName@@QBEHXZ       0041b770 f i LIBCMTD:undname.obj
 0001:0001a7b0       ?setIsUDC@DName@@QAEXXZ    0041b7b0 f i LIBCMTD:undname.obj
 0001:0001a7e0       ?isUDTThunk@DName@@QBEHXZ  0041b7e0 f i LIBCMTD:undname.obj
 0001:0001a820       ?setIsArray@DName@@QAEXXZ  0041b820 f i LIBCMTD:undname.obj
 0001:0001a840       ?isArray@DName@@QBEHXZ     0041b840 f i LIBCMTD:undname.obj
 0001:0001a860       ?isNoTE@DName@@QBEHXZ      0041b860 f i LIBCMTD:undname.obj
 0001:0001a880       ?setIsNoTE@DName@@QAEXXZ   0041b880 f i LIBCMTD:undname.obj
 0001:0001a8a0       ?isPinPtr@DName@@QBEHXZ    0041b8a0 f i LIBCMTD:undname.obj
 0001:0001a8c0       ?setIsPinPtr@DName@@QAEXXZ 0041b8c0 f i LIBCMTD:undname.obj
 0001:0001a8e0       ?isComArray@DName@@QBEHXZ  0041b8e0 f i LIBCMTD:undname.obj
 0001:0001a900       ?setIsComArray@DName@@QAEXXZ 0041b900 f i LIBCMTD:undname.obj
 0001:0001a920       ?isVCallThunk@DName@@QBEHXZ 0041b920 f i LIBCMTD:undname.obj
 0001:0001a940       ?setIsVCallThunk@DName@@QAEXXZ 0041b940 f i LIBCMTD:undname.obj
 0001:0001a960       ?length@DName@@QBEHXZ      0041b960 f i LIBCMTD:undname.obj
 0001:0001a990       ?getLastChar@DName@@QBEDXZ 0041b990 f i LIBCMTD:undname.obj
 0001:0001a9c0       ?getString@DName@@QBEPADPADH@Z 0041b9c0 f i LIBCMTD:undname.obj
 0001:0001aa50       ?getString@DName@@QBEPADPAD0@Z 0041ba50 f i LIBCMTD:undname.obj
 0001:0001aa90       ??HDName@@QBE?AV0@D@Z      0041ba90 f   LIBCMTD:undname.obj
 0001:0001aad0       ??HDName@@QBE?AV0@PBD@Z    0041bad0 f   LIBCMTD:undname.obj
 0001:0001ab10       ??HDName@@QBE?AV0@ABV0@@Z  0041bb10 f   LIBCMTD:undname.obj
 0001:0001ab50       ??HDName@@QBE?AV0@PAV0@@Z  0041bb50 f   LIBCMTD:undname.obj
 0001:0001ab90       ??HDName@@QBE?AV0@W4DNameStatus@@@Z 0041bb90 f   LIBCMTD:undname.obj
 0001:0001abd0       ?append@DName@@AAEXPAVDNameNode@@@Z 0041bbd0 f   LIBCMTD:undname.obj
 0001:0001ac60       ??YDName@@QAEAAV0@D@Z      0041bc60 f   LIBCMTD:undname.obj
 0001:0001acf0       ??YDName@@QAEAAV0@PBD@Z    0041bcf0 f   LIBCMTD:undname.obj
 0001:0001ad90       ??YDName@@QAEAAV0@ABV0@@Z  0041bd90 f   LIBCMTD:undname.obj
 0001:0001ae00       ??YDName@@QAEAAV0@PAV0@@Z  0041be00 f   LIBCMTD:undname.obj
 0001:0001aec0       ??YDName@@QAEAAV0@W4DNameStatus@@@Z 0041bec0 f   LIBCMTD:undname.obj
 0001:0001af30       ??_5DName@@QAEAAV0@ABV0@@Z 0041bf30 f   LIBCMTD:undname.obj
 0001:0001af90       ??4DName@@QAEAAV0@D@Z      0041bf90 f i LIBCMTD:undname.obj
 0001:0001b070       ??4DName@@QAEAAV0@PBD@Z    0041c070 f   LIBCMTD:undname.obj
 0001:0001b150       ??4DName@@QAEAAV0@ABV0@@Z  0041c150 f   LIBCMTD:undname.obj
 0001:0001b180       ??4DName@@QAEAAV0@PAV0@@Z  0041c180 f   LIBCMTD:undname.obj
 0001:0001b2c0       ??4DName@@QAEAAV0@W4DNameStatus@@@Z 0041c2c0 f   LIBCMTD:undname.obj
 0001:0001b3c0       ?doPchar@DName@@AAEXPBDH@Z 0041c3c0 f   LIBCMTD:undname.obj
 0001:0001b500       ?isFull@Replicator@@QBEHXZ 0041c500 f i LIBCMTD:undname.obj
 0001:0001b520       ??0Replicator@@QAE@XZ      0041c520 f i LIBCMTD:undname.obj
 0001:0001b540       ??YReplicator@@QAEAAV0@ABVDName@@@Z 0041c540 f   LIBCMTD:undname.obj
 0001:0001b5d0       ??AReplicator@@QBE?AVDName@@H@Z 0041c5d0 f   LIBCMTD:undname.obj
 0001:0001b640       ??0DNameNode@@IAE@XZ       0041c640 f   LIBCMTD:undname.obj
 0001:0001b660       ??0charNode@@QAE@D@Z       0041c660 f   LIBCMTD:undname.obj
 0001:0001b690       ?length@charNode@@UBEHXZ   0041c690 f i LIBCMTD:undname.obj
 0001:0001b6b0       ?getLastChar@charNode@@UBEDXZ 0041c6b0 f i LIBCMTD:undname.obj
 0001:0001b6d0       ?getString@charNode@@UBEPADPAD0@Z 0041c6d0 f i LIBCMTD:undname.obj
 0001:0001b700       ??0pcharNode@@QAE@PBDH@Z   0041c700 f   LIBCMTD:undname.obj
 0001:0001b790       ?length@pcharNode@@UBEHXZ  0041c790 f i LIBCMTD:undname.obj
 0001:0001b7b0       ?getLastChar@pcharNode@@UBEDXZ 0041c7b0 f i LIBCMTD:undname.obj
 0001:0001b7f0       ?getString@pcharNode@@UBEPADPAD0@Z 0041c7f0 f i LIBCMTD:undname.obj
 0001:0001b820       ?getStringHelper@@YAPADPAD00H@Z 0041c820 f i LIBCMTD:undname.obj
 0001:0001b860       ??0pDNameNode@@QAE@PAVDName@@@Z 0041c860 f   LIBCMTD:undname.obj
 0001:0001b8c0       ?length@pDNameNode@@UBEHXZ 0041c8c0 f i LIBCMTD:undname.obj
 0001:0001b900       ?getLastChar@pDNameNode@@UBEDXZ 0041c900 f i LIBCMTD:undname.obj
 0001:0001b930       ?getString@pDNameNode@@UBEPADPAD0@Z 0041c930 f i LIBCMTD:undname.obj
 0001:0001b970       ??0DNameStatusNode@@AAE@W4DNameStatus@@@Z 0041c970 f   LIBCMTD:undname.obj
 0001:0001b9c0       ?length@DNameStatusNode@@UBEHXZ 0041c9c0 f i LIBCMTD:undname.obj
 0001:0001b9e0       ?getLastChar@DNameStatusNode@@UBEDXZ 0041c9e0 f i LIBCMTD:undname.obj
 0001:0001ba00       ?getString@DNameStatusNode@@UBEPADPAD0@Z 0041ca00 f i LIBCMTD:undname.obj
 0001:0001ba40       ?make@DNameStatusNode@@SAPAV1@W4DNameStatus@@@Z 0041ca40 f i LIBCMTD:undname.obj
 0001:0001baf0       ??0pairNode@@QAE@PAVDNameNode@@0@Z 0041caf0 f   LIBCMTD:undname.obj
 0001:0001bb30       ?length@pairNode@@UBEHXZ   0041cb30 f i LIBCMTD:undname.obj
 0001:0001bb80       ?getLastChar@pairNode@@UBEDXZ 0041cb80 f i LIBCMTD:undname.obj
 0001:0001bbd0       ?getString@pairNode@@UBEPADPAD0@Z 0041cbd0 f i LIBCMTD:undname.obj
 0001:0001bd10       __malloc_base              0041cd10 f   LIBCMTD:malloc.obj
 0001:0001bda0       __heap_alloc_base          0041cda0 f i LIBCMTD:malloc.obj
 0001:0001be00       __free_base                0041ce00 f   LIBCMTD:free.obj
 0001:0001be50       __local_unwind4            0041ce50 f   LIBCMTD:exsup4.obj
 0001:0001bf26       __seh_longjmp_unwind4@4    0041cf26 f   LIBCMTD:exsup4.obj
 0001:0001bf42       @_EH4_CallFilterFunc@8     0041cf42 f   LIBCMTD:exsup4.obj
 0001:0001bf59       @_EH4_TransferToHandler@8  0041cf59 f   LIBCMTD:exsup4.obj
 0001:0001bf72       @_EH4_GlobalUnwind2@8      0041cf72 f   LIBCMTD:exsup4.obj
 0001:0001bf8b       @_EH4_LocalUnwind@16       0041cf8b f   LIBCMTD:exsup4.obj
 0001:0001bfb0       __set_error_mode           0041cfb0 f   LIBCMTD:errmode.obj
 0001:0001c070       ___set_app_type            0041d070 f   LIBCMTD:errmode.obj
 0001:0001c080       _wcscat_s                  0041d080 f   LIBCMTD:wcscat_s.obj
 0001:0001c470       _wcsncpy_s                 0041d470 f   LIBCMTD:wcsncpy_s.obj
 0001:0001c880       _strncpy_s                 0041d880 f   LIBCMTD:strncpy_s.obj
 0001:0001cc70       ___crtGetLocaleInfoA       0041dc70 f   LIBCMTD:a_loc.obj
 0001:0001cdd0       __MarkAllocaS              0041ddd0 f i LIBCMTD:a_loc.obj
 0001:0001ce00       __freea                    0041de00 f i LIBCMTD:a_loc.obj
 0001:0001ce70       ?_ValidateRead@@YAHPBXI@Z  0041de70 f   LIBCMTD:validate.obj
 0001:0001cea0       ?_ValidateWrite@@YAHPAXI@Z 0041dea0 f   LIBCMTD:validate.obj
 0001:0001ced0       ?_ValidateExecute@@YAHP6GHXZ@Z 0041ded0 f   LIBCMTD:validate.obj
 0001:0001cf10       _memmove                   0041df10 f   LIBCMTD:memmove.obj
 0001:0001d280       __global_unwind2           0041e280 f   LIBCMTD:exsup.obj
 0001:0001d2e5       __local_unwind2            0041e2e5 f   LIBCMTD:exsup.obj
 0001:0001d369       __abnormal_termination     0041e369 f   LIBCMTD:exsup.obj
 0001:0001d38c       __NLG_Notify1              0041e38c f   LIBCMTD:exsup.obj
 0001:0001d395       __NLG_Notify               0041e395 f   LIBCMTD:exsup.obj
 0001:0001d3ac       __NLG_Dispatch2            0041e3ac     LIBCMTD:exsup.obj
 0001:0001d3ac       __NLG_Dispatch             0041e3ac     LIBCMTD:exsup.obj
 0001:0001d3b4       __NLG_Call                 0041e3b4 f   LIBCMTD:exsup.obj
 0001:0001d3b6       __NLG_Return2              0041e3b6     LIBCMTD:exsup.obj
 0001:0001d3c0       _memset                    0041e3c0 f   LIBCMTD:memset.obj
 0001:0001d440       __expand_base              0041e440 f   LIBCMTD:expand.obj
 0001:0001d5a0       __realloc_base             0041e5a0 f   LIBCMTD:realloc.obj
 0001:0001d6a0       __heapchk                  0041e6a0 f   LIBCMTD:heapchk.obj
 0001:0001d6d0       __heapset                  0041e6d0 f   LIBCMTD:heapchk.obj
 0001:0001d6e0       _sprintf                   0041e6e0 f   LIBCMTD:sprintf.obj
 0001:0001d880       __sprintf_l                0041e880 f   LIBCMTD:sprintf.obj
 0001:0001d8b0       _sprintf_s                 0041e8b0 f   LIBCMTD:sprintf.obj
 0001:0001d8e0       __sprintf_s_l              0041e8e0 f   LIBCMTD:sprintf.obj
 0001:0001d910       __snprintf_s               0041e910 f   LIBCMTD:sprintf.obj
 0001:0001d940       __snprintf_s_l             0041e940 f   LIBCMTD:sprintf.obj
 0001:0001d970       __sprintf_p                0041e970 f   LIBCMTD:sprintf.obj
 0001:0001d9a0       __sprintf_p_l              0041e9a0 f   LIBCMTD:sprintf.obj
 0001:0001d9d0       __scprintf                 0041e9d0 f   LIBCMTD:sprintf.obj
 0001:0001d9f0       __scprintf_p               0041e9f0 f   LIBCMTD:sprintf.obj
 0001:0001da10       __scprintf_l               0041ea10 f   LIBCMTD:sprintf.obj
 0001:0001da40       __scprintf_p_l             0041ea40 f   LIBCMTD:sprintf.obj
 0001:0001da70       __chvalidator              0041ea70 f   LIBCMTD:isctype.obj
 0001:0001dac0       __chvalidator_l            0041eac0 f   LIBCMTD:isctype.obj
 0001:0001db70       __isctype_l                0041eb70 f   LIBCMTD:isctype.obj
 0001:0001dc90       __isctype                  0041ec90 f   LIBCMTD:isctype.obj
 0001:0001dcd0       _memcpy                    0041ecd0 f   LIBCMTD:memcpy.obj
 0001:0001e040       __mbstowcs_l_helper        0041f040 f   LIBCMTD:mbstowcs.obj
 0001:0001e390       __mbstowcs_l               0041f390 f   LIBCMTD:mbstowcs.obj
 0001:0001e3b0       _mbstowcs                  0041f3b0 f   LIBCMTD:mbstowcs.obj
 0001:0001e400       __mbstowcs_s_l             0041f400 f   LIBCMTD:mbstowcs.obj
 0001:0001e780       _mbstowcs_s                0041f780 f   LIBCMTD:mbstowcs.obj
 0001:0001e7b0       _strcat_s                  0041f7b0 f   LIBCMTD:strcat_s.obj
 0001:0001eb90       __vsnprintf_helper         0041fb90 f   LIBCMTD:vsnprnc.obj
 0001:0001ed80       __vsnprintf_c              0041fd80 f   LIBCMTD:vsnprnc.obj
 0001:0001edd0       __vsnprintf_c_l            0041fdd0 f   LIBCMTD:vsnprnc.obj
 0001:0001ee30       __vsprintf_s_l             0041fe30 f   LIBCMTD:vsnprnc.obj
 0001:0001f0a0       _vsprintf_s                004200a0 f   LIBCMTD:vsnprnc.obj
 0001:0001f0d0       __vsnprintf_s_l            004200d0 f   LIBCMTD:vsnprnc.obj
 0001:0001f470       __vsnprintf_s              00420470 f   LIBCMTD:vsnprnc.obj
 0001:0001f4a0       __vsprintf_p               004204a0 f   LIBCMTD:vsnprnc.obj
 0001:0001f4f0       __vsprintf_p_l             004204f0 f   LIBCMTD:vsnprnc.obj
 0001:0001f540       __itoa_s                   00420540 f   LIBCMTD:xtoas.obj
 0001:0001f910       __ltoa_s                   00420910 f   LIBCMTD:xtoas.obj
 0001:0001f950       __ultoa_s                  00420950 f   LIBCMTD:xtoas.obj
 0001:0001f970       __i64toa_s                 00420970 f   LIBCMTD:xtoas.obj
 0001:0001fd70       __ui64toa_s                00420d70 f   LIBCMTD:xtoas.obj
 0001:0001fda0       __wcstombs_l_helper        00420da0 f   LIBCMTD:wcstombs.obj
 0001:000202e0       __wcstombs_l               004212e0 f   LIBCMTD:wcstombs.obj
 0001:00020300       _wcstombs                  00421300 f   LIBCMTD:wcstombs.obj
 0001:00020320       __wcstombs_s_l             00421320 f   LIBCMTD:wcstombs.obj
 0001:00020650       _wcstombs_s                00421650 f   LIBCMTD:wcstombs.obj
 0001:00020680       __vswprintf_helper         00421680 f   LIBCMTD:vswprnc.obj
 0001:000208e0       __vswprintf_c              004218e0 f   LIBCMTD:vswprnc.obj
 0001:00020930       __vswprintf_c_l            00421930 f   LIBCMTD:vswprnc.obj
 0001:00020980       __vswprintf_s_l            00421980 f   LIBCMTD:vswprnc.obj
 0001:00020bf0       _vswprintf_s               00421bf0 f   LIBCMTD:vswprnc.obj
 0001:00020c20       __vsnwprintf_s_l           00421c20 f   LIBCMTD:vswprnc.obj
 0001:00020fd0       __vsnwprintf_s             00421fd0 f   LIBCMTD:vswprnc.obj
 0001:00021000       __vswprintf_p              00422000 f   LIBCMTD:vswprnc.obj
 0001:00021050       __vswprintf_p_l            00422050 f   LIBCMTD:vswprnc.obj
 0001:000210a0       __itow_s                   004220a0 f   LIBCMTD:xtows.obj
 0001:00021480       __ltow_s                   00422480 f   LIBCMTD:xtows.obj
 0001:000214c0       __ultow_s                  004224c0 f   LIBCMTD:xtows.obj
 0001:000214e0       __i64tow_s                 004224e0 f   LIBCMTD:xtows.obj
 0001:00021900       __ui64tow_s                00422900 f   LIBCMTD:xtows.obj
 0001:00021920       __ValidateImageBase        00422920 f   LIBCMTD:pesect.obj
 0001:00021980       __FindPESection            00422980 f   LIBCMTD:pesect.obj
 0001:00021a00       __IsNonwritableInCurrentImage 00422a00 f   LIBCMTD:pesect.obj
 0001:00021b20       __initp_misc_cfltcvt_tab   00422b20 f   LIBCMTD:cmiscdat.obj
 0001:00021b60       __initp_misc_rand_s        00422b60 f   LIBCMTD:rand_s.obj
 0001:00021b70       _rand_s                    00422b70 f   LIBCMTD:rand_s.obj
 0001:00021d90       __flsbuf                   00422d90 f   LIBCMTD:_flsbuf.obj
 0001:00022050       __woutput_l                00423050 f   LIBCMTD:woutput.obj
 0001:00023250       _get_int_arg               00424250 f i LIBCMTD:woutput.obj
 0001:00023270       _get_int64_arg             00424270 f i LIBCMTD:woutput.obj
 0001:00023290       __vswprintf_l              00424290 f   LIBCMTD:vswprint.obj
 0001:00023480       __vswprintf                00424480 f   LIBCMTD:vswprint.obj
 0001:000234a0       ___vswprintf_l             004244a0 f   LIBCMTD:vswprint.obj
 0001:000234c0       __vscwprintf_helper        004244c0 f   LIBCMTD:vswprint.obj
 0001:000235a0       __vscwprintf               004245a0 f   LIBCMTD:vswprint.obj
 0001:000235c0       __vscwprintf_l             004245c0 f   LIBCMTD:vswprint.obj
 0001:000235e0       __vscwprintf_p             004245e0 f   LIBCMTD:vswprint.obj
 0001:00023600       __vscwprintf_p_l           00424600 f   LIBCMTD:vswprint.obj
 0001:00023620       ___crtLCMapStringA         00424620 f   LIBCMTD:a_map.obj
 0001:00023960       ___crtGetStringTypeA       00424960 f   LIBCMTD:a_str.obj
 0001:00023ad0       ___init_time               00424ad0 f   LIBCMTD:inittime.obj
 0001:00024800       ___free_lc_time            00425800 f   LIBCMTD:inittime.obj
 0001:00024e70       ___init_numeric            00425e70 f   LIBCMTD:initnum.obj
 0001:00025220       ___free_lconv_num          00426220 f   LIBCMTD:initnum.obj
 0001:000252d0       ___init_monetary           004262d0 f   LIBCMTD:initmon.obj
 0001:000258c0       ___free_lconv_mon          004268c0 f   LIBCMTD:initmon.obj
 0001:00025a70       _localeconv                00426a70 f   LIBCMTD:lconv.obj
 0001:00025ac0       ___pwctype_func            00426ac0 f   LIBCMTD:ctype.obj
 0001:00025ad0       ___pctype_func             00426ad0 f   LIBCMTD:ctype.obj
 0001:00025b20       __ismbbkalnum_l            00426b20 f   LIBCMTD:ismbbyte.obj
 0001:00025b40       __ismbbkalnum              00426b40 f   LIBCMTD:ismbbyte.obj
 0001:00025b60       __ismbbkprint_l            00426b60 f   LIBCMTD:ismbbyte.obj
 0001:00025b80       __ismbbkprint              00426b80 f   LIBCMTD:ismbbyte.obj
 0001:00025ba0       __ismbbkpunct_l            00426ba0 f   LIBCMTD:ismbbyte.obj
 0001:00025bc0       __ismbbkpunct              00426bc0 f   LIBCMTD:ismbbyte.obj
 0001:00025be0       __ismbbalnum_l             00426be0 f   LIBCMTD:ismbbyte.obj
 0001:00025c00       __ismbbalnum               00426c00 f   LIBCMTD:ismbbyte.obj
 0001:00025c20       __ismbbalpha_l             00426c20 f   LIBCMTD:ismbbyte.obj
 0001:00025c40       __ismbbalpha               00426c40 f   LIBCMTD:ismbbyte.obj
 0001:00025c60       __ismbbgraph_l             00426c60 f   LIBCMTD:ismbbyte.obj
 0001:00025c80       __ismbbgraph               00426c80 f   LIBCMTD:ismbbyte.obj
 0001:00025ca0       __ismbbprint_l             00426ca0 f   LIBCMTD:ismbbyte.obj
 0001:00025cc0       __ismbbprint               00426cc0 f   LIBCMTD:ismbbyte.obj
 0001:00025ce0       __ismbbpunct_l             00426ce0 f   LIBCMTD:ismbbyte.obj
 0001:00025d00       __ismbbpunct               00426d00 f   LIBCMTD:ismbbyte.obj
 0001:00025d20       __ismbblead_l              00426d20 f   LIBCMTD:ismbbyte.obj
 0001:00025d40       __ismbblead                00426d40 f   LIBCMTD:ismbbyte.obj
 0001:00025d60       __ismbbtrail_l             00426d60 f   LIBCMTD:ismbbyte.obj
 0001:00025d80       __ismbbtrail               00426d80 f   LIBCMTD:ismbbyte.obj
 0001:00025da0       __ismbbkana_l              00426da0 f   LIBCMTD:ismbbyte.obj
 0001:00025e10       __ismbbkana                00426e10 f   LIBCMTD:ismbbyte.obj
 0001:00025f00       __wmakepath_s              00426f00 f   LIBCMTD:wmakepath_s.obj
 0001:000262b0       __wsplitpath_s             004272b0 f   LIBCMTD:wsplitpath_s.obj
 0001:000268e0       ___crtMessageBoxA          004278e0 f   LIBCMTD:crtmbox.obj
 0001:00026b00       _atol                      00427b00 f   LIBCMTD:atox.obj
 0001:00026b20       __atol_l                   00427b20 f   LIBCMTD:atox.obj
 0001:00026b40       _atoi                      00427b40 f   LIBCMTD:atox.obj
 0001:00026b60       __atoi_l                   00427b60 f   LIBCMTD:atox.obj
 0001:00026b80       __atoi64                   00427b80 f   LIBCMTD:atox.obj
 0001:00026ba0       __atoi64_l                 00427ba0 f   LIBCMTD:atox.obj
 0001:00026bc0       __allshl                   00427bc0 f   LIBCMTD:llshl.obj
 0001:00026be0       __aulldiv                  00427be0 f   LIBCMTD:ulldiv.obj
 0001:00026c50       __aullrem                  00427c50 f   LIBCMTD:ullrem.obj
 0001:00026cd0       __VEC_memcpy               00427cd0 f   LIBCMTD:p4_memcpy.obj
 0001:00026de0       ___sse2_available_init     00427de0 f   LIBCMTD:cpu_disp.obj
 0001:00026e00       __VEC_memzero              00427e00 f   LIBCMTD:p4_memset.obj
 0001:00026ec0       __output_l                 00427ec0 f   LIBCMTD:output.obj
 0001:00028330       _get_short_arg             00429330 f i LIBCMTD:output.obj
 0001:00028350       __vsprintf_l               00429350 f   LIBCMTD:vsprintf.obj
 0001:000284f0       _vsprintf                  004294f0 f   LIBCMTD:vsprintf.obj
 0001:00028510       __vscprintf_helper         00429510 f   LIBCMTD:vsprintf.obj
 0001:000285f0       __vscprintf                004295f0 f   LIBCMTD:vsprintf.obj
 0001:00028610       __vscprintf_l              00429610 f   LIBCMTD:vsprintf.obj
 0001:00028630       __vscprintf_p              00429630 f   LIBCMTD:vsprintf.obj
 0001:00028650       __vscprintf_p_l            00429650 f   LIBCMTD:vsprintf.obj
 0001:00028670       __isleadbyte_l             00429670 f i LIBCMTD:_wctype.obj
 0001:000286c0       _isleadbyte                004296c0 f i LIBCMTD:_wctype.obj
 0001:000286e0       __iswalpha_l               004296e0 f i LIBCMTD:_wctype.obj
 0001:00028700       _iswalpha                  00429700 f i LIBCMTD:_wctype.obj
 0001:00028720       __iswupper_l               00429720 f i LIBCMTD:_wctype.obj
 0001:00028740       _iswupper                  00429740 f i LIBCMTD:_wctype.obj
 0001:00028760       __iswlower_l               00429760 f i LIBCMTD:_wctype.obj
 0001:00028780       _iswlower                  00429780 f i LIBCMTD:_wctype.obj
 0001:000287a0       __iswdigit_l               004297a0 f i LIBCMTD:_wctype.obj
 0001:000287c0       _iswdigit                  004297c0 f i LIBCMTD:_wctype.obj
 0001:000287e0       __iswxdigit_l              004297e0 f i LIBCMTD:_wctype.obj
 0001:00028800       _iswxdigit                 00429800 f i LIBCMTD:_wctype.obj
 0001:00028820       __iswspace_l               00429820 f i LIBCMTD:_wctype.obj
 0001:00028840       _iswspace                  00429840 f i LIBCMTD:_wctype.obj
 0001:00028860       __iswpunct_l               00429860 f i LIBCMTD:_wctype.obj
 0001:00028880       _iswpunct                  00429880 f i LIBCMTD:_wctype.obj
 0001:000288a0       __iswalnum_l               004298a0 f i LIBCMTD:_wctype.obj
 0001:000288c0       _iswalnum                  004298c0 f i LIBCMTD:_wctype.obj
 0001:000288e0       __iswprint_l               004298e0 f i LIBCMTD:_wctype.obj
 0001:00028900       _iswprint                  00429900 f i LIBCMTD:_wctype.obj
 0001:00028920       __iswgraph_l               00429920 f i LIBCMTD:_wctype.obj
 0001:00028940       _iswgraph                  00429940 f i LIBCMTD:_wctype.obj
 0001:00028960       __iswcntrl_l               00429960 f i LIBCMTD:_wctype.obj
 0001:00028980       _iswcntrl                  00429980 f i LIBCMTD:_wctype.obj
 0001:000289a0       _iswascii                  004299a0 f i LIBCMTD:_wctype.obj
 0001:000289c0       __iswcsym_l                004299c0 f i LIBCMTD:_wctype.obj
 0001:00028a00       ___iswcsym                 00429a00 f i LIBCMTD:_wctype.obj
 0001:00028a40       __iswcsymf_l               00429a40 f i LIBCMTD:_wctype.obj
 0001:00028a80       ___iswcsymf                00429a80 f i LIBCMTD:_wctype.obj
 0001:00028ac0       ____setlc_active_func      00429ac0 f   LIBCMTD:setlocal.obj
 0001:00028ad0       ____unguarded_readlc_active_add_func 00429ad0 f   LIBCMTD:setlocal.obj
 0001:00028ae0       __configthreadlocale       00429ae0 f   LIBCMTD:setlocal.obj
 0001:00028bf0       __locterm                  00429bf0 f   LIBCMTD:setlocal.obj
 0001:00028c90       __free_locale              00429c90 f   LIBCMTD:setlocal.obj
 0001:00028dd0       ___free_locale             00429dd0 f   LIBCMTD:setlocal.obj
 0001:00028df0       __create_locale            00429df0 f   LIBCMTD:setlocal.obj
 0001:00029020       ___create_locale           0042a020 f   LIBCMTD:setlocal.obj
 0001:00029040       __get_current_locale       0042a040 f   LIBCMTD:setlocal.obj
 0001:00029160       ___get_current_locale      0042a160 f   LIBCMTD:setlocal.obj
 0001:00029170       _setlocale                 0042a170 f   LIBCMTD:setlocal.obj
 0001:0002a020       __expandlocale             0042b020 f   LIBCMTD:setlocal.obj
 0001:0002a2d0       ___init_dummy              0042b2d0 f   LIBCMTD:setlocal.obj
 0001:0002a2e0       __strcats                  0042b2e0 f   LIBCMTD:setlocal.obj
 0001:0002a360       ___lc_strtolc              0042b360 f   LIBCMTD:setlocal.obj
 0001:0002a560       ___lc_lctostr              0042b560 f   LIBCMTD:setlocal.obj
[...]
 0003:0000036c       ___crtDebugFillThreshold   0044d36c     LIBCMTD:dbgheap.obj
 0003:00000374       __crtBreakAlloc            0044d374     LIBCMTD:dbgheap.obj
 0003:0000037c       __crtAssertBusy            0044d37c     LIBCMTD:dbgrptt.obj
 0003:00000380       __CrtDbgMode               0044d380     LIBCMTD:dbgrptt.obj
 0003:0000038c       __CrtDbgFile               0044d38c     LIBCMTD:dbgrptt.obj
 0003:00000510       ___initialmbcinfo          0044d510     LIBCMTD:mbctype.obj
 0003:00000730       __mbctype                  0044d730     LIBCMTD:mbctype.obj
 0003:00000838       __mbcasemap                0044d838     LIBCMTD:mbctype.obj
 0003:00000938       ___ptmbcinfo               0044d938     LIBCMTD:mbctype.obj
 0003:00000a30       ___globallocalestatus      0044da30     LIBCMTD:glstatus.obj
 0003:00000a34       ___clocalestr              0044da34     LIBCMTD:nlsdata2.obj
 0003:00000a38       ___lc_time_c               0044da38     LIBCMTD:nlsdata2.obj
 0003:00000ba0       ___initiallocinfo          0044dba0     LIBCMTD:nlsdata2.obj
 0003:00000c78       ___ptlocinfo               0044dc78     LIBCMTD:nlsdata2.obj
 0003:00000c7c       ___initiallocalestructinfo 0044dc7c     LIBCMTD:nlsdata2.obj
 0003:00000c88       ___badioinfo               0044dc88     LIBCMTD:ioinit.obj
 0003:00000cd0       __pfnAllocHook             0044dcd0     LIBCMTD:dbghook.obj
 0003:00000ce0       __NLG_Destination          0044dce0     LIBCMTD:exsup.obj
 0003:00000cf0       __cfltcvt_tab              0044dcf0     LIBCMTD:cmiscdat.obj
 0003:00000d18       ___lconv_static_decimal    0044dd18     LIBCMTD:lconv.obj
 0003:00000d1c       ___lconv_static_W_decimal  0044dd1c     LIBCMTD:lconv.obj
 0003:00000d20       ___lconv_c                 0044dd20     LIBCMTD:lconv.obj
 0003:00000d70       ___lconv                   0044dd70     LIBCMTD:lconv.obj
 0003:00000d74       __pctype                   0044dd74     LIBCMTD:ctype.obj
 0003:00000d78       __pwctype                  0044dd78     LIBCMTD:ctype.obj
 0003:00000d80       ___nullstring              0044dd80     LIBCMTD:output.obj
 0003:00000d84       ___wnullstring             0044dd84     LIBCMTD:output.obj
 0003:00000d90       __iob                      0044dd90     LIBCMTD:_file.obj
 0003:00001010       ___mb_cur_max              0044e010     LIBCMTD:nlsdata1.obj
 0003:00001014       ___decimal_point           0044e014     LIBCMTD:nlsdata1.obj
 0003:00001018       ___decimal_point_length    0044e018     LIBCMTD:nlsdata1.obj
 0003:00001020       __confh                    0044e020     LIBCMTD:initcon.obj
 0003:00001088       __aenvptr                  0044e088     LIBCMTD:wincrt0.obj
 0003:0000108c       __wenvptr                  0044e08c     LIBCMTD:wincrt0.obj
 0003:00001090       ___error_mode              0044e090     LIBCMTD:wincrt0.obj
 0003:00001094       ?_pnhHeap@@3P6AHI@ZA       0044e094     LIBCMTD:handler.obj
 0003:000013bc       ?wsprintffp@@3P6AHPADPBDZZA 0044e3bc     LIBCMTD:_error_.obj
 0003:000019f8       ___pPurecall               0044e9f8     LIBCMTD:inithelp.obj
 0003:000019fc       _gpFlsAlloc                0044e9fc     LIBCMTD:tidtable.obj
 0003:00001a00       _gpFlsGetValue             0044ea00     LIBCMTD:tidtable.obj
 0003:00001a04       _gpFlsSetValue             0044ea04     LIBCMTD:tidtable.obj
 0003:00001a08       _gpFlsFree                 0044ea08     LIBCMTD:tidtable.obj
 0003:00001a0c       ?__pInconsistency@@3P6AXXZA 0044ea0c     LIBCMTD:hooks.obj
 0003:00001b8c       ?_pfnDumpClient@@3P6AXPAXI@ZA 0044eb8c     LIBCMTD:dbgheap.obj
 0003:00001b94       ___crtDebugCheckCount      0044eb94     LIBCMTD:dbgheap.obj
 0003:00001b9c       ___pInvalidArgHandler      0044eb9c     LIBCMTD:invarg.obj
 0003:00001ba0       __umaskval                 0044eba0     LIBCMTD:crt0dat.obj
 0003:00001ba4       ___argc                    0044eba4     LIBCMTD:crt0dat.obj
 0003:00001ba8       ___argv                    0044eba8     LIBCMTD:crt0dat.obj
 0003:00001bac       ___wargv                   0044ebac     LIBCMTD:crt0dat.obj
 0003:00001bb0       __environ                  0044ebb0     LIBCMTD:crt0dat.obj
 0003:00001bb4       ___initenv                 0044ebb4     LIBCMTD:crt0dat.obj
 0003:00001bb8       __wenviron                 0044ebb8     LIBCMTD:crt0dat.obj
 0003:00001bbc       ___winitenv                0044ebbc     LIBCMTD:crt0dat.obj
 0003:00001bc0       __pgmptr                   0044ebc0     LIBCMTD:crt0dat.obj
 0003:00001bc4       __wpgmptr                  0044ebc4     LIBCMTD:crt0dat.obj
 0003:00001bc8       __exitflag                 0044ebc8     LIBCMTD:crt0dat.obj
 0003:00001bcc       __C_Termination_Done       0044ebcc     LIBCMTD:crt0dat.obj
 0003:00001bd0       __C_Exit_Done              0044ebd0     LIBCMTD:crt0dat.obj
 0003:00001c04       ___mbulinfo                0044ec04     LIBCMTD:mbctype.obj
 0003:00001c10       ___mbcodepage              0044ec10     LIBCMTD:mbctype.obj
 0003:00001c14       ___ismbcodepage            0044ec14     LIBCMTD:mbctype.obj
 0003:00001c18       ___mblcid                  0044ec18     LIBCMTD:mbctype.obj
 0003:00001d28       __crtheap                  0044ed28     LIBCMTD:heapinit.obj
 0003:00001d2c       __newmode                  0044ed2c     LIBCMTD:_newmode.obj
 0003:00001d4c       ?pArgList@UnDecorator@@0PAVReplicator@@A 0044ed4c     LIBCMTD:undname.obj
 0003:00001d50       ?pZNameList@UnDecorator@@0PAVReplicator@@A 0044ed50     LIBCMTD:undname.obj
 0003:00001d54       ?pTemplateArgList@UnDecorator@@0PAVReplicator@@A 0044ed54     LIBCMTD:undname.obj
 0003:00001d58       ?gName@UnDecorator@@0PBDB  0044ed58     LIBCMTD:undname.obj
 0003:00001d5c       ?name@UnDecorator@@0PBDB   0044ed5c     LIBCMTD:undname.obj
 0003:00001d60       ?outputString@UnDecorator@@0PADA 0044ed60     LIBCMTD:undname.obj
 0003:00001d64       ?maxStringLength@UnDecorator@@0HA 0044ed64     LIBCMTD:undname.obj
 0003:00001d68       ?disableFlags@UnDecorator@@0KA 0044ed68     LIBCMTD:undname.obj
 0003:00001d6c       ?m_pGetParameter@UnDecorator@@0P6APADJ@ZA 0044ed6c     LIBCMTD:undname.obj
 0003:00001d70       ?fExplicitTemplateParams@UnDecorator@@0_NA 0044ed70     LIBCMTD:undname.obj
 0003:00001d71       ?fGetTemplateArgumentList@UnDecorator@@0_NA 0044ed71     LIBCMTD:undname.obj
 0003:00001dc8       ?nodes@?1??make@DNameStatusNode@@SAPAV2@W4DNameStatus@@@Z@4PAV2@A 0044edc8     LIBCMTD:undname.obj
 0003:00001df8       ??_B?1??make@DNameStatusNode@@SAPAV1@W4DNameStatus@@@Z@51 0044edf8     LIBCMTD:undname.obj
 0003:00001e00       ___lconv_static_null       0044ee00     LIBCMTD:lconv.obj
 0003:00001e04       ___lconv_static_W_null     0044ee04     LIBCMTD:lconv.obj
 0003:00001e1c       ___locale_changed          0044ee1c     LIBCMTD:setlocal.obj
 0003:00001e20       __cflush                   0044ee20     LIBCMTD:_file.obj
 0003:00001e28       __stdbuf                   0044ee28     LIBCMTD:_sftbuf.obj
 0003:00001e30       ___piob                    0044ee30     <common>
 0003:00001e40       __bufin                    0044ee40     <common>
 0003:00002e40       __nstream                  0044fe40     <common>
 0003:00002e44       ___setlc_active            0044fe44     <common>
 0003:00002e48       ___unguarded_readlc_active 0044fe48     <common>
 0003:00002e4c       ___sse2_available          0044fe4c     <common>
 0003:00002e50       __debugger_hook_dummy      0044fe50     <common>
 0003:00002e54       __nhandle                  0044fe54     <common>
 0003:00002e60       ___pioinfo                 0044fe60     <common>
 0003:00002f60       ___env_initialized         0044ff60     <common>
 0003:00002f64       ___onexitend               0044ff64     <common>
 0003:00002f68       ___onexitbegin             0044ff68     <common>
 0003:00002f6c       ___mbctype_initialized     0044ff6c     <common>
 0003:00002f70       __FPinit                   0044ff70     <common>
 0003:00002f74       ___dyn_tls_init_callback   0044ff74     <common>
 0003:00002f78       __pfnReportHook            0044ff78     <common>
 0003:00002f7c       __pReportHookListW         0044ff7c     <common>
 0003:00002f80       __pReportHookList          0044ff80     <common>
 0003:00002f84       __acmdln                   0044ff84     <common>
 0003:00002f88       __NoHeapEnableTerminationOnCorruption 0044ff88     <common>

 entry point at        0001:00003570

 Static symbols

 0001:00002570       ?CatchGuardHandler@@YA?AW4_EXCEPTION_DISPOSITION@@PAUEHExceptionRecord@@PAUCatchGuardRN@@PAX2@Z 00403570 f   LIBCMTD:_trnsctrl_.obj
 0001:000026b0       ?TranslatorGuardHandler@@YA?AW4_EXCEPTION_DISPOSITION@@PAUEHExceptionRecord@@PAUTranslatorGuardRN@@PAX2@Z 004036b0 f   LIBCMTD:_trnsctrl_.obj
 0001:00003590       ___tmainCRTStartup         00404590 f   LIBCMTD:wincrt0.obj
 0001:00003750       _fast_error_exit           00404750 f   LIBCMTD:wincrt0.obj
 0001:00003780       _check_managed_app         00404780 f   LIBCMTD:wincrt0.obj
 0001:00003870       __onexit_nolock            00404870 f   LIBCMTD:onexit.obj
 0001:000041a0       ?failwithmessage@@YAXPAXHHPBD@Z 004051a0 f   LIBCMTD:_error_.obj
 0001:000043c0       ?DebuggerProbe@@YAHK@Z     004053c0 f   LIBCMTD:_error_.obj
 0001:00004450       ?DebuggerRuntime@@YAHKHPAXPB_W@Z 00405450 f   LIBCMTD:_error_.obj
 0001:00004730       ?_getMemBlockDataString@@YAXPAD00I@Z 00405730 f   LIBCMTD:_error_.obj
 0001:00005990       ?FindHandler@@YAXPAUEHExceptionRecord@@PAUEHRegistrationNode@@PAU_CONTEXT@@PAXPBU_s_FuncInfo@@EH1@Z 00406990 f   LIBCMTD:frame.obj
 0001:00005ee0       ?FindHandlerForForeignException@@YAXPAUEHExceptionRecord@@PAUEHRegistrationNode@@PAU_CONTEXT@@PAXPBU_s_FuncInfo@@HH1@Z 00406ee0 f   LIBCMTD:frame.obj
 0001:00006320       ?CatchIt@@YAXPAUEHExceptionRecord@@PAUEHRegistrationNode@@PAU_CONTEXT@@PAXPBU_s_FuncInfo@@PBU_s_HandlerType@@PBU_s_CatchableType@@PBU_s_TryBlockMapEntry@@H1E@Z 00407320 f   LIBCMTD:frame.obj
 0001:000063e0       ?CallCatchBlock@@YAPAXPAUEHExceptionRecord@@PAUEHRegistrationNode@@PAU_CONTEXT@@PBU_s_FuncInfo@@PAXHK@Z 004073e0 f   LIBCMTD:frame.obj
 0001:00006670       ?ExFilterRethrow@@YAHPAU_EXCEPTION_POINTERS@@@Z 00407670 f   LIBCMTD:frame.obj
 0001:000072e0       ?IsInExceptionSpec@@YAEPAUEHExceptionRecord@@PBU_s_ESTypeList@@@Z 004082e0 f   LIBCMTD:frame.obj
 0001:000073a0       ?CallUnexpected@@YAXPBU_s_ESTypeList@@@Z 004083a0 f   LIBCMTD:frame.obj
 0001:000073ee       __catch$?CallUnexpected@@YAXPBU_s_ESTypeList@@@Z$0 004083ee f   LIBCMTD:frame.obj
 0001:00007430       ?Is_bad_exception_allowed@@YAEPBU_s_ESTypeList@@@Z 00408430 f   LIBCMTD:frame.obj
 0001:000082d0       __nh_malloc_dbg_impl       004092d0 f   LIBCMTD:dbgheap.obj
 0001:00008370       __heap_alloc_dbg_impl      00409370 f   LIBCMTD:dbgheap.obj
 0001:00008940       _realloc_help              00409940 f   LIBCMTD:dbgheap.obj
 0001:00009a00       _CheckBytes                0040aa00 f   LIBCMTD:dbgheap.obj
 0001:0000a7d0       ?_CrtMemDumpAllObjectsSince_stat@@YAXPBU_CrtMemState@@PAUlocaleinfo_struct@@@Z 0040b7d0 f   LIBCMTD:dbgheap.obj
 0001:0000aae0       __printMemBlockData        0040bae0 f   LIBCMTD:dbgheap.obj
 0001:0000d220       _ValidateLocalCookies      0040e220 f   LIBCMTD:chandler4.obj
 0001:0000d520       _doexit                    0040e520 f   LIBCMTD:crt0dat.obj
 0001:0000d810       __initterm                 0040e810 f   LIBCMTD:crt0dat.obj
 0001:0000de40       _ctrlevent_capture@4       0040ee40 f   LIBCMTD:winsig.obj
 0001:0000e240       _siglookup                 0040f240 f   LIBCMTD:winsig.obj
 0001:0000f170       ?getSystemCP@@YAHH@Z       00410170 f   LIBCMTD:mbctype.obj
 0001:0000f5d0       ?CPtoLCID@@YAHH@Z          004105d0 f   LIBCMTD:mbctype.obj
 0001:0000f650       ?setSBCS@@YAXPAUthreadmbcinfostruct@@@Z 00410650 f   LIBCMTD:mbctype.obj
 0001:0000f730       ?setSBUpLow@@YAXPAUthreadmbcinfostruct@@@Z 00410730 f   LIBCMTD:mbctype.obj
 0001:00010530       _xcptlookup                00411530 f   LIBCMTD:winxfltr.obj
 0001:00010930       _parse_cmdline             00411930 f   LIBCMTD:stdargv.obj
 0001:000119c0       ?GetPdbDll@@YAPAUHINSTANCE__@@XZ 004129c0 f   LIBCMTD:_pdblkup_.obj
 0001:00011ab0       ?GetPdbDllFromInstallPath@@YAPAUHINSTANCE__@@XZ 00412ab0 f   LIBCMTD:_pdblkup_.obj
 0001:00011c70       ?GetPdbDllPathFromFilePath@@YAHPB_WPA_WI@Z 00412c70 f   LIBCMTD:_pdblkup_.obj
 0001:0001bc30       ?und_strlen@@YAIPBD@Z      0041cc30 f   LIBCMTD:undname.obj
 0001:0001bc70       ?und_memcpy@@YAXPADPBDI@Z  0041cc70 f   LIBCMTD:undname.obj
 0001:0001bcb0       ?und_strncmp@@YAIPBD0I@Z   0041ccb0 f   LIBCMTD:undname.obj
 0001:0001bee0       __unwind_handler4          0041cee0 f   LIBCMTD:exsup4.obj
 0001:0001ccc0       ?__crtGetLocaleInfoA_stat@@YAHPAUlocaleinfo_struct@@KKPADH@Z 0041dcc0 f   LIBCMTD:a_loc.obj
 0001:0001d2a0       __unwind_handler           0041e2a0 f   LIBCMTD:exsup.obj
 0001:0001d550       __is_LFH_enabled           0041e550 f   LIBCMTD:expand.obj
 0001:0001f5a0       _xtoa_s@20                 004205a0 f   LIBCMTD:xtoas.obj
 0001:0001f9c0       @x64toa_s@24               004209c0 f   LIBCMTD:xtoas.obj
 0001:00020280       ?wcsncnt@@YAIPB_WI@Z       00421280 f   LIBCMTD:wcstombs.obj
 0001:00021100       _xtow_s@20                 00422100 f   LIBCMTD:xtows.obj
 0001:00021530       @x64tow_s@24               00422530 f   LIBCMTD:xtows.obj
 0001:00023100       _write_char                00424100 f   LIBCMTD:woutput.obj
 0001:00023160       _write_multi_char          00424160 f   LIBCMTD:woutput.obj
 0001:000231a0       _write_string              004241a0 f   LIBCMTD:woutput.obj
 0001:00023680       ?__crtLCMapStringA_stat@@YAHPAUlocaleinfo_struct@@KKPBDHPADHHH@Z 00424680 f   LIBCMTD:a_map.obj
 0001:00023910       ?strncnt@@YAHPBDH@Z        00424910 f   LIBCMTD:a_map.obj
 0001:000239c0       ?__crtGetStringTypeA_stat@@YAHPAUlocaleinfo_struct@@KPBDHPAGHHH@Z 004249c0 f   LIBCMTD:a_str.obj
 0001:00023bc0       __get_lc_time              00424bc0 f   LIBCMTD:inittime.obj
 0001:000251a0       _fix_grouping              004261a0 f   LIBCMTD:initnum.obj
 0001:00025840       _fix_grouping              00426840 f   LIBCMTD:initmon.obj
 0001:00025e30       ?x_ismbbtype_l@@YAHPAUlocaleinfo_struct@@IHH@Z 00426e30 f   LIBCMTD:ismbbyte.obj
 0001:00028190       _write_char                00429190 f   LIBCMTD:output.obj
 0001:00028240       _write_multi_char          00429240 f   LIBCMTD:output.obj
 0001:00028280       _write_string              00429280 f   LIBCMTD:output.obj
 0001:00028fd0       __copytlocinfo_nolock      00429fd0 f   LIBCMTD:setlocal.obj
 0001:000293d0       _sync_legacy_variables_lk  0042a3d0 f   LIBCMTD:setlocal.obj
 0001:00029410       __setlocale_nolock         0042a410 f   LIBCMTD:setlocal.obj
 0001:00029800       __setlocale_set_cat        0042a800 f   LIBCMTD:setlocal.obj
 0001:00029d30       __setlocale_get_all        0042ad30 f   LIBCMTD:setlocal.obj
 0001:0002ba30       _write_char                0042ca30 f   LIBCMTD:outputs.obj
 0001:0002bae0       _write_multi_char          0042cae0 f   LIBCMTD:outputs.obj
 0001:0002bb20       _write_string              0042cb20 f   LIBCMTD:outputs.obj
 0001:0002f8c0       _write_char                004308c0 f   LIBCMTD:outputp.obj
 0001:0002f970       _write_multi_char          00430970 f   LIBCMTD:outputp.obj
 0001:0002f9b0       _write_string              004309b0 f   LIBCMTD:outputp.obj
 0001:00030c80       _write_char                00431c80 f   LIBCMTD:woutputs.obj
 0001:00030ce0       _write_multi_char          00431ce0 f   LIBCMTD:woutputs.obj
 0001:00030d20       _write_string              00431d20 f   LIBCMTD:woutputs.obj
 0001:00034680       _write_char                00435680 f   LIBCMTD:woutputp.obj
 0001:000346e0       _write_multi_char          004356e0 f   LIBCMTD:woutputp.obj
 0001:00034720       _write_string              00435720 f   LIBCMTD:woutputp.obj
 0001:000366c0       ?strtoxl@@YAKPAUlocaleinfo_struct@@PBDPAPBDHH@Z 004376c0 f   LIBCMTD:strtol.obj
 0001:00036ca0       ?strtoxq@@YA_KPAUlocaleinfo_struct@@PBDPAPBDHH@Z 00437ca0 f   LIBCMTD:strtoq.obj
 0001:00038210       _cmpBYTE                   00439210 f   LIBCMTD:memcmp.obj
 0001:00038240       _cmpResult                 00439240 f   LIBCMTD:memcmp.obj
 0001:00038260       _unaligned_memcmp          00439260 f   LIBCMTD:memcmp.obj
 0001:00038970       _cmpWORD                   00439970 f   LIBCMTD:memcmp.obj
 0001:000389f0       _cmpDWORD                  004399f0 f   LIBCMTD:memcmp.obj
 0001:00038d70       _TranslateName             00439d70 f   LIBCMTD:getqloc.obj
 0001:00038e00       _GetLcidFromLangCountry    00439e00 f   LIBCMTD:getqloc.obj
 0001:00038ec0       _LangCountryEnumProc@4     00439ec0 f   LIBCMTD:getqloc.obj
 0001:00039300       _GetLcidFromLanguage       0043a300 f   LIBCMTD:getqloc.obj
 0001:00039380       _LanguageEnumProc@4        0043a380 f   LIBCMTD:getqloc.obj
 0001:00039520       _GetLcidFromCountry        0043a520 f   LIBCMTD:getqloc.obj
 0001:00039570       _CountryEnumProc@4         0043a570 f   LIBCMTD:getqloc.obj
 0001:00039670       _GetLcidFromDefault        0043a670 f   LIBCMTD:getqloc.obj
 0001:000396b0       _ProcessCodePage           0043a6b0 f   LIBCMTD:getqloc.obj
 0001:00039760       _TestDefaultCountry        0043a760 f   LIBCMTD:getqloc.obj
 0001:000397b0       _TestDefaultLanguage       0043a7b0 f   LIBCMTD:getqloc.obj
 0001:00039830       _LcidFromHexString         0043a830 f   LIBCMTD:getqloc.obj
 0001:000398b0       _GetPrimaryLen             0043a8b0 f   LIBCMTD:getqloc.obj
 0001:00039940       ?wcstoxl@@YAKPB_WPAPB_WHH@Z 0043a940 f   LIBCMTD:wcstol.obj
 0001:0003aa80       _flsall                    0043ba80 f   LIBCMTD:fflush.obj
 0001:0003c9f0       __unwindfunclet$?Notify@C360SafeFrameWnd@@UAEXAAUtagTNotifyUI@DuiLib@@@Z$0 0043d9f0 f   360Safe.obj
 0001:0003ca02       __ehhandler$?Notify@C360SafeFrameWnd@@UAEXAAUtagTNotifyUI@DuiLib@@@Z 0043da02 f   360Safe.obj
 0001:0003ca30       __unwindfunclet$?OnCreate@C360SafeFrameWnd@@QAEJIIJAAH@Z$0 0043da30 f   360Safe.obj
 0001:0003ca45       __ehhandler$?OnCreate@C360SafeFrameWnd@@QAEJIIJAAH@Z 0043da45 f   360Safe.obj
 0001:0003ca70       __unwindfunclet$?CreateControl@CDialogBuilderCallbackEx@@UAEPAVCControlUI@DuiLib@@PBD@Z$0 0043da70 f   360Safe.obj
 0001:0003ca7b       __ehhandler$?CreateControl@CDialogBuilderCallbackEx@@UAEPAVCControlUI@DuiLib@@PBD@Z 0043da7b f   360Safe.obj
 0001:0003caa0       __unwindfunclet$??0ComputerExamineUI@@QAE@XZ$0 0043daa0 f   360Safe.obj
 0001:0003cab2       __unwindfunclet$??0ComputerExamineUI@@QAE@XZ$1 0043dab2 f   360Safe.obj
 0001:0003cac7       __ehhandler$??0ComputerExamineUI@@QAE@XZ 0043dac7 f   360Safe.obj
 0001:0003caf0       __ehhandler$?CallUnexpected@@YAXPBU_s_ESTypeList@@@Z 0043daf0 f   LIBCMTD:frame.obj
 0001:0003cb10       __unwindfunclet$?getSystemCP@@YAHH@Z$0 0043db10 f   LIBCMTD:mbctype.obj
 0001:0003cb18       __ehhandler$?getSystemCP@@YAHH@Z 0043db18 f   LIBCMTD:mbctype.obj
 0001:0003cb40       __unwindfunclet$?make@DNameStatusNode@@SAPAV1@W4DNameStatus@@@Z$0 0043db40 f   LIBCMTD:undname.obj
 0001:0003cb4e       __ehhandler$?make@DNameStatusNode@@SAPAV1@W4DNameStatus@@@Z 0043db4e f   LIBCMTD:undname.obj
 0001:0003cb70       __unwindfunclet$?x_ismbbtype_l@@YAHPAUlocaleinfo_struct@@IHH@Z$0 0043db70 f   LIBCMTD:ismbbyte.obj
 0001:0003cb78       __ehhandler$?x_ismbbtype_l@@YAHPAUlocaleinfo_struct@@IHH@Z 0043db78 f   LIBCMTD:ismbbyte.obj
 0001:0003cba0       __unwindfunclet$?strtoxl@@YAKPAUlocaleinfo_struct@@PBDPAPBDHH@Z$0 0043dba0 f   LIBCMTD:strtol.obj
 0001:0003cba8       __ehhandler$?strtoxl@@YAKPAUlocaleinfo_struct@@PBDPAPBDHH@Z 0043dba8 f   LIBCMTD:strtol.obj
 0001:0003cbd0       __unwindfunclet$?strtoxq@@YA_KPAUlocaleinfo_struct@@PBDPAPBDHH@Z$0 0043dbd0 f   LIBCMTD:strtoq.obj
 0001:0003cbd8       __ehhandler$?strtoxq@@YA_KPAUlocaleinfo_struct@@PBDPAPBDHH@Z 0043dbd8 f   LIBCMTD:strtoq.obj
 0001:0003cc00       ??__Fnomem@?5???2@YAPAXI@Z@YAXXZ 0043dc00 f   LIBCMTD:new.obj
